C251 COMPILER V5.60.0,  APP_Lamp                                                           12/05/26  17:56:44  PAGE 1   


C251 COMPILER V5.60.0, COMPILATION OF MODULE APP_Lamp
OBJECT MODULE PLACED IN .\list\APP_Lamp.obj
COMPILER INVOKED BY: C:\Keil_v5\C251\BIN\C251.EXE ..\App\src\APP_Lamp.c XSMALL INTR2 BROWSE INCDIR(..\Driver\inc;..\User
                    -;..\App\inc;..\Code_boweny\Function\Log;..\Code_boweny\Function\Filter;..\Code_boweny\Function\AHRS;..\Code_boweny\Funct
                    -ion\PID;..\Code_boweny\Device\QMC6309;..\Code_boweny\Device\QMI8658;..\Code_boweny\Device\GPS;..\Code_boweny\Device\WIRE
                    -LESS;..\Code_boweny\Device\MOTOR;..\Code_boweny\Device\AutoDrive) DEBUG PRINT(.\list\APP_Lamp.lst) TABS(2) OBJECT(.\list
                    -\APP_Lamp.obj) 

stmt  level    source

    1          /*---------------------------------------------------------------------*/
    2          /* --- Web: www.STCAI.com ---------------------------------------------*/
    3          /*---------------------------------------------------------------------*/
    4          
    5          #include  "APP_Lamp.h"
    6          #include  "STC32G_GPIO.h"
    7          
    8          /***************  Function Description  ****************
    9          
   10          This module blinks a single LED on P3.6.
   11          
   12          Download with 24MHz system clock (configurable in config.h).
   13          
   14          ******************************************/
   15          
   16          //========================================================================
   17          // Function: Lamp_init
   18          // Description: User initialization routine.
   19          // Parameter: None.
   20          // Return: None.
   21          // Version: V1.0, 2020-09-28
   22          //========================================================================
   23          void Lamp_init(void)
   24          {
   25   1        P3_MODE_OUT_PP(GPIO_Pin_6);   // P3.6 push-pull output
   26   1        P36 = 1;            // default idle level
   27   1      }
   28          
   29          //========================================================================
   30          // Function: Sample_Lamp
   31          // Description: User application routine.
   32          // Parameter: None.
   33          // Return: None.
   34          // Version: V1.0, 2020-09-23
   35          //========================================================================
   36          void Sample_Lamp(void)
   37          {
   38   1        P36 = !P36;
   39   1      }


Module Information          Static   Overlayable
------------------------------------------------
  code size            =        19     ------
  ecode size           =    ------     ------
  data size            =    ------     ------
  idata size           =    ------     ------
  pdata size           =    ------     ------
  xdata size           =    ------     ------
  xdata-const size     =    ------     ------
  edata size           =    ------     ------
  bit size             =    ------     ------
  ebit size            =    ------     ------
  bitaddressable size  =    ------     ------
  ebitaddressable size =    ------     ------
  far data size        =    ------     ------
C251 COMPILER V5.60.0,  APP_Lamp                                                           12/05/26  17:56:44  PAGE 2   

  huge data size       =    ------     ------
  const size           =    ------     ------
  hconst size          =    ------     ------
End of Module Information.


C251 COMPILATION COMPLETE.  0 WARNING(S),  0 ERROR(S)
