C251 COMPILER V5.60.0,  autodrive_cfg                                                      12/05/26  18:27:34  PAGE 1   


C251 COMPILER V5.60.0, COMPILATION OF MODULE autodrive_cfg
OBJECT MODULE PLACED IN .\list\autodrive_cfg.obj
COMPILER INVOKED BY: C:\Keil_v5\C251\BIN\C251.EXE ..\Code_boweny\Device\AutoDrive\autodrive_cfg.c XSMALL INTR2 BROWSE IN
                    -CDIR(..\Driver\inc;..\User;..\App\inc;..\Code_boweny\Function\Log;..\Code_boweny\Function\Filter;..\Code_boweny\Function
                    -\AHRS;..\Code_boweny\Function\PID;..\Code_boweny\Device\QMC6309;..\Code_boweny\Device\QMI8658;..\Code_boweny\Device\GPS;
                    -..\Code_boweny\Device\WIRELESS;..\Code_boweny\Device\MOTOR;..\Code_boweny\Device\AutoDrive) DEBUG PRINT(.\list\autodrive
                    -_cfg.lst) TABS(2) OBJECT(.\list\autodrive_cfg.obj) 

stmt  level    source

    1          #include "autodrive_cfg.h"
    2          
    3          #include "..\..\..\Driver\inc\STC32G_EEPROM.h"
    4          #include "..\..\Function\Log\Log.h"
    5          
    6          #define AUTODRIVE_CFG_TAG        "ADRVCFG"
    7          #define AUTODRIVE_CFG_MAGIC      0x41554432UL
    8          #define AUTODRIVE_CFG_VERSION    0x0002U
    9          #define AUTODRIVE_CFG_FLASH_ADDR 0x0001F800UL
   10          
   11          typedef struct
   12          {
   13              u32 magic;
   14              u16 version;
   15              u8 length;
   16              u8 checksum;
   17              AutoDrive_ReturnConfig_t cfg;
   18          } AutoDrive_ConfigImage_t;
   19          
   20          static u8 AutoDriveCfg_Checksum(const u8 *buf, u8 len)
   21          {
   22   1          u8 i;
   23   1          u8 sum;
   24   1      
   25   1          sum = 0U;
   26   1          for (i = 0U; i < len; i++) {
   27   2              sum = (u8)(sum + buf[i]);
   28   2          }
   29   1          return sum;
   30   1      }
   31          
   32          static void AutoDriveCfg_Default(AutoDrive_ReturnConfig_t *cfg)
   33          {
   34   1          if (cfg == 0) {
   35   2              return;
   36   2          }
   37   1      
   38   1          cfg->auto_ret_onoff = 0x30U;
   39   1          cfg->ret_point.lon_ew = 0U;
   40   1          cfg->ret_point.lon_whole = 0U;
   41   1          cfg->ret_point.lon_frac = 0U;
   42   1          cfg->ret_point.lat_ns = 0U;
   43   1          cfg->ret_point.lat_whole = 0U;
   44   1          cfg->ret_point.lat_frac = 0U;
   45   1      }
   46          
   47          void AutoDriveCfg_Init(void)
   48          {
   49   1          DisableEEPROM();
   50   1      }
   51          
   52          void AutoDriveCfg_Load(AutoDrive_ReturnConfig_t *cfg)
   53          {
   54   1          AutoDrive_ConfigImage_t image;
   55   1          u8 *raw;
C251 COMPILER V5.60.0,  autodrive_cfg                                                      12/05/26  18:27:34  PAGE 2   

   56   1          u8 expect;
   57   1          u16 i;
   58   1      
   59   1          if (cfg == 0) {
   60   2              return;
   61   2          }
   62   1      
   63   1          raw = (u8 *)&image;
   64   1          for (i = 0U; i < (u16)sizeof(image); i++) {
   65   2              raw[i] = 0U;
   66   2          }
   67   1          EEPROM_read_n(AUTODRIVE_CFG_FLASH_ADDR, raw, (u16)sizeof(image));
   68   1      
   69   1          if ((image.magic != AUTODRIVE_CFG_MAGIC) ||
   70   1              (image.version != AUTODRIVE_CFG_VERSION) ||
   71   1              (image.length != (u8)sizeof(AutoDrive_ReturnConfig_t))) {
   72   2              AutoDriveCfg_Default(cfg);
   73   2              LOGW(AUTODRIVE_CFG_TAG, "cfg empty use default");
   74   2              return;
   75   2          }
   76   1      
   77   1          expect = AutoDriveCfg_Checksum((const u8 *)&image.cfg, image.length);
   78   1          if (expect != image.checksum) {
   79   2              AutoDriveCfg_Default(cfg);
   80   2              LOGW(AUTODRIVE_CFG_TAG, "cfg checksum mismatch");
   81   2              return;
   82   2          }
   83   1      
   84   1          *cfg = image.cfg;
   85   1          if (cfg->auto_ret_onoff == 0xFFU) {
   86   2              AutoDriveCfg_Default(cfg);
   87   2          }
   88   1      }
   89          
   90          u8 AutoDriveCfg_Save(const AutoDrive_ReturnConfig_t *cfg)
   91          {
   92   1          AutoDrive_ConfigImage_t image;
   93   1          u8 *raw;
   94   1          u16 i;
   95   1      
   96   1          if (cfg == 0) {
   97   2              return 0U;
   98   2          }
   99   1      
  100   1          raw = (u8 *)&image;
  101   1          for (i = 0U; i < (u16)sizeof(image); i++) {
  102   2              raw[i] = 0U;
  103   2          }
  104   1      
  105   1          image.magic = AUTODRIVE_CFG_MAGIC;
  106   1          image.version = AUTODRIVE_CFG_VERSION;
  107   1          image.length = (u8)sizeof(AutoDrive_ReturnConfig_t);
  108   1          image.cfg = *cfg;
  109   1          image.checksum = AutoDriveCfg_Checksum((const u8 *)&image.cfg, image.length);
  110   1      
  111   1          EEPROM_SectorErase(AUTODRIVE_CFG_FLASH_ADDR);
  112   1          EEPROM_write_n(AUTODRIVE_CFG_FLASH_ADDR, raw, (u16)sizeof(image));
  113   1          return 1U;
  114   1      }


Module Information          Static   Overlayable
------------------------------------------------
  code size            =       379     ------
  ecode size           =    ------     ------
  data size            =    ------     ------
  idata size           =    ------     ------
C251 COMPILER V5.60.0,  autodrive_cfg                                                      12/05/26  18:27:34  PAGE 3   

  pdata size           =    ------     ------
  xdata size           =    ------     ------
  xdata-const size     =    ------     ------
  edata size           =    ------         38
  bit size             =    ------     ------
  ebit size            =    ------     ------
  bitaddressable size  =    ------     ------
  ebitaddressable size =    ------     ------
  far data size        =    ------     ------
  huge data size       =    ------     ------
  const size           =    ------     ------
  hconst size          =        52     ------
End of Module Information.


C251 COMPILATION COMPLETE.  0 WARNING(S),  0 ERROR(S)
