C251 COMPILER V5.60.0,  Log                                                                12/05/26  17:56:54  PAGE 1   


C251 COMPILER V5.60.0, COMPILATION OF MODULE Log
OBJECT MODULE PLACED IN .\list\Log.obj
COMPILER INVOKED BY: C:\Keil_v5\C251\BIN\C251.EXE ..\Code_boweny\Function\Log\Log.c XSMALL INTR2 BROWSE INCDIR(..\Driver
                    -\inc;..\User;..\App\inc;..\Code_boweny\Function\Log;..\Code_boweny\Function\Filter;..\Code_boweny\Function\AHRS;..\Code_
                    -boweny\Function\PID;..\Code_boweny\Device\QMC6309;..\Code_boweny\Device\QMI8658;..\Code_boweny\Device\GPS;..\Code_boweny
                    -\Device\WIRELESS;..\Code_boweny\Device\MOTOR;..\Code_boweny\Device\AutoDrive) DEBUG PRINT(.\list\Log.lst) TABS(2) OBJECT
                    -(.\list\Log.obj) 

stmt  level    source

    1          /**
    2           * @file    Log.c
    3           * @brief   轻量级 UART1 日志输出模块实现
    4           * @author  boweny
    5           * @date    2026-04-22
    6           * @version v1.0
    7           *
    8           * @details
    9           * - 基于 UART1 的轻量级日志输出，提供带标签、分级别的日志功能
   10           * - 内部使用 vsprintf() 格式化，最大支持 127 字符
   11           * - 输出格式: [tag] X: message\r\n  或  message\r\n
   12           * - log_init() 上电时自动打印启动横幅 (MCU / 作者 / 编译时间)
   13           *
   14           * @note    禁止使用浮点数 (%f) 格式化
   15           * @note    调用前必须先初始化 UART1，再调用 log_init()
   16           *
   17           * @see     Code_boweny/Function/Log/Log.h
   18           */
   19          
   20          #include "..\..\..\User\config.h"
   21          #include "Log.h"
   22          
   23          #define LOG_BUF_SIZE  128
   24          
   25          #ifndef AHRS_TEST_ONLY
               #define AHRS_TEST_ONLY  0
               #endif
   28          
   29          /*---------------------------------- 本地变量 ----------------------------------*/
   30          
   31          static u8  log_ready = 0;          /* 日志就绪标志: 0=禁用, 1=启用 */
   32          static u8  log_buf[LOG_BUF_SIZE];  /* 格式化缓冲区 */
   33          
   34          /*---------------------------------- 内部函数 ----------------------------------*/
   35          
   36          /**
   37           * @brief      原始日志输出 (内部函数)
   38           * @param[in]  fmt   格式化字符串
   39           * @param[in]  args  可变参数列表
   40           * @return     none
   41           */
   42          static void log_vprint(u8 *fmt, va_list args)
   43          {
   44   1          u8  len;
   45   1      
   46   1          len = (u8)vsprintf((char *)log_buf, (const char *)fmt, args);
   47   1      
   48   1          /* 追加 \r\n */
   49   1          if (len < (LOG_BUF_SIZE - 2))
   50   1          {
   51   2              log_buf[len]     = '\r';
   52   2              log_buf[len + 1] = '\n';
   53   2              log_buf[len + 2] = '\0';
   54   2          }
   55   1          else
C251 COMPILER V5.60.0,  Log                                                                12/05/26  17:56:54  PAGE 2   

   56   1          {
   57   2              log_buf[LOG_BUF_SIZE - 3] = '\r';
   58   2              log_buf[LOG_BUF_SIZE - 2] = '\n';
   59   2              log_buf[LOG_BUF_SIZE - 1] = '\0';
   60   2          }
   61   1      
   62   1          PrintString1(log_buf);
   63   1      }
   64          
   65          /**
   66           * @brief      带标签日志输出 (内部函数)
   67           * @param[in]  level 日志级别字符 (I/W/E/D)
   68           * @param[in]  tag   日志标签
   69           * @param[in]  fmt   格式化字符串
   70           * @param[in]  args  可变参数列表
   71           * @return     none
   72           */
   73          static void log_vtagged(u8 level, u8 *tag, u8 *fmt, va_list args)
   74          {
   75   1          u8  i;
   76   1          u8  prefix_len;
   77   1      
   78   1      #if AHRS_TEST_ONLY
                   if ((level != 'E') &&
                       ((tag[0] != 'A') || (tag[1] != 'H') || (tag[2] != 'R') ||
                        (tag[3] != 'S') || (tag[4] != '\0'))) {
                       return;
                   }
               #endif
   85   1      
   86   1          /* 构建 [tag] X: 前缀 */
   87   1          log_buf[0] = '[';
   88   1          for (i = 0; tag[i] != '\0'; i++)
   89   1          {
   90   2              log_buf[i + 1] = tag[i];
   91   2          }
   92   1          log_buf[i + 1] = ']';
   93   1          log_buf[i + 2] = ' ';
   94   1          log_buf[i + 3] = level;
   95   1          log_buf[i + 4] = ':';
   96   1          log_buf[i + 5] = ' ';
   97   1          prefix_len = i + 6;
   98   1      
   99   1          /* 格式化消息到前缀之后 */
  100   1          vsprintf((char *)(log_buf + prefix_len), (const char *)fmt, args);
  101   1      
  102   1          /* 追加 \r\n 并确保不越界 */
  103   1          for (i = prefix_len; i < LOG_BUF_SIZE; i++)
  104   1          {
  105   2              if (log_buf[i] == '\0')
  106   2              {
  107   3                  if (i < (LOG_BUF_SIZE - 2))
  108   3                  {
  109   4                      log_buf[i]     = '\r';
  110   4                      log_buf[i + 1] = '\n';
  111   4                      log_buf[i + 2] = '\0';
  112   4                  }
  113   3                  else
  114   3                  {
  115   4                      log_buf[LOG_BUF_SIZE - 3] = '\r';
  116   4                      log_buf[LOG_BUF_SIZE - 2] = '\n';
  117   4                      log_buf[LOG_BUF_SIZE - 1] = '\0';
  118   4                  }
  119   3                  break;
  120   3              }
  121   2          }
C251 COMPILER V5.60.0,  Log                                                                12/05/26  17:56:54  PAGE 3   

  122   1      
  123   1          PrintString1(log_buf);
  124   1      }
  125          
  126          /*---------------------------------- 初始化 ----------------------------------*/
  127          
  128          /**
  129           * @brief   初始化日志系统
  130           * @return  none
  131           *
  132           * @details 将 log_ready 标志置 1，并打印启动横幅 (MCU版本/作者/编译时间)
  133           *          用于上电时验证日志系统是否正常工作
  134           *
  135           * @note    必须在 UART_config() 之后调用
  136           */
  137          void log_init(void)
  138          {
  139   1          log_ready = 1;
  140   1      
  141   1      #if !AHRS_TEST_ONLY
  142   1          PrintString1("\r\n");
  143   1          log_printf("[SYS] I: ============== Black Pearl v1.1 ==============");
  144   1          log_printf("[SYS] I:   MCU : STC32G  Fosc=%luHz", (u32)MAIN_Fosc);
  145   1          log_printf("[SYS] I:   Author : boweny  Build : %s %s", __DATE__, __TIME__);
  146   1          log_printf("[SYS] I: LOG Ready. Use LOGI/LOGW/LOGE/LOGD/log_printf");
  147   1          PrintString1("\r\n");
  148   1      #endif
  149   1      }
  150          
  151          /*---------------------------------- 公共函数 ----------------------------------*/
  152          
  153          /**
  154           * @brief      带标签的 INFO 级别日志
  155           * @param[in]  tag   日志标签
  156           * @param[in]  fmt   格式化字符串
  157           * @param[in]  ...   可变参数
  158           * @return     none
  159           */
  160          void log_info(u8 *tag, u8 *fmt, ...)
  161          {
  162   1          va_list args;
  163   1      
  164   1          if (!log_ready) return;
  165   1      
  166   1          va_start(args, fmt);
  167   1          log_vtagged('I', tag, fmt, args);
  168   1          va_end(args);
  169   1      }
  170          
  171          /**
  172           * @brief      带标签的 WARN 级别日志
  173           * @param[in]  tag   日志标签
  174           * @param[in]  fmt   格式化字符串
  175           * @param[in]  ...   可变参数
  176           * @return     none
  177           */
  178          void log_warn(u8 *tag, u8 *fmt, ...)
  179          {
  180   1          va_list args;
  181   1      
  182   1          if (!log_ready) return;
  183   1      
  184   1          va_start(args, fmt);
  185   1          log_vtagged('W', tag, fmt, args);
  186   1          va_end(args);
  187   1      }
C251 COMPILER V5.60.0,  Log                                                                12/05/26  17:56:54  PAGE 4   

  188          
  189          /**
  190           * @brief      带标签的 ERROR 级别日志
  191           * @param[in]  tag   日志标签
  192           * @param[in]  fmt   格式化字符串
  193           * @param[in]  ...   可变参数
  194           * @return     none
  195           */
  196          void log_error(u8 *tag, u8 *fmt, ...)
  197          {
  198   1          va_list args;
  199   1      
  200   1          if (!log_ready) return;
  201   1      
  202   1          va_start(args, fmt);
  203   1          log_vtagged('E', tag, fmt, args);
  204   1          va_end(args);
  205   1      }
  206          
  207          /**
  208           * @brief      带标签的 DEBUG 级别日志
  209           * @param[in]  tag   日志标签
  210           * @param[in]  fmt   格式化字符串
  211           * @param[in]  ...   可变参数
  212           * @return     none
  213           */
  214          void log_debug(u8 *tag, u8 *fmt, ...)
  215          {
  216   1          va_list args;
  217   1      
  218   1          if (!log_ready) return;
  219   1      
  220   1          va_start(args, fmt);
  221   1          log_vtagged('D', tag, fmt, args);
  222   1          va_end(args);
  223   1      }
  224          
  225          /**
  226           * @brief      原始日志输出 (无标签、无级别)
  227           * @param[in]  fmt   格式化字符串
  228           * @param[in]  ...   可变参数
  229           * @return     none
  230           */
  231          void log_printf(u8 *fmt, ...)
  232          {
  233   1          va_list args;
  234   1      
  235   1          if (!log_ready) return;
  236   1      #if AHRS_TEST_ONLY
                   return;
               #endif
  239   1      
  240   1          va_start(args, fmt);
  241   1          log_vprint(fmt, args);
  242   1          va_end(args);
  243   1      }


Module Information          Static   Overlayable
------------------------------------------------
  code size            =       524     ------
  ecode size           =    ------     ------
  data size            =    ------     ------
  idata size           =    ------     ------
  pdata size           =    ------     ------
  xdata size           =    ------     ------
  xdata-const size     =    ------     ------
C251 COMPILER V5.60.0,  Log                                                                12/05/26  17:56:54  PAGE 5   

  edata size           =       129        240
  bit size             =    ------     ------
  ebit size            =    ------     ------
  bitaddressable size  =    ------     ------
  ebitaddressable size =    ------     ------
  far data size        =    ------     ------
  huge data size       =    ------     ------
  const size           =    ------     ------
  hconst size          =       218     ------
End of Module Information.


C251 COMPILATION COMPLETE.  0 WARNING(S),  0 ERROR(S)
