C251 COMPILER V5.60.0,  PID                                                                12/05/26  17:56:55  PAGE 1   


C251 COMPILER V5.60.0, COMPILATION OF MODULE PID
OBJECT MODULE PLACED IN .\list\PID.obj
COMPILER INVOKED BY: C:\Keil_v5\C251\BIN\C251.EXE ..\Code_boweny\Function\PID\PID.c XSMALL INTR2 BROWSE INCDIR(..\Driver
                    -\inc;..\User;..\App\inc;..\Code_boweny\Function\Log;..\Code_boweny\Function\Filter;..\Code_boweny\Function\AHRS;..\Code_
                    -boweny\Function\PID;..\Code_boweny\Device\QMC6309;..\Code_boweny\Device\QMI8658;..\Code_boweny\Device\GPS;..\Code_boweny
                    -\Device\WIRELESS;..\Code_boweny\Device\MOTOR;..\Code_boweny\Device\AutoDrive) DEBUG PRINT(.\list\PID.lst) TABS(2) OBJECT
                    -(.\list\PID.obj) 

stmt  level    source

    1          /**
    2           * @file    PID.c
    3           * @brief   Fixed-point PID controller implementation.
    4           * @author  boweny
    5           * @date    2026-04-27
    6           * @version v1.0
    7           */
    8          
    9          #include "PID.h"
   10          
   11          #define PID_INT16_MAX_VALUE  32767
   12          #define PID_INT16_MIN_VALUE  ((int16)(-32767 - 1))
   13          
   14          static int32 PID_Clamp32(int32 value, int32 min_value, int32 max_value)
   15          {
   16   1          if (min_value > max_value) {
   17   2              return value;
   18   2          }
   19   1          if (value > max_value) {
   20   2              return max_value;
   21   2          }
   22   1          if (value < min_value) {
   23   2              return min_value;
   24   2          }
   25   1          return value;
   26   1      }
   27          
   28          static int16 PID_Clamp16(int32 value, int16 min_value, int16 max_value)
   29          {
   30   1          if (min_value > max_value) {
   31   2              if (value > 32767L) {
   32   3                  return 32767;
   33   3              }
   34   2              if (value < -32768L) {
   35   3                  return PID_INT16_MIN_VALUE;
   36   3              }
   37   2              return (int16)value;
   38   2          }
   39   1      
   40   1          if (value > (int32)max_value) {
   41   2              return max_value;
   42   2          }
   43   1          if (value < (int32)min_value) {
   44   2              return min_value;
   45   2          }
   46   1          return (int16)value;
   47   1      }
   48          
   49          void PID_Init(PID_Controller_t *pid,
   50                        int16 kp, int16 ki, int16 kd,
   51                        int16 output_min, int16 output_max,
   52                        int32 integral_min, int32 integral_max)
   53          {
   54   1          if (pid == 0) {
   55   2              return;
C251 COMPILER V5.60.0,  PID                                                                12/05/26  17:56:55  PAGE 2   

   56   2          }
   57   1      
   58   1          pid->kp = kp;
   59   1          pid->ki = ki;
   60   1          pid->kd = kd;
   61   1          pid->target = 0;
   62   1          pid->output_min = output_min;
   63   1          pid->output_max = output_max;
   64   1          pid->integral_min = integral_min;
   65   1          pid->integral_max = integral_max;
   66   1      
   67   1          PID_Reset(pid);
   68   1      }
   69          
   70          void PID_Reset(PID_Controller_t *pid)
   71          {
   72   1          if (pid == 0) {
   73   2              return;
   74   2          }
   75   1      
   76   1          pid->integral = 0;
   77   1          pid->prev_error = 0;
   78   1          pid->initialized = 0;
   79   1      }
   80          
   81          void PID_SetTarget(PID_Controller_t *pid, int16 target)
   82          {
   83   1          if (pid == 0) {
   84   2              return;
   85   2          }
   86   1      
   87   1          pid->target = target;
   88   1      }
   89          
   90          void PID_SetGains(PID_Controller_t *pid, int16 kp, int16 ki, int16 kd)
   91          {
   92   1          if (pid == 0) {
   93   2              return;
   94   2          }
   95   1      
   96   1          pid->kp = kp;
   97   1          pid->ki = ki;
   98   1          pid->kd = kd;
   99   1      }
  100          
  101          void PID_SetOutputLimit(PID_Controller_t *pid, int16 output_min, int16 output_max)
  102          {
  103   1          if (pid == 0) {
  104   2              return;
  105   2          }
  106   1      
  107   1          pid->output_min = output_min;
  108   1          pid->output_max = output_max;
  109   1      }
  110          
  111          void PID_SetIntegralLimit(PID_Controller_t *pid, int32 integral_min, int32 integral_max)
  112          {
  113   1          if (pid == 0) {
  114   2              return;
  115   2          }
  116   1      
  117   1          pid->integral_min = integral_min;
  118   1          pid->integral_max = integral_max;
  119   1          pid->integral = PID_Clamp32(pid->integral, integral_min, integral_max);
  120   1      }
  121          
C251 COMPILER V5.60.0,  PID                                                                12/05/26  17:56:55  PAGE 3   

  122          int16 PID_Update(PID_Controller_t *pid, int16 measured)
  123          {
  124   1          int16 error;
  125   1          int16 derivative;
  126   1          int32 output_q;
  127   1          int32 output;
  128   1      
  129   1          if (pid == 0) {
  130   2              return 0;
  131   2          }
  132   1      
  133   1          error = PID_Clamp16((int32)pid->target - (int32)measured,
  134   1                              PID_INT16_MIN_VALUE, PID_INT16_MAX_VALUE);
  135   1      
  136   1          if (!pid->initialized) {
  137   2              derivative = 0;
  138   2              pid->initialized = 1;
  139   2          } else {
  140   2              derivative = PID_Clamp16((int32)error - (int32)pid->prev_error,
  141   2                                       PID_INT16_MIN_VALUE, PID_INT16_MAX_VALUE);
  142   2          }
  143   1      
  144   1          pid->integral += error;
  145   1          pid->integral = PID_Clamp32(pid->integral, pid->integral_min, pid->integral_max);
  146   1      
  147   1          output_q = ((int32)pid->kp * error) +
  148   1                     ((int32)pid->ki * pid->integral) +
  149   1                     ((int32)pid->kd * derivative);
  150   1          output = output_q >> PID_GAIN_Q;
  151   1      
  152   1          pid->prev_error = error;
  153   1      
  154   1          return PID_Clamp16(output, pid->output_min, pid->output_max);
  155   1      }
  156          
  157          int16 PID_UpdateTarget(PID_Controller_t *pid, int16 target, int16 measured)
  158          {
  159   1          PID_SetTarget(pid, target);
  160   1          return PID_Update(pid, measured);
  161   1      }


Module Information          Static   Overlayable
------------------------------------------------
  code size            =       602     ------
  ecode size           =    ------     ------
  data size            =    ------     ------
  idata size           =    ------     ------
  pdata size           =    ------     ------
  xdata size           =    ------     ------
  xdata-const size     =    ------     ------
  edata size           =    ------         30
  bit size             =    ------     ------
  ebit size            =    ------     ------
  bitaddressable size  =    ------     ------
  ebitaddressable size =    ------     ------
  far data size        =    ------     ------
  huge data size       =    ------     ------
  const size           =    ------     ------
  hconst size          =    ------     ------
End of Module Information.


C251 COMPILATION COMPLETE.  0 WARNING(S),  0 ERROR(S)
