C251 COMPILER V5.60.0,  power_Adc                                                          12/05/26  18:27:34  PAGE 1   


C251 COMPILER V5.60.0, COMPILATION OF MODULE power_Adc
OBJECT MODULE PLACED IN .\list\power_Adc.obj
COMPILER INVOKED BY: C:\Keil_v5\C251\BIN\C251.EXE ..\Code_boweny\Device\Power\power_Adc.c XSMALL INTR2 BROWSE INCDIR(..\
                    -Driver\inc;..\User;..\App\inc;..\Code_boweny\Function\Log;..\Code_boweny\Function\Filter;..\Code_boweny\Function\AHRS;..
                    -\Code_boweny\Function\PID;..\Code_boweny\Device\QMC6309;..\Code_boweny\Device\QMI8658;..\Code_boweny\Device\GPS;..\Code_
                    -boweny\Device\WIRELESS;..\Code_boweny\Device\MOTOR;..\Code_boweny\Device\AutoDrive) DEBUG PRINT(.\list\power_Adc.lst) TA
                    -BS(2) OBJECT(.\list\power_Adc.obj) 

stmt  level    source

    1          #include "power_Adc.h"
    2          
    3          #include "..\..\..\Driver\inc\STC32G_GPIO.h"
    4          #include "..\..\..\Driver\inc\STC32G_ADC.h"
    5          
    6          static u8 g_power_level = POWER_LEVEL_0;
    7          
    8          void Power_Gpio_Init(void)
    9          {
   10   1          P0_MODE_IN_HIZ(GPIO_Pin_1);
   11   1      }
   12          
   13          u16 Power_ADC_Read(void)
   14          {
   15   1          return Get_ADCResult(ADC_CH9);
   16   1      }
   17          
   18          u8 Power_ADC_Get_Level(void)
   19          {
   20   1          return g_power_level;
   21   1      }
   22          
   23          void Power_Check_Handle(void)
   24          {
   25   1          static u8 power_check_times = 0U;
   26   1          u16 bat_volt;
   27   1      
   28   1          if (power_check_times < 100U) {
   29   2              power_check_times++;
   30   2              return;
   31   2          }
   32   1          power_check_times = 0U;
   33   1      
   34   1          bat_volt = Power_ADC_Read();
   35   1      
   36   1          if (bat_volt >= BATT_VOLT_FULL) {
   37   2              g_power_level = POWER_LEVEL_4;
   38   2          } else if (bat_volt >= BATT_VOLT_LEVEL3) {
   39   2              g_power_level = POWER_LEVEL_3;
   40   2          } else if (bat_volt >= BATT_VOLT_LEVEL2) {
   41   2              g_power_level = POWER_LEVEL_2;
   42   2          } else if (bat_volt >= BATT_VOLT_LEVEL1) {
   43   2              g_power_level = POWER_LEVEL_1;
   44   2          } else {
   45   2              g_power_level = POWER_LEVEL_0;
   46   2          }
   47   1      }


Module Information          Static   Overlayable
------------------------------------------------
  code size            =        86     ------
  ecode size           =    ------     ------
  data size            =    ------     ------
  idata size           =    ------     ------
  pdata size           =    ------     ------
C251 COMPILER V5.60.0,  power_Adc                                                          12/05/26  18:27:34  PAGE 2   

  xdata size           =    ------     ------
  xdata-const size     =    ------     ------
  edata size           =         2     ------
  bit size             =    ------     ------
  ebit size            =    ------     ------
  bitaddressable size  =    ------     ------
  ebitaddressable size =    ------     ------
  far data size        =    ------     ------
  huge data size       =    ------     ------
  const size           =    ------     ------
  hconst size          =        10     ------
End of Module Information.


C251 COMPILATION COMPLETE.  0 WARNING(S),  0 ERROR(S)
