C251 COMPILER V5.60.0,  QMI8658                                                            12/05/26  17:56:52  PAGE 1   


C251 COMPILER V5.60.0, COMPILATION OF MODULE QMI8658
OBJECT MODULE PLACED IN .\list\QMI8658.obj
COMPILER INVOKED BY: C:\Keil_v5\C251\BIN\C251.EXE ..\Code_boweny\Device\QMI8658\QMI8658.c XSMALL INTR2 BROWSE INCDIR(..\
                    -Driver\inc;..\User;..\App\inc;..\Code_boweny\Function\Log;..\Code_boweny\Function\Filter;..\Code_boweny\Function\AHRS;..
                    -\Code_boweny\Function\PID;..\Code_boweny\Device\QMC6309;..\Code_boweny\Device\QMI8658;..\Code_boweny\Device\GPS;..\Code_
                    -boweny\Device\WIRELESS;..\Code_boweny\Device\MOTOR;..\Code_boweny\Device\AutoDrive) DEBUG PRINT(.\list\QMI8658.lst) TABS
                    -(2) OBJECT(.\list\QMI8658.obj) 

stmt  level    source

    1          /**
    2           * @file    QMI8658.c
    3           * @brief   QMI8658 6轴IMU驱动实现
    4           * @author  boweny
    5           * @date    2026-04-22
    6           * @version v1.1
    7           *
    8           * @details
    9           * - 实现 QMI8658 6轴惯性测量单元（加速度计+陀螺仪）的初始化和数据读取
   10           * - 支持 I2C 主/备地址自动探测、软复位、就绪检测、数据有效性检查
   11           * - 保留原始陀螺仪读取接口，并新增软件低通后的滤波读取接口
   12           * - 关键步骤嵌入 LOG 日志，便于调试和问题排查
   13           * - 导出函数: QMI8658_Init / QMI8658_ReadID / QMI8658_ReadAcc /
   14           *             QMI8658_ReadGyro / QMI8658_ReadGyroFiltered /
   15           *             QMI8658_ReadTemp / QMI8658_ReadAll /
   16           *             QMI8658_Enable / QMI8658_Disable /
   17           *             QMI8658_Wait_AccReady / QMI8658_Wait_GyroReady / QMI8658_BusRecover
   18           *
   19           * @hardware
   20           *   - I2C接口: P1.4(SDA) / P1.5(SCL)，硬件I2C
   21           *   - 系统时钟: Fosc = 24MHz
   22           *   - I2C地址: 0x6B (SA0=浮空/高) / 0x6A (SA0=地)
   23           *
   24           * @note    必须在 I2C_config() 初始化完成后调用 QMI8658_Init()
   25           * @note    禁止使用浮点运算，数据以 int16 定点整数传递
   26           *
   27           * @see     Code_boweny/Device/QMI8658/QMI8658.h
   28           */
   29          
   30          #include "QMI8658.h"
   31          #include "Filter.h"
   32          #undef LOGD
   33          #define LOGD(tag, ...)
   34          
   35          #define QMI8658_LEGACY_I2C_PATH          1U
   36          
   37          #define QMI8658_MSACKI_MASK              0x02U
   38          #define QMI8658_I2C_OK                   0U
   39          #define QMI8658_I2C_ERR_BUSY             1U
   40          #define QMI8658_I2C_ERR_DEVW_NACK        2U
   41          #define QMI8658_I2C_ERR_REG_NACK         3U
   42          #define QMI8658_I2C_ERR_DEVR_NACK        4U
   43          #define QMI8658_I2C_ERR_DATA_NACK        5U
   44          #define QMI8658_I2C_ERR_PARAM            6U
   45          
   46          extern void Start(void);
   47          extern void SendData(char dat);
   48          extern void RecvACK(void);
   49          extern char RecvData(void);
   50          extern void SendACK(void);
   51          extern void SendNAK(void);
   52          extern void Stop(void);
   53          
   54          /*==============================================================
   55           *                       外部 Driver 层 API
C251 COMPILER V5.60.0,  QMI8658                                                            12/05/26  17:56:52  PAGE 2   

   56           *==============================================================*/
   57          
   58          /*==============================================================
   59           *                       本地变量
   60           *==============================================================*/
   61          
   62          u8 QMI8658_I2C_Addr = QMI8658_I2C_ADDR_PRIMARY;  /**< 当前使用的7位I2C地址 */
   63          
   64          static void QMI8658_Delay_ms(u16 ms);
   65          static u8 qmi8658_last_i2c_error = QMI8658_I2C_OK;
   66          
   67          static u8 QMI8658_RecvAck(void)
   68          {
   69   1          RecvACK();
   70   1          return ((I2CMSST & QMI8658_MSACKI_MASK) != 0);
   71   1      }
   72          
   73          static u8 QMI8658_BusNeedsRecover(void)
   74          {
   75   1          if (Get_MSBusy_Status()) {
   76   2              return 1;
   77   2          }
   78   1          if (P14 == 0) {
   79   2              return 1;
   80   2          }
   81   1          if (P15 == 0) {
   82   2              return 1;
   83   2          }
   84   1          return 0;
   85   1      }
   86          
   87          static u8 QMI8658_EnsureBusIdle(void)
   88          {
   89   1          if (!QMI8658_BusNeedsRecover()) {
   90   2              return 0;
   91   2          }
   92   1      
   93   1          QMI8658_BusRecover();
   94   1          if (QMI8658_BusNeedsRecover()) {
   95   2              qmi8658_last_i2c_error = QMI8658_I2C_ERR_BUSY;
   96   2              return 1;
   97   2          }
   98   1          return 0;
   99   1      }
  100          
  101          static u8 QMI8658_ReadNByteAtAddr(u8 addr, u8 start_reg, u8 *buf, u8 len);
  102          static u8 QMI8658_ReadRegAtAddr(u8 addr, u8 reg_addr, u8 *ok);
  103          static char *QMI8658_I2cPathName(void)
  104          {
  105   1      #if QMI8658_LEGACY_I2C_PATH
  106   1          return "legacy";
  107   1      #else
                   return "ackdiag";
               #endif
  110   1      }
  111          
  112          static char *QMI8658_I2cErrName(u8 err)
  113          {
  114   1          switch (err) {
  115   2          case QMI8658_I2C_OK:
  116   2              return "OK";
  117   2          case QMI8658_I2C_ERR_BUSY:
  118   2              return "BUSY";
  119   2          case QMI8658_I2C_ERR_DEVW_NACK:
  120   2              return "DEVW_NACK";
  121   2          case QMI8658_I2C_ERR_REG_NACK:
C251 COMPILER V5.60.0,  QMI8658                                                            12/05/26  17:56:52  PAGE 3   

  122   2              return "REG_NACK";
  123   2          case QMI8658_I2C_ERR_DEVR_NACK:
  124   2              return "DEVR_NACK";
  125   2          case QMI8658_I2C_ERR_DATA_NACK:
  126   2              return "DATA_NACK";
  127   2          default:
  128   2              return "PARAM";
  129   2          }
  130   1      }
  131          
  132          static u8 QMI8658_SelectAddrByWhoAmI(u8 *selected_id)
  133          {
  134   1          u8 retry;
  135   1          u8 primary_ok = 0;
  136   1          u8 alt_ok = 0;
  137   1          u8 primary_id = 0xFF;
  138   1          u8 alt_id = 0xFF;
  139   1          u8 primary_err = QMI8658_I2C_OK;
  140   1          u8 alt_err = QMI8658_I2C_OK;
  141   1      
  142   1          for (retry = 0; retry < 5; retry++) {
  143   2              primary_id = QMI8658_ReadRegAtAddr(QMI8658_I2C_ADDR_PRIMARY,
  144   2                                                 QMI8658_REG_WHO_AM_I,
  145   2                                                 &primary_ok);
  146   2              primary_err = qmi8658_last_i2c_error;
  147   2              if ((primary_ok != 0) && (primary_id == QMI8658_CHIP_ID_VALUE)) {
  148   3                  QMI8658_I2C_Addr = QMI8658_I2C_ADDR_PRIMARY;
  149   3                  if (selected_id != NULL) {
  150   4                      *selected_id = primary_id;
  151   4                  }
  152   3                  LOGI("IMU", "id probe primary ok id=0x%02X addr=0x%02X",
  153   3                       primary_id, QMI8658_I2C_Addr);
  154   3                  return 0;
  155   3              }
  156   2      
  157   2              alt_id = QMI8658_ReadRegAtAddr(QMI8658_I2C_ADDR_ALT,
  158   2                                             QMI8658_REG_WHO_AM_I,
  159   2                                             &alt_ok);
  160   2              alt_err = qmi8658_last_i2c_error;
  161   2              if ((alt_ok != 0) && (alt_id == QMI8658_CHIP_ID_VALUE)) {
  162   3                  QMI8658_I2C_Addr = QMI8658_I2C_ADDR_ALT;
  163   3                  if (selected_id != NULL) {
  164   4                      *selected_id = alt_id;
  165   4                  }
  166   3                  LOGI("IMU", "id probe alt ok id=0x%02X addr=0x%02X",
  167   3                       alt_id, QMI8658_I2C_Addr);
  168   3                  return 0;
  169   3              }
  170   2      
  171   2              LOGW("IMU", "id probe try=%u p=0x%02X ok=%u %s a=0x%02X ok=%u %s",
  178   2                   (u16)(retry + 1),
  178   2                   primary_id,
  178   2                   (u16)primary_ok,
  178   2                   QMI8658_I2cErrName(primary_err),
  178   2                   alt_id,
  178   2                   (u16)alt_ok,
  178   2                   QMI8658_I2cErrName(alt_err));
  179   2              QMI8658_BusRecover();
  180   2              QMI8658_Delay_ms(200);
  181   2          }
  182   1      
  183   1          LOGE("IMU", "id probe fail p=0x%02X ok=%u %s a=0x%02X ok=%u %s",
  189   1               primary_id,
  189   1               (u16)primary_ok,
  189   1               QMI8658_I2cErrName(primary_err),
  189   1               alt_id,
C251 COMPILER V5.60.0,  QMI8658                                                            12/05/26  17:56:52  PAGE 4   

  189   1               (u16)alt_ok,
  189   1               QMI8658_I2cErrName(alt_err));
  190   1          return 1;
  191   1      }
  192          
  193          /*==============================================================
  194           *                       内部辅助函数
  195           *==============================================================*/
  196          
  197          static void QMI8658_Delay_ms(u16 ms);
  198          
  199          /**
  200           * @brief      I2C 单字节写入
  201           * @param[in]  reg_addr  寄存器地址
  202           * @param[in]  data      要写入的数据
  203           * @return     0=成功，1=失败
  204           *
  205           * @details
  206           * Uses low-level I2C steps so every ACK phase can be checked explicitly.
  207           * Driver-internal helper; not exposed outside this file.
  208           */
  209          static u8 QMI8658_WriteReg(u8 reg_addr, u8 reg_val)
  210          {
  211   1      #if QMI8658_LEGACY_I2C_PATH
  212   1          u8 i2c_addr;
  213   1      #endif
  214   1      
  215   1          qmi8658_last_i2c_error = QMI8658_I2C_OK;
  216   1      #if QMI8658_LEGACY_I2C_PATH
  217   1          i2c_addr = QMI8658_I2C_WRITE(QMI8658_I2C_Addr);
  218   1          I2C_WriteNbyte(i2c_addr, reg_addr, &reg_val, 1);
  219   1          if (Get_MSBusy_Status()) {
  220   2              qmi8658_last_i2c_error = QMI8658_I2C_ERR_BUSY;
  221   2              LOGW("IMU", "WR legacy busy reg=0x%02X val=0x%02X",
  222   2                   reg_addr, reg_val);
  223   2              return 1;
  224   2          }
  225   1          return 0;
  226   1      #else
                   if (QMI8658_EnsureBusIdle() != 0) {
                       LOGW("IMU", "WR %s reg=0x%02X val=0x%02X",
                            QMI8658_I2cErrName(qmi8658_last_i2c_error), reg_addr, reg_val);
                       return 1;
                   }
               
                   Start();
                   SendData(QMI8658_I2C_WRITE(QMI8658_I2C_Addr));
                   if (QMI8658_RecvAck()) {
                       Stop();
                       qmi8658_last_i2c_error = QMI8658_I2C_ERR_DEVW_NACK;
                       LOGW("IMU", "WR DEVW_NACK addr=0x%02X reg=0x%02X",
                            QMI8658_I2C_Addr, reg_addr);
                       return 1;
                   }
               
                   SendData(reg_addr);
                   if (QMI8658_RecvAck()) {
                       Stop();
                       qmi8658_last_i2c_error = QMI8658_I2C_ERR_REG_NACK;
                       LOGW("IMU", "WR REG_NACK addr=0x%02X reg=0x%02X",
                            QMI8658_I2C_Addr, reg_addr);
                       return 1;
                   }
               
                   SendData(reg_val);
                   if (QMI8658_RecvAck()) {
C251 COMPILER V5.60.0,  QMI8658                                                            12/05/26  17:56:52  PAGE 5   

                       Stop();
                       qmi8658_last_i2c_error = QMI8658_I2C_ERR_DATA_NACK;
                       LOGW("IMU", "WR DATA_NACK addr=0x%02X reg=0x%02X val=0x%02X",
                            QMI8658_I2C_Addr, reg_addr, reg_val);
                       return 1;
                   }
               
                   Stop();
                   return 0;
               #endif
  264   1      }
  265          
  266          /**
  267           * @brief      I2C 单字节读取
  268           * @param[in]  reg_addr  寄存器地址
  269           * @return     读取到的数据，0xFF 表示读取失败
  270           *
  271           * @details
  272           * Uses low-level I2C steps so every ACK phase can be checked explicitly.
  273           * Driver-internal helper; not exposed outside this file.
  274           */
  275          static u8 QMI8658_ReadReg(u8 reg_addr)
  276          {
  277   1          u8 reg_val = 0xFF;
  278   1      
  279   1          if (QMI8658_ReadNByteAtAddr(QMI8658_I2C_Addr, reg_addr, &reg_val, 1) != 0) {
  280   2              LOGE("IMU", "RD %s addr=0x%02X reg=0x%02X",
  283   2                   QMI8658_I2cErrName(qmi8658_last_i2c_error),
  283   2                   QMI8658_I2C_Addr,
  283   2                   reg_addr);
  284   2              return 0xFF;
  285   2          }
  286   1          return reg_val;
  287   1      }
  288          
  289          static u8 QMI8658_ReadRegAtAddr(u8 addr, u8 reg_addr, u8 *ok)
  290          {
  291   1          u8 reg_val = 0xFF;
  292   1      
  293   1          if (QMI8658_ReadNByteAtAddr(addr, reg_addr, &reg_val, 1) != 0) {
  294   2              if (ok != NULL) {
  295   3                  *ok = 0;
  296   3              }
  297   2              return 0xFF;
  298   2          }
  299   1      
  300   1          if (ok != NULL) {
  301   2              *ok = 1;
  302   2          }
  303   1          return reg_val;
  304   1      }
  305          
  306          /**
  307           * @brief      连续读取多字节数据 (地址自动递增)
  308           * @param[in]  start_reg  起始寄存器地址
  309           * @param[out] buf        数据缓冲区
  310           * @param[in]  len        要读取的字节数
  311           * @return     0=成功，1=失败
  312           *
  313           * @details
  314           * Uses low-level I2C steps so every ACK phase can be checked explicitly.
  315           * Driver-internal helper; not exposed outside this file.
  316           */
  317          static u8 QMI8658_ReadNByteAtAddr(u8 addr, u8 start_reg, u8 *buf, u8 len)
  318          {
  319   1      #if QMI8658_LEGACY_I2C_PATH
C251 COMPILER V5.60.0,  QMI8658                                                            12/05/26  17:56:52  PAGE 6   

  320   1          u8 i2c_addr_w;
  321   1      #else
                   u8 i;
               #endif
  324   1      
  325   1          qmi8658_last_i2c_error = QMI8658_I2C_OK;
  326   1          if ((buf == NULL) || (len == 0)) {
  327   2              qmi8658_last_i2c_error = QMI8658_I2C_ERR_PARAM;
  328   2              return 1;
  329   2          }
  330   1      
  331   1      #if QMI8658_LEGACY_I2C_PATH
  332   1          i2c_addr_w = QMI8658_I2C_WRITE(addr);
  333   1          I2C_ReadNbyte(i2c_addr_w, start_reg, buf, len);
  334   1          if (Get_MSBusy_Status()) {
  335   2              qmi8658_last_i2c_error = QMI8658_I2C_ERR_BUSY;
  336   2              return 1;
  337   2          }
  338   1          return 0;
  339   1      #else
                   if (QMI8658_EnsureBusIdle() != 0) {
                       return 1;
                   }
               
                   Start();
                   SendData(QMI8658_I2C_WRITE(addr));
                   if (QMI8658_RecvAck()) {
                       Stop();
                       qmi8658_last_i2c_error = QMI8658_I2C_ERR_DEVW_NACK;
                       return 1;
                   }
               
                   SendData(start_reg);
                   if (QMI8658_RecvAck()) {
                       Stop();
                       qmi8658_last_i2c_error = QMI8658_I2C_ERR_REG_NACK;
                       return 1;
                   }
               
                   Start();
                   SendData(QMI8658_I2C_READ(addr));
                   if (QMI8658_RecvAck()) {
                       Stop();
                       qmi8658_last_i2c_error = QMI8658_I2C_ERR_DEVR_NACK;
                       return 1;
                   }
               
                   for (i = 0; i < len; i++) {
                       buf[i] = (u8)RecvData();
                       if ((u8)(i + 1) < len) {
                           SendACK();
                       } else {
                           SendNAK();
                       }
                   }
                   Stop();
                   return 0;
               #endif
  378   1      }
  379          
  380          static u8 QMI8658_ReadNByte(u8 start_reg, u8 *buf, u8 len)
  381          {
  382   1          if (QMI8658_ReadNByteAtAddr(QMI8658_I2C_Addr, start_reg, buf, len) != 0) {
  383   2              LOGE("IMU", "RNB %s addr=0x%02X reg=0x%02X len=%u",
  387   2                   QMI8658_I2cErrName(qmi8658_last_i2c_error),
  387   2                   QMI8658_I2C_Addr,
C251 COMPILER V5.60.0,  QMI8658                                                            12/05/26  17:56:52  PAGE 7   

  387   2                   start_reg,
  387   2                   len);
  388   2              return 1;
  389   2          }
  390   1          return 0;
  391   1      }
  392          
  393          static void QMI8658_LogDataPath(u8 *phase)
  394          {
  395   1          u8 ctrl1;
  396   1          u8 ctrl2;
  397   1          u8 ctrl3;
  398   1          u8 ctrl5;
  399   1          u8 ctrl6;
  400   1          u8 ctrl7;
  401   1          u8 ctrl8;
  402   1          u8 ctrl9;
  403   1          u8 fifo_wtm;
  404   1          u8 fifo_ctrl;
  405   1          u8 fifo_status;
  406   1          u8 statusint;
  407   1          u8 status0;
  408   1          u8 ts_raw[3];
  409   1          u8 temp_raw[2];
  410   1          u8 raw[12];
  411   1          u32 ts;
  412   1          int16 temp;
  413   1          int16 ax;
  414   1          int16 ay;
  415   1          int16 az;
  416   1          int16 gx;
  417   1          int16 gy;
  418   1          int16 gz;
  419   1      
  420   1          ctrl1 = QMI8658_ReadReg(QMI8658_REG_CTRL1);
  421   1          ctrl2 = QMI8658_ReadReg(QMI8658_REG_CTRL2);
  422   1          ctrl3 = QMI8658_ReadReg(QMI8658_REG_CTRL3);
  423   1          ctrl5 = QMI8658_ReadReg(QMI8658_REG_CTRL5);
  424   1          ctrl6 = QMI8658_ReadReg(QMI8658_REG_CTRL6);
  425   1          ctrl7 = QMI8658_ReadReg(QMI8658_REG_CTRL7);
  426   1          ctrl8 = QMI8658_ReadReg(QMI8658_REG_CTRL8);
  427   1          ctrl9 = QMI8658_ReadReg(QMI8658_REG_CTRL9);
  428   1          fifo_wtm = QMI8658_ReadReg(QMI8658_REG_FIFO_WTM);
  429   1          fifo_ctrl = QMI8658_ReadReg(QMI8658_REG_FIFO_CTRL);
  430   1          fifo_status = QMI8658_ReadReg(QMI8658_REG_FIFO_STATUS);
  431   1          statusint = QMI8658_ReadReg(QMI8658_REG_STATUSINT);
  432   1          status0 = QMI8658_ReadReg(QMI8658_REG_STATUS0);
  433   1      
  434   1          LOGI("IMU", "%s regs c1=%02X c2=%02X c3=%02X c5=%02X c6=%02X",
  435   1               phase, ctrl1, ctrl2, ctrl3, ctrl5, ctrl6);
  436   1          LOGI("IMU", "%s regs c7=%02X c8=%02X c9=%02X fw=%02X fc=%02X fs=%02X",
  437   1               phase, ctrl7, ctrl8, ctrl9, fifo_wtm, fifo_ctrl, fifo_status);
  438   1          LOGI("IMU", "%s status int=%02X s0=%02X", phase, statusint, status0);
  439   1      
  440   1          if (QMI8658_ReadNByte(QMI8658_REG_TIMESTAMP_L, ts_raw, 3) == 0) {
  441   2              ts = ((u32)ts_raw[2] << 16) | ((u32)ts_raw[1] << 8) | ts_raw[0];
  442   2              LOGI("IMU", "%s ts=%lu", phase, ts);
  443   2          }
  444   1      
  445   1          if (QMI8658_ReadNByte(QMI8658_REG_TEMP_L, temp_raw, 2) == 0) {
  446   2              temp = (int16)((u16)temp_raw[1] << 8 | temp_raw[0]);
  447   2              LOGI("IMU", "%s temp_raw=%d", phase, temp);
  448   2          }
  449   1      
  450   1          if (QMI8658_ReadNByte(QMI8658_REG_AX_L, raw, 12) != 0) {
  451   2              LOGW("IMU", "%s raw read fail", phase);
C251 COMPILER V5.60.0,  QMI8658                                                            12/05/26  17:56:52  PAGE 8   

  452   2              return;
  453   2          }
  454   1      
  455   1          ax = (int16)((u16)raw[1] << 8 | raw[0]);
  456   1          ay = (int16)((u16)raw[3] << 8 | raw[2]);
  457   1          az = (int16)((u16)raw[5] << 8 | raw[4]);
  458   1          gx = (int16)((u16)raw[7] << 8 | raw[6]);
  459   1          gy = (int16)((u16)raw[9] << 8 | raw[8]);
  460   1          gz = (int16)((u16)raw[11] << 8 | raw[10]);
  461   1      
  462   1          LOGI("IMU", "%s raw a=%d %d %d g=%d %d %d",
  463   1               phase, ax, ay, az, gx, gy, gz);
  464   1      }
  465          
  466          static u8 QMI8658_LogDataWindow(void)
  467          {
  468   1          u8 i;
  469   1          u8 statusint;
  470   1          u8 status0;
  471   1          u8 ts_raw[3];
  472   1          u8 temp_raw[2];
  473   1          u8 raw[12];
  474   1          u32 ts;
  475   1          int16 temp;
  476   1          int16 ax;
  477   1          int16 ay;
  478   1          int16 az;
  479   1          int16 gx;
  480   1          int16 gy;
  481   1          int16 gz;
  482   1          u8 saw_data;
  483   1      
  484   1          saw_data = 0;
  485   1          LOGI("IMU", "data window start");
  486   1      
  487   1          for (i = 0; i < 10; i++) {
  488   2              statusint = QMI8658_ReadReg(QMI8658_REG_STATUSINT);
  489   2              status0 = QMI8658_ReadReg(QMI8658_REG_STATUS0);
  490   2      
  491   2              ts = 0;
  492   2              if (QMI8658_ReadNByte(QMI8658_REG_TIMESTAMP_L, ts_raw, 3) == 0) {
  493   3                  ts = ((u32)ts_raw[2] << 16) | ((u32)ts_raw[1] << 8) | ts_raw[0];
  494   3              }
  495   2      
  496   2              temp = 0;
  497   2              if (QMI8658_ReadNByte(QMI8658_REG_TEMP_L, temp_raw, 2) == 0) {
  498   3                  temp = (int16)((u16)temp_raw[1] << 8 | temp_raw[0]);
  499   3              }
  500   2      
  501   2              ax = 0; ay = 0; az = 0;
  502   2              gx = 0; gy = 0; gz = 0;
  503   2              if (QMI8658_ReadNByte(QMI8658_REG_AX_L, raw, 12) == 0) {
  504   3                  ax = (int16)((u16)raw[1] << 8 | raw[0]);
  505   3                  ay = (int16)((u16)raw[3] << 8 | raw[2]);
  506   3                  az = (int16)((u16)raw[5] << 8 | raw[4]);
  507   3                  gx = (int16)((u16)raw[7] << 8 | raw[6]);
  508   3                  gy = (int16)((u16)raw[9] << 8 | raw[8]);
  509   3                  gz = (int16)((u16)raw[11] << 8 | raw[10]);
  510   3              }
  511   2      
  512   2              LOGI("IMU", "poll%u si=%02X s0=%02X ts=%lu t=%d a=%d %d %d",
  513   2                   (u16)i, statusint, status0, ts, temp, ax, ay, az);
  514   2              LOGI("IMU", "poll%u g=%d %d %d", (u16)i, gx, gy, gz);
  515   2      
  516   2              if ((status0 != 0U) || (ts != 0UL) || (temp != 0) ||
  517   2                  (ax != 0) || (ay != 0) || (az != 0) ||
C251 COMPILER V5.60.0,  QMI8658                                                            12/05/26  17:56:52  PAGE 9   

  518   2                  (gx != 0) || (gy != 0) || (gz != 0)) {
  519   3                  saw_data = 1;
  520   3                  break;
  521   3              }
  522   2      
  523   2              QMI8658_Delay_ms(100);
  524   2          }
  525   1      
  526   1          LOGI("IMU", "data window result=%s", saw_data ? "DATA" : "ALL_ZERO");
  527   1          return saw_data;
  528   1      }
  529          
  530          static s8 QMI8658_ClearDataPath(void)
  531          {
  532   1          if (QMI8658_WriteReg(QMI8658_REG_CTRL7, 0x00) != 0) {
  533   2              return -1;
  534   2          }
  535   1          if (QMI8658_WriteReg(QMI8658_REG_CTRL6, QMI8658_CTRL6_INIT) != 0) {
  536   2              return -1;
  537   2          }
  538   1          if (QMI8658_WriteReg(QMI8658_REG_CTRL8, QMI8658_CTRL8_INIT) != 0) {
  539   2              return -1;
  540   2          }
  541   1          if (QMI8658_WriteReg(QMI8658_REG_FIFO_WTM, QMI8658_FIFO_WTM_INIT) != 0) {
  542   2              return -1;
  543   2          }
  544   1          if (QMI8658_WriteReg(QMI8658_REG_FIFO_CTRL, QMI8658_FIFO_CTRL_BYPASS) != 0) {
  545   2              return -1;
  546   2          }
  547   1          if (QMI8658_WriteReg(QMI8658_REG_CTRL9, QMI8658_CTRL9_CMD_RST_FIFO) != 0) {
  548   2              return -1;
  549   2          }
  550   1          QMI8658_Delay_ms(2);
  551   1          if (QMI8658_WriteReg(QMI8658_REG_CTRL9, QMI8658_CTRL9_CMD_ACK) != 0) {
  552   2              return -1;
  553   2          }
  554   1          return 0;
  555   1      }
  556          
  557          /**
  558           * @brief   毫秒级延时
  559           * @param[in]  ms  延时毫秒数
  560           *
  561           * @details 调用 Driver 层 delay_ms()，依赖 Timer 已初始化
  562           */
  563          static void QMI8658_Delay_ms(u16 ms)
  564          {
  565   1          delay_ms(ms);
  566   1      }
  567          
  568          /**
  569           * @brief      探测有效 I2C 地址
  570           * @param[in]  addr  要探测的 7 位 I2C 地址
  571           * @return     0=该地址有设备响应，1=无响应
  572           *
  573           * @details
  574           * 发送 START + 设备写地址，检测是否有 ACK。
  575           */
  576          static u8 QMI8658_ProbeAddr(u8 addr)
  577          {
  578   1          qmi8658_last_i2c_error = QMI8658_I2C_OK;
  579   1      
  580   1          if (QMI8658_EnsureBusIdle() != 0) {
  581   2              return 1;
  582   2          }
  583   1      
C251 COMPILER V5.60.0,  QMI8658                                                            12/05/26  17:56:52  PAGE 10  

  584   1          Start();
  585   1          SendData(QMI8658_I2C_WRITE(addr));
  586   1          if (QMI8658_RecvAck()) {
  587   2              Stop();
  588   2              qmi8658_last_i2c_error = QMI8658_I2C_ERR_DEVW_NACK;
  589   2              return 1;
  590   2          }
  591   1          Stop();
  592   1      
  593   1          if (Get_MSBusy_Status()) {
  594   2              return 1;  /* NACK: 无设备 */
  595   2          }
  596   1          return 0;  /* ACK: 有设备 */
  597   1      }
  598          
  599          /*==============================================================
  600           *                       公共 API 实现
  601           *==============================================================*/
  602          
  603          /**
  604           * @brief   执行 I2C 总线恢复
  605           * @return  none
  606           *
  607           * @details
  608           * 当 SDA 或 SCL 被从机意外拉低时，尝试恢复总线。
  609           * 禁用 I2C 模块，将 P1.4/P1.5 切为 GPIO 开漏，
  610           * 手动发送 9 个时钟脉冲迫使从机释放 SDA，最后发送 STOP。
  611           *
  612           * @note    此函数直接操作引脚，适用于 I2C 总线死锁场景
  613           */
  614          void QMI8658_BusRecover(void)
  615          {
  616   1          LOGD("IMU", "bus recover start");
  617   1      
  618   1          I2C_Function(DISABLE);
  619   1          I2C_Master();
  620   1      
  621   1          P1_MODE_OUT_OD(GPIO_Pin_4 | GPIO_Pin_5);
  622   1          P1_PULL_UP_ENABLE(GPIO_Pin_4 | GPIO_Pin_5);
  623   1      
  624   1          {
  625   2              u8 i;
  626   2              for (i = 0; i < 9; i++) {
  627   3                  P15 = 0;
  628   3                  QMI8658_Delay_ms(1);
  629   3                  P15 = 1;
  630   3                  QMI8658_Delay_ms(1);
  631   3                  if (P14 == 1) break;
  632   3              }
  633   2              P14 = 1;
  634   2              QMI8658_Delay_ms(1);
  635   2          }
  636   1      
  637   1          P1_MODE_OUT_OD(GPIO_Pin_4 | GPIO_Pin_5);
  638   1          I2C_Function(ENABLE);
  639   1          I2C_Master();
  640   1      
  641   1          LOGI("IMU", "bus recover done");
  642   1      }
  643          
  644          /**
  645           * @brief      读取 QMI8658 芯片ID
  646           * @return     WHO_AM_I 值 (0x05=正确)，0xFF=读取失败
  647           */
  648          u8 QMI8658_ReadID(void)
  649          {
C251 COMPILER V5.60.0,  QMI8658                                                            12/05/26  17:56:52  PAGE 11  

  650   1          u8 id = QMI8658_ReadReg(QMI8658_REG_WHO_AM_I);
  651   1          LOGD("IMU", "ReadID=0x%02X expected=0x%02X", id, QMI8658_CHIP_ID_VALUE);
  652   1          if (id != QMI8658_CHIP_ID_VALUE) {
  653   2              LOGE("IMU", "ID mismatch got=0x%02X exp=0x%02X", id, QMI8658_CHIP_ID_VALUE);
  654   2          }
  655   1          return id;
  656   1      }
  657          
  658          /**
  659           * @brief      读取加速度数据
  660           * @param[out] x  指向X轴加速度的指针 (int16)
  661           * @param[out] y  指向Y轴加速度的指针 (int16)
  662           * @param[out] z  指向Z轴加速度的指针 (int16)
  663           * @return      0=成功，-1=数据无效或读取失败
  664           */
  665          s8 QMI8658_ReadAcc(int16 *x, int16 *y, int16 *z)
  666          {
  667   1          static u8 invalid_latched = 0;
  668   1          u8 raw[6];
  669   1          u8 status0;
  670   1          int16 ax, ay, az;
  671   1      
  672   1          if (QMI8658_ReadNByte(QMI8658_REG_AX_L, raw, 6) != 0) {
  673   2              LOGE("IMU", "ReadAcc I2C fail");
  674   2              return -1;
  675   2          }
  676   1      
  677   1          ax = (int16)((u16)raw[1] << 8 | raw[0]);
  678   1          ay = (int16)((u16)raw[3] << 8 | raw[2]);
  679   1          az = (int16)((u16)raw[5] << 8 | raw[4]);
  680   1      
  681   1          if (QMI8658_ACC_IS_ZERO(ax, ay, az) || QMI8658_DATA_IS_INVALID(ax, ay, az)) {
  682   2              if (!invalid_latched) {
  683   3                  status0 = QMI8658_ReadReg(QMI8658_REG_STATUS0);
  684   3                  LOGW("IMU", "acc invalid ax=%d ay=%d az=%d status0=0x%02X data_reg=0x%02X",
  685   3                       ax, ay, az, status0, QMI8658_REG_AX_L);
  686   3              }
  687   2              invalid_latched = 1;
  688   2              return -1;
  689   2          }
  690   1      
  691   1          invalid_latched = 0;
  692   1          *x = ax;
  693   1          *y = ay;
  694   1          *z = az;
  695   1      
  696   1          LOGD("IMU", "acc=%d %d %d", ax, ay, az);
  697   1          return 0;
  698   1      }
  699          
  700          /**
  701           * @brief      读取陀螺仪数据
  702           * @param[out] x  指向X轴角速度的指针 (int16)
  703           * @param[out] y  指向Y轴角速度的指针 (int16)
  704           * @param[out] z  指向Z轴角速度的指针 (int16)
  705           * @return      0=成功，-1=数据无效或读取失败
  706           */
  707          s8 QMI8658_ReadGyro(int16 *x, int16 *y, int16 *z)
  708          {
  709   1          u8 raw[6];
  710   1          int16 gx, gy, gz;
  711   1      
  712   1          if (QMI8658_ReadNByte(QMI8658_REG_GX_L, raw, 6) != 0) {
  713   2              LOGE("IMU", "ReadGyro I2C fail");
  714   2              return -1;
  715   2          }
C251 COMPILER V5.60.0,  QMI8658                                                            12/05/26  17:56:52  PAGE 12  

  716   1      
  717   1          gx = (int16)((u16)raw[1] << 8 | raw[0]);
  718   1          gy = (int16)((u16)raw[3] << 8 | raw[2]);
  719   1          gz = (int16)((u16)raw[5] << 8 | raw[4]);
  720   1      
  721   1          if (QMI8658_GYRO_IS_ZERO(gx, gy, gz) || QMI8658_DATA_IS_INVALID(gx, gy, gz)) {
  722   2              LOGD("IMU", "gyro invalid gx=%d gy=%d gz=%d", gx, gy, gz);
  723   2              return -1;
  724   2          }
  725   1      
  726   1          *x = gx;
  727   1          *y = gy;
  728   1          *z = gz;
  729   1      
  730   1          LOGD("IMU", "gyro=%d %d %d", gx, gy, gz);
  731   1          return 0;
  732   1      }
  733          
  734          /**
  735           * @brief      读取低通滤波后的陀螺仪数据
  736           * @param[out] x  指向X轴角速度的指针 (int16)
  737           * @param[out] y  指向Y轴角速度的指针 (int16)
  738           * @param[out] z  指向Z轴角速度的指针 (int16)
  739           * @return      0=成功，-1=原始数据无效、滤波失败或读取失败
  740           *
  741           * @details
  742           * 先读取原始陀螺仪数据，再通过 Function/Filter 模块进行软件低通滤波。
  743           * 首帧有效数据直接作为滤波输出，避免初始化瞬态抖动。
  744           */
  745          s8 QMI8658_ReadGyroFiltered(int16 *x, int16 *y, int16 *z)
  746          {
  747   1          int16 gx;
  748   1          int16 gy;
  749   1          int16 gz;
  750   1      
  751   1          if ((x == 0) || (y == 0) || (z == 0)) {
  752   2              return -1;
  753   2          }
  754   1      
  755   1          if (QMI8658_ReadGyro(&gx, &gy, &gz) != 0) {
  756   2              return -1;
  757   2          }
  758   1      
  759   1          return Filter_GyroLowPass(gx, gy, gz, x, y, z);
  760   1      }
  761          
  762          /**
  763           * @brief      读取温度数据
  764           * @param[out] temp  指向温度值的指针 (int16)
  765           * @return      0=成功，-1=读取失败
  766           *
  767           * @details
  768           * 读取 2 字节 (0x33~0x34)，int12 有符号数，LSB在前。
  769           * 换算: 实际温度 = reg_value / 256 + 25 (°C)
  770           */
  771          s8 QMI8658_ReadTemp(int16 *temp)
  772          {
  773   1          u8 raw[2];
  774   1          int16 t;
  775   1      
  776   1          if (QMI8658_ReadNByte(QMI8658_REG_TEMP_L, raw, 2) != 0) {
  777   2              LOGE("IMU", "ReadTemp I2C fail");
  778   2              return -1;
  779   2          }
  780   1      
  781   1          t = (int16)((u16)raw[1] << 8 | raw[0]);
C251 COMPILER V5.60.0,  QMI8658                                                            12/05/26  17:56:52  PAGE 13  

  782   1          *temp = t;
  783   1      
  784   1          LOGD("IMU", "temp raw=%d", t);
  785   1          return 0;
  786   1      }
  787          
  788          /**
  789           * @brief      读取完整9轴数据 (加速度+陀螺仪)
  790           * @param[out] ax  指向X轴加速度的指针
  791           * @param[out] ay  指向Y轴加速度的指针
  792           * @param[out] az  指向Z轴加速度的指针
  793           * @param[out] gx  指向X轴角速度的指针
  794           * @param[out] gy  指向Y轴角速度的指针
  795           * @param[out] gz  指向Z轴角速度的指针
  796           * @return      0=成功，-1=数据无效或读取失败
  797           *
  798           * @details
  799           * 使用 I2C 地址自动递增，一次读取 12 字节 (0x35~0x40)。
  800           */
  801          s8 QMI8658_ReadAll(int16 *ax, int16 *ay, int16 *az,
  802                              int16 *gx, int16 *gy, int16 *gz)
  803          {
  804   1          u8 raw[12];
  805   1          int16 aax, aay, aaz;
  806   1          int16 ggx, ggy, ggz;
  807   1      
  808   1          if (QMI8658_ReadNByte(QMI8658_REG_AX_L, raw, 12) != 0) {
  809   2              LOGE("IMU", "ReadAll I2C fail");
  810   2              return -1;
  811   2          }
  812   1      
  813   1          aax = (int16)((u16)raw[1] << 8 | raw[0]);
  814   1          aay = (int16)((u16)raw[3] << 8 | raw[2]);
  815   1          aaz = (int16)((u16)raw[5] << 8 | raw[4]);
  816   1      
  817   1          ggx = (int16)((u16)raw[7] << 8 | raw[6]);
  818   1          ggy = (int16)((u16)raw[9] << 8 | raw[8]);
  819   1          ggz = (int16)((u16)raw[11] << 8 | raw[10]);
  820   1      
  821   1          if ((QMI8658_ACC_IS_ZERO(aax, aay, aaz) || QMI8658_DATA_IS_INVALID(aax, aay, aaz)) &&
  822   1              (QMI8658_GYRO_IS_ZERO(ggx, ggy, ggz) || QMI8658_DATA_IS_INVALID(ggx, ggy, ggz))) {
  823   2              LOGD("IMU", "all data invalid");
  824   2              return -1;
  825   2          }
  826   1      
  827   1          *ax = aax;
  828   1          *ay = aay;
  829   1          *az = aaz;
  830   1          *gx = ggx;
  831   1          *gy = ggy;
  832   1          *gz = ggz;
  833   1      
  834   1          LOGD("IMU", "a=%d %d %d g=%d %d %d", aax, aay, aaz, ggx, ggy, ggz);
  835   1          return 0;
  836   1      }
  837          
  838          /**
  839           * @brief      轮询等待加速度数据就绪
  840           * @param[in]  timeout_ms  超时时间 (ms)
  841           * @return     0=数据就绪，-1=超时
  842           */
  843          s8 QMI8658_Wait_AccReady(u16 timeout_ms)
  844          {
  845   1          u16 i;
  846   1          u8 status0;
  847   1      
C251 COMPILER V5.60.0,  QMI8658                                                            12/05/26  17:56:52  PAGE 14  

  848   1          LOGD("IMU", "wait acc ready timeout=%ums", timeout_ms);
  849   1          status0 = 0;
  850   1      
  851   1          for (i = 0; i < timeout_ms; i += 5) {
  852   2              status0 = QMI8658_ReadReg(QMI8658_REG_STATUS0);
  853   2              if ((status0 & QMI8658_STATUS0_A_DA) != 0) {
  854   3                  LOGD("IMU", "acc ready in %ums status0=0x%02X", i, status0);
  855   3                  return 0;
  856   3              }
  857   2              QMI8658_Delay_ms(5);
  858   2          }
  859   1      
  860   1          LOGE("IMU", "wait acc ready TIMEOUT status0=0x%02X", status0);
  861   1          return -1;
  862   1      }
  863          
  864          /**
  865           * @brief      轮询等待陀螺仪数据就绪
  866           * @param[in]  timeout_ms  超时时间 (ms)
  867           * @return     0=数据就绪，-1=超时
  868           */
  869          s8 QMI8658_Wait_GyroReady(u16 timeout_ms)
  870          {
  871   1          u16 i;
  872   1      
  873   1          LOGD("IMU", "wait gyro ready timeout=%ums", timeout_ms);
  874   1      
  875   1          for (i = 0; i < timeout_ms; i += 5) {
  876   2              u8 status = QMI8658_ReadReg(QMI8658_REG_STATUS0);
  877   2              if ((status & QMI8658_STATUS0_G_DA) != 0) {
  878   3                  LOGD("IMU", "gyro ready in %ums status=0x%02X", i, status);
  879   3                  return 0;
  880   3              }
  881   2              QMI8658_Delay_ms(5);
  882   2          }
  883   1      
  884   1          LOGE("IMU", "wait gyro ready TIMEOUT");
  885   1          return -1;
  886   1      }
  887          
  888          /**
  889           * @brief   使能 QMI8658 IMU 传感器
  890           * @return  0=成功，-1=失败
  891           *
  892           * @details 写入 CTRL7=0x03，使能加速度计和陀螺仪
  893           */
  894          s8 QMI8658_Enable(void)
  895          {
  896   1          if (QMI8658_WriteReg(QMI8658_REG_CTRL7, QMI8658_CTRL7_INIT) != 0) {
  897   2              LOGE("IMU", "Enable WR fail");
  898   2              return -1;
  899   2          }
  900   1          LOGI("IMU", "enabled CTRL7=0x%02X", QMI8658_CTRL7_INIT);
  901   1          return 0;
  902   1      }
  903          
  904          /**
  905           * @brief   禁用 QMI8658 IMU 传感器
  906           * @return  0=成功，-1=失败
  907           *
  908           * @details 写入 CTRL7=0x00，禁用加速度计和陀螺仪，进入低功耗模式
  909           */
  910          s8 QMI8658_Disable(void)
  911          {
  912   1          if (QMI8658_WriteReg(QMI8658_REG_CTRL7, 0x00) != 0) {
  913   2              LOGE("IMU", "Disable WR fail");
C251 COMPILER V5.60.0,  QMI8658                                                            12/05/26  17:56:52  PAGE 15  

  914   2              return -1;
  915   2          }
  916   1          LOGI("IMU", "disabled");
  917   1          return 0;
  918   1      }
  919          
  920          void QMI8658_DumpRawRegs(void)
  921          {
  922   1          u8 who;
  923   1          u8 rev;
  924   1          u8 reset_state;
  925   1          u8 ctrl1, ctrl2, ctrl3, ctrl5, ctrl7;
  926   1          u8 statusint, status0;
  927   1          u8 temp_l, temp_h;
  928   1          u8 ax_l, ax_h, ay_l, ay_h, az_l, az_h;
  929   1          u8 gx_l, gx_h, gy_l, gy_h, gz_l, gz_h;
  930   1      
  931   1          who = QMI8658_ReadReg(QMI8658_REG_WHO_AM_I);
  932   1          rev = QMI8658_ReadReg(QMI8658_REG_REVISION_ID);
  933   1          reset_state = QMI8658_ReadReg(QMI8658_REG_RESET_STATE);
  934   1          ctrl1 = QMI8658_ReadReg(QMI8658_REG_CTRL1);
  935   1          ctrl2 = QMI8658_ReadReg(QMI8658_REG_CTRL2);
  936   1          ctrl3 = QMI8658_ReadReg(QMI8658_REG_CTRL3);
  937   1          ctrl5 = QMI8658_ReadReg(QMI8658_REG_CTRL5);
  938   1          ctrl7 = QMI8658_ReadReg(QMI8658_REG_CTRL7);
  939   1          statusint = QMI8658_ReadReg(QMI8658_REG_STATUSINT);
  940   1          status0 = QMI8658_ReadReg(QMI8658_REG_STATUS0);
  941   1          temp_l = QMI8658_ReadReg(QMI8658_REG_TEMP_L);
  942   1          temp_h = QMI8658_ReadReg(QMI8658_REG_TEMP_H);
  943   1          ax_l = QMI8658_ReadReg(QMI8658_REG_AX_L);
  944   1          ax_h = QMI8658_ReadReg(QMI8658_REG_AX_H);
  945   1          ay_l = QMI8658_ReadReg(QMI8658_REG_AY_L);
  946   1          ay_h = QMI8658_ReadReg(QMI8658_REG_AY_H);
  947   1          az_l = QMI8658_ReadReg(QMI8658_REG_AZ_L);
  948   1          az_h = QMI8658_ReadReg(QMI8658_REG_AZ_H);
  949   1          gx_l = QMI8658_ReadReg(QMI8658_REG_GX_L);
  950   1          gx_h = QMI8658_ReadReg(QMI8658_REG_GX_H);
  951   1          gy_l = QMI8658_ReadReg(QMI8658_REG_GY_L);
  952   1          gy_h = QMI8658_ReadReg(QMI8658_REG_GY_H);
  953   1          gz_l = QMI8658_ReadReg(QMI8658_REG_GZ_L);
  954   1          gz_h = QMI8658_ReadReg(QMI8658_REG_GZ_H);
  955   1      
  956   1          LOGI("IMU", "dump id=%02X rev=%02X rst=%02X c1=%02X c2=%02X c3=%02X c5=%02X c7=%02X",
  957   1               who, rev, reset_state, ctrl1, ctrl2, ctrl3, ctrl5, ctrl7);
  958   1          LOGI("IMU", "dump st int=%02X s0=%02X temp=%02X %02X",
  959   1               statusint, status0, temp_l, temp_h);
  960   1          LOGI("IMU", "dump acc=%02X %02X %02X %02X %02X %02X",
  961   1               ax_l, ax_h, ay_l, ay_h, az_l, az_h);
  962   1          LOGI("IMU", "dump gyr=%02X %02X %02X %02X %02X %02X",
  963   1               gx_l, gx_h, gy_l, gy_h, gz_l, gz_h);
  964   1      }
  965          
  966          /**
  967           * @brief   初始化 QMI8658 IMU
  968           * @return  0=成功，-1=失败
  969           *
  970           * @details
  971           * 完整初始化流程:
  972           *   1. LOG 初始化开始
  973           *   2. 尝试主地址 (0x6B)，失败则尝试备地址 (0x6A)
  974           *   3. 读取 WHO_AM_I 确认芯片 (0x05)
  975           *   4. 检查 RESET_STATE: 0x80=已就绪, 0x00=需软复位
  976           *   5. 软复位 (写入 RESET=0xB0 到地址0x60) → 等待 500ms
  977           *   6. 分阶段写入控制寄存器
  978           *   7. 等待数据就绪 (STATUS0.aDA=1)
  979           *   8. LOG 初始化完成
C251 COMPILER V5.60.0,  QMI8658                                                            12/05/26  17:56:52  PAGE 16  

  980           *
  981           * @note    必须在 I2C_config() 初始化完成后调用
  982           */
  983          s8 QMI8658_Init(void)
  984          {
  985   1          u8 id = 0xFF;
  986   1          u8 reset_state;
  987   1          u8 ctrl1_rb, ctrl2_rb, ctrl3_rb, ctrl5_rb, ctrl7_rb;
  988   1      
  989   1          LOGI("IMU", "========== QMI8658 Init Start ==========");
  990   1          LOGI("IMU", "stable bring-up: soft_reset=%u diag=%u i2c=%s",
  993   1               (u16)QMI8658_SOFT_RESET_ENABLE,
  993   1               (u16)QMI8658_DIAG_ENABLE,
  993   1               QMI8658_I2cPathName());
  994   1          LOGD("IMU", "primary addr=0x%02X alt=0x%02X",
  996   1               QMI8658_I2C_WRITE(QMI8658_I2C_ADDR_PRIMARY),
  996   1               QMI8658_I2C_WRITE(QMI8658_I2C_ADDR_ALT));
  997   1      
  998   1          /*---------------------------- 地址探测 ----------------------------*/
  999   1          /*---------------------------- 上电等待 ----------------------------*/
 1000   1          LOGD("IMU", "power-up wait %ums", QMI8658_PWR_UP_DELAY_MS);
 1001   1          QMI8658_Delay_ms(QMI8658_PWR_UP_DELAY_MS);
 1002   1      
 1003   1          /*---------------------------- WHO_AM_I 检测 ------------------------*/
 1004   1          if (QMI8658_SelectAddrByWhoAmI(&id) != 0) {
 1005   2              LOGE("IMU", "WHO_AM_I error got=0x%02X exp=0x%02X", id, QMI8658_CHIP_ID_VALUE);
 1006   2              return -1;
 1007   2          }
 1008   1          LOGD("IMU", "WHO_AM_I=0x%02X OK addr=0x%02X", id, QMI8658_I2C_Addr);
 1009   1      
 1010   1          /*---------------------------- RESET_STATE 检测 ------------------------*/
 1011   1          reset_state = QMI8658_ReadReg(QMI8658_REG_RESET_STATE);
 1012   1          LOGI("IMU", "reset_state before=0x%02X", reset_state);
 1013   1      
 1014   1      #if QMI8658_SOFT_RESET_ENABLE
                   if (reset_state != QMI8658_RESET_STATE_READY) {
                       if (QMI8658_WriteReg(QMI8658_REG_RESET, 0xB0) != 0) {
                           LOGE("IMU", "soft reset WR fail");
                           return -1;
                       }
               
                       QMI8658_Delay_ms(QMI8658_RESET_DELAY_MS);
                       reset_state = QMI8658_ReadReg(QMI8658_REG_RESET_STATE);
                       LOGI("IMU", "reset_state after=0x%02X", reset_state);
                   } else {
                       LOGI("IMU", "reset_state ready, skip reset");
                   }
               #else
 1028   1          LOGI("IMU", "soft reset disabled state=0x%02X", reset_state);
 1029   1      #endif
 1030   1      
 1031   1          if (reset_state == 0xFF) {
 1032   2              LOGE("IMU", "reset_state read fail after reset");
 1033   2              return -1;
 1034   2          }
 1035   1      
 1036   1          id = QMI8658_ReadID();
 1037   1          if (id != QMI8658_CHIP_ID_VALUE) {
 1038   2              LOGE("IMU", "WHO_AM_I lost after reset got=0x%02X", id);
 1039   2              return -1;
 1040   2          }
 1041   1      
 1042   1      #if QMI8658_CLEAR_DATAPATH_ENABLE
                   if (QMI8658_ClearDataPath() != 0) {
                       LOGE("IMU", "clear data path fail");
                       return -1;
C251 COMPILER V5.60.0,  QMI8658                                                            12/05/26  17:56:52  PAGE 17  

                   }
                   QMI8658_LogDataPath("after_clear");
               #else
 1049   1          LOGI("IMU", "skip ctrl6/8/fifo/ctrl9 clear");
 1050   1      #endif
 1051   1      
 1052   1          /*---------------------------- 配置写入 --------------------------*/
 1053   1      
 1054   1          /* Step 1: 禁用传感器 (安全写入) */
 1055   1          LOGD("IMU", "step1 CTRL7=0x00 (disable sensors)");
 1056   1          if (QMI8658_WriteReg(QMI8658_REG_CTRL7, 0x00) != 0) {
 1057   2              LOGE("IMU", "step1 WR fail");
 1058   2              return -1;
 1059   2          }
 1060   1      
 1061   1          /* Step 2: 写入 CTRL1 */
 1062   1          LOGD("IMU", "step2 CTRL1=0x%02X", QMI8658_CTRL1_INIT);
 1063   1          if (QMI8658_WriteReg(QMI8658_REG_CTRL1, QMI8658_CTRL1_INIT) != 0) {
 1064   2              LOGE("IMU", "step2 WR fail");
 1065   2              return -1;
 1066   2          }
 1067   1      
 1068   1          /* Step 3: 写入 CTRL2 (加速度量程+ODR) */
 1069   1          LOGD("IMU", "step3 CTRL2=0x%02X (ACC range+ODR)", QMI8658_CTRL2_INIT);
 1070   1          if (QMI8658_WriteReg(QMI8658_REG_CTRL2, QMI8658_CTRL2_INIT) != 0) {
 1071   2              LOGE("IMU", "step3 WR fail");
 1072   2              return -1;
 1073   2          }
 1074   1      
 1075   1          /* Step 4: 写入 CTRL3 (陀螺音量程+ODR) */
 1076   1          LOGD("IMU", "step4 CTRL3=0x%02X (GYRO range+ODR)", QMI8658_CTRL3_INIT);
 1077   1          if (QMI8658_WriteReg(QMI8658_REG_CTRL3, QMI8658_CTRL3_INIT) != 0) {
 1078   2              LOGE("IMU", "step4 WR fail");
 1079   2              return -1;
 1080   2          }
 1081   1      
 1082   1          /* Step 5: 写入 CTRL5 */
 1083   1          LOGD("IMU", "step5 CTRL5=0x%02X", QMI8658_CTRL5_INIT);
 1084   1          if (QMI8658_WriteReg(QMI8658_REG_CTRL5, QMI8658_CTRL5_INIT) != 0) {
 1085   2              LOGE("IMU", "step5 WR fail");
 1086   2              return -1;
 1087   2          }
 1088   1      
 1089   1          /* Step 6: 使能加速度计+陀螺仪 */
 1090   1          LOGD("IMU", "step6 CTRL7=0x%02X (enable sensors)", QMI8658_CTRL7_INIT);
 1091   1          if (QMI8658_WriteReg(QMI8658_REG_CTRL7, QMI8658_CTRL7_INIT) != 0) {
 1092   2              LOGE("IMU", "step6 WR fail");
 1093   2              return -1;
 1094   2          }
 1095   1          QMI8658_Delay_ms(QMI8658_ENABLE_DELAY_MS);
 1096   1      
 1097   1          /*---------------------------- 读回验证 --------------------------*/
 1098   1          ctrl1_rb = QMI8658_ReadReg(QMI8658_REG_CTRL1);
 1099   1          ctrl2_rb = QMI8658_ReadReg(QMI8658_REG_CTRL2);
 1100   1          ctrl3_rb = QMI8658_ReadReg(QMI8658_REG_CTRL3);
 1101   1          ctrl5_rb = QMI8658_ReadReg(QMI8658_REG_CTRL5);
 1102   1          ctrl7_rb = QMI8658_ReadReg(QMI8658_REG_CTRL7);
 1103   1      
 1104   1          LOGI("IMU", "readback CTRL1=0x%02X CTRL2=0x%02X CTRL3=0x%02X CTRL5=0x%02X CTRL7=0x%02X",
 1105   1               ctrl1_rb, ctrl2_rb, ctrl3_rb, ctrl5_rb, ctrl7_rb);
 1106   1      
 1107   1          if (ctrl1_rb != QMI8658_CTRL1_INIT) {
 1108   2              LOGW("IMU", "CTRL1 mismatch read=0x%02X exp=0x%02X", ctrl1_rb, QMI8658_CTRL1_INIT);
 1109   2          }
 1110   1          if (ctrl2_rb != QMI8658_CTRL2_INIT) {
 1111   2              LOGW("IMU", "CTRL2 mismatch read=0x%02X exp=0x%02X", ctrl2_rb, QMI8658_CTRL2_INIT);
C251 COMPILER V5.60.0,  QMI8658                                                            12/05/26  17:56:52  PAGE 18  

 1112   2          }
 1113   1          if (ctrl3_rb != QMI8658_CTRL3_INIT) {
 1114   2              LOGW("IMU", "CTRL3 mismatch read=0x%02X exp=0x%02X", ctrl3_rb, QMI8658_CTRL3_INIT);
 1115   2          }
 1116   1          if (ctrl5_rb != QMI8658_CTRL5_INIT) {
 1117   2              LOGW("IMU", "CTRL5 mismatch read=0x%02X exp=0x%02X", ctrl5_rb, QMI8658_CTRL5_INIT);
 1118   2          }
 1119   1          if (ctrl7_rb != QMI8658_CTRL7_INIT) {
 1120   2              LOGW("IMU", "CTRL7 mismatch read=0x%02X exp=0x%02X", ctrl7_rb, QMI8658_CTRL7_INIT);
 1121   2          }
 1122   1      
 1123   1          /*---------------------------- 等待数据就绪 --------------------------*/
 1124   1      #if QMI8658_DIAG_ENABLE
                   QMI8658_LogDataPath("after_enable");
               #endif
 1127   1      
 1128   1          LOGD("IMU", "wait sensor data ready...");
 1129   1          if (QMI8658_Wait_AccReady(QMI8658_READY_TIMEOUT_MS) != 0) {
 1130   2              LOGW("IMU", "acc not ready in %ums, continue anyway", QMI8658_READY_TIMEOUT_MS);
 1131   2      #if QMI8658_DIAG_ENABLE
                       QMI8658_LogDataPath("not_ready");
                       QMI8658_LogDataWindow();
               #endif
 1135   2          } else {
 1136   2      #if QMI8658_DIAG_ENABLE
                       QMI8658_LogDataPath("ready");
               #endif
 1139   2          }
 1140   1      
 1141   1          Filter_ResetGyroLowPass();
 1142   1      
 1143   1          /*---------------------------- 完成 --------------------------*/
 1144   1          LOGI("IMU", "========== QMI8658 Init Done ==========");
 1145   1          LOGI("IMU", "config: CTRL2=0x%02X CTRL3=0x%02X CTRL5=0x%02X CTRL7=0x%02X",
 1146   1               QMI8658_CTRL2_INIT, QMI8658_CTRL3_INIT, QMI8658_CTRL5_INIT, QMI8658_CTRL7_INIT);
 1147   1          return 0;
 1148   1      }
*** WARNING C174 IN LINE 530 OF ..\Code_boweny\Device\QMI8658\QMI8658.c: 'QMI8658_ClearDataPath': unreferenced 'static' 
             -function
*** WARNING C174 IN LINE 576 OF ..\Code_boweny\Device\QMI8658\QMI8658.c: 'QMI8658_ProbeAddr': unreferenced 'static' func
             -tion
*** WARNING C174 IN LINE 466 OF ..\Code_boweny\Device\QMI8658\QMI8658.c: 'QMI8658_LogDataWindow': unreferenced 'static' 
             -function
*** WARNING C174 IN LINE 393 OF ..\Code_boweny\Device\QMI8658\QMI8658.c: 'QMI8658_LogDataPath': unreferenced 'static' fu
             -nction


Module Information          Static   Overlayable
------------------------------------------------
  code size            =      4820     ------
  ecode size           =    ------     ------
  data size            =    ------     ------
  idata size           =    ------     ------
  pdata size           =    ------     ------
  xdata size           =    ------     ------
  xdata-const size     =    ------     ------
  edata size           =         3        185
  bit size             =    ------     ------
  ebit size            =    ------     ------
  bitaddressable size  =    ------     ------
  ebitaddressable size =    ------     ------
  far data size        =    ------     ------
  huge data size       =    ------     ------
  const size           =    ------     ------
  hconst size          =      1949     ------
End of Module Information.


C251 COMPILATION COMPLETE.  4 WARNING(S),  0 ERROR(S)
