C51 COMPILER V9.52.0.0   EEPROM                                                            04/17/2026 09:18:02 PAGE 1   


C51 COMPILER V9.52.0.0, COMPILATION OF MODULE EEPROM
OBJECT MODULE PLACED IN .\Objects\eeprom.obj
COMPILER INVOKED BY: E:\Keil_v5\C51\BIN\C51.EXE App\eeprom\eeprom.c LARGE BROWSE INCDIR(.\Driver\Inc;.\App\Config;.\App\
                    -DcMotor;.\App\Led;.\App\Timer;.\App\Interrupt;.\App\PWM;.\App\Utils;.\App\Wireless\LT8920;.\App\Wireless;.\App\Gyro;.\Ap
                    -p\Gps;.\App\AutoDrive;.\App\ADC;.\App\eeprom;.\App\compass) DEFINE(HW_V16,MID_SHIP,MAG_QMC_6309,GPS_DK2_RMC) DEBUG OBJEC
                    -TEXTEND PRINT(.\Listings\eeprom.lst) OBJECT(.\Objects\eeprom.obj)

line level    source

   1          
   2          #include <intrins.H>
   3          //#include "common.h"
   4          #include "STC8G_H_EEPROM.h"
   5          #include "eeprom.h"
   6          
   7          
   8          
   9          //------------------------------------------------------------------------------------------
  10          #define WIRELESS_CONFIG_ADDRESS         0X0
  11          #define SYSTEM_CONFIG_ADDRESS           512
  12          
  13          
  14          
  15          //------------------------------------------------------------------------------------------
  16          void ep_saveShipConfig(unsigned char *data_buf,unsigned char data_len)
  17          {       
  18   1              int addr = WIRELESS_CONFIG_ADDRESS;
  19   1      
  20   1              EEPROM_SectorErase(addr);
  21   1          EEPROM_write_n(addr,data_buf,data_len);
  22   1      }
  23          
  24          void ep_readShipConfig(unsigned char *data_buf,unsigned char data_len)
  25          {       
  26   1              int addr = WIRELESS_CONFIG_ADDRESS;
  27   1      
  28   1              EEPROM_read_n(addr,data_buf,data_len);
  29   1      }
  30          
  31          
  32          
  33          SYSTEM_CONFIG systemConfig;
  34          
  35          void System_Config_Init(void){
  36   1          memset(&systemConfig,0,sizeof(SYSTEM_CONFIG));
  37   1          EEPROM_read_n(SYSTEM_CONFIG_ADDRESS,(uint8_t *)&systemConfig,sizeof(SYSTEM_CONFIG));
  38   1              if (systemConfig.offset_x == 0xffff)
  39   1              {       
  40   2                      memset(&systemConfig,0,sizeof(SYSTEM_CONFIG));
  41   2          }
  42   1      }
  43          
  44          int16_t cfg_get_x_offset(void)
  45          {       
  46   1              return systemConfig.offset_x;
  47   1      }
  48          
  49          int16_t cfg_get_y_offset(void)
  50          {       
  51   1              return systemConfig.offset_y;
  52   1      }
C51 COMPILER V9.52.0.0   EEPROM                                                            04/17/2026 09:18:02 PAGE 2   

  53          
  54          
  55          void System_Config_Save(int16_t x_offset,int16_t y_offset){
  56   1      
  57   1              systemConfig.offset_x = x_offset;
  58   1              systemConfig.offset_y = y_offset;
  59   1          EEPROM_SectorErase(SYSTEM_CONFIG_ADDRESS);
  60   1          EEPROM_write_n(SYSTEM_CONFIG_ADDRESS,(uint8_t *)&systemConfig,sizeof(SYSTEM_CONFIG));
  61   1      }
  62          
  63          
  64          
  65          void system_reset_check(void)
  66          {       
  67   1              if (PCON & 0x10)  //检测是否为上电复位
  68   1              {
  69   2                  printf("Power-on reset is detected!\r\n");
  70   2                  PCON &= ~0x10;
  71   2              }
  72   1              else  //鍚﹀垯鏈杞欢澶嶄綅
  73   1              {
  74   2                  printf("Soft reset is detected!\r\n");
  75   2              }
  76   1      }
  77          
  78          void system_soft_reset(void)
  79          {       
  80   1      
  81   1              IAP_CONTR &= ~0x40; //软件复位后直接执行用户代码
  82   1          IAP_CONTR |= 0x20;  //软件复位
  83   1      }
  84          


MODULE INFORMATION:   STATIC OVERLAYABLE
   CODE SIZE        =    231    ----
   CONSTANT SIZE    =     56    ----
   XDATA SIZE       =      6       6
   PDATA SIZE       =   ----    ----
   DATA SIZE        =   ----    ----
   IDATA SIZE       =   ----    ----
   BIT SIZE         =   ----    ----
END OF MODULE INFORMATION.


C51 COMPILATION COMPLETE.  0 WARNING(S),  0 ERROR(S)
