C51 COMPILER V9.52.0.0   LED                                                               04/17/2026 09:17:58 PAGE 1   


C51 COMPILER V9.52.0.0, COMPILATION OF MODULE LED
OBJECT MODULE PLACED IN .\Objects\led.obj
COMPILER INVOKED BY: E:\Keil_v5\C51\BIN\C51.EXE App\Led\led.c LARGE BROWSE INCDIR(.\Driver\Inc;.\App\Config;.\App\DcMoto
                    -r;.\App\Led;.\App\Timer;.\App\Interrupt;.\App\PWM;.\App\Utils;.\App\Wireless\LT8920;.\App\Wireless;.\App\Gyro;.\App\Gps;
                    -.\App\AutoDrive;.\App\ADC;.\App\eeprom;.\App\compass) DEFINE(HW_V16,MID_SHIP,MAG_QMC_6309,GPS_DK2_RMC) DEBUG OBJECTEXTEN
                    -D PRINT(.\Listings\led.lst) OBJECT(.\Objects\led.obj)

line level    source

   1          #include "led.h"
   2          uint8_t shipLedRefreshMode = LED_ON;
   3          
   4          
   5          extern bit s_mag_init_ok;
   6          extern bit s_rf_init_ok;
   7          
   8          void Led_IO_Init(void){
   9   1              GPIO_InitTypeDef        GPIO_InitStructure;   
  10   1          // red led     
  11   1              GPIO_InitStructure.Pin  = GPIO_Pin_4;
  12   1              GPIO_InitStructure.Mode = GPIO_OUT_PP;         
  13   1              GPIO_Inilize(GPIO_P5,&GPIO_InitStructure);
  14   1      #ifdef  HW_V16
  15   1              GPIO_InitStructure.Pin  = GPIO_Pin_2;
  16   1              GPIO_InitStructure.Mode = GPIO_OUT_PP;         
  17   1              GPIO_Inilize(GPIO_P2,&GPIO_InitStructure);
  18   1      #else
                  // ship led
                  GPIO_InitStructure.Pin  = GPIO_Pin_1;
                      GPIO_InitStructure.Mode = GPIO_OUT_PP;         
                      GPIO_Inilize(GPIO_P3,&GPIO_InitStructure);
              #endif
  24   1      }
  25          
  26          void Red_Led_Switch(uint8_t onfoff){
  27   1          P54 = onfoff;
  28   1      }
  29          
  30          
  31          void Red_Led_Refresh_Handle(void){
  32   1          static uint8_t redLedRefreshFlag = 0,redLedRefreshWaitTimes = 0;
  33   1      
  34   1              redLedRefreshWaitTimes ++;
  35   1      
  36   1              if (!s_rf_init_ok)              // 接收有问题 快闪
  37   1              {
  38   2                  if(redLedRefreshWaitTimes < 15){
  39   3                      redLedRefreshWaitTimes ++;
  40   3                      return;
  41   3                  }
  42   2              }
  43   1              else
  44   1              {       
  45   2                      if(redLedRefreshWaitTimes < 50){
  46   3                      redLedRefreshWaitTimes ++;
  47   3                      return;
  48   3                  }
  49   2              }
  50   1          redLedRefreshWaitTimes = 0;
  51   1      
  52   1              if (!s_mag_init_ok)             // 地磁有问题 红灯不闪烁
C51 COMPILER V9.52.0.0   LED                                                               04/17/2026 09:17:58 PAGE 2   

  53   1              {  
  54   2                      Red_Led_Switch(1);
  55   2              }
  56   1              
  57   1              else
  58   1              {       
  59   2                      if(redLedRefreshFlag){
  60   3                      redLedRefreshFlag = 0;
  61   3                  }else{
  62   3                      redLedRefreshFlag = 1;
  63   3                  }
  64   2                  Red_Led_Switch(redLedRefreshFlag);
  65   2              }
  66   1      }
  67          
  68          // -----
  69          void Ship_Led_Switch(uint8_t onfoff){
  70   1      #ifdef  HW_V16
  71   1              P22 = onfoff;
  72   1      #else
                  P31 = onfoff;
              #endif
  75   1      }
  76          
  77          void Ship_Led_Refresh_Handle(void){
  78   1          static uint8_t shipLedRefreshWaitTimes = 0,shipLedRefreshFlag = 0;
  79   1          shipLedRefreshWaitTimes++;
  80   1          if(shipLedRefreshWaitTimes<20){
  81   2              shipLedRefreshWaitTimes++;
  82   2              return;
  83   2          }
  84   1          shipLedRefreshWaitTimes = 0;
  85   1          
  86   1          if (shipLedRefreshMode==LED_ON)
  87   1          {
  88   2              shipLedRefreshFlag = 1;
  89   2          }else if(shipLedRefreshMode==LED_REFRESH){
  90   2              if(shipLedRefreshFlag){
  91   3              shipLedRefreshFlag = 0;
  92   3          }else{
  93   3              shipLedRefreshFlag = 1;
  94   3          }
  95   2          }else{
  96   2              shipLedRefreshFlag = 0;
  97   2          }
  98   1          
  99   1      
 100   1          Ship_Led_Switch(shipLedRefreshFlag);
 101   1      
 102   1      }
 103          
 104          void Ship_LED_Set_Handle(void){
 105   1          shipLedRefreshMode++;
 106   1          if(shipLedRefreshMode > LED_OFF){
 107   2              shipLedRefreshMode = LED_ON;
 108   2          }
 109   1      }


MODULE INFORMATION:   STATIC OVERLAYABLE
   CODE SIZE        =    210    ----
   CONSTANT SIZE    =   ----    ----
C51 COMPILER V9.52.0.0   LED                                                               04/17/2026 09:17:58 PAGE 3   

   XDATA SIZE       =      5       2
   PDATA SIZE       =   ----    ----
   DATA SIZE        =   ----    ----
   IDATA SIZE       =   ----    ----
   BIT SIZE         =   ----    ----
END OF MODULE INFORMATION.


C51 COMPILATION COMPLETE.  0 WARNING(S),  0 ERROR(S)
