C51 COMPILER V9.52.0.0   MAIN                                                              04/17/2026 09:17:59 PAGE 1   


C51 COMPILER V9.52.0.0, COMPILATION OF MODULE MAIN
OBJECT MODULE PLACED IN .\Objects\main.obj
COMPILER INVOKED BY: E:\Keil_v5\C51\BIN\C51.EXE App\Main\main.c LARGE BROWSE INCDIR(.\Driver\Inc;.\App\Config;.\App\DcMo
                    -tor;.\App\Led;.\App\Timer;.\App\Interrupt;.\App\PWM;.\App\Utils;.\App\Wireless\LT8920;.\App\Wireless;.\App\Gyro;.\App\Gp
                    -s;.\App\AutoDrive;.\App\ADC;.\App\eeprom;.\App\compass) DEFINE(HW_V16,MID_SHIP,MAG_QMC_6309,GPS_DK2_RMC) DEBUG OBJECTEXT
                    -END PRINT(.\Listings\main.lst) OBJECT(.\Objects\main.obj)

line level    source

   1          #include "STC8G_H_Timer.h"
   2          #include "STC8G_H_GPIO.h"
   3          #include "STC8G_H_NVIC.h"
   4          
   5          #include "config.h"
   6          #include "timer.h"
   7          
   8          #include "DcMotor_Gpio.h"
   9          #include "pwm.h"
  10          #include "pwm_Gpio.h"
  11          #include "LT8920_SPI.h"
  12          #include "led.h"
  13          #include "gyro.h"
  14          
  15          #include "gps_uart.h"
  16          
  17          #include "adc_config.h"
  18          #include "power_Adc.h"
  19          #include "wirelessProtocal.h"
  20          #include "autoDrive.h"
  21          #include "pwm_Speed.h"
  22          #include "compass.h"
  23          #include "eeprom.h"
  24          
  25          
  26          
  27          #define         SOFT_VERSION                    "1.03.02"
  28          
  29          #if 0
              void timer_Runing_Handle(void){
                      static uint16_t timer10msFlag = 0;
                      timer10msFlag++;
                      if(timer10msFlag%10==0){
                              // 100ms
                              Radio_progress();
                      }else if(timer10msFlag%100==0){
                              // 1000 ms
                      }else if(timer10msFlag%100==0){
              
                      }
              }
              #endif
  43          
  44          // 初始化看门狗（预分频系数=64，溢出时间≈3.35s@30MHz）
  45          void WDT_Init(void) {
  46   1          WDT_CONTR = 0x37;  // 配置：[EN_WDT=1][IDLE_WDT=1][PS2-PS0=111]
  47   1      }
  48          
  49          // 喂狗操作（清零计数器）
  50          void FeedDog(void) {
  51   1          WDT_CONTR |= 0x10; // 置位CLR_WDT位
  52   1      }
C51 COMPILER V9.52.0.0   MAIN                                                              04/17/2026 09:17:59 PAGE 2   

  53          
  54          void main(void)
  55          {
  56   1              EAXSFR();       
  57   1              SysTimer_Init();
  58   1      
  59   1              System_Config_Init();
  60   1              
  61   1              Led_IO_Init();
  62   1      
  63   1              ADC_Config();
  64   1              Power_Gpio_Init();
  65   1              //NrefCheck();
  66   1              
  67   1              PWM_Gpio_Config();
  68   1              DCMotor_Pwm_Init();
  69   1      
  70   1      
  71   1              DcMotor_Gpio_Config();
  72   1      
  73   1              SI2C_Gpio_Init();
  74   1              Pwm_Speed_Init();
  75   1              // wireless
  76   1              //LT89xx_INIT();
  77   1              
  78   1              // gps
  79   1              Gps_Uart_Gpio_Init();
  80   1              Gps_Uart_Init();
  81   1      
  82   1              EA = 1;
  83   1      
  84   1              system_reset_check();
  85   1              
  86   1              printf("GPS Mainboard V:%s\r\n",SOFT_VERSION);
  87   1              
  88   1              delay_ms(200);
  89   1              // wireless
  90   1              LT89xx_INIT();
  91   1              
  92   1              
  93   1      
  94   1              Compass_Init();
  95   1              
  96   1              autodrv_init();
  97   1              
  98   1      //      WDT_Init();
  99   1              while (1)
 100   1              {
 101   2                      if(SysTimer_Get_10MsFlag()==TRUE)
 102   2                      {
 103   3      //                      Red_Led_Switch(1);
 104   3                              SysTimer_Set_10MsFlag(FALSE);
 105   3              //              FeedDog();
 106   3      //                      printf("10ms flag\r\n");
 107   3                              Radio_progress();
 108   3                              // timer_Runing_Handle();
 109   3                              
 110   3                              Compass_Angel_adjust_Handle();
 111   3                              
 112   3                              Red_Led_Refresh_Handle();
 113   3      
 114   3                              Ship_Led_Refresh_Handle();
C51 COMPILER V9.52.0.0   MAIN                                                              04/17/2026 09:17:59 PAGE 3   

 115   3      
 116   3                              DcMotor_Handle();
 117   3      
 118   3                              //Gps_Uart_Dma_OutTime_Handle();
 119   3                              Gps_Uart_Data_Resolve();
 120   3                              
 121   3                              Power_Check_Handle();
 122   3      
 123   3                              autoDrive_Handle();
 124   3      
 125   3                              WirelessProtocal_Accelerator_OutTime_Handle();
 126   3      //                      Red_Led_Switch(0);
 127   3                      }
 128   2                      
 129   2              }
 130   1      }
 131          
 132          
 133          


MODULE INFORMATION:   STATIC OVERLAYABLE
   CODE SIZE        =    131    ----
   CONSTANT SIZE    =     29    ----
   XDATA SIZE       =   ----    ----
   PDATA SIZE       =   ----    ----
   DATA SIZE        =   ----    ----
   IDATA SIZE       =   ----    ----
   BIT SIZE         =   ----    ----
END OF MODULE INFORMATION.


C51 COMPILATION COMPLETE.  0 WARNING(S),  0 ERROR(S)
