C51 COMPILER V9.52.0.0   NMEA41_PROTOCAL                                                   04/17/2026 09:18:01 PAGE 1   


C51 COMPILER V9.52.0.0, COMPILATION OF MODULE NMEA41_PROTOCAL
OBJECT MODULE PLACED IN .\Objects\nmea41_protocal.obj
COMPILER INVOKED BY: E:\Keil_v5\C51\BIN\C51.EXE App\Gps\nmea41_protocal.c LARGE BROWSE INCDIR(.\Driver\Inc;.\App\Config;
                    -.\App\DcMotor;.\App\Led;.\App\Timer;.\App\Interrupt;.\App\PWM;.\App\Utils;.\App\Wireless\LT8920;.\App\Wireless;.\App\Gyr
                    -o;.\App\Gps;.\App\AutoDrive;.\App\ADC;.\App\eeprom;.\App\compass) DEFINE(HW_V16,MID_SHIP,MAG_QMC_6309,GPS_DK2_RMC) DEBUG
                    - OBJECTEXTEND PRINT(.\Listings\nmea41_protocal.lst) OBJECT(.\Objects\nmea41_protocal.obj)

line level    source

   1          #include "nmea41_protocal.h"
   2          #include "utils_splitString.h"
   3          #include "utils_printf.h"
   4          #include "autoDrive.h"
   5          #include "pwm_Speed.h"
   6          
   7          //uint8_t nmea41_Angel_yuliu[500] = {0};
   8          
   9          
  10          uint8_t nmea41_JingDu[12 + 1] = {0},nmea41_WeiDu[12 + 1] = {0};
  11          
  12          
  13          uint8_t Position_Refresh_Flag = 0;
  14          
  15          
  16          
  17          extern uint8_t idata autoDrive_State;
  18          
  19          #ifdef          GPS_DK2
              uint8_t nmea41_Angel[12 + 1] = {0};
              uint8_t nmea41_GPGSV_NUM[3 + 1] = {0};
              uint8_t nmea41_BDGSV_NUM[3 + 1] = {0};
              uint8_t nmea41_GAGSV_NUM[3 + 1] = {0};
              void nmea41_protocal_Resolve_Handle(uint8_t *data_m,uint16_t length){
                  uint8_t *protocal = NULL;
                  uint16_t protocal_len = length - 1;
              
                  protocal = data_m + 1; //remove "$"
              
                  if(memcmp(protocal,"GNVTG",5) == 0){
                      nmea41_Resolve_VTG(protocal,protocal_len);
                  }else if(memcmp(protocal,"GNGGA",5) == 0){
                     nmea41_Resolve_GGA(protocal,protocal_len);
                  }else if(memcmp(protocal,"GPGSV",5) == 0){
                     nmea41_Resolve_GPGSV(protocal,protocal_len);
                              }else if(memcmp(protocal,"BDGSV",5) == 0){
                     nmea41_Resolve_BDGSV(protocal,protocal_len);
                              }else if(memcmp(protocal,"GAGSV",5) == 0){
                     nmea41_Resolve_GAGSV(protocal,protocal_len);
                              }else if(memcmp(protocal,"GNRMC",5) == 0){
              //       printf("WWWWW   %s\r\n",protocal);
                  }
              //              else if(memcmp(protocal,"GN",2) == 0){
              //       printf("GN   %s\r\n",protocal);
              //    }
              //              else if(memcmp(protocal,"GP",2) == 0){
              //       printf("GP   %s\r\n",protocal);
              //    }
              //              else if(memcmp(protocal,"BD",2) == 0){
              //       printf("BD   %s\r\n",protocal);
              //    }
                      if (autoDrive_State > 3)
C51 COMPILER V9.52.0.0   NMEA41_PROTOCAL                                                   04/17/2026 09:18:01 PAGE 2   

                              printf("autodrive error!!! value = %bd\r\n",autoDrive_State);
              }
              
              void nmea41_Resolve_VTG(uint8_t *protocal,uint16_t protocal_len){
                  // $GPVTG,284.53,T,,M,2.440,N,4.518,K,A*3F
                  memset((uint8_t *)nmea41_Angel,0,sizeof(nmea41_Angel));
                  if(get_NTime_String_ByChar(protocal,protocal_len, ',' , 1 , (uint8_t *)nmea41_Angel,5) > 0){
              
                  }
                              printf("VTG==%s\r\n",protocal);
                  printf("angel==%s\r\n",nmea41_Angel);
              }
              
              
              void nmea41_Resolve_GGA(uint8_t *protocal,uint16_t protocal_len){
              
                  // $GNGLL,3730.30648,N,12201.69274,E,085447.000,A,A*4D   1  3
                  // $GPGGA,073904.00,3728.97217,N,12202.31424,E,1,05,2.92,4.3,M,8.2,M,,*63
                  memset((uint8_t *)nmea41_WeiDu,0,sizeof(nmea41_WeiDu));
                  memset((uint8_t *)nmea41_JingDu,0,sizeof(nmea41_JingDu));
                  // printf("gps");
                  // uprintf_array(protocal,protocal_len);
                  if(get_NTime_String_ByChar(protocal,protocal_len, ',' , 2, (uint8_t *)nmea41_WeiDu,12) > 0
                  &&get_NTime_String_ByChar(protocal,protocal_len, ',' , 4 , (uint8_t *)nmea41_JingDu,12) > 0){
                      GPS_Position_Set_Position_Refresh_Flag(TRUE);
              
                  }
              
              //   printf("WeiDu==%s,JingDu==%s\r\n",nmea41_WeiDu,nmea41_JingDu);
              }
              
              void nmea41_Resolve_GPGSV(uint8_t *protocal,uint16_t protocal_len){
                  // $GPGSV,3,1,10,04,03,033,,05,35,251,39,06,50,077,42,07,03,099,*73
                  memset((uint8_t *)nmea41_GPGSV_NUM,0,sizeof(nmea41_GPGSV_NUM));
                  if(get_NTime_String_ByChar(protocal,protocal_len, ',' , 3, (uint8_t *)nmea41_GPGSV_NUM,3) > 0){
                      
                  }
              //      printf("gpgsv==%s\r\n",nmea41_GPGSV_NUM);
              }
              void nmea41_Resolve_BDGSV(uint8_t *protocal,uint16_t protocal_len){
                  // $GPGSV,3,1,10,04,03,033,,05,35,251,39,06,50,077,42,07,03,099,*73
                  memset((uint8_t *)nmea41_BDGSV_NUM,0,sizeof(nmea41_BDGSV_NUM));
                  if(get_NTime_String_ByChar(protocal,protocal_len, ',' , 3, (uint8_t *)nmea41_BDGSV_NUM,3) > 0){
                      
                  }
              //      printf("bdgsv==%s\r\n",nmea41_BDGSV_NUM);
              }
              void nmea41_Resolve_GAGSV(uint8_t *protocal,uint16_t protocal_len){
                  // $GPGSV,3,1,10,04,03,033,,05,35,251,39,06,50,077,42,07,03,099,*73
                  memset((uint8_t *)nmea41_GAGSV_NUM,0,sizeof(nmea41_GAGSV_NUM));
                  if(get_NTime_String_ByChar(protocal,protocal_len, ',' , 3, (uint8_t *)nmea41_GAGSV_NUM,3) > 0){
                      
                  }
              //      printf("gagsv==%s\r\n",nmea41_GAGSV_NUM);
              }
              uint8_t nmea41_Get_GPS_Num(void){
                  uint16_t num = 0;
                              uint8_t num1 = 0;
                              uint8_t num2 = 0;
                              uint8_t num3 = 0;
                  if(strlen((uint8_t *)nmea41_GPGSV_NUM)>0){
                      num1 = atoi((uint8_t *)nmea41_GPGSV_NUM);
C51 COMPILER V9.52.0.0   NMEA41_PROTOCAL                                                   04/17/2026 09:18:01 PAGE 3   

                                              
                  }
                              else
                                      num1 = 0;
                      
                              if(strlen((uint8_t *)nmea41_BDGSV_NUM)>0){
                      num2 = atoi((uint8_t *)nmea41_BDGSV_NUM);
                                              
                  }
                              else
                                      num2 = 0;
              
                              if(strlen((uint8_t *)nmea41_GAGSV_NUM)>0){
                      num3 = atoi((uint8_t *)nmea41_GAGSV_NUM);
                  }
                              else
                                      num3 = 0;
                              if(num1>num2)
                                      num = num1;
                              else
                                      num = num2;
              //              num = num1 +num2 +num3;
              //              printf("num==%hu\r\n",num);
                              if(num >24)
                                      num = 24;
                  return (uint8_t)num;
                                  
              }
              #elif           defined(GPS_DK2_RMC)
 144          uint16_t nmea41_Angel = 0;
 145          uint8_t nmea41_GNGGA_NUM[2 + 1] = {0};
 146          
 147          uint8_t nmea41_GNRMC_STATUS[1 + 1] = {0};
 148          uint8_t nmea41_GNRMC_TIME[10 + 1] = {0};
 149          uint8_t nmea41_GNGSA_NUM = 0;
 150          
 151          // gps angel
 152          static uint16_t  angle_buf[GPS_DATA_MAX_PERS] = {0};
 153          static uint8_t angle_cnt = 0;
 154          static uint8_t last_time_stamp[10+1] = {0};
 155          // remove max min cal average
 156          /*
 157          static uint16_t calc_avg_remove_max_min(uint16_t *buf, uint8_t cnt)
 158          {
 159                          uint16_t sum = 0;
 160                          uint16_t min = buf[0], max = buf[0];
 161                          uint8_t  i = 0;
 162              if (cnt == 0) return 65535;
 163              if (cnt <= 2) {
 164                  for (i = 0; i < cnt; i++) sum += buf[i];
 165                  return sum / cnt;
 166              }
 167          
 168              for (i = 0; i < cnt; i++) {
 169                  sum += buf[i];
 170                  if (buf[i] < min) min = buf[i];
 171                  if (buf[i] > max) max = buf[i];
 172              }
 173          
 174              sum -= min;
 175              sum -= max;
 176              return sum / (cnt - 2);
C51 COMPILER V9.52.0.0   NMEA41_PROTOCAL                                                   04/17/2026 09:18:01 PAGE 4   

 177          }
 178          */
 179          // clear 
 180          static void angle_buf_clear(void)
 181          {
 182   1          angle_cnt = 0;
 183   1          memset(angle_buf, 0, sizeof(angle_buf));
 184   1      }
 185          
 186          void nmea41_protocal_Resolve_Handle(uint8_t *data_m,uint16_t length){
 187   1          uint8_t *protocal = NULL;
 188   1          uint16_t protocal_len = length - 1;
 189   1      
 190   1          protocal = data_m + 1; //remove "$"
 191   1      
 192   1          if(memcmp(protocal,"GNRMC",5) == 0){
 193   2              nmea41_Resolve_RMC(protocal,protocal_len);
 194   2          }else if(memcmp(protocal,"GNGGA",5) == 0){
 195   2                                      nmea41_GNGSA_NUM = 0;
 196   2             nmea41_Resolve_GNGGA(protocal,protocal_len);
 197   2                      }
 198   1                      else if(memcmp(protocal,"GNGSA",5) == 0){
 199   2             nmea41_Resolve_GNGSA(protocal,protocal_len);
 200   2                      }
 201   1                      else
 202   1                      {
 203   2      //                      printf("nmea41_protocal_Resolve_Handle   %s\r\n",protocal);
 204   2                      }
 205   1      //              
 206   1      
 207   1              if (autoDrive_State > 3)
 208   1                      printf("autodrive error!!! value = %bd\r\n",autoDrive_State);
 209   1      }
 210          
 211          void nmea41_Resolve_RMC(uint8_t *protocal,uint16_t protocal_len){
 212   1          // $GNRMC,054456.00,A,3724.2182068,N,12156.4607500,E,0.07,1.84,030326,,,D,V*33
 213   1              
 214   1                      uint8_t curr_time[10+1] = {0};
 215   1                      uint16_t curr_angle = 0;
 216   1                      uint8_t angle_str[12+1] = {0};
 217   1      
 218   1      //    memset((uint8_t *)nmea41_Angel,0,sizeof(nmea41_Angel));   
 219   1      
 220   1                      memset((uint8_t *)nmea41_GNRMC_STATUS,0,sizeof(nmea41_GNRMC_STATUS));
 221   1      //              printf("Compass now angel=%u\r\n",(3600-nowAveAngel));
 222   1                              if(get_NTime_String_ByChar(protocal,protocal_len, ',' , 1 , (uint8_t *)curr_time,6) <= 0){
 223   2                              //      printf("time err\r\n");
 224   2              return;
 225   2                              }
 226   1      //                      printf("get gps time==%s\r\n",nmea41_GNRMC_TIME);
 227   1                              
 228   1                      if(get_NTime_String_ByChar(protocal,protocal_len, ',' , 2 , (uint8_t *)nmea41_GNRMC_STATUS,1) > 0){
 229   2                              
 230   2                              if(memcmp(nmea41_GNRMC_STATUS,"V",1) == 0)
 231   2                              {
 232   3                                      printf("GPS-RMC data disable!!!   %s\r\n",protocal);
 233   3                                      return;
 234   3                              }
 235   2          }
 236   1                      else
 237   1                      {
 238   2                              printf("GPS-RMC data NULL!!!   %s\r\n",protocal);
C51 COMPILER V9.52.0.0   NMEA41_PROTOCAL                                                   04/17/2026 09:18:01 PAGE 5   

 239   2                              return;
 240   2                      }
 241   1                      /*
 242   1          if(get_NTime_String_ByChar(protocal,protocal_len, ',' , 8 , (uint8_t *)angle_str,5) > 0){
 243   1                              
 244   1                              curr_angle  = atoi((uint8_t *)angle_str);
 245   1          }
 246   1                      else
 247   1                      {
 248   1                               curr_angle = 65535;
 249   1                      }
 250   1      */
 251   1                      if (memcmp(curr_time, last_time_stamp, 6) != 0) {
 252   2      //                              nmea41_Angel = calc_avg_remove_max_min(angle_buf, angle_cnt);
 253   2                                if(get_NTime_String_ByChar(protocal,protocal_len, ',' , 8 , (uint8_t *)angle_str,5) > 0){
 254   3                              
 255   3                                              nmea41_Angel  = atoi((uint8_t *)angle_str);
 256   3                                      }
 257   2                                      else
 258   2                                      {
 259   3                                              nmea41_Angel = 65535;
 260   3                                      }
 261   2                              
 262   2                                memset((uint8_t *)nmea41_WeiDu,0,sizeof(nmea41_WeiDu));
 263   2                                      memset((uint8_t *)nmea41_JingDu,0,sizeof(nmea41_JingDu));
 264   2      
 265   2                                      if(get_NTime_String_ByChar(protocal,protocal_len, ',' , 3, (uint8_t *)nmea41_WeiDu,12) > 0
 266   2                                      &&get_NTime_String_ByChar(protocal,protocal_len, ',' , 5 , (uint8_t *)nmea41_JingDu,12) > 0){
 267   3                                              GPS_Position_Set_Position_Refresh_Flag(TRUE);
 268   3                                              
 269   3                                      }
 270   2                                      memcpy(last_time_stamp, curr_time, 6);
 271   2                                      angle_buf_clear();
 272   2                                      printf("angel==%hu,WeiDu==%s,JingDu==%s\r\n",nmea41_Angel,nmea41_WeiDu,nmea41_JingDu);
 273   2      
 274   2                      }       
 275   1                      if ((angle_cnt < GPS_DATA_MAX_PERS)&&(curr_angle>=0)&&((curr_angle<=360))) {
 276   2              angle_buf[angle_cnt++] = curr_angle;
 277   2          }
 278   1      
 279   1                      
 280   1      //              printf("angel==%s,WeiDu==%s,JingDu==%s\r\n",nmea41_Angel,nmea41_WeiDu,nmea41_JingDu);
 281   1                      printf("GPS-RMC   %s\r\n",protocal);
 282   1      
 283   1      }
 284          void nmea41_Resolve_GNGSA(uint8_t *protocal,uint16_t protocal_len){
 285   1          // $GNGSA,A,3,02,0c,06,14,17,19,22,30,194,195,199,,0.9,0.6,0.7,1*06
 286   1                      uint8_t i;
 287   1                      uint8_t nmea41_GPGSV_NUM[3 + 1] = {0};
 288   1                      nmea41_GNGSA_NUM = 0;
 289   1                      for(i = 0;i<12;i++)
 290   1                      {
 291   2                              if(get_NTime_String_ByChar(protocal,protocal_len, ',' , (3+i), (uint8_t *)nmea41_GPGSV_NUM,3) > 0){
 292   3              
 293   3                              }
 294   2                              else
 295   2                              {
 296   3                                      return;
 297   3                              }
 298   2                      }
 299   1                      nmea41_GNGSA_NUM = i;
 300   1              
C51 COMPILER V9.52.0.0   NMEA41_PROTOCAL                                                   04/17/2026 09:18:01 PAGE 6   

 301   1      //              printf("GPS-GNGSA   %s\r\n",protocal);
 302   1      }
 303          void nmea41_Resolve_GNGGA(uint8_t *protocal,uint16_t protocal_len){
 304   1          // $GPGSV,3,1,10,04,03,033,,05,35,251,39,06,50,077,42,07,03,099,*73
 305   1          memset((uint8_t *)nmea41_GNGGA_NUM,0,sizeof(nmea41_GNGGA_NUM));
 306   1          if(get_NTime_String_ByChar(protocal,protocal_len, ',' , 7, (uint8_t *)nmea41_GNGGA_NUM,2) > 0){
 307   2              
 308   2          }
 309   1      //      printf("GPS-gngga==%s\r\n",nmea41_GNGGA_NUM);
 310   1      }
 311          
 312          uint8_t nmea41_Get_GPS_Num(void){
 313   1          uint8_t num = 0;
 314   1      //              if(memcmp(nmea41_GNRMC_STATUS,"V",1) == 0)
 315   1      //              {
 316   1      //                              printf("GPS-RMC data disable---V!!! \r\n");
 317   1      //                              return 0;
 318   1      //              }
 319   1                      if(nmea41_GNGSA_NUM>0)
 320   1                      {
 321   2                              printf("GPS-nmea41_GNGSA_NUM==%bd\r\n",nmea41_GNGSA_NUM);
 322   2                              return nmea41_GNGSA_NUM;
 323   2                      }
 324   1          if(strlen((uint8_t *)nmea41_GNGGA_NUM)>0){
 325   2              num = atoi((uint8_t *)nmea41_GNGGA_NUM);
 326   2                                      
 327   2          }
 328   1                      else
 329   1                              num = 0;
 330   1      //              printf("GPS-nmea41_Get_GPS_num==%bd\r\n",num);
 331   1                      if(num >24)
 332   1                              num = 24;
 333   1          return num;
 334   1                          
 335   1      }
 336          void nmea41_print_Angel_Time(void){
 337   1         
 338   1      //  printf("GPS-nowAngelstring get time =%s\r\n",nmea41_GNRMC_TIME);
 339   1      }
 340          #else
              uint8_t nmea41_GSV_NUM[3 + 1] = {0};
              uint8_t nmea41_Angel[12 + 1] = {0};
              void nmea41_protocal_Resolve_Handle(uint8_t *data_m,uint16_t length){
                  uint8_t *protocal = NULL;
                  uint16_t protocal_len = length - 3;
              
                  protocal = data_m + 3; //remove "gp"
              
                  if(memcmp(protocal,"VTG",3) == 0){
                      nmea41_Resolve_VTG(protocal,protocal_len);
                  }else if(memcmp(protocal,"GGA",3) == 0){
                     nmea41_Resolve_GGA(protocal,protocal_len);
                  }else if(memcmp(protocal,"GSV",3) == 0){
                     nmea41_Resolve_GSV(protocal,protocal_len);
                  }
                      if (autoDrive_State > 3)
                              printf("autodrive error!!! value = %bd\r\n",autoDrive_State);
              }
              
              void nmea41_Resolve_VTG(uint8_t *protocal,uint16_t protocal_len){
                  // $GPVTG,284.53,T,,M,2.440,N,4.518,K,A*3F
                  memset((uint8_t *)nmea41_Angel,0,sizeof(nmea41_Angel));
C51 COMPILER V9.52.0.0   NMEA41_PROTOCAL                                                   04/17/2026 09:18:01 PAGE 7   

                  if(get_NTime_String_ByChar(protocal,protocal_len, ',' , 1 , (uint8_t *)nmea41_Angel,5) > 0){
              
                  }
                              printf("Compass now angel=%u\r\n",(3600-nowAveAngel));
                  printf("angel==%s\r\n",nmea41_Angel);
              }
              
              
              void nmea41_Resolve_GGA(uint8_t *protocal,uint16_t protocal_len){
              
                  // $GNGLL,3730.30648,N,12201.69274,E,085447.000,A,A*4D   1  3
                  // $GPGGA,073904.00,3728.97217,N,12202.31424,E,1,05,2.92,4.3,M,8.2,M,,*63
                  memset((uint8_t *)nmea41_WeiDu,0,sizeof(nmea41_WeiDu));
                  memset((uint8_t *)nmea41_JingDu,0,sizeof(nmea41_JingDu));
                  // printf("gps");
                  // uprintf_array(protocal,protocal_len);
                  if(get_NTime_String_ByChar(protocal,protocal_len, ',' , 2, (uint8_t *)nmea41_WeiDu,12) > 0
                  &&get_NTime_String_ByChar(protocal,protocal_len, ',' , 4 , (uint8_t *)nmea41_JingDu,12) > 0){
                      GPS_Position_Set_Position_Refresh_Flag(TRUE);
              
                  }
                              printf("GPS-GGA   %s\r\n",protocal);
              //    printf("WeiDu==%s,JingDu==%s\r\n",nmea41_WeiDu,nmea41_JingDu);
              }
              
              void nmea41_Resolve_GSV(uint8_t *protocal,uint16_t protocal_len){
                  // $GPGSV,3,1,10,04,03,033,,05,35,251,39,06,50,077,42,07,03,099,*73
                  memset((uint8_t *)nmea41_GSV_NUM,0,sizeof(nmea41_GSV_NUM));
                  if(get_NTime_String_ByChar(protocal,protocal_len, ',' , 3, (uint8_t *)nmea41_GSV_NUM,3) > 0){
                      
                  }
              //      printf("gsv==%s\r\n",nmea41_GSV_NUM);
              }
              
              uint8_t nmea41_Get_GPS_Num(void){
                  uint8_t num = 0;
                  if(strlen((uint8_t *)nmea41_GSV_NUM)>0){
                      num = atoi((uint8_t *)nmea41_GSV_NUM);
                      return num;
                  }else{
                      return 0;
                  }
              }
              #endif
 407          
 408              // char *str = "12201.69274";
 409              // char *rightString = strstr(str,".")+1;
 410              // uint16_t left = atoi(str);
 411              // uint32_t right = atoi(rightString);
 412          
 413          uint16_t nmea41_Get_WeiDu1(void){
 414   1          uint16_t weidu1 = 0;
 415   1          if(strlen((uint8_t *)nmea41_WeiDu)>0){
 416   2              weidu1 = atoi((uint8_t *)nmea41_WeiDu);
 417   2              return weidu1;
 418   2          }else{
 419   2              return 0;
 420   2          }
 421   1      }
 422          
 423          uint16_t nmea41_Get_WeiDu2(void){
 424   1          uint32_t weidu2 = 0;
C51 COMPILER V9.52.0.0   NMEA41_PROTOCAL                                                   04/17/2026 09:18:01 PAGE 8   

 425   1          uint32_t weidu_seconds = 0;
 426   1          char *rightString = NULL;
 427   1          if(strlen((uint8_t *)nmea41_WeiDu)>0){
 428   2              rightString = strstr((uint8_t *)nmea41_WeiDu,".")+1;
 429   2                      if (rightString == NULL)
 430   2                              return 0;
 431   2                      if (strlen(rightString) > 4)
 432   2                              rightString[4] = 0;
 433   2              
 434   2              weidu2 = atoi(rightString);
 435   2              #if 0
                      weidu_seconds = weidu2*6/10;
                      weidu2 = (uint16_t)weidu_seconds;
                      #endif
 439   2              return (uint16_t)weidu2;
 440   2          }else{
 441   2              return 0;
 442   2          }
 443   1      }
 444          
 445          uint16_t nmea41_Get_JingDu1(void){
 446   1          uint16_t jingdu1 = 0;
 447   1          if(strlen((uint8_t *)nmea41_JingDu)>0){
 448   2              jingdu1 = atoi((uint8_t *)nmea41_JingDu);
 449   2              return jingdu1;
 450   2          }else{
 451   2              return 0;
 452   2          }
 453   1      }
 454          
 455          uint16_t nmea41_Get_JingDu2(void){
 456   1          uint32_t jingdu2 = 0;
 457   1          uint32_t jingdu_seconds = 0;
 458   1          char *rightString = NULL;
 459   1          if(strlen((uint8_t *)nmea41_JingDu)>0){
 460   2              rightString = strstr((uint8_t *)nmea41_JingDu,".")+1;
 461   2      
 462   2                      if (rightString == NULL)
 463   2                              return 0;
 464   2                      if (strlen(rightString) > 4)
 465   2                              rightString[4] = 0;
 466   2              
 467   2              jingdu2 = atoi(rightString);
 468   2                      #if 0
                      //jingdu_seconds = jingdu2*6/10;
                      //jingdu2 = (uint16_t)jingdu_seconds;
                              #endif
 472   2              // printf("jingdu2==%hu\r\n",  (uint16_t)jingdu2);
 473   2              return  (uint16_t)jingdu2;
 474   2          }else{
 475   2              return 0;
 476   2          }
 477   1      }
 478          
 479          
 480          #if             defined(GPS_DK2_RMC)
 481          uint16_t nmea41_Get_Angel(void){
 482   1              return nmea41_Angel;
 483   1      }
 484          #else
              uint16_t nmea41_Get_Angel(void){
                  uint16_t angel = 0;
C51 COMPILER V9.52.0.0   NMEA41_PROTOCAL                                                   04/17/2026 09:18:01 PAGE 9   

                  if(strlen((uint8_t *)nmea41_Angel)>0){
                      // angel = atof((uint8_t *)&nmea41_Angel);
                      angel = atoi((uint8_t *)nmea41_Angel);
              //        printf("GPS-nowAngelstring=%s,%hu\r\n",nmea41_Angel,angel);
                      return angel;
                  }else{
                      return 65535;
                  }
              }
              #endif
 497          
 498          
 499          uint8_t nmea41_Get_EW(void){
 500   1          return 'E';
 501   1      }
 502          
 503          uint8_t nmea41_Get_NS(void){
 504   1          return 'W';
 505   1      }
 506          
 507          void GPS_Position_Set_Position_Refresh_Flag(uint8_t flag){
 508   1          Position_Refresh_Flag = flag;
 509   1      }
 510          
 511          uint8_t GPS_Position_Get_Position_Refresh_Flag(void){
 512   1          return Position_Refresh_Flag;
 513   1      }


MODULE INFORMATION:   STATIC OVERLAYABLE
   CODE SIZE        =   1728    ----
   CONSTANT SIZE    =    219    ----
   XDATA SIZE       =     78      81
   PDATA SIZE       =   ----    ----
   DATA SIZE        =   ----    ----
   IDATA SIZE       =   ----    ----
   BIT SIZE         =   ----    ----
END OF MODULE INFORMATION.


C51 COMPILATION COMPLETE.  0 WARNING(S),  0 ERROR(S)
