C51 COMPILER V9.52.0.0   POWER_ADC                                                         04/17/2026 09:18:02 PAGE 1   


C51 COMPILER V9.52.0.0, COMPILATION OF MODULE POWER_ADC
OBJECT MODULE PLACED IN .\Objects\power_Adc.obj
COMPILER INVOKED BY: E:\Keil_v5\C51\BIN\C51.EXE App\ADC\power_Adc.c LARGE BROWSE INCDIR(.\Driver\Inc;.\App\Config;.\App\
                    -DcMotor;.\App\Led;.\App\Timer;.\App\Interrupt;.\App\PWM;.\App\Utils;.\App\Wireless\LT8920;.\App\Wireless;.\App\Gyro;.\Ap
                    -p\Gps;.\App\AutoDrive;.\App\ADC;.\App\eeprom;.\App\compass) DEFINE(HW_V16,MID_SHIP,MAG_QMC_6309,GPS_DK2_RMC) DEBUG OBJEC
                    -TEXTEND PRINT(.\Listings\power_Adc.lst) OBJECT(.\Objects\power_Adc.obj)

line level    source

   1          #include "power_Adc.h"
   2          #include "STC8G_H_ADC.h"
   3          
   4          uint8_t power_Level = POWER_LEVEL_0;
   5          
   6          void Power_Gpio_Init(void){
   7   1          GPIO_InitTypeDef    GPIO_InitStructure;        
   8   1              GPIO_InitStructure.Pin  = GPIO_Pin_1;
   9   1              GPIO_InitStructure.Mode = GPIO_HighZ;//GPIO_OUT_PP;         
  10   1              GPIO_Inilize(GPIO_P0,&GPIO_InitStructure);
  11   1      }
  12          
  13          uint16_t Power_ADC_Read(void){
  14   1          return Get_ADCResult(ADC_CH9);
  15   1      }
  16          
  17          uint8_t Power_ADC_Get_Level(void){
  18   1              return power_Level;
  19   1      }
  20          
  21          //6.92     1465-1483
  22          // 7.48     1549
  23          // 7.58     1570
  24          // 7.6V    1616
  25          // 7.8V         1680
  26          // 8.3v      1772
  27          void Power_Check_Handle(void){
  28   1              static uint8_t powerCheckTimes = 0;
  29   1              uint16_t batVolt = 0;
  30   1              if(powerCheckTimes < 100){
  31   2                      powerCheckTimes ++;
  32   2                      return;
  33   2              }
  34   1              powerCheckTimes = 0;
  35   1              batVolt = Power_ADC_Read();
  36   1              
  37   1              if(batVolt >= BATT_VOLT_FULL){
  38   2                      // 2.9
  39   2                      power_Level = POWER_LEVEL_4;
  40   2              }else if(batVolt >= BATT_VOLT_LEVEL3){
  41   2                      // 2.5
  42   2                      power_Level = POWER_LEVEL_3;
  43   2              }else if(batVolt >= BATT_VOLT_LEVEL2){
  44   2                      // 2.3
  45   2                      power_Level = POWER_LEVEL_2;
  46   2              }else if(batVolt >= BATT_VOLT_LEVEL1){
  47   2                      // 2.0
  48   2                      power_Level = POWER_LEVEL_1;
  49   2              }else {
  50   2                      power_Level = POWER_LEVEL_0;
  51   2              }
  52   1      //      printf("power Adc==%u\r\n",batVolt);
C51 COMPILER V9.52.0.0   POWER_ADC                                                         04/17/2026 09:18:02 PAGE 2   

  53   1      
  54   1      }
  55          
  56          


MODULE INFORMATION:   STATIC OVERLAYABLE
   CODE SIZE        =    127    ----
   CONSTANT SIZE    =   ----    ----
   XDATA SIZE       =      2       2
   PDATA SIZE       =   ----    ----
   DATA SIZE        =   ----    ----
   IDATA SIZE       =   ----    ----
   BIT SIZE         =   ----    ----
END OF MODULE INFORMATION.


C51 COMPILATION COMPLETE.  0 WARNING(S),  0 ERROR(S)
