C51 COMPILER V9.52.0.0   PWM_SPEED                                                         04/17/2026 09:18:00 PAGE 1   


C51 COMPILER V9.52.0.0, COMPILATION OF MODULE PWM_SPEED
OBJECT MODULE PLACED IN .\Objects\pwm_Speed.obj
COMPILER INVOKED BY: E:\Keil_v5\C51\BIN\C51.EXE App\PWM\pwm_Speed.c LARGE BROWSE INCDIR(.\Driver\Inc;.\App\Config;.\App\
                    -DcMotor;.\App\Led;.\App\Timer;.\App\Interrupt;.\App\PWM;.\App\Utils;.\App\Wireless\LT8920;.\App\Wireless;.\App\Gyro;.\Ap
                    -p\Gps;.\App\AutoDrive;.\App\ADC;.\App\eeprom;.\App\compass) DEFINE(HW_V16,MID_SHIP,MAG_QMC_6309,GPS_DK2_RMC) DEBUG OBJEC
                    -TEXTEND PRINT(.\Listings\pwm_Speed.lst) OBJECT(.\Objects\pwm_Speed.obj)

line level    source

   1          #include "pwm_Speed.h"
   2          #include "pwm.h"
   3          #include "wirelessProtocal.h"
   4          #include "compass.h"
   5          #include "qmc5833.h"
   6          #include "timer.h"
   7          #include "eeprom.h"
   8          
   9          
  10          PWM_DUAL_MOTOR_TURN  idata pwmTurnAdjust = {0};
  11          
  12          uint8_t idata nowPwmAccelerator = 0;
  13          uint8_t idata correct_speed_gain;
  14          uint8_t idata adjust_angel_offet;                       //调整的角度
  15          
  16          int16_t idata nowAveAngel =  0,startAveAngel = 0;
  17          
  18          uint16_t idata AdjustAngelTimes = 0;
  19          uint8_t idata average_angel_cnt = 0;
  20          uint8_t idata adjust_ok_cnt = 0;
  21          uint8_t idata register_angel_delay = 0;
  22          
  23          
  24          int16_t idata angel_cache[3];
  25          int16_t idata last_angel_offset = 0;
  26          uint16_t xdata correct_speed_tick;
  27          
  28          bit s_angel_is_left = 0;
  29          bit s_angel_dir_last = 0;
  30          bit s_angel_offset_chng;
  31          bit s_angel_first_check;
  32          
  33          
  34          
  35          
  36          #ifdef          BOARD_12V
              #define                 RIGHT_DEFAULT_GAIN                      30
              #define                 LEFT_DEFAULT_GAIN                       30
              #define                 SPEED_GAIN_MIN                          24
              
              uint8_t code ANGEL_OFFSET_TAB[] = {3,4,6,7,8};
              
              #elif   defined(MID_SHIP)
  44          #define                 RIGHT_DEFAULT_GAIN                      27
  45          #define                 LEFT_DEFAULT_GAIN                       29
  46          #define                 SPEED_GAIN_MIN                          16
  47          
  48          //uint8_t code ANGEL_OFFSET_TAB[] = {7,13,18,23,28};
  49          uint8_t code ANGEL_OFFSET_TAB[] = {3,4,6,7,8};
  50          
  51          #elif           defined(BIG_SHIP)
              #define                 RIGHT_DEFAULT_GAIN                      27
C51 COMPILER V9.52.0.0   PWM_SPEED                                                         04/17/2026 09:18:00 PAGE 2   

              #define                 LEFT_DEFAULT_GAIN                       29
              #define                 SPEED_GAIN_MIN                          16
              
              uint8_t code ANGEL_OFFSET_TAB[] = {3,4,6,9,10};
              
              #else
              #define                 RIGHT_DEFAULT_GAIN                      21
              #define                 LEFT_DEFAULT_GAIN                       24
              
              #define                 SPEED_GAIN_MIN                          12
              uint8_t code ANGEL_OFFSET_TAB[] = {3,4,6,9,10};
              #endif
  65          
  66          #define                 LEFT_DIVIDE_MAX                         35
  67          
  68          #define                 LEFT_DIVIDE_NORMAL                      30
  69          
  70          
  71          int16_t Compass_Get_Azimuth(void);
  72          
  73          
  74          void Pwm_Speed_Init(void){
  75   1          
  76   1          pwmTurnAdjust.turnTimes = 0;
  77   1              pwmTurnAdjust.is_left = 0;
  78   1              pwmTurnAdjust.speed_gain = RIGHT_DEFAULT_GAIN;
  79   1              pwmTurnAdjust.speed_divid = LEFT_DIVIDE_NORMAL;
  80   1              correct_speed_gain = 0;
  81   1              correct_speed_tick = 0;
  82   1              register_angel_delay = 0;
  83   1              s_angel_offset_chng = 0;
  84   1      }
  85          
  86          
  87          void nowPwmAccelerator_Set(uint8_t accelerator){
  88   1          nowPwmAccelerator = accelerator;
  89   1              if (nowPwmAccelerator > 100)
  90   1                      nowPwmAccelerator = 100;
  91   1      }
  92          
  93          uint8_t Pwm_Speed_Get_left(void){
  94   1              #if 0
                  if(!s_angel_is_left){
                      
                      return nowPwmAccelerator;
                  }else
                  {
                      uint16_t speed = nowPwmAccelerator;
                      return (uint8_t)((speed*pwmTurnAdjust.speed_gain)/pwmTurnAdjust.speed_divid);
                  }
                      #else
 104   1              return nowPwmAccelerator;
 105   1              #endif
 106   1      }
 107          
 108          uint8_t Pwm_Speed_Get_right(void){
 109   1              #if 0
                      if(!s_angel_is_left){
                      uint16_t speed = nowPwmAccelerator;
                      return (uint8_t)((speed*pwmTurnAdjust.speed_gain)/pwmTurnAdjust.speed_divid);
                  }else
                      {
C51 COMPILER V9.52.0.0   PWM_SPEED                                                         04/17/2026 09:18:00 PAGE 3   

                      return nowPwmAccelerator;
                  }
                      #else
 118   1              uint16_t speed = nowPwmAccelerator;
 119   1          return (uint8_t)((speed*pwmTurnAdjust.speed_gain)/pwmTurnAdjust.speed_divid);
 120   1              #endif
 121   1      }
 122          
 123          void Pwm_adjust_reset(void){
 124   1          
 125   1              AdjustAngelTimes = 0;
 126   1              last_angel_offset = 0;
 127   1      }
 128          
 129          void comPass_cache_init_angel_delay(void)
 130          {       
 131   1              int n;
 132   1              int16_t angel = 0;
 133   1              
 134   1              AdjustAngelTimes = 0;
 135   1              adjust_ok_cnt = 0;
 136   1              //pwmTurnAdjust.speed_gain = RIGHT_DEFAULT_GAIN;
 137   1              s_angel_dir_last = 0;
 138   1              s_angel_is_left = 0;
 139   1              average_angel_cnt = 0;
 140   1      
 141   1              SysTimer_delay10ms(50);
 142   1              
 143   1              for (n = 0;n < 3;n ++)
 144   1              {       
 145   2                      SysTimer_delay10ms(2);
 146   2                      
 147   2                      Compass_Read_XYZ();
 148   2                      angel = compass_get_angle();
 149   2                      angel_cache[n] = angel;
 150   2              }
 151   1              nowAveAngel = (angel_cache[0] + angel_cache[1] + angel_cache[2])/3;
 152   1              startAveAngel = nowAveAngel;
 153   1      
 154   1              register_angel_delay = 0;
 155   1              adjust_angel_offet = 0;
 156   1      
 157   1              s_angel_first_check = 1;
 158   1              printf("register angel=%u\r\n",startAveAngel);
 159   1      }
 160          
 161          void comPass_cache_init_angel(void)
 162          {       
 163   1              int n;
 164   1              int16_t angel = 0;
 165   1              
 166   1              AdjustAngelTimes = 0;
 167   1              adjust_ok_cnt = 0;
 168   1      
 169   1              SysTimer_delay10ms(15);
 170   1              
 171   1              for (n = 0;n < 3;n ++)
 172   1              {       
 173   2                      SysTimer_delay10ms(2);
 174   2                      
 175   2                      Compass_Read_XYZ();
 176   2                      angel = compass_get_angle();
C51 COMPILER V9.52.0.0   PWM_SPEED                                                         04/17/2026 09:18:00 PAGE 4   

 177   2                      angel_cache[n] = angel;
 178   2              }
 179   1              nowAveAngel = (angel_cache[0] + angel_cache[1] + angel_cache[2])/3;
 180   1              
 181   1              if ((correct_speed_gain > SPEED_GAIN_MIN) && (correct_speed_gain < LEFT_DIVIDE_NORMAL))
 182   1                      pwmTurnAdjust.speed_gain = correct_speed_gain;
 183   1              else
 184   1                      pwmTurnAdjust.speed_gain = RIGHT_DEFAULT_GAIN;
 185   1              s_angel_dir_last = 0;
 186   1              s_angel_is_left = 0;
 187   1              average_angel_cnt = 0;
 188   1              
 189   1              startAveAngel = nowAveAngel;
 190   1      
 191   1              correct_speed_tick = 0;
 192   1              adjust_angel_offet = 0;
 193   1              s_angel_first_check = 1;
 194   1              //register_angel_delay = 25;
 195   1              printf("register angel=%u\r\n",startAveAngel);
 196   1      }
 197          
 198          void Compass_Angel_adjust_Handle(void){
 199   1      
 200   1              int16_t angel = 0;
 201   1              uint16_t angel_abs;
 202   1              uint8 gain_angel = 0;
 203   1              
 204   1              Compass_Read_XYZ();
 205   1      
 206   1              Compass_calib_handle();
 207   1              
 208   1              //angel = (int16_t)Compass_Get_Azimuth();
 209   1              angel = compass_get_angle();
 210   1              #if 1
 211   1              if (average_angel_cnt < 3)
 212   1              {       
 213   2                      angel_cache[average_angel_cnt] = angel;
 214   2                      average_angel_cnt ++;
 215   2              }
 216   1              if (average_angel_cnt >= 3)
 217   1              {       
 218   2                      average_angel_cnt = 0;
 219   2                      
 220   2                      angel = (angel_cache[0] + angel_cache[1] + angel_cache[2])/3;
 221   2                      
 222   2                      angel_abs = abs(angel - nowAveAngel);
 223   2                      if (angel_abs > 15)
 224   2                      {       
 225   3                              if (!s_angel_offset_chng)               // 第一次检测到 偏差大 只标记，不处理
 226   3                              {       
 227   4                                      s_angel_offset_chng = 1;
 228   4                                      return ;
 229   4                              }
 230   3                              else    // 连续第二次偏差大  确认 为角度变化大
 231   3                                      s_angel_offset_chng = 0;
 232   3                      }
 233   2                      else
 234   2                      {       
 235   3                              s_angel_offset_chng = 0;
 236   3                      }
 237   2                      nowAveAngel = angel;
 238   2                      
C51 COMPILER V9.52.0.0   PWM_SPEED                                                         04/17/2026 09:18:00 PAGE 5   

 239   2                      //printf("cur angel=%d\r\n",nowAveAngel);
 240   2              }
 241   1              else
 242   1                      return ;
 243   1              #endif
 244   1              #if 0
                      if (register_angel_delay)
                      {       register_angel_delay --;
                              if (register_angel_delay == 0)
                                      startAveAngel = nowAveAngel;
                      }
                      #endif
 251   1              
 252   1          if((lastDirection == DIRECTION_FORWARD) && (nowPwmAccelerator >= 10))
 253   1              {
 254   2                      angel = nowAveAngel - startAveAngel;
 255   2                      angel = angel>0?angel:(angel + 3600);
 256   2                      angel = angel>1800?(angel-3600):angel;
 257   2      
 258   2                      if (!s_angel_first_check)
 259   2                              angel = angel + ANGEL_OFFSET_TAB[nowPwmAccelerator/21];         // 电机运转 对地磁有干扰，纠正偏差
 260   2                      
 261   2                      s_angel_first_check = 1;                // origin 0, modified on 2025-2-17
 262   2                      
 263   2                      angel_abs = abs(angel);
 264   2      
 265   2                      gain_angel = angel_abs/10;
 266   2      
 267   2                      
 268   2                      if (AdjustAngelTimes != 0)
 269   2                      {       
 270   3                              AdjustAngelTimes --;
 271   3      
 272   3                              if(angel > 15){                         // 调整 过程中 已经反向偏航， 重新开始调整
 273   4                                      if (!s_angel_is_left)
 274   4                                      {       
 275   5                                              printf("L *** Dir change A=%d\r\n",angel);
 276   5                                              AdjustAngelTimes = 0;
 277   5                                              return ;
 278   5                                      }
 279   4                              
 280   4                              }else if(angel < -15){
 281   4      
 282   4                                      if (s_angel_is_left)
 283   4                                      {       
 284   5                                              printf("R *** Dir change A=%d\r\n",angel);
 285   5                                              AdjustAngelTimes = 0;
 286   5                                              return ;
 287   5                                      }
 288   4                              }
 289   3      
 290   3                              if (!s_angel_is_left)  //RIGHT
 291   3                              {       if (angel_abs > (last_angel_offset+8))                  // 角度更大了，需要加大调整
 292   4                                      {       
 293   5                                              if (pwmTurnAdjust.speed_gain > 3)
 294   5                                              {       pwmTurnAdjust.speed_gain --;
 295   6                                                      //printf("Left Sub speed=%bd\r\n",pwmTurnAdjust.speed_gain);
 296   6                                              }
 297   5                                      }
 298   4                                      else if (angel_abs < 20)
 299   4                                      {
 300   5                                              //  间隔8*3 = 240ms 调整一次
C51 COMPILER V9.52.0.0   PWM_SPEED                                                         04/17/2026 09:18:00 PAGE 6   

 301   5                                              if ((angel_abs > 12)  && ((AdjustAngelTimes &0x07) == 0) && (AdjustAngelTimes < 18))  // 角度偏差在缩
             -小，减小偏差
 302   5                                              {       
 303   6                                                      if ((pwmTurnAdjust.speed_gain < pwmTurnAdjust.speed_divid) && (adjust_angel_offet > 0))
 304   6                                                      {       
 305   7                                                              pwmTurnAdjust.speed_gain ++;
 306   7                                                              adjust_angel_offet --;
 307   7                                                              //printf("Left Add speed=%bd\r\n",pwmTurnAdjust.speed_gain);
 308   7                                                      }
 309   6                                              }
 310   5                                      }
 311   4                              }
 312   3                              else                                                                            //LEFT
 313   3                              {       
 314   4                                      if (angel_abs > (last_angel_offset+8))                  // 角度更大了，需要加大调整
 315   4                                      {       
 316   5                                              if (pwmTurnAdjust.speed_gain < LEFT_DIVIDE_MAX)
 317   5                                              {       pwmTurnAdjust.speed_gain ++;
 318   6                                                      //printf("Right Add speed=%bd\r\n",pwmTurnAdjust.speed_gain);
 319   6                                              }
 320   5                                      }
 321   4                                      else if (angel_abs < 20)
 322   4                                      {
 323   5                                              //  间隔8*3 = 240ms 调整一次
 324   5                                              if ((angel_abs > 12)  && ((AdjustAngelTimes &0x07) == 0) && (AdjustAngelTimes < 18))  // 角度偏差在缩
             -小，减小偏差
 325   5                                              {       
 326   6                                                      if ((pwmTurnAdjust.speed_gain > 8) && (adjust_angel_offet > 0))
 327   6                                                      {       
 328   7                                                              pwmTurnAdjust.speed_gain --;
 329   7                                                              adjust_angel_offet --;
 330   7                                                              //printf("Right Sub speed=%bd\r\n",pwmTurnAdjust.speed_gain);
 331   7                                                      }
 332   6                                              }
 333   5                                      }
 334   4                              }
 335   3      //                      printf("C *** T=%d,a=%d\r\n",AdjustAngelTimes,angel_abs);       // 2025-1-17
 336   3      //                      printf("C *** Gain=%bd \r\n",pwmTurnAdjust.speed_gain);
 337   3                              
 338   3                              DcMotor_MRight_PWM_Set(TRUE,Pwm_Speed_Get_right());
 339   3                      DcMotor_MLeft_PWM_Set(TRUE,Pwm_Speed_Get_left());
 340   3                      }
 341   2                      else
 342   2                      {       
 343   3                              
 344   3                              if(angel > 15){
 345   4                                      s_angel_is_left = 1;
 346   4      //                              printf("LEFT !!!\r\n");
 347   4                                      
 348   4                              }else if(angel < -15){
 349   4                                      s_angel_is_left = 0;
 350   4      //                              printf("RIGHT !!!\r\n");
 351   4                              }
 352   3      
 353   3                              if (angel_abs < 15)
 354   3                              {       
 355   4                                      correct_speed_tick ++;
 356   4                                      if (correct_speed_tick > 60)                    // 记录 正确的速度
 357   4                                      {       
 358   5                                              correct_speed_tick = 0;
 359   5                                              correct_speed_gain = pwmTurnAdjust.speed_gain;
 360   5      //                                      printf("C *** CORRECT SPEED = %bd\r\n",correct_speed_gain);
C51 COMPILER V9.52.0.0   PWM_SPEED                                                         04/17/2026 09:18:00 PAGE 7   

 361   5                                      }
 362   4                              }
 363   3                              else
 364   3                              {
 365   4                                      if (s_angel_dir_last != s_angel_is_left)                // 左右 偏航方向变化，初始化速度 重新调整
 366   4                                      {       
 367   5                                              if ((correct_speed_gain <= SPEED_GAIN_MIN) || (correct_speed_gain >= LEFT_DIVIDE_MAX))
 368   5                                                      pwmTurnAdjust.speed_gain = s_angel_is_left?LEFT_DEFAULT_GAIN:RIGHT_DEFAULT_GAIN;
 369   5                                              else
 370   5                                              {       
 371   6                                                      pwmTurnAdjust.speed_gain = correct_speed_gain;
 372   6                                                      if (!s_angel_is_left)
 373   6                                                              pwmTurnAdjust.speed_gain -= 2;
 374   6                                                      else
 375   6                                                              pwmTurnAdjust.speed_gain += 2;
 376   6                                              }
 377   5                                      }
 378   4                                      else
 379   4                                      {       
 380   5                                              ;
 381   5                                      }
 382   4                                      correct_speed_tick = 0;
 383   4                                      AdjustAngelTimes = gain_angel*15;               // 根据偏航角度计算 调整时间
 384   4                              }
 385   3                              s_angel_dir_last = s_angel_is_left;
 386   3      
 387   3                              adjust_angel_offet = 0;
 388   3                              
 389   3                              if (!s_angel_is_left)
 390   3                              {       if (angel_abs > 60)
 391   4                                      {       
 392   5                                              if (pwmTurnAdjust.speed_gain > 15)
 393   5                                                      pwmTurnAdjust.speed_gain -= 8;
 394   5                                              else
 395   5                                                      pwmTurnAdjust.speed_gain = 5;
 396   5                                      }
 397   4                                      else if (angel_abs > 30)
 398   4                                      {       
 399   5                                              if (pwmTurnAdjust.speed_gain > 10)
 400   5                                              {       pwmTurnAdjust.speed_gain -= gain_angel;
 401   6                                                      adjust_angel_offet = gain_angel - 1;
 402   6                                              }
 403   5                                              else
 404   5                                                      pwmTurnAdjust.speed_gain = 6;
 405   5                                      }
 406   4                                      else if (angel_abs > 15)
 407   4                                      {       
 408   5                                              if (pwmTurnAdjust.speed_gain > 6)
 409   5                                              {       
 410   6                                                      pwmTurnAdjust.speed_gain -= gain_angel;
 411   6                                                      adjust_angel_offet = gain_angel - 1;
 412   6                                              }
 413   5                                              else
 414   5                                                      pwmTurnAdjust.speed_gain = 5;
 415   5                                      }
 416   4                                      else                                                                                                  
             -                          
 417   4                                              AdjustAngelTimes = 0;
 418   4                                      
 419   4                              }
 420   3                              else
 421   3                              {       
C51 COMPILER V9.52.0.0   PWM_SPEED                                                         04/17/2026 09:18:00 PAGE 8   

 422   4                                      if (angel_abs > 30)
 423   4                                      {       
 424   5                                              if ((pwmTurnAdjust.speed_gain+1) < LEFT_DIVIDE_MAX)
 425   5                                              {       pwmTurnAdjust.speed_gain += 2;
 426   6                                                      adjust_angel_offet = 1;
 427   6                                              }
 428   5                                              else
 429   5                                                      pwmTurnAdjust.speed_gain = LEFT_DIVIDE_MAX;
 430   5                                      }
 431   4                                      else if (angel_abs > 15)
 432   4                                      {       
 433   5                                              if (pwmTurnAdjust.speed_gain < LEFT_DIVIDE_MAX)
 434   5                                                      pwmTurnAdjust.speed_gain += 1;
 435   5                                              else
 436   5                                                      pwmTurnAdjust.speed_gain = LEFT_DIVIDE_MAX;
 437   5                                      }
 438   4                                      else
 439   4                                              AdjustAngelTimes = 0;
 440   4                                      
 441   4                              }
 442   3                              
 443   3                              DcMotor_MRight_PWM_Set(TRUE,Pwm_Speed_Get_right());
 444   3                      DcMotor_MLeft_PWM_Set(TRUE,Pwm_Speed_Get_left());
 445   3      
 446   3      ////                    printf("C ### gain=%bd,speed=%bd\r\n",pwmTurnAdjust.speed_gain,nowPwmAccelerator);
 447   3      //                      printf("C ### na=%d,la=%d\r\n",angel_abs,last_angel_offset);    // 2025-1-17
 448   3                      }
 449   2                      //printf("C *** Gain=%bd %bd %bd\r\n",pwmTurnAdjust.speed_gain,Pwm_Speed_Get_left(),Pwm_Speed_Get_right(
             -));
 450   2                      last_angel_offset = angel_abs;
 451   2      //              printf("@@@ a=%d,%d\r\n",angel,nowAveAngel);
 452   2                      
 453   2                      
 454   2              }
 455   1              else{
 456   2                      
 457   2                      //register_angel_delay ++;
 458   2                      //if (register_angel_delay > 10)
 459   2                      //{     printf("$$ p=%bd m=%bd\r\n",nowPwmAccelerator,lastDirection);
 460   2                      //      register_angel_delay = 0;
 461   2                      //}
 462   2                      AdjustAngelTimes = 0;
 463   2              }
 464   1      }
 465          


MODULE INFORMATION:   STATIC OVERLAYABLE
   CODE SIZE        =   1495    ----
   CONSTANT SIZE    =     73    ----
   XDATA SIZE       =      2      13
   PDATA SIZE       =   ----    ----
   DATA SIZE        =   ----    ----
   IDATA SIZE       =     24    ----
   BIT SIZE         =      4    ----
END OF MODULE INFORMATION.


C51 COMPILATION COMPLETE.  0 WARNING(S),  0 ERROR(S)
