C51 COMPILER V9.52.0.0   PWM_GPIO                                                          04/17/2026 09:18:00 PAGE 1   


C51 COMPILER V9.52.0.0, COMPILATION OF MODULE PWM_GPIO
OBJECT MODULE PLACED IN .\Objects\pwm_Gpio.obj
COMPILER INVOKED BY: E:\Keil_v5\C51\BIN\C51.EXE App\PWM\pwm_Gpio.c LARGE BROWSE INCDIR(.\Driver\Inc;.\App\Config;.\App\D
                    -cMotor;.\App\Led;.\App\Timer;.\App\Interrupt;.\App\PWM;.\App\Utils;.\App\Wireless\LT8920;.\App\Wireless;.\App\Gyro;.\App
                    -\Gps;.\App\AutoDrive;.\App\ADC;.\App\eeprom;.\App\compass) DEFINE(HW_V16,MID_SHIP,MAG_QMC_6309,GPS_DK2_RMC) DEBUG OBJECT
                    -EXTEND PRINT(.\Listings\pwm_Gpio.lst) OBJECT(.\Objects\pwm_Gpio.obj)

line level    source

   1          #include "pwm_Gpio.h"
   2          
   3          void PWM_Gpio_Config(void)
   4          {
   5   1              GPIO_InitTypeDef        GPIO_InitStructure;        
   6   1              GPIO_InitStructure.Pin  = GPIO_Pin_6|GPIO_Pin_7|GPIO_Pin_4|GPIO_Pin_5;
   7   1              GPIO_InitStructure.Mode = GPIO_OUT_PP;         
   8   1              GPIO_Inilize(GPIO_P2,&GPIO_InitStructure);
   9   1      
  10   1              P26 = 0;
  11   1              P27 = 0;
  12   1              P24 = 0;
  13   1              P25 = 0;
  14   1      }
  15          
  16          


MODULE INFORMATION:   STATIC OVERLAYABLE
   CODE SIZE        =     32    ----
   CONSTANT SIZE    =   ----    ----
   XDATA SIZE       =   ----       2
   PDATA SIZE       =   ----    ----
   DATA SIZE        =   ----    ----
   IDATA SIZE       =   ----    ----
   BIT SIZE         =   ----    ----
END OF MODULE INFORMATION.


C51 COMPILATION COMPLETE.  0 WARNING(S),  0 ERROR(S)
