C51 COMPILER V9.52.0.0   QMC5883P                                                          04/17/2026 09:18:02 PAGE 1   


C51 COMPILER V9.52.0.0, COMPILATION OF MODULE QMC5883P
OBJECT MODULE PLACED IN .\Objects\qmc5883p.obj
COMPILER INVOKED BY: E:\Keil_v5\C51\BIN\C51.EXE App\compass\qmc5883p.c LARGE BROWSE INCDIR(.\Driver\Inc;.\App\Config;.\A
                    -pp\DcMotor;.\App\Led;.\App\Timer;.\App\Interrupt;.\App\PWM;.\App\Utils;.\App\Wireless\LT8920;.\App\Wireless;.\App\Gyro;.
                    -\App\Gps;.\App\AutoDrive;.\App\ADC;.\App\eeprom;.\App\compass) DEFINE(HW_V16,MID_SHIP,MAG_QMC_6309,GPS_DK2_RMC) DEBUG OB
                    -JECTEXTEND PRINT(.\Listings\qmc5883p.lst) OBJECT(.\Objects\qmc5883p.obj)

line level    source

   1          /**
   2            ******************************************************************************
   3            * @file    qmc5883p.c
   4            * @author  QST
   5            * @version V1.0
   6            * @date    2021-xx-xx
   7            * @brief    qmc5883pÇý¶¯
   8            *****************************************************************************
   9            */ 
  10          
  11          #include "qmc5883p.h"
  12          #include "STC8G_H_Soft_I2C.h"
  13          #include "timer.h"
  14          
  15          
  16          #ifdef          MAG_QMC_5883P
              
              enum{
                      AXIS_X = 0,
                      AXIS_Y = 1,
                      AXIS_Z = 2,
              
                      AXIS_TOTAL
              };
              
              typedef struct{
                      signed char sign[3];
                      unsigned char map[3];
              } QMC5883P_map;
              
              
              uint8_t idata chipid = 0;
              uint8_t idata mag_addr = QMC5883P_IIC_ADDR;
              
              QMC5883P_map idata c_map;
              extern bit s_mag_init_ok;
              
              
              int8_t qmc5883p_read_block(uint8_t addr, uint8_t *data_m, uint8_t len)
              {
                  SI2C_ReadNbyte(QMC5883P_IIC_ADDR,addr,data_m,len);
                  return 1;
              }
              
              int8_t qmc5883p_write_reg(uint8_t addr, uint8_t data_m)
              {   
                  SI2C_WriteNbyte(QMC5883P_IIC_ADDR,addr,(uint8_t *)&data_m,1);
                  return 1;
              }
              
              
              void qmc5883p_delay(uint8_t ms_cnt)
C51 COMPILER V9.52.0.0   QMC5883P                                                          04/17/2026 09:18:02 PAGE 2   

              {
                      //extern void qst_delay_ms(unsigned int n_ms);
              
                      SysTimer_delayms(ms_cnt + 1);
              }
              
              
              static void qmc5883p_set_layout(int layout)
              {
                      if(layout == 0)
                      {
                              c_map.sign[AXIS_X] = 1;
                              c_map.sign[AXIS_Y] = 1;
                              c_map.sign[AXIS_Z] = 1;
                              c_map.map[AXIS_X] = AXIS_X;
                              c_map.map[AXIS_Y] = AXIS_Y;
                              c_map.map[AXIS_Z] = AXIS_Z;
                      }
                      else if(layout == 1)
                      {
                              c_map.sign[AXIS_X] = -1;
                              c_map.sign[AXIS_Y] = 1;
                              c_map.sign[AXIS_Z] = 1;
                              c_map.map[AXIS_X] = AXIS_Y;
                              c_map.map[AXIS_Y] = AXIS_X;
                              c_map.map[AXIS_Z] = AXIS_Z;
                      }
                      else if(layout == 2)
                      {
                              c_map.sign[AXIS_X] = -1;
                              c_map.sign[AXIS_Y] = -1;
                              c_map.sign[AXIS_Z] = 1;
                              c_map.map[AXIS_X] = AXIS_X;
                              c_map.map[AXIS_Y] = AXIS_Y;
                              c_map.map[AXIS_Z] = AXIS_Z;
                      }
                      else if(layout == 3)
                      {
                              c_map.sign[AXIS_X] = 1;
                              c_map.sign[AXIS_Y] = -1;
                              c_map.sign[AXIS_Z] = 1;
                              c_map.map[AXIS_X] = AXIS_Y;
                              c_map.map[AXIS_Y] = AXIS_X;
                              c_map.map[AXIS_Z] = AXIS_Z;
                      }       
                      else if(layout == 4)
                      {
                              c_map.sign[AXIS_X] = -1;
                              c_map.sign[AXIS_Y] = 1;
                              c_map.sign[AXIS_Z] = -1;
                              c_map.map[AXIS_X] = AXIS_X;
                              c_map.map[AXIS_Y] = AXIS_Y;
                              c_map.map[AXIS_Z] = AXIS_Z;
                      }
                      else if(layout == 5)
                      {
                              c_map.sign[AXIS_X] = 1;
                              c_map.sign[AXIS_Y] = 1;
                              c_map.sign[AXIS_Z] = -1;
                              c_map.map[AXIS_X] = AXIS_Y;
                              c_map.map[AXIS_Y] = AXIS_X;
                              c_map.map[AXIS_Z] = AXIS_Z;
C51 COMPILER V9.52.0.0   QMC5883P                                                          04/17/2026 09:18:02 PAGE 3   

                      }
                      else if(layout == 6)
                      {
                              c_map.sign[AXIS_X] = 1;
                              c_map.sign[AXIS_Y] = -1;
                              c_map.sign[AXIS_Z] = -1;
                              c_map.map[AXIS_X] = AXIS_X;
                              c_map.map[AXIS_Y] = AXIS_Y;
                              c_map.map[AXIS_Z] = AXIS_Z;
                      }
                      else if(layout == 7)
                      {
                              c_map.sign[AXIS_X] = -1;
                              c_map.sign[AXIS_Y] = -1;
                              c_map.sign[AXIS_Z] = -1;
                              c_map.map[AXIS_X] = AXIS_Y;
                              c_map.map[AXIS_Y] = AXIS_X;
                              c_map.map[AXIS_Z] = AXIS_Z;
                      }
                      else            
                      {
                              c_map.sign[AXIS_X] = 1;
                              c_map.sign[AXIS_Y] = 1;
                              c_map.sign[AXIS_Z] = 1;
                              c_map.map[AXIS_X] = AXIS_X;
                              c_map.map[AXIS_Y] = AXIS_Y;
                              c_map.map[AXIS_Z] = AXIS_Z;
                      }
              }
              
              int8_t qmc5883p_get_chipid(void)
              {
                      int8_t ret = 0;
                      int i;  
                unsigned char chipid = 0x00;
              
                      //mag_addr = 0;
                      
                      for(i = 0; i<2; i++)
                      {
                              ret = qmc5883p_read_block(QMC5883P_CHIP_ID_REG, &chipid, 1);
                              if(chipid == 0x80)
                              {       
                                      //ret = qmc5883p_write_reg(0x0a, 0x00); // suspend mode
                                      //printf("MAG read chip id OK slave:0x%bx id:0x%bx\r\n", mag_addr, chipid);
                                      printf("MAG read chip id OK! \r\n");
                                      return 1;
                              }
                              //mag_addr ++;
                      }
              
                      printf("MAG read chip id fail\r\n");
              
                      return 0;
              }
              
              
              unsigned char mag_data[6];
              
              int8_t qmc5883p_read_mag_xyz(short *raw_data)
              {
                      int8_t res;
C51 COMPILER V9.52.0.0   QMC5883P                                                          04/17/2026 09:18:02 PAGE 4   

                      
                      //short hw_d[3] = {0};
                      //short raw_c[3];
              #if 0
                      unsigned char t1 = 0;
                      unsigned char rdy = 0;
              
                      
                      /* Check status register for data availability */
                      
                      while(!(rdy & 0x01) && (t1 < 5))
                      {
                              rdy = QMC5883P_STATUS_REG;
                              res = qmc5883p_read_block(QMC5883P_STATUS_REG, &rdy, 1);
                              t1++;
              
                              //printf("read rdy = %bx\r\n",rdy);
                      }
                      #endif
                      memset(mag_data,0,6);
                      mag_data[0] = QMC5883P_DATA_OUT_X_LSB_REG;
              #if 0
                      for (t1 = 0;t1 < 12;t1 ++)
                      {       
                              qmc5883p_read_block(t1, mag_data, 1);
                              printf("mag reg = %bx\r\n",mag_data[0]);
                      }
                      //qmc5883p_get_chipid();
              #endif
              
                      res = qmc5883p_read_block(QMC5883P_DATA_OUT_X_LSB_REG, mag_data, 6);
                      if(res == 0)
                      {
                              return 0;
                      }
              
                      raw_data[0] = (short)(((mag_data[1]) << 8) | mag_data[0]);
                      raw_data[1] = (short)(((mag_data[3]) << 8) | mag_data[2]);
                      raw_data[2] = (short)(((mag_data[5]) << 8) | mag_data[4]);
              
                      //Unit:mG  1G = 100uT = 1000mG
                      //printf("Hx=%d, Hy=%d, Hz=%d\n",hw_d[0],hw_d[1],hw_d[2]);
                      //raw_c[AXIS_X] = (int)(c_map.sign[AXIS_X]*hw_d[c_map.map[AXIS_X]]);
                      //raw_c[AXIS_Y] = (int)(c_map.sign[AXIS_Y]*hw_d[c_map.map[AXIS_Y]]);
                      //raw_c[AXIS_Z] = (int)(c_map.sign[AXIS_Z]*hw_d[c_map.map[AXIS_Z]]);
                      
                      //printf(" x=%bx %bx\n",mag_data[0],mag_data[1]);
                      //printf("MAG x=%x y=%x\n",raw_data[0],raw_data[1]);
                      
                      return res;
              }
              
              
              #if 0
              /* Set the sensor mode */
              int8_t qmc5883p_set_mode(unsigned char mode)
              {
                      int8_t err = 0;
                      unsigned char ctrl1_value = 0;
                      
                      err = qmc5883p_read_block(QMC5883P_CTL_REG_ONE, &ctrl1_value, 1);
                      ctrl1_value = (ctrl1_value&(~0x03))|mode;
C51 COMPILER V9.52.0.0   QMC5883P                                                          04/17/2026 09:18:02 PAGE 5   

                      printf("QMC5883P_set_mode, 0x0A = [%02x]->[%02x] \r\n", QMC5883P_CTL_REG_ONE,ctrl1_value);
                      err = qmc5883p_write_reg(QMC5883P_CTL_REG_ONE, ctrl1_value);
              
                      return err;
              }
              
              int8_t qmc5883p_set_output_data_rate(unsigned char rate){
                      
                      int8_t err = 0;
                      unsigned char ctrl1_value = 0;
                      
                      err = qmc5883p_read_block(QMC5883P_CTL_REG_ONE, &ctrl1_value, 1);
                      ctrl1_value = (ctrl1_value& (~0xE8)) | (rate << 5);
                      printf("QMC5883P_set_output_data_rate, 0x0A = [%02x]->[%02x] \r\n", QMC5883P_CTL_REG_ONE,ctrl1_value);
                      err = qmc5883p_write_reg(QMC5883P_CTL_REG_ONE, ctrl1_value);
              
                      return err;     
              }
              #endif
              
              
              int8_t qmc5883p_enable(void)
              {
                      //uint8_t ret = 0;
              
                      qmc5883p_write_reg(0x0a, 0x00);
                      qmc5883p_delay(1);
                      qmc5883p_write_reg(0x0d, 0x40);
                      qmc5883p_write_reg(0x29, 0x06);
                      //qmc5883p_write_reg(0x0a, 0x0F);//0XA9=ODR =100HZ 0XA5 = 50HZ
                      qmc5883p_write_reg(0x0b, 0x00); //      RNG=00 30G   SET/RESET ON
                      qmc5883p_write_reg(0x0a, 0xcf);                 //c3   Continuous Mode 11  ODR=200HZ
                      qmc5883p_delay(1);
                      
                      return 1;
              }
              
              
              
              int8_t qmc5883p_init(void)
              {
                      int8_t ret = 0;
                      
                      mag_addr = QMC5883P_IIC_ADDR;
                      ret = qmc5883p_get_chipid();
                      if(ret == 1)
                      {
                              ret = qmc5883p_write_reg(0x0b, 0x80);
                              qmc5883p_delay(5);                              
                              ret = qmc5883p_write_reg(0x0b, 0x00);
                              qmc5883p_delay(5);
                      }
              
                      qmc5883p_set_layout(0);
                      qmc5883p_enable();
                      {
                              unsigned char ctrl_value;
                              qmc5883p_read_block(QMC5883P_CTL_REG_ONE, &ctrl_value, 1);
                              printf("MAG  ctrl1=0x%bx \r\n",  ctrl_value);
              
                              if (ctrl_value == 0xcf)
                              {       
C51 COMPILER V9.52.0.0   QMC5883P                                                          04/17/2026 09:18:02 PAGE 6   

                                      s_mag_init_ok = 1;
                              }
                              qmc5883p_read_block(QMC5883P_CTL_REG_TWO, &ctrl_value, 1);
                              printf("MAG  ctrl2=0x%bx \r\n",  ctrl_value);
                              qmc5883p_read_block(0x0d, &ctrl_value, 1);
                              printf("MAG  ctrl3=0x%bx \r\n", ctrl_value);
                      }
                      return 1;
              }
              
              
              #endif


MODULE INFORMATION:   STATIC OVERLAYABLE
   CODE SIZE        =   ----    ----
   CONSTANT SIZE    =   ----    ----
   XDATA SIZE       =   ----    ----
   PDATA SIZE       =   ----    ----
   DATA SIZE        =   ----    ----
   IDATA SIZE       =   ----    ----
   BIT SIZE         =   ----    ----
END OF MODULE INFORMATION.


C51 COMPILATION COMPLETE.  0 WARNING(S),  0 ERROR(S)
