C51 COMPILER V9.52.0.0   QMC6309                                                           04/17/2026 09:18:02 PAGE 1   


C51 COMPILER V9.52.0.0, COMPILATION OF MODULE QMC6309
OBJECT MODULE PLACED IN .\Objects\qmc6309.obj
COMPILER INVOKED BY: E:\Keil_v5\C51\BIN\C51.EXE App\compass\qmc6309.c LARGE BROWSE INCDIR(.\Driver\Inc;.\App\Config;.\Ap
                    -p\DcMotor;.\App\Led;.\App\Timer;.\App\Interrupt;.\App\PWM;.\App\Utils;.\App\Wireless\LT8920;.\App\Wireless;.\App\Gyro;.\
                    -App\Gps;.\App\AutoDrive;.\App\ADC;.\App\eeprom;.\App\compass) DEFINE(HW_V16,MID_SHIP,MAG_QMC_6309,GPS_DK2_RMC) DEBUG OBJ
                    -ECTEXTEND PRINT(.\Listings\qmc6309.lst) OBJECT(.\Objects\qmc6309.obj)

line level    source

   1          
   2          #include "qmc6309.h"
   3          #include "STC8G_H_Soft_I2C.h"
   4          #include "timer.h"
   5          
   6          #ifdef          MAG_QMC_6309
   7          
   8          qmc6309_data_t idata p_mag;
   9          extern bit s_mag_init_ok;
  10          
  11          
  12          unsigned char code mag_slave[] = {QMC6309_IIC_ADDR,QMC6309H_IIC_ADDR};
  13          //static const unsigned char mag_slave[] = {QMC6309H_IIC_ADDR};
  14          
  15          int8_t qmc6309_read_block(uint8_t addr, uint8_t *data_m, uint8_t len)
  16          {
  17   1          SI2C_ReadNbyte(p_mag.slave_addr,addr,data_m,len);
  18   1          return QMC6309_OK;
  19   1      }
  20          
  21          int8_t qmc6309_write_reg(uint8_t addr, uint8_t data_m)
  22          {   
  23   1          SI2C_WriteNbyte(p_mag.slave_addr,addr,(uint8_t *)&data_m,1);
  24   1          return QMC6309_OK;
  25   1      }
  26          
  27          
  28          void qmc6309_delay(unsigned int ms_cnt)
  29          {
  30   1              //extern void qst_delay_ms(unsigned int n_ms);
  31   1      
  32   1              SysTimer_delayms(ms_cnt);
  33   1      }
  34          
  35          #if 0
              void qmc6309_get_chip_info(unsigned int *info)
              {
                      unsigned char verid = 0;
                      unsigned char ctrl_value[4];
                      
                      qmc6309_read_block(0x37, ctrl_value, 3);
                      qmc6309_read_block(0x12, &verid, 1);
                      info[0] = (unsigned int)(((unsigned int)0x90<<24)|((unsigned int)ctrl_value[0]<<16)|((unsigned int)ctrl_v
             -alue[2]<<8)|((unsigned int)ctrl_value[1]));
                      info[1] = verid;
              }
              #endif
  47          
  48          int8_t qmc6309_get_chipid(void)
  49          {
  50   1              unsigned char chip_id = 0x00;
  51   1              
C51 COMPILER V9.52.0.0   QMC6309                                                           04/17/2026 09:18:02 PAGE 2   

  52   1              qmc6309_read_block(QMC6309_CHIP_ID_REG, &chip_id, 1);
  53   1              
  54   1              if((chip_id == QMC6309_CHIP_ID)||(chip_id == 0xa5))
  55   1              {
  56   2                      QMC6309_LOG("mag2 chipid ok !!!\r\n");
  57   2                      return 1;
  58   2              }
  59   1              else
  60   1              {
  61   2                      QMC6309_LOG("mag2 chipid fail !!!\r\n");
  62   2                      return 0;
  63   2              }
  64   1      }
  65          
  66          #if 0
              void qmc6309_set_range(unsigned char range)
              {
                      QMC6309_LOG("qmc6309_set_range 0x%x\r\n", range);
                      p_mag.ctrl2.bit_reg.range = range;
              
                      switch(p_mag.ctrl2.bit_reg.range)
                      {
                              case QMC6309_RNG_32G:
                                      p_mag.ssvt = 1000;
                                      break;
                              case QMC6309_RNG_16G:
                                      p_mag.ssvt = 2000;
                                      break;
                              case QMC6309_RNG_8G:
                                      p_mag.ssvt = 4000;
                                      break;
                              default:
                                      p_mag.ssvt = 1000;
                                      break;
                      }
              }
              #endif
  89          
  90          int8_t qmc6309_enable(void)
  91          {
  92   1              int8_t ret = 0;
  93   1              int i;
  94   1              unsigned char ctrl_data[2];
  95   1              
  96   1              QMC6309_LOG("mag2 enable!\r\n");
  97   1              
  98   1              //QMC6309_LOG("QMC6309  init!  ctrl2=0x%bx  ctrl1=0x%bx\r\n", p_mag.ctrl2.value,p_mag.ctrl1.value);
  99   1              
 100   1              qmc6309_delay(10);
 101   1              
 102   1              for (i = 0;i < 10;i ++)
 103   1              {       ret = qmc6309_write_reg(QMC6309_CTL_REG_TWO, p_mag.ctrl2.value);
 104   2                      
 105   2                      qmc6309_delay(2);
 106   2                      ret = qmc6309_write_reg(QMC6309_CTL_REG_ONE, p_mag.ctrl1.value);
 107   2                      qmc6309_delay(2);
 108   2      
 109   2                      //qmc6309_get_chipid();
 110   2                      
 111   2                      qmc6309_read_block(QMC6309_CTL_REG_ONE, ctrl_data, 2);
 112   2      
 113   2                      qmc6309_read_block(QMC6309_CTL_REG_TWO, &ctrl_data[1], 1);
C51 COMPILER V9.52.0.0   QMC6309                                                           04/17/2026 09:18:02 PAGE 3   

 114   2                      
 115   2                      QMC6309_LOG("ctrlreg [0x0a=0x%bx 0x0b=0x%bx] \r\n", ctrl_data[0], ctrl_data[1]);
 116   2                      if ((p_mag.ctrl1.value == ctrl_data[0]) && (p_mag.ctrl2.value == ctrl_data[1]))
 117   2                      {       
 118   3                              QMC6309_LOG("mag2 enable succ!!!\r\n");
 119   3                              s_mag_init_ok = 1;
 120   3                              break;
 121   3                      }
 122   2                      else
 123   2                              QMC6309_LOG("mag2 enable fail !!!\r\n");
 124   2              }
 125   1              
 126   1              return ret;
 127   1      }
 128          
 129          #if 1
 130          void qmc6309_disable(void)
 131          {
 132   1              QMC6309_LOG("mag2 disable!\r\n");
 133   1              
 134   1              qmc6309_write_reg(QMC6309_CTL_REG_ONE, 0x00);
 135   1      
 136   1      }
 137          #endif
 138          
 139          
 140          void qmc6309_init_para(unsigned char mode, unsigned char odr)
 141          {
 142   1              p_mag.ctrl1.bit_reg.mode = mode;        // QMC6309_MODE_HPFM; QMC6309_MODE_NORMAL
 143   1              p_mag.ctrl1.bit_reg.osr1 = QMC6309_OSR1_8;
 144   1              p_mag.ctrl1.bit_reg.osr2 = QMC6309_OSR2_4;
 145   1              if(p_mag.chip_type == TYPE_QMC6309)     
 146   1                      p_mag.ctrl1.bit_reg.zdbl_enb = QMC6309_ZDBL_ENB_ON;
 147   1              else
 148   1                      p_mag.ctrl1.bit_reg.zdbl_enb = QMC6309H_ZDBL_ENB_ON;            
 149   1      
 150   1              p_mag.ctrl2.bit_reg.set_rst = QMC6309_SET_RESET_ON;             // QMC6309_SET_ON, QMC6309_SET_RESET_ON QMC6309_SET_
             -RESET_OFF
 151   1              p_mag.ctrl2.bit_reg.range = QMC6309_RNG_32G;
 152   1              p_mag.ctrl2.bit_reg.odr = odr;
 153   1              p_mag.ctrl2.bit_reg.soft_rst = 0;
 154   1      
 155   1              //qmc6309_set_range(p_mag.ctrl2.bit_reg.range);
 156   1      
 157   1      }
 158          
 159          #if 0
              void qmc6309_reload_otp(void)
              {
                      int8_t ret = 0;
                      unsigned char status = 0;
                      int retry = 0;
                      int count = 0;
              
                      QMC6309_LOG("qmc6309_reload_otp\r\n");
                      while(retry++ < 20)
                      {
                              ret = qmc6309_write_reg(0x28, 0x02);
                              qmc6309_delay(2);
                              if(ret != QMC6309_OK)
                              {
                                      QMC6309_LOG("write 0x28 = 0x02 fail!\r\n");
C51 COMPILER V9.52.0.0   QMC6309                                                           04/17/2026 09:18:02 PAGE 4   

                              }
                              qmc6309_delay(2);
                              count = 0;
                              while(count++<100)
                              {
                                      qmc6309_delay(1);
                                      status = 0;
                                      ret = qmc6309_read_block(QMC6309_STATUS_REG, &status, 1);
                                      if((ret==QMC6309_OK)&&(status & 0x10))
                                      {
                                              QMC6309_LOG("qmc6309_reload_otp done slave=0x%bx status=0x%bx\r\n", p_mag.slave_addr, status);
                                              //qmc6309_dump_reg();                           
                                              return;
                                      }
                              }
                      }
                      
                      QMC6309_LOG("qmc6309_reload_otp fail\r\n");
              }
              
              
              void qmc6309_check_otp(void)
              {
                      int8_t ret = QMC6309_FAIL;
                      int retry = 0;
                      unsigned char status = 0x00;
                      int count=10;
              
                      while(count > 0)
                      {
                              count--;
                              retry = 0;
                              while(retry++<5)
                              {
                                      ret = qmc6309_read_block(QMC6309_STATUS_REG, &status, 1);
                                      QMC6309_CHECK_ERR(ret);
                                      QMC6309_LOG("qmc6309 status 0x%bx\r\n", status);
                                      if(status & 0x10)
                                      {
                                              QMC6309_LOG("qmc6309 NVM load done!\r\n");
                                              return;
                                      }
                                      qmc6309_delay(1);
                              }
              
                              if(!(status & 0x10))
                              {
                                      qmc6309_reload_otp();
                              }
                              else
                              {
                                      return;
                              }
                      }
              }
              
              #endif
 232          
 233          void qmc6309_soft_reset(void)
 234          {
 235   1              int ret = QMC6309_FAIL;
 236   1              int retry = 0;
C51 COMPILER V9.52.0.0   QMC6309                                                           04/17/2026 09:18:02 PAGE 5   

 237   1              unsigned char status = 0x00;
 238   1      
 239   1              QMC6309_LOG("mag2 soft_reset!\r\n");
 240   1              ret = qmc6309_write_reg(QMC6309_CTL_REG_TWO, 0x80);
 241   1              qmc6309_delay(5);
 242   1              ret = qmc6309_write_reg(QMC6309_CTL_REG_TWO, 0x00);
 243   1              qmc6309_delay(50);
 244   1      
 245   1              while(retry++<5)
 246   1              {
 247   2                      ret = qmc6309_read_block(QMC6309_STATUS_REG, &status, 1);
 248   2                      QMC6309_CHECK_ERR(ret);
 249   2                      //QMC6309_LOG("qmc6309 status 0x%bx\r\n", status);
 250   2                      if((status & 0x10)&&(status & 0x08))
 251   2                      {
 252   3                              QMC6309_LOG("mag2 NVM load done!\r\n");
 253   3                              break;
 254   3                      }
 255   2                      qmc6309_delay(1);
 256   2              }
 257   1      }
 258          
 259          unsigned char get_mag_tick = 0;
 260          
 261          int8_t qmc6309_read_mag_raw(short *raw)
 262          {
 263   1              int8_t res = QMC6309_FAIL;
 264   1              unsigned char mag_data[6];
 265   1              
 266   1              
 267   1              {
 268   2                      
 269   2                      mag_data[0] = QMC6309_DATA_OUT_X_LSB_REG;
 270   2                      res = qmc6309_read_block(QMC6309_DATA_OUT_X_LSB_REG, mag_data, 6);
 271   2                      
 272   2                      raw[0] = (short)(((mag_data[1]) << 8) | mag_data[0]);
 273   2                      raw[1] = (short)(((mag_data[3]) << 8) | mag_data[2]);
 274   2                      raw[2] = (short)(((mag_data[5]) << 8) | mag_data[4]);
 275   2                      //printf("mag raw data :%x %x %x \r\n", raw[0], raw[1], raw[2]);
 276   2                      
 277   2              }
 278   1                      
 279   1              return res;
 280   1      }
 281          
 282          #if 0
              int8_t qmc6309_read_mag_xyz(float uT[3], short raw[3])
              {
                      int8_t res = QMC6309_FAIL;
              
                      res = qmc6309_read_mag_raw(raw);
                      if(res == QMC6309_OK)
                      {
                              uT[0] = (float)((float)raw[0] / ((float)p_mag.ssvt/100.f));             // ut
                              uT[1] = (float)((float)raw[1] / ((float)p_mag.ssvt/100.f));             // ut
                              uT[2] = (float)((float)raw[2] / ((float)p_mag.ssvt/100.f));             // ut
                      }
                      else
                      {
                              uT[0] = uT[1]= uT[2] = 0.0f;
                      }
              
C51 COMPILER V9.52.0.0   QMC6309                                                           04/17/2026 09:18:02 PAGE 6   

                      if(p_mag.ctrl1.bit_reg.mode == QMC6309_MODE_SINGLE)
                      {
                              res = qmc6309_write_reg(QMC6309_CTL_REG_ONE, p_mag.ctrl1.value);
                              QMC6309_CHECK_ERR(res);
                      }
              
                      return res;
              }
              #endif
 308          
 309          #if 0
              void qmc6309_dump_reg(void)
              {
                      unsigned char ctrl_value[4];
                      unsigned char version_id;
                      unsigned char wafer_id;
                      unsigned char die_id[2];
              
                      QMC6309_LOG("mag2 dump_reg\r\n");
                      qmc6309_read_block(0x12, &version_id, 1);
                      qmc6309_read_block(0x37, &wafer_id, 1);
                      qmc6309_read_block(0x38, die_id, 2);
                      QMC6309_LOG("version id:0x%bx wafer id:0x%bx die id:0x%x \r\n", version_id, wafer_id, (die_id[1]<<8)|die_
             -id[0]);
                      qmc6309_read_block(QMC6309_CTL_REG_ONE, ctrl_value, 2);
                      QMC6309_LOG("ctrlreg [0x0a=0x%bx 0x0b=0x%bx] \r\n", ctrl_value[0], ctrl_value[1]);
                      qmc6309_read_block(QMC6309_FIFO_REG_CTRL, ctrl_value, 1);
                      QMC6309_LOG("fifo-ctrl 0x%bx=0x%bx \r\n", QMC6309_FIFO_REG_CTRL, ctrl_value[0]);
                      qmc6309_read_block(0x40, ctrl_value, 1);
                      QMC6309_LOG("0x40 = 0x%bx \r\n", ctrl_value[0]);
              }
              
              #endif
 331          
 332          int8_t qmc6309_init(void)
 333          {
 334   1              int8_t ret = 0;
 335   1              int i = 0;
 336   1      
 337   1              p_mag.chip_type = TYPE_UNKNOW;
 338   1      #if 0
                      p_mag.slave_addr = 1;
                      for (i = 0;i < 250;i ++)
                      {       
                              ret = qmc6309_get_chipid();
                              if (ret == 1)
                                      break;
                              p_mag.slave_addr ++;
                      }
              #endif
 348   1              
 349   1              for(i=0; i<sizeof(mag_slave)/sizeof(mag_slave[0]); i++)
 350   1              {
 351   2                      p_mag.slave_addr = mag_slave[i];
 352   2                      ret = qmc6309_get_chipid();
 353   2                      if(ret)
 354   2                      {
 355   3                              if(p_mag.slave_addr == QMC6309_IIC_ADDR)
 356   3                              {
 357   4                                      p_mag.chip_type = TYPE_QMC6309;
 358   4                                      
 359   4                              }
C51 COMPILER V9.52.0.0   QMC6309                                                           04/17/2026 09:18:02 PAGE 7   

 360   3                              else if(p_mag.slave_addr == QMC6309H_IIC_ADDR)
 361   3                              {
 362   4                                      p_mag.chip_type = TYPE_QMC6309H;
 363   4                              }
 364   3                              else
 365   3                              {
 366   4                                      p_mag.chip_type = TYPE_UNKNOW;
 367   4                              }
 368   3                              break;
 369   3                      }
 370   2              }
 371   1              //p_mag.chip_type = TYPE_QMC6309;
 372   1              if(p_mag.chip_type != TYPE_UNKNOW)
 373   1              {
 374   2                      qmc6309_soft_reset();
 375   2      
 376   2                      qmc6309_get_chipid();
 377   2                      
 378   2                      //qmc6309_reload_otp(); // reload otp
 379   2                      //qmc6309_check_otp();
 380   2      
 381   2                      qmc6309_disable();
 382   2                      
 383   2                      qmc6309_init_para(QMC6309_MODE_HPFM, QMC6309_ODR_100HZ);
 384   2                      //ret = qmc6309_disable();
 385   2                      
 386   2                      qmc6309_enable();
 387   2                      QMC6309_LOG("mag2 init OK!\r\n");
 388   2                      //qmc6309_dump_reg();
 389   2      
 390   2                      
 391   2                      return 1;
 392   2              }
 393   1              return 0;
 394   1      }
 395          
 396          #endif
 397          


MODULE INFORMATION:   STATIC OVERLAYABLE
   CODE SIZE        =    843    ----
   CONSTANT SIZE    =    241    ----
   XDATA SIZE       =      1      29
   PDATA SIZE       =   ----    ----
   DATA SIZE        =   ----    ----
   IDATA SIZE       =      4    ----
   BIT SIZE         =   ----    ----
END OF MODULE INFORMATION.


C51 COMPILATION COMPLETE.  0 WARNING(S),  0 ERROR(S)
