BL51 BANKED LINKER/LOCATER V6.22.4.0                                                    01/17/2025  12:11:11  PAGE 1


BL51 BANKED LINKER/LOCATER V6.22.4.0, INVOKED BY:
C:\KEIL_V5\C51\BIN\BL51.EXE .\Objects\STARTUP.obj, .\Objects\STC8G_H_GPIO.obj, .\Objects\STC8G_H_Delay.obj, .\Objects\ST
>> C8H_PWM.obj, .\Objects\STC8G_H_Soft_I2C.obj, .\Objects\STC8G_H_NVIC.obj, .\Objects\STC8G_H_Timer.obj, .\Objects\STC8G
>> _H_EEPROM.obj, .\Objects\STC8G_H_UART.obj, .\Objects\STC8G_H_ADC.obj, .\Objects\DcMotor_Gpio.obj, .\Objects\led.obj, 
>> .\Objects\main.obj, .\Objects\autoDrive.obj, .\Objects\LT8920_SPI.obj, .\Objects\wirelessProtocal.obj, .\Objects\time
>> r.obj, .\Objects\interrupt.obj, .\Objects\pwm.obj, .\Objects\pwm_Gpio.obj, .\Objects\pwm_Speed.obj, .\Objects\utils_p
>> rintf.obj, .\Objects\utils_encodingTransfer.obj, .\Objects\utils_splitString.obj, .\Objects\utils_checkSum.obj, .\Obj
>> ects\gps_uart.obj, .\Objects\nmea41_protocal.obj, .\Objects\adc_config.obj, .\Objects\power_Adc.obj, .\Objects\eeprom
>> .obj, .\Objects\compass.obj, .\Objects\qmc5833.obj, .\Objects\qmc5883p.obj, .\Objects\qmc6309.obj TO .\Objects\ship_g
>> ps_mid PRINT (.\Listings\ship_gps_mid.m51) RAMSIZE (256)


MEMORY MODEL: LARGE WITH FLOATING POINT ARITHMETIC


INPUT MODULES INCLUDED:
  .\Objects\STARTUP.obj (?C_STARTUP)
  .\Objects\STC8G_H_GPIO.obj (STC8G_H_GPIO)
  .\Objects\STC8G_H_Delay.obj (STC8G_H_DELAY)
  .\Objects\STC8H_PWM.obj (STC8H_PWM)
  .\Objects\STC8G_H_Soft_I2C.obj (STC8G_H_SOFT_I2C)
  .\Objects\STC8G_H_NVIC.obj (STC8G_H_NVIC)
  .\Objects\STC8G_H_Timer.obj (STC8G_H_TIMER)
  .\Objects\STC8G_H_EEPROM.obj (STC8G_H_EEPROM)
  .\Objects\STC8G_H_UART.obj (STC8G_H_UART)
  .\Objects\STC8G_H_ADC.obj (STC8G_H_ADC)
  .\Objects\DcMotor_Gpio.obj (DCMOTOR_GPIO)
  .\Objects\led.obj (LED)
  .\Objects\main.obj (MAIN)
  .\Objects\autoDrive.obj (AUTODRIVE)
  .\Objects\LT8920_SPI.obj (LT8920_SPI)
  .\Objects\wirelessProtocal.obj (WIRELESSPROTOCAL)
  .\Objects\timer.obj (TIMER)
  .\Objects\interrupt.obj (INTERRUPT)
  .\Objects\pwm.obj (PWM)
  .\Objects\pwm_Gpio.obj (PWM_GPIO)
  .\Objects\pwm_Speed.obj (PWM_SPEED)
  .\Objects\utils_printf.obj (UTILS_PRINTF)
  .\Objects\utils_encodingTransfer.obj (UTILS_ENCODINGTRANSFER)
  .\Objects\utils_splitString.obj (UTILS_SPLITSTRING)
  .\Objects\utils_checkSum.obj (UTILS_CHECKSUM)
  .\Objects\gps_uart.obj (GPS_UART)
  .\Objects\nmea41_protocal.obj (NMEA41_PROTOCAL)
  .\Objects\adc_config.obj (ADC_CONFIG)
  .\Objects\power_Adc.obj (POWER_ADC)
  .\Objects\eeprom.obj (EEPROM)
  .\Objects\compass.obj (COMPASS)
  .\Objects\qmc5833.obj (QMC5833)
  .\Objects\qmc5883p.obj (QMC5883P)
  .\Objects\qmc6309.obj (QMC6309)
  C:\KEIL_V5\C51\LIB\C51FPL.LIB (?C?FPADD)
  C:\KEIL_V5\C51\LIB\C51FPL.LIB (?C?FPMUL)
  C:\KEIL_V5\C51\LIB\C51FPL.LIB (?C?FPDIV)
  C:\KEIL_V5\C51\LIB\C51FPL.LIB (?C?FPCMP)
  C:\KEIL_V5\C51\LIB\C51FPL.LIB (?C?FCAST)
  C:\KEIL_V5\C51\LIB\C51FPL.LIB (?C?CASTF)
  C:\KEIL_V5\C51\LIB\C51FPL.LIB (PRINTF)
  C:\KEIL_V5\C51\LIB\C51FPL.LIB (SQRT)
BL51 BANKED LINKER/LOCATER V6.22.4.0                                                  01/17/2025  12:11:11  PAGE 2


  C:\KEIL_V5\C51\LIB\C51FPL.LIB (ATAN)
  C:\KEIL_V5\C51\LIB\C51FPL.LIB (?C?FPGETOPN)
  C:\KEIL_V5\C51\LIB\C51FPL.LIB (?C?FPROUND)
  C:\KEIL_V5\C51\LIB\C51FPL.LIB (?C?FPCONVERT)
  C:\KEIL_V5\C51\LIB\C51FPL.LIB (?C?FPSERIES)
  C:\KEIL_V5\C51\LIB\C51FPL.LIB (?C?FTNPWR)
  C:\KEIL_V5\C51\LIB\C51L.LIB (?C_INIT)
  C:\KEIL_V5\C51\LIB\C51L.LIB (?C?COPY)
  C:\KEIL_V5\C51\LIB\C51L.LIB (?C?CLDPTR)
  C:\KEIL_V5\C51\LIB\C51L.LIB (?C?CLDOPTR)
  C:\KEIL_V5\C51\LIB\C51L.LIB (?C?CILDPTR)
  C:\KEIL_V5\C51\LIB\C51L.LIB (?C?CILDOPTR)
  C:\KEIL_V5\C51\LIB\C51L.LIB (?C?CSTPTR)
  C:\KEIL_V5\C51\LIB\C51L.LIB (?C?CSTOPTR)
  C:\KEIL_V5\C51\LIB\C51L.LIB (?C?IMUL)
  C:\KEIL_V5\C51\LIB\C51L.LIB (?C?UIDIV)
  C:\KEIL_V5\C51\LIB\C51L.LIB (?C?SIDIV)
  C:\KEIL_V5\C51\LIB\C51L.LIB (?C?IILDX)
  C:\KEIL_V5\C51\LIB\C51L.LIB (?C?ILDIX)
  C:\KEIL_V5\C51\LIB\C51L.LIB (?C?ILDPTR)
  C:\KEIL_V5\C51\LIB\C51L.LIB (?C?ILDOPTR)
  C:\KEIL_V5\C51\LIB\C51L.LIB (?C?IILDOPTR)
  C:\KEIL_V5\C51\LIB\C51L.LIB (?C?ISTPTR)
  C:\KEIL_V5\C51\LIB\C51L.LIB (?C?ISTOPTR)
  C:\KEIL_V5\C51\LIB\C51L.LIB (?C?ULDIV)
  C:\KEIL_V5\C51\LIB\C51L.LIB (?C?LNEG)
  C:\KEIL_V5\C51\LIB\C51L.LIB (?C?SLCMP)
  C:\KEIL_V5\C51\LIB\C51L.LIB (?C?ULCMP)
  C:\KEIL_V5\C51\LIB\C51L.LIB (?C?ULSHR)
  C:\KEIL_V5\C51\LIB\C51L.LIB (?C?LLDXDATA)
  C:\KEIL_V5\C51\LIB\C51L.LIB (?C?LLDCODE)
  C:\KEIL_V5\C51\LIB\C51L.LIB (?C?LLDXDATA0)
  C:\KEIL_V5\C51\LIB\C51L.LIB (?C?LLDCODE0)
  C:\KEIL_V5\C51\LIB\C51L.LIB (?C?LLDOPTR0)
  C:\KEIL_V5\C51\LIB\C51L.LIB (?C?LSTXDATA)
  C:\KEIL_V5\C51\LIB\C51L.LIB (?C?LSTKXDATA)
  C:\KEIL_V5\C51\LIB\C51L.LIB (?C?PLDIXDATA)
  C:\KEIL_V5\C51\LIB\C51L.LIB (?C?PSTXDATA)
  C:\KEIL_V5\C51\LIB\C51L.LIB (?C?CCASE)
  C:\KEIL_V5\C51\LIB\C51L.LIB (ABS)
  C:\KEIL_V5\C51\LIB\C51L.LIB (STRNCPY)
  C:\KEIL_V5\C51\LIB\C51L.LIB (STRLEN)
  C:\KEIL_V5\C51\LIB\C51L.LIB (STRSTR)
  C:\KEIL_V5\C51\LIB\C51L.LIB (ATOI)
  C:\KEIL_V5\C51\LIB\C51L.LIB (?C?MEMCMP)
  C:\KEIL_V5\C51\LIB\C51L.LIB (?C?MEMSET)
  C:\KEIL_V5\C51\LIB\C51L.LIB (?C?LLDIDATA0)
  C:\KEIL_V5\C51\LIB\C51L.LIB (?C?LLDPDATA0)
  C:\KEIL_V5\C51\LIB\C51L.LIB (ISDIGIT)
  C:\KEIL_V5\C51\LIB\C51L.LIB (ISSPACE)


LINK MAP OF MODULE:  .\Objects\ship_gps_mid (?C_STARTUP)


            TYPE    BASE      LENGTH    RELOCATION   SEGMENT NAME
            -----------------------------------------------------
BL51 BANKED LINKER/LOCATER V6.22.4.0                                                  01/17/2025  12:11:11  PAGE 3



            * * * * * * *   D A T A   M E M O R Y   * * * * * * *
            REG     0000H     0008H     ABSOLUTE     "REG BANK 0"
            DATA    0008H     0006H     UNIT         _DATA_GROUP_
            IDATA   000EH     000BH     UNIT         ?ID?WIRELESSPROTOCAL
            IDATA   0019H     0006H     UNIT         ?ID?GPS_UART
                    001FH     0001H                  *** GAP ***
            BIT     0020H.0   0001H.3   UNIT         _BIT_GROUP_
            BIT     0021H.3   0000H.4   UNIT         ?BI?PWM_SPEED
            BIT     0021H.7   0000H.3   UNIT         ?BI?WIRELESSPROTOCAL
            BIT     0022H.2   0000H.2   UNIT         ?BI?COMPASS
            BIT     0022H.4   0000H.1   UNIT         ?BI?LT8920_SPI
                    0022H.5   0000H.3                *** GAP ***
            IDATA   0023H     0028H     UNIT         ?ID?AUTODRIVE
            IDATA   004BH     0018H     UNIT         ?ID?PWM_SPEED
            IDATA   0063H     000AH     UNIT         ?ID?COMPASS
            IDATA   006DH     0004H     UNIT         ?ID?TIMER
            IDATA   0071H     0004H     UNIT         ?ID?QMC6309
            IDATA   0075H     0002H     UNIT         ?ID?PWM
            IDATA   0077H     0001H     UNIT         ?STACK

            * * * * * * *  X D A T A   M E M O R Y  * * * * * * *
            XDATA   0000H     0329H     UNIT         ?XD?GPS_UART
            XDATA   0329H     0105H     UNIT         ?XD?STC8G_H_UART
            XDATA   042EH     00D4H     UNIT         ?XD?LT8920_SPI
            XDATA   0502H     004CH     UNIT         _XDATA_GROUP_
            XDATA   054EH     0044H     UNIT         ?XD?WIRELESSPROTOCAL
            XDATA   0592H     002DH     UNIT         ?XD?NMEA41_PROTOCAL
            XDATA   05BFH     0025H     UNIT         ?XD?AUTODRIVE
            XDATA   05E4H     0010H     UNIT         ?XD?PWM
            XDATA   05F4H     000AH     UNIT         ?XD?COMPASS
            XDATA   05FEH     0009H     UNIT         ?XD?UTILS_PRINTF
            XDATA   0607H     0007H     UNIT         ?XD?_UPRINTF_ARRAY?UTILS_PRINTF
            XDATA   060EH     0006H     UNIT         ?XD?EEPROM
            XDATA   0614H     0005H     UNIT         ?XD?LED
            XDATA   0619H     0002H     UNIT         ?XD?DCMOTOR_GPIO
            XDATA   061BH     0002H     UNIT         ?XD?PWM_SPEED
            XDATA   061DH     0002H     UNIT         ?XD?ADC_CONFIG
            XDATA   061FH     0002H     UNIT         ?XD?POWER_ADC
            XDATA   0621H     0001H     UNIT         ?XD?QMC6309

            * * * * * * *   C O D E   M E M O R Y   * * * * * * *
            CODE    0000H     0003H     ABSOLUTE     
            CODE    0003H     0018H     UNIT         ?PR?AUTODRIVE_IN_ACTIVE?AUTODRIVE
            CODE    001BH     0003H     ABSOLUTE     
            CODE    001EH     0025H     UNIT         ?CO?COMPASS
            CODE    0043H     0003H     ABSOLUTE     
            CODE    0046H     0D50H     UNIT         ?C?LIB_CODE
            CODE    0D96H     04FFH     UNIT         ?PR?AUTODRIVE_HANDLE?AUTODRIVE
            CODE    1295H     04C8H     UNIT         ?PR?COMPASS_ANGEL_ADJUST_HANDLE?PWM_SPEED
            CODE    175DH     0483H     UNIT         ?PR?PRINTF?PRINTF
            CODE    1BE0H     030CH     UNIT         ?PR?_CAL_DISTANCE_JINGDU?AUTODRIVE
            CODE    1EECH     030CH     UNIT         ?PR?_CAL_DISTANCE_WEIDU?AUTODRIVE
            CODE    21F8H     02C9H     UNIT         ?PR?_AUTODRIVE_GET_DIRECTION_NOWPOSITION_DESTINATION?AUTODRIVE
            CODE    24C1H     0254H     UNIT         ?PR?_GPIO_INILIZE?STC8G_H_GPIO
            CODE    2715H     0249H     UNIT         ?PR?_TIMER_INILIZE?STC8G_H_TIMER
            CODE    295EH     01F0H     UNIT         ?PR?COMPASS_GET_ANGLE?COMPASS
BL51 BANKED LINKER/LOCATER V6.22.4.0                                                  01/17/2025  12:11:11  PAGE 4


            CODE    2B4EH     01D8H     UNIT         ?PR?LT89XX_INIT?LT8920_SPI
            CODE    2D26H     01D0H     UNIT         ?C_INITSEG
            CODE    2EF6H     019EH     UNIT         ?CO?AUTODRIVE
            CODE    3094H     0198H     UNIT         ?PR?_RF_SEND_GPS_DATA?WIRELESSPROTOCAL
            CODE    322CH     0186H     UNIT         ?PR?_WIRELESSPROTOCA_MOTOR_CONTROL?WIRELESSPROTOCAL
            CODE    33B2H     0166H     UNIT         ?PR?_WIRELESSPROTOCAL_RECEIVE_HANDLE?WIRELESSPROTOCAL
            CODE    3518H     0152H     UNIT         ?PR?_PWM_CONFIGURATION?STC8H_PWM
            CODE    366AH     0150H     UNIT         ?PR?_AUTODRIVE_GET_ANGEL_NOWPOSITION_DESTINATION?AUTODRIVE
            CODE    37BAH     0149H     UNIT         ?PR?_GET_NTIME_STRING_BYCHAR?UTILS_SPLITSTRING
            CODE    3903H     0122H     UNIT         ?PR?ATAN?ATAN
            CODE    3A25H     0109H     UNIT         ?PR?_UART_CONFIGURATION?STC8G_H_UART
            CODE    3B2EH     00F4H     UNIT         ?PR?COMPASS_CALIB_HANDLE?COMPASS
            CODE    3C22H     00F1H     UNIT         ?CO?QMC6309
            CODE    3D13H     00ECH     UNIT         ?PR?_NMEA41_PROTOCAL_RESOLVE_HANDLE?NMEA41_PROTOCAL
            CODE    3DFFH     00DBH     UNIT         ?PR?_ATOI?ATOI
            CODE    3EDAH     00D8H     UNIT         ?PR?_AUTODRIVE_GET_DISTANCE_NOWPOSITION_DESTINATION?AUTODRIVE
            CODE    3FB2H     00D8H     UNIT         ?PR?GPS_UART_DATA_RESOLVE?GPS_UART
            CODE    408AH     00D1H     UNIT         ?CO?PWM_SPEED
            CODE    415BH     00CCH     UNIT         ?PR?COMPASS_CACHE_INIT_ANGEL?PWM_SPEED
            CODE    4227H     00CAH     UNIT         ?PR?_DCMOTOR_DIRECTION_SET?PWM
            CODE    42F1H     00C3H     UNIT         ?PR?_WIRELESS_SEND?WIRELESSPROTOCAL
            CODE    43B4H     00C0H     UNIT         ?PR?QMC6309_ENABLE?QMC6309
            CODE    4474H     00BFH     UNIT         ?PR?_STRSTR?STRSTR
            CODE    4533H     00B8H     UNIT         ?PR?QMC6309_SOFT_RESET?QMC6309
            CODE    45EBH     00B5H     UNIT         ?PR?_SPI_READBYTE?LT8920_SPI
            CODE    46A0H     00B5H     UNIT         ?PR?NMEA41_GET_WEIDU2?NMEA41_PROTOCAL
            CODE    4755H     00B5H     UNIT         ?PR?NMEA41_GET_JINGDU2?NMEA41_PROTOCAL
            CODE    480AH     00B3H     UNIT         ?PR?_AUTODRIVE_IS_CAN_ACTIVE?AUTODRIVE
            CODE    48BDH     00ACH     UNIT         ?PR?SQRT?SQRT
            CODE    4969H     00ABH     UNIT         ?PR?_RF_RECEIVE?LT8920_SPI
            CODE    4A14H     00A8H     UNIT         ?PR?_NMEA41_RESOLVE_GGA?NMEA41_PROTOCAL
            CODE    4ABCH     00A7H     UNIT         ?PR?_WIRELESSPROTOCAL_RESOLVE_HANDLE?WIRELESSPROTOCAL
            CODE    4B63H     00A5H     UNIT         ?PR?COMPASS_CACHE_INIT_ANGEL_DELAY?PWM_SPEED
            CODE    4C08H     00A2H     UNIT         ?PR?DCMOTOR_PWM_INIT?PWM
            CODE    4CAAH     00A1H     UNIT         ?PR?_AUTODRIVE_SET_RETURNPOSITION?AUTODRIVE
            CODE    4D4BH     00A1H     UNIT         ?PR?_AUTODRIVE_SET_FISHPOSITION?AUTODRIVE
            CODE    4DECH     009AH     UNIT         ?PR?_NMEA41_UART_RX_ISR?GPS_UART
            CODE    4E86H     008CH     UNIT         ?C_C51STARTUP
            CODE    4F12H     008CH     UNIT         ?PR?WIRELESSPROTOCAL_ACCELERATOR_OUTTIME_HANDLE?WIRELESSPROTOCAL
            CODE    4F9EH     008BH     UNIT         ?PR?QMC6309_INIT?QMC6309
            CODE    5029H     008AH     UNIT         ?PR?RADIO_PROGRESS?WIRELESSPROTOCAL
            CODE    50B3H     0088H     UNIT         ?PR?_LT8920_TXDATA?LT8920_SPI
            CODE    513BH     0085H     UNIT         ?CO?WIRELESSPROTOCAL
            CODE    51C0H     007FH     UNIT         ?PR?_NVIC_PWM_INIT?STC8G_H_NVIC
            CODE    523FH     007EH     UNIT         ?PR?_QMC6309_READ_MAG_RAW?QMC6309
            CODE    52BDH     007BH     UNIT         ?PR?MAIN?MAIN
            CODE    5338H     0078H     UNIT         ?PR?_GET_ADCRESULT?STC8G_H_ADC
            CODE    53B0H     0077H     UNIT         ?PR?AUTODRV_INIT?AUTODRIVE
            CODE    5427H     0075H     UNIT         ?PR?_AUTODRIVE_GET_NORTH_ANGEL?AUTODRIVE
            CODE    549CH     0071H     UNIT         ?PR?_SPI_SENDBYTE?LT8920_SPI
            CODE    550DH     0071H     UNIT         ?PR?COMPASS_CALIB_OK?COMPASS
            CODE    557EH     006BH     UNIT         ?PR?_UPRINTF_ARRAY?UTILS_PRINTF
            CODE    55E9H     0068H     UNIT         ?PR?_STRNCPY?STRNCPY
            CODE    5651H     0066H     UNIT         ?PR?_WIRELESSPROTOCA_KEY_CONTROL?WIRELESSPROTOCAL
            CODE    56B7H     0063H     UNIT         ?PR?_LT_READBUF?LT8920_SPI
            CODE    571AH     005EH     UNIT         ?PR?POWER_CHECK_HANDLE?POWER_ADC
            CODE    5778H     0056H     UNIT         ?PR?_RF_KEY_FORMAT?WIRELESSPROTOCAL
BL51 BANKED LINKER/LOCATER V6.22.4.0                                                  01/17/2025  12:11:11  PAGE 5


            CODE    57CEH     0055H     UNIT         ?PR?_ADC_INILIZE?STC8G_H_ADC
            CODE    5823H     0054H     UNIT         ?PR?_LT_WRITEBUF?LT8920_SPI
            CODE    5877H     0052H     UNIT         ?PR?_SI2C_READNBYTE?STC8G_H_SOFT_I2C
            CODE    58C9H     0052H     UNIT         ?PR?_RF_PAIR?WIRELESSPROTOCAL
            CODE    591BH     0052H     UNIT         ?PR?UART2_ISR_HANDLER?GPS_UART
            CODE    596DH     0051H     UNIT         ?PR?_RF_ENCRYPT_CONFIG?WIRELESSPROTOCAL
            CODE    59BEH     0050H     UNIT         ?PR?_NMEA41_RESOLVE_GSV?NMEA41_PROTOCAL
            CODE    5A0EH     004EH     UNIT         ?PR?_CAL_CHECKSUM_XOR?UTILS_CHECKSUM
            CODE    5A5CH     004EH     UNIT         ?PR?_NMEA41_RESOLVE_VTG?NMEA41_PROTOCAL
            CODE    5AAAH     004DH     UNIT         ?CO?LT8920_SPI
            CODE    5AF7H     004CH     UNIT         ?PR?_UPDATEPWM?STC8H_PWM
            CODE    5B43H     004BH     UNIT         ?PR?_RF_PAIR_GET_KEY?WIRELESSPROTOCAL
            CODE    5B8EH     0049H     UNIT         ?PR?AUTODRIVE_ACTIVE?AUTODRIVE
            CODE    5BD7H     0049H     UNIT         ?PR?_LT8920_OPENRX?LT8920_SPI
            CODE    5C20H     0049H     UNIT         ?PR?GPS_UART_INIT?GPS_UART
            CODE    5C69H     0047H     UNIT         ?PR?SHIP_LED_REFRESH_HANDLE?LED
            CODE    5CB0H     0043H     UNIT         ?PR?_NVIC_UART2_INIT?STC8G_H_NVIC
            CODE    5CF3H     0043H     UNIT         ?PR?RED_LED_REFRESH_HANDLE?LED
            CODE    5D36H     0041H     UNIT         ?PR?_NVIC_TIMER1_INIT?STC8G_H_NVIC
            CODE    5D77H     0041H     UNIT         ?PR?_NVIC_ADC_INIT?STC8G_H_NVIC
            CODE    5DB8H     0041H     UNIT         ?PR?SYSTEM_CONFIG_INIT?EEPROM
            CODE    5DF9H     003FH     UNIT         ?PR?LOWPOWER_BACK_CHECK?WIRELESSPROTOCAL
            CODE    5E38H     003FH     UNIT         ?PR?_QMC6309_INIT_PARA?QMC6309
            CODE    5E77H     003AH     UNIT         ?PR?_RF_PAIR_GET_CHANNEL?WIRELESSPROTOCAL
            CODE    5EB1H     003AH     UNIT         ?PR?COMPASS_INIT?COMPASS
            CODE    5EEBH     003AH     UNIT         ?PR?QMC6309_GET_CHIPID?QMC6309
            CODE    5F25H     0039H     UNIT         ?PR?_EEPROM_WRITE_N?STC8G_H_EEPROM
            CODE    5F5EH     0039H     UNIT         ?PR?_SOFT_PUT_CHAR?UTILS_PRINTF
            CODE    5F97H     0039H     UNIT         ?PR?_EP_SAVESHIPCONFIG?EEPROM
            CODE    5FD0H     0038H     UNIT         ?CO?EEPROM
            CODE    6008H     0037H     UNIT         ?PR?_SI2C_WRITENBYTE?STC8G_H_SOFT_I2C
            CODE    603FH     0037H     UNIT         ?PR?COMPASS_CALIB_START?COMPASS
            CODE    6076H     0035H     UNIT         ?PR?DCMOTOR_HANDLE?DCMOTOR_GPIO
            CODE    60ABH     0034H     UNIT         ?PR?DCMOTOR_PWM_CRUISECONTROL_RESET_HANDLE?PWM
            CODE    60DFH     0032H     UNIT         ?PR?SI2C_GPIO_INIT?STC8G_H_SOFT_I2C
            CODE    6111H     0032H     UNIT         ?PR?_EEPROM_READ_N?STC8G_H_EEPROM
            CODE    6143H     0032H     UNIT         ?PR?_LT_WRITEREG?LT8920_SPI
            CODE    6175H     0030H     UNIT         ?PR?NMEA41_GET_ANGEL?NMEA41_PROTOCAL
            CODE    61A5H     002FH     UNIT         ?PR?NMEA41_GET_WEIDU1?NMEA41_PROTOCAL
            CODE    61D4H     002FH     UNIT         ?PR?NMEA41_GET_JINGDU1?NMEA41_PROTOCAL
            CODE    6203H     002FH     UNIT         ?CO?NMEA41_PROTOCAL
            CODE    6232H     002EH     UNIT         ?PR?_AUTODRIVE_SET_MODE?AUTODRIVE
            CODE    6260H     002DH     UNIT         ?PR?LED_IO_INIT?LED
            CODE    628DH     002DH     UNIT         ?PR?_SYSTEM_CONFIG_SAVE?EEPROM
            CODE    62BAH     002CH     UNIT         ?PR?_WIRELESSPROTOCAL_ACCELERATOR_RESOLVE?WIRELESSPROTOCAL
            CODE    62E6H     002BH     UNIT         ?PR?_LT_READREG?LT8920_SPI
            CODE    6311H     002BH     UNIT         ?PR?ADC_CONFIG?ADC_CONFIG
            CODE    633CH     002AH     UNIT         ?PR?_AUTODRIVE_SET_SWITCH?AUTODRIVE
            CODE    6366H     002AH     UNIT         ?PR?_DCMOTOR_MRIGHT_PWM_SET?PWM
            CODE    6390H     002AH     UNIT         ?PR?_DCMOTOR_MLEFT_PWM_SET?PWM
            CODE    63BAH     0029H     UNIT         ?PR?SYSTIMER_INIT?TIMER
            CODE    63E3H     0029H     UNIT         ?PR?NMEA41_GET_GPS_NUM?NMEA41_PROTOCAL
            CODE    640CH     0021H     UNIT         ?PR?DCMOTOR_GPIO_CONFIG?DCMOTOR_GPIO
            CODE    642DH     0021H     UNIT         ?PR?_AUTODRIVE_START_RUN_LINE?AUTODRIVE
            CODE    644EH     0020H     UNIT         ?PR?PWM_GPIO_CONFIG?PWM_GPIO
            CODE    646EH     001FH     UNIT         ?PR?_QMC6309_WRITE_REG?QMC6309
            CODE    648DH     001DH     UNIT         ?PR?_I2C_WRITEABYTE?STC8G_H_SOFT_I2C
BL51 BANKED LINKER/LOCATER V6.22.4.0                                                  01/17/2025  12:11:11  PAGE 6


            CODE    64AAH     001DH     UNIT         ?CO?MAIN
            CODE    64C7H     001DH     UNIT         ?PR?_SYSTIMER_DELAYMS?TIMER
            CODE    64E4H     001DH     UNIT         ?PR?PWM_SPEED_INIT?PWM_SPEED
            CODE    6501H     001CH     UNIT         ?PR?RF_KEY_CHN_REINIT?WIRELESSPROTOCAL
            CODE    651DH     001BH     UNIT         ?PR?I2C_READABYTE?STC8G_H_SOFT_I2C
            CODE    6538H     001AH     UNIT         ?PR?EEPROM_TRIG?STC8G_H_EEPROM
            CODE    6552H     001AH     UNIT         ?PR?AUTODRIVE_TURN_HANDLE?AUTODRIVE
            CODE    656CH     001AH     UNIT         ?CO?UTILS_PRINTF
            CODE    6586H     001AH     UNIT         ?PR?SYSTEM_RESET_CHECK?EEPROM
            CODE    65A0H     0017H     UNIT         ?PR?_DELAY_MS?STC8G_H_DELAY
            CODE    65B7H     0017H     UNIT         ?PR?_DELAY_US?STC8G_H_DELAY
            CODE    65CEH     0017H     UNIT         ?PR?TIMER1_ISR_HANDLER?TIMER
            CODE    65E5H     0016H     UNIT         ?PR?_SYSTIMER_DELAY10MS?TIMER
            CODE    65FBH     0016H     UNIT         ?PR?PWM_SPEED_GET_RIGHT?PWM_SPEED
            CODE    6611H     0016H     UNIT         ?PR?GPS_UART_GPIO_INIT?GPS_UART
            CODE    6627H     0016H     UNIT         ?PR?_QMC6309_READ_BLOCK?QMC6309
            CODE    663DH     0015H     UNIT         ?PR?_AUTODRIVE_SET_TURN_TIMES?AUTODRIVE
            CODE    6652H     0015H     UNIT         ?PR?_STRLEN?STRLEN
            CODE    6667H     0014H     UNIT         ?PR?_LT8920_GETPKT?LT8920_SPI
            CODE    667BH     0014H     UNIT         ?PR?POWER_GPIO_INIT?POWER_ADC
            CODE    668FH     0014H     UNIT         ?PR?_ISSPACE?ISSPACE
            CODE    66A3H     0013H     UNIT         ?PR?_EEPROM_SECTORERASE?STC8G_H_EEPROM
            CODE    66B6H     0011H     UNIT         ?PR?I2C_CHECK_ACK?STC8G_H_SOFT_I2C
            CODE    66C7H     0011H     UNIT         ?PR?SYSTIMER_1MS_INTERRUPT?TIMER
            CODE    66D8H     0010H     UNIT         ?PR?QMC6309_DISABLE?QMC6309
            CODE    66E8H     000FH     UNIT         ?PR?SHIP_LED_SET_HANDLE?LED
            CODE    66F7H     000FH     UNIT         ?PR?_ISDIGIT?ISDIGIT
            CODE    6706H     000EH     UNIT         ?PR?DISABLEEEPROM?STC8G_H_EEPROM
            CODE    6714H     000EH     UNIT         ?PR?WIRELESSPROTOCAL_ACCELERATOR_OUTTIME_CLEAR?WIRELESSPROTOCAL
            CODE    6722H     000DH     UNIT         ?PR?I2C_START?STC8G_H_SOFT_I2C
            CODE    672FH     000DH     UNIT         ?PR?_EP_READSHIPCONFIG?EEPROM
            CODE    673CH     000CH     UNIT         ?PR?I2C_DELAY?STC8G_H_SOFT_I2C
            CODE    6748H     000CH     UNIT         ?PR?_ADC_POWERCONTROL?STC8G_H_ADC
            CODE    6754H     000CH     UNIT         ?PR?_NOWPWMACCELERATOR_SET?PWM_SPEED
            CODE    6760H     000CH     UNIT         ?PR?PWM_ADJUST_RESET?PWM_SPEED
            CODE    676CH     000CH     UNIT         ?PR?_QMC6309_DELAY?QMC6309
            CODE    6778H     000CH     UNIT         ?PR?_ABS?ABS
            CODE    6784H     000AH     UNIT         ?PR?I2C_STOP?STC8G_H_SOFT_I2C
            CODE    678EH     000AH     UNIT         ?PR?S_ACK?STC8G_H_SOFT_I2C
            CODE    6798H     0009H     UNIT         ?PR?CFG_GET_X_OFFSET?EEPROM
            CODE    67A1H     0009H     UNIT         ?PR?CFG_GET_Y_OFFSET?EEPROM
            CODE    67AAH     0009H     UNIT         ?PR?COMPASS_READ_XYZ?COMPASS
            CODE    67B3H     0008H     UNIT         ?PR?S_NOACK?STC8G_H_SOFT_I2C
            CODE    67BBH     0008H     UNIT         ?PR?_PUTCHAR?UTILS_PRINTF
            CODE    67C3H     0007H     UNIT         ?PR?DELAY8US?UTILS_PRINTF
            CODE    67CAH     0007H     UNIT         ?PR?SYSTEM_SOFT_RESET?EEPROM
            CODE    67D1H     0006H     UNIT         ?PR?_DCMOTOR_FRONT_SET?DCMOTOR_GPIO
            CODE    67D7H     0006H     UNIT         ?PR?_DCMOTOR_BACK_SET?DCMOTOR_GPIO
            CODE    67DDH     0006H     UNIT         ?PR?_DCMOTOR_FRONT_SET_RUN_MILLSECONDS?DCMOTOR_GPIO
            CODE    67E3H     0006H     UNIT         ?PR?_DCMOTOR_BACK_SET_RUN_MILLSECONDS?DCMOTOR_GPIO
            CODE    67E9H     0006H     UNIT         ?PR?_RED_LED_SWITCH?LED
            CODE    67EFH     0006H     UNIT         ?PR?_SHIP_LED_SWITCH?LED
            CODE    67F5H     0006H     UNIT         ?PR?_GPIO_PRINT_HL?UTILS_PRINTF
            CODE    67FBH     0006H     UNIT         ?PR?_GPS_POSITION_SET_POSITION_REFRESH_FLAG?NMEA41_PROTOCAL
            CODE    6801H     0006H     UNIT         ?PR?GPS_POSITION_GET_POSITION_REFRESH_FLAG?NMEA41_PROTOCAL
            CODE    6807H     0006H     UNIT         ?PR?POWER_ADC_GET_LEVEL?POWER_ADC
            CODE    680DH     0005H     UNIT         ?PR?AUTODRIVE_GET_MODE?AUTODRIVE
BL51 BANKED LINKER/LOCATER V6.22.4.0                                                  01/17/2025  12:11:11  PAGE 7


            CODE    6812H     0005H     UNIT         ?PR?AUTODRIVE_OVERTIME_FAIL?AUTODRIVE
            CODE    6817H     0005H     UNIT         ?PR?_SYSTIMER_SET_10MSFLAG?TIMER
            CODE    681CH     0005H     UNIT         ?PR?SYSTIMER_GET_10MSFLAG?TIMER
            CODE    6821H     0005H     UNIT         ?PR?GET_DCMOTOR_PWM_CRUISECONTROL_MODE?PWM
            CODE    6826H     0005H     UNIT         ?PR?_SET_DCMOTOR_PWM_CRUISECONTROL_MODE?PWM
            CODE    682BH     0005H     UNIT         ?PR?PWM_SPEED_GET_LEFT?PWM_SPEED
            CODE    6830H     0005H     UNIT         ?PR?POWER_ADC_READ?POWER_ADC
            CODE    6835H     0003H     UNIT         ?PR?NMEA41_GET_EW?NMEA41_PROTOCAL
            CODE    6838H     0003H     UNIT         ?PR?NMEA41_GET_NS?NMEA41_PROTOCAL



OVERLAY MAP OF MODULE:   .\Objects\ship_gps_mid (?C_STARTUP)


SEGMENT                                             BIT_GROUP          DATA_GROUP          XDATA_GROUP
  +--> CALLED SEGMENT                            START    LENGTH     START    LENGTH     START    LENGTH
--------------------------------------------------------------------------------------------------------
?C_C51STARTUP                                    -----    -----      -----    -----      -----    -----
  +--> ?PR?MAIN?MAIN
  +--> ?C_INITSEG

?PR?MAIN?MAIN                                    -----    -----      -----    -----      -----    -----
  +--> ?PR?SYSTIMER_INIT?TIMER
  +--> ?PR?SYSTEM_CONFIG_INIT?EEPROM
  +--> ?PR?LED_IO_INIT?LED
  +--> ?PR?ADC_CONFIG?ADC_CONFIG
  +--> ?PR?POWER_GPIO_INIT?POWER_ADC
  +--> ?PR?PWM_GPIO_CONFIG?PWM_GPIO
  +--> ?PR?DCMOTOR_PWM_INIT?PWM
  +--> ?PR?DCMOTOR_GPIO_CONFIG?DCMOTOR_GPIO
  +--> ?PR?SI2C_GPIO_INIT?STC8G_H_SOFT_I2C
  +--> ?PR?PWM_SPEED_INIT?PWM_SPEED
  +--> ?PR?GPS_UART_GPIO_INIT?GPS_UART
  +--> ?PR?GPS_UART_INIT?GPS_UART
  +--> ?PR?SYSTEM_RESET_CHECK?EEPROM
  +--> ?CO?MAIN
  +--> ?PR?PRINTF?PRINTF
  +--> ?PR?_DELAY_MS?STC8G_H_DELAY
  +--> ?PR?LT89XX_INIT?LT8920_SPI
  +--> ?PR?COMPASS_INIT?COMPASS
  +--> ?PR?AUTODRV_INIT?AUTODRIVE
  +--> ?PR?SYSTIMER_GET_10MSFLAG?TIMER
  +--> ?PR?_SYSTIMER_SET_10MSFLAG?TIMER
  +--> ?PR?RADIO_PROGRESS?WIRELESSPROTOCAL
  +--> ?PR?COMPASS_ANGEL_ADJUST_HANDLE?PWM_S...
  +--> ?PR?RED_LED_REFRESH_HANDLE?LED
  +--> ?PR?SHIP_LED_REFRESH_HANDLE?LED
  +--> ?PR?DCMOTOR_HANDLE?DCMOTOR_GPIO
  +--> ?PR?GPS_UART_DATA_RESOLVE?GPS_UART
  +--> ?PR?POWER_CHECK_HANDLE?POWER_ADC
  +--> ?PR?AUTODRIVE_HANDLE?AUTODRIVE
  +--> ?PR?WIRELESSPROTOCAL_ACCELERATOR_OUTT...

?PR?SYSTIMER_INIT?TIMER                          -----    -----      -----    -----      0502H    0007H
  +--> ?PR?_TIMER_INILIZE?STC8G_H_TIMER
  +--> ?PR?_NVIC_TIMER1_INIT?STC8G_H_NVIC
BL51 BANKED LINKER/LOCATER V6.22.4.0                                                  01/17/2025  12:11:11  PAGE 8



?PR?SYSTEM_CONFIG_INIT?EEPROM                    -----    -----      -----    -----      -----    -----
  +--> ?PR?_EEPROM_READ_N?STC8G_H_EEPROM

?PR?_EEPROM_READ_N?STC8G_H_EEPROM                -----    -----      -----    -----      0502H    0007H
  +--> ?PR?EEPROM_TRIG?STC8G_H_EEPROM
  +--> ?PR?DISABLEEEPROM?STC8G_H_EEPROM

?PR?LED_IO_INIT?LED                              -----    -----      -----    -----      0502H    0002H
  +--> ?PR?_GPIO_INILIZE?STC8G_H_GPIO

?PR?ADC_CONFIG?ADC_CONFIG                        -----    -----      -----    -----      0502H    0005H
  +--> ?PR?_ADC_INILIZE?STC8G_H_ADC
  +--> ?PR?_ADC_POWERCONTROL?STC8G_H_ADC
  +--> ?PR?_NVIC_ADC_INIT?STC8G_H_NVIC

?PR?POWER_GPIO_INIT?POWER_ADC                    -----    -----      -----    -----      0502H    0002H
  +--> ?PR?_GPIO_INILIZE?STC8G_H_GPIO

?PR?PWM_GPIO_CONFIG?PWM_GPIO                     -----    -----      -----    -----      0502H    0002H
  +--> ?PR?_GPIO_INILIZE?STC8G_H_GPIO

?PR?DCMOTOR_PWM_INIT?PWM                         -----    -----      -----    -----      0502H    0009H
  +--> ?PR?_PWM_CONFIGURATION?STC8H_PWM
  +--> ?PR?_NVIC_PWM_INIT?STC8G_H_NVIC
  +--> ?PR?_DCMOTOR_DIRECTION_SET?PWM
  +--> ?PR?_DCMOTOR_MRIGHT_PWM_SET?PWM

?PR?_DCMOTOR_MRIGHT_PWM_SET?PWM                  -----    -----      -----    -----      -----    -----
  +--> ?PR?_UPDATEPWM?STC8H_PWM

?PR?DCMOTOR_GPIO_CONFIG?DCMOTOR_GPIO             -----    -----      -----    -----      0502H    0002H
  +--> ?PR?_GPIO_INILIZE?STC8G_H_GPIO
  +--> ?PR?_DCMOTOR_FRONT_SET?DCMOTOR_GPIO
  +--> ?PR?_DCMOTOR_BACK_SET?DCMOTOR_GPIO

?PR?SI2C_GPIO_INIT?STC8G_H_SOFT_I2C              -----    -----      -----    -----      0502H    0002H
  +--> ?PR?_GPIO_INILIZE?STC8G_H_GPIO

?PR?GPS_UART_GPIO_INIT?GPS_UART                  -----    -----      -----    -----      0502H    0002H
  +--> ?PR?_GPIO_INILIZE?STC8G_H_GPIO

?PR?GPS_UART_INIT?GPS_UART                       -----    -----      -----    -----      0502H    0009H
  +--> ?PR?_UART_CONFIGURATION?STC8G_H_UART
  +--> ?PR?_NVIC_UART2_INIT?STC8G_H_NVIC

?PR?_UART_CONFIGURATION?STC8G_H_UART             -----    -----      -----    -----      050BH    0007H

?PR?SYSTEM_RESET_CHECK?EEPROM                    -----    -----      -----    -----      -----    -----
  +--> ?CO?EEPROM
  +--> ?PR?PRINTF?PRINTF

?PR?PRINTF?PRINTF                                0020H.2  0001H.1    0008H    0005H      051DH    0030H
  +--> ?PR?_PUTCHAR?UTILS_PRINTF

?PR?_PUTCHAR?UTILS_PRINTF                        -----    -----      -----    -----      -----    -----
  +--> ?PR?_SOFT_PUT_CHAR?UTILS_PRINTF
BL51 BANKED LINKER/LOCATER V6.22.4.0                                                  01/17/2025  12:11:11  PAGE 9



?PR?_SOFT_PUT_CHAR?UTILS_PRINTF                  -----    -----      -----    -----      -----    -----
  +--> ?PR?_GPIO_PRINT_HL?UTILS_PRINTF
  +--> ?PR?DELAY8US?UTILS_PRINTF

?PR?DELAY8US?UTILS_PRINTF                        -----    -----      000DH    0001H      -----    -----

?PR?LT89XX_INIT?LT8920_SPI                       -----    -----      -----    -----      0502H    0007H
  +--> ?CO?LT8920_SPI
  +--> ?PR?_GPIO_INILIZE?STC8G_H_GPIO
  +--> ?PR?_DELAY_MS?STC8G_H_DELAY
  +--> ?PR?_LT_WRITEREG?LT8920_SPI
  +--> ?PR?_LT_READREG?LT8920_SPI
  +--> ?PR?PRINTF?PRINTF

?PR?_LT_WRITEREG?LT8920_SPI                      -----    -----      -----    -----      052BH    0004H
  +--> ?PR?_SPI_SENDBYTE?LT8920_SPI

?PR?_LT_READREG?LT8920_SPI                       -----    -----      -----    -----      -----    -----
  +--> ?PR?_SPI_SENDBYTE?LT8920_SPI
  +--> ?PR?_SPI_READBYTE?LT8920_SPI

?PR?COMPASS_INIT?COMPASS                         -----    -----      -----    -----      -----    -----
  +--> ?PR?QMC6309_INIT?QMC6309
  +--> ?PR?CFG_GET_X_OFFSET?EEPROM
  +--> ?PR?CFG_GET_Y_OFFSET?EEPROM

?PR?QMC6309_INIT?QMC6309                         -----    -----      -----    -----      0502H    0002H
  +--> ?CO?QMC6309
  +--> ?PR?QMC6309_GET_CHIPID?QMC6309
  +--> ?PR?QMC6309_SOFT_RESET?QMC6309
  +--> ?PR?QMC6309_DISABLE?QMC6309
  +--> ?PR?_QMC6309_INIT_PARA?QMC6309
  +--> ?PR?QMC6309_ENABLE?QMC6309
  +--> ?PR?PRINTF?PRINTF

?PR?QMC6309_GET_CHIPID?QMC6309                   -----    -----      -----    -----      0504H    0001H
  +--> ?PR?_QMC6309_READ_BLOCK?QMC6309
  +--> ?CO?QMC6309
  +--> ?PR?PRINTF?PRINTF

?PR?_QMC6309_READ_BLOCK?QMC6309                  -----    -----      -----    -----      0527H    0005H
  +--> ?PR?_SI2C_READNBYTE?STC8G_H_SOFT_I2C

?PR?_SI2C_READNBYTE?STC8G_H_SOFT_I2C             -----    -----      -----    -----      052CH    0006H
  +--> ?PR?I2C_START?STC8G_H_SOFT_I2C
  +--> ?PR?I2C_CHECK_ACK?STC8G_H_SOFT_I2C
  +--> ?PR?_I2C_WRITEABYTE?STC8G_H_SOFT_I2C
  +--> ?PR?I2C_READABYTE?STC8G_H_SOFT_I2C
  +--> ?PR?S_ACK?STC8G_H_SOFT_I2C
  +--> ?PR?S_NOACK?STC8G_H_SOFT_I2C
  +--> ?PR?I2C_STOP?STC8G_H_SOFT_I2C

?PR?I2C_START?STC8G_H_SOFT_I2C                   -----    -----      -----    -----      -----    -----
  +--> ?PR?I2C_DELAY?STC8G_H_SOFT_I2C

?PR?I2C_CHECK_ACK?STC8G_H_SOFT_I2C               -----    -----      -----    -----      -----    -----
BL51 BANKED LINKER/LOCATER V6.22.4.0                                                  01/17/2025  12:11:11  PAGE 10


  +--> ?PR?_I2C_WRITEABYTE?STC8G_H_SOFT_I2C
  +--> ?PR?I2C_DELAY?STC8G_H_SOFT_I2C

?PR?_I2C_WRITEABYTE?STC8G_H_SOFT_I2C             -----    -----      -----    -----      -----    -----
  +--> ?PR?I2C_DELAY?STC8G_H_SOFT_I2C

?PR?I2C_READABYTE?STC8G_H_SOFT_I2C               -----    -----      -----    -----      -----    -----
  +--> ?PR?I2C_DELAY?STC8G_H_SOFT_I2C

?PR?S_ACK?STC8G_H_SOFT_I2C                       -----    -----      -----    -----      -----    -----
  +--> ?PR?I2C_DELAY?STC8G_H_SOFT_I2C

?PR?S_NOACK?STC8G_H_SOFT_I2C                     -----    -----      -----    -----      -----    -----
  +--> ?PR?I2C_DELAY?STC8G_H_SOFT_I2C

?PR?I2C_STOP?STC8G_H_SOFT_I2C                    -----    -----      -----    -----      -----    -----
  +--> ?PR?I2C_DELAY?STC8G_H_SOFT_I2C

?PR?QMC6309_SOFT_RESET?QMC6309                   -----    -----      -----    -----      0504H    0005H
  +--> ?CO?QMC6309
  +--> ?PR?PRINTF?PRINTF
  +--> ?PR?_QMC6309_WRITE_REG?QMC6309
  +--> ?PR?_QMC6309_DELAY?QMC6309
  +--> ?PR?_QMC6309_READ_BLOCK?QMC6309

?PR?_QMC6309_WRITE_REG?QMC6309                   -----    -----      -----    -----      0509H    0001H
  +--> ?PR?_SI2C_WRITENBYTE?STC8G_H_SOFT_I2C

?PR?_SI2C_WRITENBYTE?STC8G_H_SOFT_I2C            -----    -----      -----    -----      050AH    0006H
  +--> ?PR?I2C_START?STC8G_H_SOFT_I2C
  +--> ?PR?_I2C_WRITEABYTE?STC8G_H_SOFT_I2C
  +--> ?PR?I2C_CHECK_ACK?STC8G_H_SOFT_I2C
  +--> ?PR?I2C_STOP?STC8G_H_SOFT_I2C

?PR?_QMC6309_DELAY?QMC6309                       -----    -----      -----    -----      -----    -----
  +--> ?PR?_SYSTIMER_DELAYMS?TIMER

?PR?QMC6309_DISABLE?QMC6309                      -----    -----      -----    -----      -----    -----
  +--> ?CO?QMC6309
  +--> ?PR?PRINTF?PRINTF
  +--> ?PR?_QMC6309_WRITE_REG?QMC6309

?PR?QMC6309_ENABLE?QMC6309                       -----    -----      -----    -----      0504H    0005H
  +--> ?CO?QMC6309
  +--> ?PR?PRINTF?PRINTF
  +--> ?PR?_QMC6309_DELAY?QMC6309
  +--> ?PR?_QMC6309_WRITE_REG?QMC6309
  +--> ?PR?_QMC6309_READ_BLOCK?QMC6309

?PR?AUTODRV_INIT?AUTODRIVE                       -----    -----      -----    -----      -----    -----
  +--> ?PR?_EP_READSHIPCONFIG?EEPROM
  +--> ?CO?AUTODRIVE
  +--> ?PR?PRINTF?PRINTF

?PR?_EP_READSHIPCONFIG?EEPROM                    -----    -----      -----    -----      -----    -----
  +--> ?PR?_EEPROM_READ_N?STC8G_H_EEPROM

BL51 BANKED LINKER/LOCATER V6.22.4.0                                                  01/17/2025  12:11:11  PAGE 11


?PR?RADIO_PROGRESS?WIRELESSPROTOCAL              -----    -----      -----    -----      -----    -----
  +--> ?PR?_RF_PAIR?WIRELESSPROTOCAL
  +--> ?PR?_RF_ENCRYPT_CONFIG?WIRELESSPROTOCAL
  +--> ?PR?_RF_SEND_GPS_DATA?WIRELESSPROTOCAL
  +--> ?PR?_RF_RECEIVE?LT8920_SPI

?PR?_RF_PAIR?WIRELESSPROTOCAL                    -----    -----      -----    -----      0502H    0006H
  +--> ?CO?WIRELESSPROTOCAL
  +--> ?PR?_RF_KEY_FORMAT?WIRELESSPROTOCAL
  +--> ?PR?_WIRELESS_SEND?WIRELESSPROTOCAL
  +--> ?PR?PRINTF?PRINTF

?PR?_RF_KEY_FORMAT?WIRELESSPROTOCAL              -----    -----      -----    -----      0508H    0003H
  +--> ?PR?_RF_PAIR_GET_KEY?WIRELESSPROTOCAL
  +--> ?PR?_RF_PAIR_GET_CHANNEL?WIRELESSPROT...

?PR?_WIRELESS_SEND?WIRELESSPROTOCAL              -----    -----      -----    -----      051DH    0008H
  +--> ?PR?_CAL_CHECKSUM_XOR?UTILS_CHECKSUM
  +--> ?PR?_LT8920_TXDATA?LT8920_SPI

?PR?_CAL_CHECKSUM_XOR?UTILS_CHECKSUM             -----    -----      -----    -----      0525H    0006H

?PR?_LT8920_TXDATA?LT8920_SPI                    -----    -----      -----    -----      0525H    0006H
  +--> ?PR?_LT_WRITEREG?LT8920_SPI
  +--> ?PR?_LT_WRITEBUF?LT8920_SPI
  +--> ?PR?_LT8920_GETPKT?LT8920_SPI
  +--> ?PR?_DELAY_US?STC8G_H_DELAY

?PR?_LT_WRITEBUF?LT8920_SPI                      -----    -----      -----    -----      052BH    0006H
  +--> ?PR?_SPI_SENDBYTE?LT8920_SPI

?PR?_LT8920_GETPKT?LT8920_SPI                    -----    -----      -----    -----      -----    -----
  +--> ?PR?_LT_READREG?LT8920_SPI

?PR?_RF_ENCRYPT_CONFIG?WIRELESSPROTOCAL          -----    -----      -----    -----      0502H    0001H
  +--> ?PR?_LT_WRITEREG?LT8920_SPI

?PR?_RF_SEND_GPS_DATA?WIRELESSPROTOCAL           -----    -----      -----    -----      0502H    001BH
  +--> ?CO?WIRELESSPROTOCAL
  +--> ?PR?NMEA41_GET_GPS_NUM?NMEA41_PROTOCAL
  +--> ?PR?NMEA41_GET_ANGEL?NMEA41_PROTOCAL
  +--> ?PR?NMEA41_GET_EW?NMEA41_PROTOCAL
  +--> ?PR?NMEA41_GET_JINGDU1?NMEA41_PROTOCAL
  +--> ?PR?NMEA41_GET_JINGDU2?NMEA41_PROTOCAL
  +--> ?PR?NMEA41_GET_NS?NMEA41_PROTOCAL
  +--> ?PR?NMEA41_GET_WEIDU1?NMEA41_PROTOCAL
  +--> ?PR?NMEA41_GET_WEIDU2?NMEA41_PROTOCAL
  +--> ?PR?POWER_ADC_GET_LEVEL?POWER_ADC
  +--> ?PR?AUTODRIVE_IN_ACTIVE?AUTODRIVE
  +--> ?PR?_WIRELESS_SEND?WIRELESSPROTOCAL

?PR?NMEA41_GET_GPS_NUM?NMEA41_PROTOCAL           -----    -----      -----    -----      051DH    0001H
  +--> ?PR?_STRLEN?STRLEN
  +--> ?PR?_ATOI?ATOI

?PR?_ATOI?ATOI                                   0020H.2  0000H.1    -----    -----      0528H    0005H
  +--> ?PR?_ISSPACE?ISSPACE
BL51 BANKED LINKER/LOCATER V6.22.4.0                                                  01/17/2025  12:11:11  PAGE 12


  +--> ?PR?_ISDIGIT?ISDIGIT

?PR?NMEA41_GET_ANGEL?NMEA41_PROTOCAL             -----    -----      -----    -----      051DH    0002H
  +--> ?PR?_STRLEN?STRLEN
  +--> ?PR?_ATOI?ATOI

?PR?NMEA41_GET_JINGDU1?NMEA41_PROTOCAL           -----    -----      -----    -----      051DH    0002H
  +--> ?PR?_STRLEN?STRLEN
  +--> ?PR?_ATOI?ATOI

?PR?NMEA41_GET_JINGDU2?NMEA41_PROTOCAL           -----    -----      -----    -----      051DH    000BH
  +--> ?PR?_STRLEN?STRLEN
  +--> ?CO?NMEA41_PROTOCAL
  +--> ?PR?_STRSTR?STRSTR
  +--> ?PR?_ATOI?ATOI

?PR?_STRSTR?STRSTR                               -----    -----      -----    -----      0528H    000CH

?PR?NMEA41_GET_WEIDU1?NMEA41_PROTOCAL            -----    -----      -----    -----      051DH    0002H
  +--> ?PR?_STRLEN?STRLEN
  +--> ?PR?_ATOI?ATOI

?PR?NMEA41_GET_WEIDU2?NMEA41_PROTOCAL            -----    -----      -----    -----      051DH    000BH
  +--> ?PR?_STRLEN?STRLEN
  +--> ?CO?NMEA41_PROTOCAL
  +--> ?PR?_STRSTR?STRSTR
  +--> ?PR?_ATOI?ATOI

?PR?_RF_RECEIVE?LT8920_SPI                       -----    -----      -----    -----      0502H    0003H
  +--> ?PR?_LT8920_OPENRX?LT8920_SPI
  +--> ?PR?_LT8920_GETPKT?LT8920_SPI
  +--> ?PR?_LT_READBUF?LT8920_SPI
  +--> ?PR?_WIRELESSPROTOCAL_RECEIVE_HANDLE?...

?PR?_LT8920_OPENRX?LT8920_SPI                    -----    -----      -----    -----      -----    -----
  +--> ?PR?_LT_WRITEREG?LT8920_SPI

?PR?_LT_READBUF?LT8920_SPI                       -----    -----      -----    -----      0505H    0005H
  +--> ?PR?_SPI_SENDBYTE?LT8920_SPI
  +--> ?PR?_SPI_READBYTE?LT8920_SPI

?PR?_WIRELESSPROTOCAL_RECEIVE_HANDLE?...         0020H.0  0000H.2    -----    -----      0505H    0008H
  +--> ?CO?WIRELESSPROTOCAL
  +--> ?PR?PRINTF?PRINTF
  +--> ?PR?_CAL_CHECKSUM_XOR?UTILS_CHECKSUM
  +--> ?PR?_WIRELESSPROTOCAL_RESOLVE_HANDLE?...

?PR?_WIRELESSPROTOCAL_RESOLVE_HANDLE?...         -----    -----      -----    -----      050DH    0005H
  +--> ?PR?COMPASS_CALIB_START?COMPASS
  +--> ?PR?_WIRELESSPROTOCAL_ACCELERATOR_RES...
  +--> ?PR?_AUTODRIVE_SET_RETURNPOSITION?AUT...
  +--> ?PR?_AUTODRIVE_SET_FISHPOSITION?AUTOD...
  +--> ?PR?_AUTODRIVE_SET_SWITCH?AUTODRIVE

?PR?COMPASS_CALIB_START?COMPASS                  -----    -----      -----    -----      -----    -----
  +--> ?PR?_DCMOTOR_DIRECTION_SET?PWM
  +--> ?PR?_DCMOTOR_MRIGHT_PWM_SET?PWM
BL51 BANKED LINKER/LOCATER V6.22.4.0                                                  01/17/2025  12:11:11  PAGE 13


  +--> ?PR?_DCMOTOR_MLEFT_PWM_SET?PWM

?PR?_DCMOTOR_MLEFT_PWM_SET?PWM                   -----    -----      -----    -----      -----    -----
  +--> ?PR?_UPDATEPWM?STC8H_PWM

?PR?_WIRELESSPROTOCAL_ACCELERATOR_RES...         -----    -----      -----    -----      0512H    0003H
  +--> ?PR?_WIRELESSPROTOCA_MOTOR_CONTROL?WI...
  +--> ?PR?_WIRELESSPROTOCA_KEY_CONTROL?WIRE...
  +--> ?PR?WIRELESSPROTOCAL_ACCELERATOR_OUTT...

?PR?_WIRELESSPROTOCA_MOTOR_CONTROL?WI...         -----    -----      -----    -----      0515H    0004H
  +--> ?PR?_ABS?ABS
  +--> ?PR?COMPASS_CACHE_INIT_ANGEL?PWM_SPEED
  +--> ?PR?_DCMOTOR_DIRECTION_SET?PWM
  +--> ?PR?_NOWPWMACCELERATOR_SET?PWM_SPEED
  +--> ?PR?PWM_SPEED_GET_RIGHT?PWM_SPEED
  +--> ?PR?_DCMOTOR_MRIGHT_PWM_SET?PWM
  +--> ?PR?PWM_SPEED_GET_LEFT?PWM_SPEED
  +--> ?PR?_DCMOTOR_MLEFT_PWM_SET?PWM
  +--> ?PR?GET_DCMOTOR_PWM_CRUISECONTROL_MOD...
  +--> ?PR?_SET_DCMOTOR_PWM_CRUISECONTROL_MO...
  +--> ?PR?COMPASS_CACHE_INIT_ANGEL_DELAY?PW...
  +--> ?PR?DCMOTOR_PWM_CRUISECONTROL_RESET_H...
  +--> ?PR?PWM_ADJUST_RESET?PWM_SPEED

?PR?COMPASS_CACHE_INIT_ANGEL?PWM_SPEED           -----    -----      -----    -----      0519H    0004H
  +--> ?PR?_SYSTIMER_DELAY10MS?TIMER
  +--> ?PR?COMPASS_READ_XYZ?COMPASS
  +--> ?PR?COMPASS_GET_ANGLE?COMPASS
  +--> ?CO?PWM_SPEED
  +--> ?PR?PRINTF?PRINTF

?PR?COMPASS_READ_XYZ?COMPASS                     -----    -----      -----    -----      -----    -----
  +--> ?PR?_QMC6309_READ_MAG_RAW?QMC6309

?PR?_QMC6309_READ_MAG_RAW?QMC6309                -----    -----      -----    -----      051DH    000AH
  +--> ?PR?_QMC6309_READ_BLOCK?QMC6309

?PR?COMPASS_GET_ANGLE?COMPASS                    -----    -----      -----    -----      051DH    0008H
  +--> ?PR?ATAN?ATAN

?PR?ATAN?ATAN                                    0020H.2  0000H.2    -----    -----      0525H    0004H

?PR?COMPASS_CACHE_INIT_ANGEL_DELAY?PW...         -----    -----      -----    -----      0519H    0004H
  +--> ?PR?_SYSTIMER_DELAY10MS?TIMER
  +--> ?PR?COMPASS_READ_XYZ?COMPASS
  +--> ?PR?COMPASS_GET_ANGLE?COMPASS
  +--> ?CO?PWM_SPEED
  +--> ?PR?PRINTF?PRINTF

?PR?DCMOTOR_PWM_CRUISECONTROL_RESET_H...         -----    -----      -----    -----      -----    -----
  +--> ?PR?_DCMOTOR_DIRECTION_SET?PWM
  +--> ?PR?_NOWPWMACCELERATOR_SET?PWM_SPEED
  +--> ?PR?PWM_SPEED_GET_RIGHT?PWM_SPEED
  +--> ?PR?_DCMOTOR_MRIGHT_PWM_SET?PWM
  +--> ?PR?PWM_SPEED_GET_LEFT?PWM_SPEED
  +--> ?PR?_DCMOTOR_MLEFT_PWM_SET?PWM
BL51 BANKED LINKER/LOCATER V6.22.4.0                                                  01/17/2025  12:11:11  PAGE 14



?PR?_WIRELESSPROTOCA_KEY_CONTROL?WIRE...         -----    -----      -----    -----      0515H    0002H
  +--> ?PR?SHIP_LED_SET_HANDLE?LED
  +--> ?PR?_DCMOTOR_FRONT_SET_RUN_MILLSECOND...
  +--> ?PR?_DCMOTOR_BACK_SET_RUN_MILLSECONDS...
  +--> ?PR?_SET_DCMOTOR_PWM_CRUISECONTROL_MO...
  +--> ?PR?DCMOTOR_PWM_CRUISECONTROL_RESET_H...
  +--> ?PR?_NOWPWMACCELERATOR_SET?PWM_SPEED
  +--> ?PR?_AUTODRIVE_SET_MODE?AUTODRIVE

?PR?_AUTODRIVE_SET_MODE?AUTODRIVE                -----    -----      -----    -----      0517H    0001H
  +--> ?PR?_DCMOTOR_DIRECTION_SET?PWM
  +--> ?PR?_DCMOTOR_MRIGHT_PWM_SET?PWM
  +--> ?PR?_DCMOTOR_MLEFT_PWM_SET?PWM
  +--> ?PR?_NOWPWMACCELERATOR_SET?PWM_SPEED

?PR?_AUTODRIVE_SET_RETURNPOSITION?AUT...         -----    -----      -----    -----      0512H    0003H
  +--> ?CO?AUTODRIVE
  +--> ?PR?PRINTF?PRINTF
  +--> ?PR?_AUTODRIVE_IS_CAN_ACTIVE?AUTODRIVE
  +--> ?PR?_AUTODRIVE_SET_MODE?AUTODRIVE

?PR?_AUTODRIVE_IS_CAN_ACTIVE?AUTODRIVE           -----    -----      -----    -----      0515H    0005H
  +--> ?PR?NMEA41_GET_GPS_NUM?NMEA41_PROTOCAL
  +--> ?PR?_AUTODRIVE_GET_DISTANCE_NOWPOSITI...
  +--> ?CO?AUTODRIVE
  +--> ?PR?PRINTF?PRINTF

?PR?_AUTODRIVE_GET_DISTANCE_NOWPOSITI...         -----    -----      -----    -----      051AH    0018H
  +--> ?PR?_CAL_DISTANCE_JINGDU?AUTODRIVE
  +--> ?PR?_CAL_DISTANCE_WEIDU?AUTODRIVE
  +--> ?PR?SQRT?SQRT

?PR?_CAL_DISTANCE_JINGDU?AUTODRIVE               -----    -----      -----    -----      0532H    0012H

?PR?_CAL_DISTANCE_WEIDU?AUTODRIVE                -----    -----      -----    -----      0532H    0012H

?PR?SQRT?SQRT                                    -----    -----      -----    -----      0532H    0004H

?PR?_AUTODRIVE_SET_FISHPOSITION?AUTOD...         -----    -----      -----    -----      0512H    0003H
  +--> ?CO?AUTODRIVE
  +--> ?PR?PRINTF?PRINTF
  +--> ?PR?_AUTODRIVE_IS_CAN_ACTIVE?AUTODRIVE
  +--> ?PR?_AUTODRIVE_SET_MODE?AUTODRIVE

?PR?_AUTODRIVE_SET_SWITCH?AUTODRIVE              -----    -----      -----    -----      -----    -----
  +--> ?PR?_EP_SAVESHIPCONFIG?EEPROM

?PR?_EP_SAVESHIPCONFIG?EEPROM                    -----    -----      -----    -----      0512H    0006H
  +--> ?PR?_EEPROM_SECTORERASE?STC8G_H_EEPROM
  +--> ?PR?_EEPROM_WRITE_N?STC8G_H_EEPROM

?PR?_EEPROM_SECTORERASE?STC8G_H_EEPROM           -----    -----      -----    -----      -----    -----
  +--> ?PR?EEPROM_TRIG?STC8G_H_EEPROM
  +--> ?PR?DISABLEEEPROM?STC8G_H_EEPROM

?PR?_EEPROM_WRITE_N?STC8G_H_EEPROM               -----    -----      -----    -----      0518H    0007H
BL51 BANKED LINKER/LOCATER V6.22.4.0                                                  01/17/2025  12:11:11  PAGE 15


  +--> ?PR?EEPROM_TRIG?STC8G_H_EEPROM
  +--> ?PR?DISABLEEEPROM?STC8G_H_EEPROM

?PR?COMPASS_ANGEL_ADJUST_HANDLE?PWM_S...         -----    -----      -----    -----      0502H    0005H
  +--> ?PR?COMPASS_READ_XYZ?COMPASS
  +--> ?PR?COMPASS_CALIB_HANDLE?COMPASS
  +--> ?PR?COMPASS_GET_ANGLE?COMPASS
  +--> ?PR?_ABS?ABS
  +--> ?CO?PWM_SPEED
  +--> ?PR?PRINTF?PRINTF
  +--> ?PR?PWM_SPEED_GET_RIGHT?PWM_SPEED
  +--> ?PR?_DCMOTOR_MRIGHT_PWM_SET?PWM
  +--> ?PR?PWM_SPEED_GET_LEFT?PWM_SPEED
  +--> ?PR?_DCMOTOR_MLEFT_PWM_SET?PWM

?PR?COMPASS_CALIB_HANDLE?COMPASS                 -----    -----      -----    -----      -----    -----
  +--> ?PR?COMPASS_CALIB_OK?COMPASS
  +--> ?PR?_DCMOTOR_DIRECTION_SET?PWM
  +--> ?PR?_DCMOTOR_MRIGHT_PWM_SET?PWM
  +--> ?PR?_DCMOTOR_MLEFT_PWM_SET?PWM
  +--> ?PR?_NOWPWMACCELERATOR_SET?PWM_SPEED

?PR?COMPASS_CALIB_OK?COMPASS                     -----    -----      -----    -----      -----    -----
  +--> ?PR?_SYSTEM_CONFIG_SAVE?EEPROM
  +--> ?CO?COMPASS
  +--> ?PR?PRINTF?PRINTF

?PR?_SYSTEM_CONFIG_SAVE?EEPROM                   -----    -----      -----    -----      -----    -----
  +--> ?PR?_EEPROM_SECTORERASE?STC8G_H_EEPROM
  +--> ?PR?_EEPROM_WRITE_N?STC8G_H_EEPROM

?PR?RED_LED_REFRESH_HANDLE?LED                   -----    -----      -----    -----      -----    -----
  +--> ?PR?_RED_LED_SWITCH?LED

?PR?SHIP_LED_REFRESH_HANDLE?LED                  -----    -----      -----    -----      -----    -----
  +--> ?PR?_SHIP_LED_SWITCH?LED

?PR?DCMOTOR_HANDLE?DCMOTOR_GPIO                  -----    -----      -----    -----      -----    -----
  +--> ?PR?_DCMOTOR_FRONT_SET?DCMOTOR_GPIO
  +--> ?PR?_DCMOTOR_BACK_SET?DCMOTOR_GPIO

?PR?GPS_UART_DATA_RESOLVE?GPS_UART               -----    -----      -----    -----      0502H    0009H
  +--> ?PR?_NMEA41_PROTOCAL_RESOLVE_HANDLE?N...

?PR?_NMEA41_PROTOCAL_RESOLVE_HANDLE?N...         -----    -----      -----    -----      050BH    0008H
  +--> ?CO?NMEA41_PROTOCAL
  +--> ?PR?_NMEA41_RESOLVE_VTG?NMEA41_PROTOCAL
  +--> ?PR?_NMEA41_RESOLVE_GGA?NMEA41_PROTOCAL
  +--> ?PR?_NMEA41_RESOLVE_GSV?NMEA41_PROTOCAL
  +--> ?PR?PRINTF?PRINTF

?PR?_NMEA41_RESOLVE_VTG?NMEA41_PROTOCAL          -----    -----      -----    -----      0513H    0005H
  +--> ?PR?_GET_NTIME_STRING_BYCHAR?UTILS_SP...

?PR?_GET_NTIME_STRING_BYCHAR?UTILS_SP...         -----    -----      -----    -----      0518H    0011H
  +--> ?PR?_STRNCPY?STRNCPY

BL51 BANKED LINKER/LOCATER V6.22.4.0                                                  01/17/2025  12:11:11  PAGE 16


?PR?_STRNCPY?STRNCPY                             -----    -----      -----    -----      0529H    000AH

?PR?_NMEA41_RESOLVE_GGA?NMEA41_PROTOCAL          -----    -----      -----    -----      0513H    0005H
  +--> ?PR?_GET_NTIME_STRING_BYCHAR?UTILS_SP...
  +--> ?PR?_GPS_POSITION_SET_POSITION_REFRES...

?PR?_NMEA41_RESOLVE_GSV?NMEA41_PROTOCAL          -----    -----      -----    -----      0513H    0005H
  +--> ?PR?_GET_NTIME_STRING_BYCHAR?UTILS_SP...

?PR?POWER_CHECK_HANDLE?POWER_ADC                 -----    -----      -----    -----      -----    -----
  +--> ?PR?POWER_ADC_READ?POWER_ADC

?PR?POWER_ADC_READ?POWER_ADC                     -----    -----      -----    -----      -----    -----
  +--> ?PR?_GET_ADCRESULT?STC8G_H_ADC

?PR?_GET_ADCRESULT?STC8G_H_ADC                   -----    -----      -----    -----      0502H    0002H

?PR?AUTODRIVE_HANDLE?AUTODRIVE                   -----    -----      -----    -----      0502H    0005H
  +--> ?PR?NMEA41_GET_JINGDU1?NMEA41_PROTOCAL
  +--> ?PR?NMEA41_GET_JINGDU2?NMEA41_PROTOCAL
  +--> ?PR?NMEA41_GET_WEIDU1?NMEA41_PROTOCAL
  +--> ?PR?NMEA41_GET_WEIDU2?NMEA41_PROTOCAL
  +--> ?PR?_SET_DCMOTOR_PWM_CRUISECONTROL_MO...
  +--> ?PR?AUTODRIVE_GET_MODE?AUTODRIVE
  +--> ?PR?_AUTODRIVE_GET_DIRECTION_NOWPOSIT...
  +--> ?PR?_AUTODRIVE_START_RUN_LINE?AUTODRIVE
  +--> ?PR?_DCMOTOR_DIRECTION_SET?PWM
  +--> ?PR?_DCMOTOR_MLEFT_PWM_SET?PWM
  +--> ?PR?_DCMOTOR_MRIGHT_PWM_SET?PWM
  +--> ?PR?_AUTODRIVE_SET_TURN_TIMES?AUTODRIVE
  +--> ?PR?AUTODRIVE_TURN_HANDLE?AUTODRIVE
  +--> ?PR?_AUTODRIVE_SET_MODE?AUTODRIVE
  +--> ?PR?AUTODRIVE_OVERTIME_FAIL?AUTODRIVE
  +--> ?PR?GPS_POSITION_GET_POSITION_REFRESH...
  +--> ?PR?_GPS_POSITION_SET_POSITION_REFRES...
  +--> ?PR?_AUTODRIVE_GET_ANGEL_NOWPOSITION_...
  +--> ?PR?_AUTODRIVE_GET_DISTANCE_NOWPOSITI...
  +--> ?PR?_AUTODRIVE_GET_NORTH_ANGEL?AUTODRIVE
  +--> ?CO?AUTODRIVE
  +--> ?PR?PRINTF?PRINTF
  +--> ?PR?NMEA41_GET_ANGEL?NMEA41_PROTOCAL
  +--> ?PR?_NOWPWMACCELERATOR_SET?PWM_SPEED

?PR?_AUTODRIVE_GET_DIRECTION_NOWPOSIT...         -----    -----      -----    -----      0507H    000DH

?PR?_AUTODRIVE_START_RUN_LINE?AUTODRIVE          -----    -----      -----    -----      0507H    0002H
  +--> ?PR?_DCMOTOR_DIRECTION_SET?PWM
  +--> ?PR?_NOWPWMACCELERATOR_SET?PWM_SPEED
  +--> ?PR?COMPASS_CACHE_INIT_ANGEL_DELAY?PW...

?PR?AUTODRIVE_TURN_HANDLE?AUTODRIVE              -----    -----      -----    -----      -----    -----
  +--> ?PR?_AUTODRIVE_START_RUN_LINE?AUTODRIVE

?PR?_AUTODRIVE_GET_ANGEL_NOWPOSITION_...         -----    -----      -----    -----      0507H    001CH
  +--> ?PR?_CAL_DISTANCE_JINGDU?AUTODRIVE
  +--> ?PR?_CAL_DISTANCE_WEIDU?AUTODRIVE
  +--> ?PR?SQRT?SQRT
BL51 BANKED LINKER/LOCATER V6.22.4.0                                                  01/17/2025  12:11:11  PAGE 17


  +--> ?PR?ATAN?ATAN

?PR?WIRELESSPROTOCAL_ACCELERATOR_OUTT...         -----    -----      -----    -----      -----    -----
  +--> ?PR?LOWPOWER_BACK_CHECK?WIRELESSPROTOCAL
  +--> ?CO?WIRELESSPROTOCAL
  +--> ?PR?PRINTF?PRINTF
  +--> ?PR?AUTODRIVE_ACTIVE?AUTODRIVE
  +--> ?PR?AUTODRIVE_GET_MODE?AUTODRIVE
  +--> ?PR?_DCMOTOR_DIRECTION_SET?PWM
  +--> ?PR?_DCMOTOR_MRIGHT_PWM_SET?PWM
  +--> ?PR?_DCMOTOR_MLEFT_PWM_SET?PWM
  +--> ?PR?_SET_DCMOTOR_PWM_CRUISECONTROL_MO...
  +--> ?PR?SYSTEM_SOFT_RESET?EEPROM
  +--> ?PR?RF_KEY_CHN_REINIT?WIRELESSPROTOCAL

?PR?LOWPOWER_BACK_CHECK?WIRELESSPROTOCAL         -----    -----      -----    -----      -----    -----
  +--> ?PR?POWER_ADC_GET_LEVEL?POWER_ADC
  +--> ?PR?AUTODRIVE_GET_MODE?AUTODRIVE
  +--> ?PR?AUTODRIVE_ACTIVE?AUTODRIVE

?PR?AUTODRIVE_ACTIVE?AUTODRIVE                   -----    -----      -----    -----      -----    -----
  +--> ?PR?_AUTODRIVE_IS_CAN_ACTIVE?AUTODRIVE
  +--> ?PR?_AUTODRIVE_SET_MODE?AUTODRIVE
  +--> ?CO?AUTODRIVE
  +--> ?PR?PRINTF?PRINTF

?PR?RF_KEY_CHN_REINIT?WIRELESSPROTOCAL           -----    -----      -----    -----      0502H    0004H
  +--> ?CO?WIRELESSPROTOCAL
  +--> ?PR?_RF_KEY_FORMAT?WIRELESSPROTOCAL

*** NEW ROOT ***************************************************

?PR?TIMER1_ISR_HANDLER?TIMER                     -----    -----      -----    -----      -----    -----
  +--> ?PR?SYSTIMER_1MS_INTERRUPT?TIMER

?PR?SYSTIMER_1MS_INTERRUPT?TIMER                 -----    -----      -----    -----      -----    -----
  +--> ?PR?_SYSTIMER_SET_10MSFLAG?TIMER

*** NEW ROOT ***************************************************

?PR?UART2_ISR_HANDLER?GPS_UART                   -----    -----      -----    -----      -----    -----
  +--> ?PR?_NMEA41_UART_RX_ISR?GPS_UART

?PR?_NMEA41_UART_RX_ISR?GPS_UART                 -----    -----      -----    -----      054DH    0001H



SYMBOL TABLE OF MODULE:  .\Objects\ship_gps_mid (?C_STARTUP)

  VALUE           TYPE          NAME
  ----------------------------------

  -------         MODULE        ?C_STARTUP
  C:4E86H         SEGMENT       ?C_C51STARTUP
  I:0077H         SEGMENT       ?STACK
  C:0000H         PUBLIC        ?C_STARTUP
  D:00E0H         SYMBOL        ACC
BL51 BANKED LINKER/LOCATER V6.22.4.0                                                  01/17/2025  12:11:11  PAGE 18


  D:00F0H         SYMBOL        B
  D:0083H         SYMBOL        DPH
  D:0082H         SYMBOL        DPL
  N:0000H         SYMBOL        IBPSTACK
  N:0100H         SYMBOL        IBPSTACKTOP
  N:0080H         SYMBOL        IDATALEN
  C:4E89H         SYMBOL        IDATALOOP
  N:0000H         SYMBOL        PBPSTACK
  N:0100H         SYMBOL        PBPSTACKTOP
  N:0000H         SYMBOL        PDATALEN
  N:0000H         SYMBOL        PDATASTART
  N:0000H         SYMBOL        PPAGE
  N:0000H         SYMBOL        PPAGEENABLE
  D:00A0H         SYMBOL        PPAGE_SFR
  D:0081H         SYMBOL        SP
  C:4E86H         SYMBOL        STARTUP1
  N:0000H         SYMBOL        XBPSTACK
  N:0000H         SYMBOL        XBPSTACKTOP
  N:0000H         SYMBOL        XDATALEN
  N:0000H         SYMBOL        XDATASTART
  C:0000H         LINE#         126
  C:4E86H         LINE#         133
  C:4E88H         LINE#         134
  C:4E89H         LINE#         135
  C:4E8AH         LINE#         136
  C:4E8CH         LINE#         185
  C:4E8FH         LINE#         196
  -------         ENDMOD        ?C_STARTUP

  -------         MODULE        STC8G_H_GPIO
  C:0000H         SYMBOL        _ICE_DUMMY_
  D:0093H         PUBLIC        P0M1
  D:0092H         PUBLIC        P1M0
  D:0096H         PUBLIC        P2M0
  D:0091H         PUBLIC        P1M1
  D:0080H         PUBLIC        P0
  D:00B2H         PUBLIC        P3M0
  D:0095H         PUBLIC        P2M1
  D:0090H         PUBLIC        P1
  D:00B4H         PUBLIC        P4M0
  D:00B1H         PUBLIC        P3M1
  D:00A0H         PUBLIC        P2
  D:00CAH         PUBLIC        P5M0
  D:00B3H         PUBLIC        P4M1
  D:00B0H         PUBLIC        P3
  D:00CCH         PUBLIC        P6M0
  D:00C9H         PUBLIC        P5M1
  D:00C0H         PUBLIC        P4
  D:00E2H         PUBLIC        P7M0
  D:00CBH         PUBLIC        P6M1
  D:00C8H         PUBLIC        P5
  D:00E8H         PUBLIC        P6
  D:00E1H         PUBLIC        P7M1
  D:00F8H         PUBLIC        P7
  D:00A8H         PUBLIC        IE
  D:00B8H         PUBLIC        IP
  D:0098H         PUBLIC        SCON
BL51 BANKED LINKER/LOCATER V6.22.4.0                                                  01/17/2025  12:11:11  PAGE 19


  D:0088H         PUBLIC        TCON
  C:24C1H         PUBLIC        _GPIO_Inilize
  D:00D0H         PUBLIC        PSW
  D:0094H         PUBLIC        P0M0
  -------         PROC          _GPIO_INILIZE
  D:0007H         SYMBOL        GPIO
  D:0001H         SYMBOL        GPIOx
  C:24C1H         LINE#         22
  C:24C1H         LINE#         23
  C:24C1H         LINE#         24
  C:24CAH         LINE#         25
  C:24D6H         LINE#         26
  C:24D9H         LINE#         27
  C:24D9H         LINE#         28
  C:24E7H         LINE#         29
  C:24F8H         LINE#         30
  C:2509H         LINE#         31
  C:251AH         LINE#         32
  C:251AH         LINE#         33
  C:251FH         LINE#         34
  C:251FH         LINE#         35
  C:2530H         LINE#         36
  C:253FH         LINE#         37
  C:254FH         LINE#         38
  C:2562H         LINE#         39
  C:2562H         LINE#         40
  C:2567H         LINE#         41
  C:2567H         LINE#         42
  C:2578H         LINE#         43
  C:2587H         LINE#         44
  C:2597H         LINE#         45
  C:25AAH         LINE#         46
  C:25AAH         LINE#         47
  C:25AFH         LINE#         48
  C:25AFH         LINE#         49
  C:25C0H         LINE#         50
  C:25CFH         LINE#         51
  C:25DFH         LINE#         52
  C:25F2H         LINE#         53
  C:25F2H         LINE#         54
  C:25F7H         LINE#         55
  C:25F7H         LINE#         56
  C:2608H         LINE#         57
  C:2617H         LINE#         58
  C:2627H         LINE#         59
  C:263AH         LINE#         60
  C:263AH         LINE#         61
  C:263FH         LINE#         62
  C:263FH         LINE#         63
  C:2650H         LINE#         64
  C:265FH         LINE#         65
  C:266FH         LINE#         66
  C:2682H         LINE#         67
  C:2682H         LINE#         68
  C:2687H         LINE#         69
  C:2687H         LINE#         70
  C:2698H         LINE#         71
BL51 BANKED LINKER/LOCATER V6.22.4.0                                                  01/17/2025  12:11:11  PAGE 20


  C:26A7H         LINE#         72
  C:26B7H         LINE#         73
  C:26CAH         LINE#         74
  C:26CAH         LINE#         75
  C:26CFH         LINE#         76
  C:26CFH         LINE#         77
  C:26E0H         LINE#         78
  C:26EFH         LINE#         79
  C:26FFH         LINE#         80
  C:2712H         LINE#         81
  C:2712H         LINE#         82
  C:2714H         LINE#         83
  -------         ENDPROC       _GPIO_INILIZE
  -------         ENDMOD        STC8G_H_GPIO

  -------         MODULE        STC8G_H_DELAY
  C:0000H         SYMBOL        _ICE_DUMMY_
  D:0080H         PUBLIC        P0
  D:0090H         PUBLIC        P1
  D:00A0H         PUBLIC        P2
  D:00B0H         PUBLIC        P3
  D:00C0H         PUBLIC        P4
  D:00C8H         PUBLIC        P5
  D:00E8H         PUBLIC        P6
  D:00F8H         PUBLIC        P7
  D:00A8H         PUBLIC        IE
  D:00B8H         PUBLIC        IP
  D:0098H         PUBLIC        SCON
  D:0088H         PUBLIC        TCON
  C:65A0H         PUBLIC        _delay_ms
  C:65B7H         PUBLIC        _delay_us
  D:00D0H         PUBLIC        PSW
  -------         PROC          _DELAY_MS
  D:0006H         SYMBOL        ms
  -------         DO            
  D:0004H         SYMBOL        i
  -------         ENDDO         
  C:65A0H         LINE#         24
  C:65A0H         LINE#         25
  C:65A0H         LINE#         27
  C:65A0H         LINE#         28
  C:65A4H         LINE#         29
  C:65ADH         LINE#         30
  C:65B6H         LINE#         31
  -------         ENDPROC       _DELAY_MS
  -------         PROC          _DELAY_US
  D:0006H         SYMBOL        us
  -------         DO            
  D:0004H         SYMBOL        i
  -------         ENDDO         
  C:65B7H         LINE#         33
  C:65B7H         LINE#         34
  C:65B7H         LINE#         36
  C:65B7H         LINE#         37
  C:65BBH         LINE#         38
  C:65C4H         LINE#         39
  C:65CDH         LINE#         40
BL51 BANKED LINKER/LOCATER V6.22.4.0                                                  01/17/2025  12:11:11  PAGE 21


  -------         ENDPROC       _DELAY_US
  -------         ENDMOD        STC8G_H_DELAY

  -------         MODULE        STC8H_PWM
  C:0000H         SYMBOL        _ICE_DUMMY_
  D:0080H         PUBLIC        P0
  D:0090H         PUBLIC        P1
  D:00A0H         PUBLIC        P2
  D:00B0H         PUBLIC        P3
  D:00C0H         PUBLIC        P4
  D:00C8H         PUBLIC        P5
  D:00E8H         PUBLIC        P6
  D:00F8H         PUBLIC        P7
  D:00A8H         PUBLIC        IE
  D:00B8H         PUBLIC        IP
  C:5AF7H         PUBLIC        _UpdatePwm
  D:0098H         PUBLIC        SCON
  D:0088H         PUBLIC        TCON
  C:3518H         PUBLIC        _PWM_Configuration
  D:00D0H         PUBLIC        PSW
  -------         PROC          _PWM_CONFIGURATION
  D:0007H         SYMBOL        PWM
  D:0001H         SYMBOL        PWMx
  C:3518H         LINE#         22
  C:3518H         LINE#         23
  C:3518H         LINE#         24
  C:351DH         LINE#         25
  C:351DH         LINE#         26
  C:3524H         LINE#         27
  C:3528H         LINE#         28
  C:352FH         LINE#         29
  C:353BH         LINE#         31
  C:3548H         LINE#         32
  C:3548H         LINE#         33
  C:354CH         LINE#         34
  C:3553H         LINE#         35
  C:3555H         LINE#         37
  C:3555H         LINE#         38
  C:3559H         LINE#         39
  C:3560H         LINE#         40
  C:3560H         LINE#         41
  C:3567H         LINE#         42
  C:3567H         LINE#         43
  C:356BH         LINE#         44
  C:3572H         LINE#         45
  C:3574H         LINE#         47
  C:3574H         LINE#         48
  C:3578H         LINE#         49
  C:357FH         LINE#         50
  C:357FH         LINE#         52
  C:3594H         LINE#         54
  C:3596H         LINE#         55
  C:3596H         LINE#         57
  C:359BH         LINE#         58
  C:359BH         LINE#         59
  C:35A2H         LINE#         60
  C:35A6H         LINE#         61
BL51 BANKED LINKER/LOCATER V6.22.4.0                                                  01/17/2025  12:11:11  PAGE 22


  C:35ADH         LINE#         62
  C:35B9H         LINE#         64
  C:35C6H         LINE#         65
  C:35C6H         LINE#         66
  C:35CAH         LINE#         67
  C:35D1H         LINE#         68
  C:35D3H         LINE#         70
  C:35D3H         LINE#         71
  C:35D7H         LINE#         72
  C:35DEH         LINE#         73
  C:35DEH         LINE#         74
  C:35E5H         LINE#         75
  C:35E5H         LINE#         76
  C:35E9H         LINE#         77
  C:35F0H         LINE#         78
  C:35F2H         LINE#         80
  C:35F2H         LINE#         81
  C:35F6H         LINE#         82
  C:35FDH         LINE#         83
  C:35FDH         LINE#         85
  C:3613H         LINE#         87
  C:3616H         LINE#         88
  C:3616H         LINE#         90
  C:361BH         LINE#         91
  C:361BH         LINE#         97
  C:3625H         LINE#         98
  C:3638H         LINE#         99
  C:364EH         LINE#         100
  C:3664H         LINE#         102
  C:3667H         LINE#         103
  C:3667H         LINE#         105
  C:3669H         LINE#         106
  -------         ENDPROC       _PWM_CONFIGURATION
  -------         PROC          _UPDATEPWM
  D:0007H         SYMBOL        PWM
  D:0001H         SYMBOL        PWMx
  C:5AF7H         LINE#         115
  C:5AF7H         LINE#         116
  C:5AF7H         LINE#         117
  C:5B04H         LINE#         118
  C:5B04H         LINE#         119
  C:5B04H         LINE#         120
  C:5B0EH         LINE#         121
  C:5B10H         LINE#         123
  C:5B10H         LINE#         124
  C:5B1DH         LINE#         125
  C:5B1FH         LINE#         127
  C:5B1FH         LINE#         128
  C:5B2FH         LINE#         129
  C:5B42H         LINE#         130
  C:5B42H         LINE#         132
  C:5B42H         LINE#         133
  -------         ENDPROC       _UPDATEPWM
  -------         ENDMOD        STC8H_PWM

  -------         MODULE        STC8G_H_SOFT_I2C
  C:0000H         SYMBOL        _ICE_DUMMY_
BL51 BANKED LINKER/LOCATER V6.22.4.0                                                  01/17/2025  12:11:11  PAGE 23


  D:0080H         PUBLIC        P0
  D:0090H         PUBLIC        P1
  D:00A0H         PUBLIC        P2
  C:678EH         PUBLIC        S_ACK
  D:00B0H         PUBLIC        P3
  D:00C0H         PUBLIC        P4
  D:00C8H         PUBLIC        P5
  D:00E8H         PUBLIC        P6
  C:6008H         PUBLIC        _SI2C_WriteNbyte
  D:00F8H         PUBLIC        P7
  D:00A8H         PUBLIC        IE
  C:6743H         PUBLIC        I2C_Delay
  C:651DH         PUBLIC        I2C_ReadAbyte
  D:00B8H         PUBLIC        IP
  C:648DH         PUBLIC        _I2C_WriteAbyte
  C:66BBH         PUBLIC        I2C_Check_ACK
  C:6722H         PUBLIC        I2C_Start
  D:0098H         PUBLIC        SCON
  D:0088H         PUBLIC        TCON
  B:0090H.6       PUBLIC        P16
  B:0090H.7       PUBLIC        P17
  C:67B3H         PUBLIC        S_NoACK
  C:6784H         PUBLIC        I2C_Stop
  B:0090H.6       PUBLIC        SDA
  B:0090H.7       PUBLIC        SCL
  B:00D0H.5       PUBLIC        F0
  C:5877H         PUBLIC        _SI2C_ReadNbyte
  C:60DFH         PUBLIC        SI2C_Gpio_Init
  D:00D0H         PUBLIC        PSW
  -------         PROC          SI2C_GPIO_INIT
  -------         DO            
  X:0502H         SYMBOL        GPIO_InitStructure
  -------         ENDDO         
  C:60DFH         LINE#         20
  C:60DFH         LINE#         23
  C:60E5H         LINE#         24
  C:60EAH         LINE#         25
  C:60F5H         LINE#         28
  C:60FBH         LINE#         29
  C:6101H         LINE#         30
  C:610CH         LINE#         32
  C:610EH         LINE#         33
  C:6110H         LINE#         35
  -------         ENDPROC       SI2C_GPIO_INIT
  C:673CH         SYMBOL        L?0037
  C:673EH         SYMBOL        L?0038
  -------         PROC          L?0036
  -------         ENDPROC       L?0036
  C:673CH         SYMBOL        L?0037
  C:673EH         SYMBOL        L?0038
  -------         PROC          I2C_DELAY
  -------         DO            
  D:0007H         SYMBOL        dly
  -------         ENDDO         
  C:6743H         LINE#         45
  C:6743H         LINE#         46
  C:6743H         LINE#         48
BL51 BANKED LINKER/LOCATER V6.22.4.0                                                  01/17/2025  12:11:11  PAGE 24


  C:6745H         LINE#         49
  C:6747H         LINE#         50
  -------         ENDPROC       I2C_DELAY
  -------         PROC          I2C_START
  C:6722H         LINE#         55
  C:6722H         LINE#         56
  C:6722H         LINE#         57
  C:6722H         LINE#         58
  C:6722H         LINE#         59
  C:6722H         LINE#         60
  C:6725H         LINE#         61
  C:6727H         LINE#         62
  C:672AH         LINE#         63
  C:672CH         LINE#         64
  -------         ENDPROC       I2C_START
  -------         PROC          I2C_STOP
  C:6784H         LINE#         68
  C:6784H         LINE#         69
  C:6784H         LINE#         70
  C:6786H         LINE#         71
  C:6786H         LINE#         72
  C:6786H         LINE#         73
  C:6789H         LINE#         74
  C:678BH         LINE#         75
  -------         ENDPROC       I2C_STOP
  -------         PROC          S_ACK
  C:678EH         LINE#         78
  C:678EH         LINE#         79
  C:678EH         LINE#         80
  C:6790H         LINE#         81
  C:6790H         LINE#         82
  C:6790H         LINE#         83
  C:6793H         LINE#         84
  C:6795H         LINE#         85
  -------         ENDPROC       S_ACK
  -------         PROC          S_NOACK
  C:67B3H         LINE#         88
  C:67B3H         LINE#         89
  C:67B3H         LINE#         90
  C:67B3H         LINE#         91
  C:67B3H         LINE#         92
  C:67B3H         LINE#         93
  C:67B6H         LINE#         94
  C:67B8H         LINE#         95
  -------         ENDPROC       S_NOACK
  -------         PROC          L?0039
  -------         ENDPROC       L?0039
  -------         PROC          I2C_CHECK_ACK
  C:66BBH         LINE#         98
  C:66BBH         LINE#         99
  C:66BBH         LINE#         100
  C:66BBH         LINE#         101
  C:66BBH         LINE#         102
  C:66BBH         LINE#         103
  C:66BEH         LINE#         104
  C:66C2H         LINE#         105
  C:66C4H         LINE#         106
BL51 BANKED LINKER/LOCATER V6.22.4.0                                                  01/17/2025  12:11:11  PAGE 25


  -------         ENDPROC       I2C_CHECK_ACK
  -------         PROC          _I2C_WRITEABYTE
  D:0006H         SYMBOL        dat
  -------         DO            
  D:0005H         SYMBOL        i
  -------         ENDDO         
  C:648DH         LINE#         116
  C:648FH         LINE#         117
  C:648FH         LINE#         119
  C:6491H         LINE#         121
  C:6491H         LINE#         122
  C:6499H         LINE#         123
  C:649BH         LINE#         124
  C:649FH         LINE#         125
  C:649FH         LINE#         126
  C:649FH         LINE#         127
  C:64A2H         LINE#         128
  C:64A4H         LINE#         129
  C:64A7H         LINE#         130
  C:64A7H         LINE#         131
  C:64A9H         LINE#         132
  -------         ENDPROC       _I2C_WRITEABYTE
  -------         PROC          I2C_READABYTE
  -------         DO            
  D:0005H         SYMBOL        i
  D:0006H         SYMBOL        dat
  -------         ENDDO         
  C:651DH         LINE#         141
  C:651DH         LINE#         142
  C:651DH         LINE#         144
  C:651FH         LINE#         145
  C:6521H         LINE#         147
  C:6521H         LINE#         148
  C:6523H         LINE#         149
  C:6526H         LINE#         150
  C:652AH         LINE#         151
  C:652EH         LINE#         152
  C:6530H         LINE#         153
  C:6533H         LINE#         154
  C:6533H         LINE#         155
  C:6535H         LINE#         156
  C:6537H         LINE#         157
  -------         ENDPROC       I2C_READABYTE
  -------         PROC          _SI2C_WRITENBYTE
  D:0006H         SYMBOL        dev_addr
  D:0004H         SYMBOL        mem_addr
  D:0001H         SYMBOL        p
  X:050FH         SYMBOL        number
  C:6008H         LINE#         166
  C:600CH         LINE#         167
  C:600CH         LINE#         168
  C:600FH         LINE#         169
  C:6014H         LINE#         170
  C:6017H         LINE#         171
  C:601AH         LINE#         172
  C:601AH         LINE#         173
  C:601AH         LINE#         174
BL51 BANKED LINKER/LOCATER V6.22.4.0                                                  01/17/2025  12:11:11  PAGE 26


  C:601DH         LINE#         175
  C:6020H         LINE#         176
  C:6020H         LINE#         178
  C:6020H         LINE#         179
  C:602EH         LINE#         180
  C:6031H         LINE#         181
  C:6034H         LINE#         182
  C:6034H         LINE#         183
  C:603CH         LINE#         184
  C:603CH         LINE#         185
  C:603CH         LINE#         186
  -------         ENDPROC       _SI2C_WRITENBYTE
  -------         PROC          _SI2C_READNBYTE
  D:0004H         SYMBOL        dev_addr
  X:052DH         SYMBOL        mem_addr
  D:0001H         SYMBOL        p
  X:0531H         SYMBOL        number
  C:5877H         LINE#         196
  C:587EH         LINE#         197
  C:587EH         LINE#         198
  C:5881H         LINE#         199
  C:5881H         LINE#         200
  C:5884H         LINE#         201
  C:5887H         LINE#         202
  C:5887H         LINE#         203
  C:588CH         LINE#         204
  C:588FH         LINE#         205
  C:5892H         LINE#         206
  C:5892H         LINE#         207
  C:5895H         LINE#         208
  C:589CH         LINE#         209
  C:589FH         LINE#         210
  C:58A2H         LINE#         211
  C:58A2H         LINE#         213
  C:58A2H         LINE#         214
  C:58B0H         LINE#         215
  C:58BBH         LINE#         216
  C:58BBH         LINE#         217
  C:58C3H         LINE#         218
  C:58C6H         LINE#         219
  C:58C6H         LINE#         220
  C:58C6H         LINE#         221
  C:58C6H         LINE#         222
  -------         ENDPROC       _SI2C_READNBYTE
  -------         ENDMOD        STC8G_H_SOFT_I2C

  -------         MODULE        STC8G_H_NVIC
  C:0000H         SYMBOL        _ICE_DUMMY_
  D:0080H         PUBLIC        P0
  D:0090H         PUBLIC        P1
  D:00A0H         PUBLIC        P2
  D:00B0H         PUBLIC        P3
  D:00C0H         PUBLIC        P4
  D:00C8H         PUBLIC        P5
  D:00E8H         PUBLIC        P6
  D:00F8H         PUBLIC        P7
  B:00A8H.5       PUBLIC        EADC
BL51 BANKED LINKER/LOCATER V6.22.4.0                                                  01/17/2025  12:11:11  PAGE 27


  D:00A8H         PUBLIC        IE
  D:00B6H         PUBLIC        IP2H
  B:00B8H.5       PUBLIC        PADC
  D:00B8H         PUBLIC        IP
  D:0098H         PUBLIC        SCON
  D:0088H         PUBLIC        TCON
  C:5D36H         PUBLIC        _NVIC_Timer1_Init
  D:00AFH         PUBLIC        IE2
  B:00A8H.3       PUBLIC        ET1
  D:00B5H         PUBLIC        IP2
  C:5D77H         PUBLIC        _NVIC_ADC_Init
  B:00B8H.3       PUBLIC        PT1
  D:00B7H         PUBLIC        IPH
  C:5CB0H         PUBLIC        _NVIC_UART2_Init
  D:00D0H         PUBLIC        PSW
  C:51C0H         PUBLIC        _NVIC_PWM_Init
  -------         PROC          _NVIC_TIMER1_INIT
  D:0007H         SYMBOL        State
  D:0005H         SYMBOL        Priority
  C:5D36H         LINE#         41
  C:5D36H         LINE#         42
  C:5D36H         LINE#         43
  C:5D3FH         LINE#         44
  C:5D48H         LINE#         45
  C:5D51H         LINE#         46
  C:5D74H         LINE#         47
  C:5D76H         LINE#         48
  -------         ENDPROC       _NVIC_TIMER1_INIT
  -------         PROC          _NVIC_ADC_INIT
  D:0007H         SYMBOL        State
  D:0005H         SYMBOL        Priority
  C:5D77H         LINE#         193
  C:5D77H         LINE#         194
  C:5D77H         LINE#         195
  C:5D80H         LINE#         196
  C:5D89H         LINE#         197
  C:5D92H         LINE#         198
  C:5DB5H         LINE#         199
  C:5DB7H         LINE#         200
  -------         ENDPROC       _NVIC_ADC_INIT
  -------         PROC          _NVIC_UART2_INIT
  D:0007H         SYMBOL        State
  D:0005H         SYMBOL        Priority
  C:5CB0H         LINE#         273
  C:5CB0H         LINE#         274
  C:5CB0H         LINE#         275
  C:5CB9H         LINE#         276
  C:5CC2H         LINE#         277
  C:5CC9H         LINE#         278
  C:5CF0H         LINE#         279
  C:5CF2H         LINE#         280
  -------         ENDPROC       _NVIC_UART2_INIT
  -------         PROC          _NVIC_PWM_INIT
  D:0007H         SYMBOL        Channel
  D:0005H         SYMBOL        State
  D:0003H         SYMBOL        Priority
  C:51C0H         LINE#         343
BL51 BANKED LINKER/LOCATER V6.22.4.0                                                  01/17/2025  12:11:11  PAGE 28


  C:51C0H         LINE#         344
  C:51C0H         LINE#         345
  C:51C9H         LINE#         346
  C:51D2H         LINE#         347
  C:51DAH         LINE#         348
  C:51DAH         LINE#         349
  C:51DAH         LINE#         350
  C:51DFH         LINE#         351
  C:5207H         LINE#         352
  C:5209H         LINE#         354
  C:5209H         LINE#         355
  C:520EH         LINE#         356
  C:5235H         LINE#         357
  C:5237H         LINE#         359
  C:5237H         LINE#         360
  C:523CH         LINE#         361
  C:523CH         LINE#         362
  C:523CH         LINE#         363
  C:523CH         LINE#         364
  C:523EH         LINE#         365
  -------         ENDPROC       _NVIC_PWM_INIT
  -------         ENDMOD        STC8G_H_NVIC

  -------         MODULE        STC8G_H_TIMER
  C:0000H         SYMBOL        _ICE_DUMMY_
  D:0080H         PUBLIC        P0
  D:0090H         PUBLIC        P1
  D:00A0H         PUBLIC        P2
  D:00B0H         PUBLIC        P3
  D:00C0H         PUBLIC        P4
  D:00C8H         PUBLIC        P5
  D:00E8H         PUBLIC        P6
  D:00F8H         PUBLIC        P7
  D:00A8H         PUBLIC        IE
  D:008FH         PUBLIC        INTCLKO
  D:00B8H         PUBLIC        IP
  D:0098H         PUBLIC        SCON
  D:0089H         PUBLIC        TMOD
  D:0088H         PUBLIC        TCON
  C:2715H         PUBLIC        _Timer_Inilize
  D:008EH         PUBLIC        AUXR
  D:008CH         PUBLIC        TH0
  D:008DH         PUBLIC        TH1
  D:00D6H         PUBLIC        T2H
  D:00D4H         PUBLIC        T3H
  D:00D2H         PUBLIC        T4H
  D:008AH         PUBLIC        TL0
  D:008BH         PUBLIC        TL1
  D:00D7H         PUBLIC        T2L
  D:00D5H         PUBLIC        T3L
  D:00D3H         PUBLIC        T4L
  B:0088H.4       PUBLIC        TR0
  B:0088H.6       PUBLIC        TR1
  D:00D1H         PUBLIC        T4T3M
  D:00D0H         PUBLIC        PSW
  -------         PROC          _TIMER_INILIZE
  D:0005H         SYMBOL        TIM
BL51 BANKED LINKER/LOCATER V6.22.4.0                                                  01/17/2025  12:11:11  PAGE 29


  D:0001H         SYMBOL        TIMx
  C:2715H         LINE#         22
  C:2717H         LINE#         23
  C:2717H         LINE#         24
  C:271AH         LINE#         25
  C:271AH         LINE#         26
  C:271CH         LINE#         27
  C:2728H         LINE#         28
  C:272FH         LINE#         29
  C:273EH         LINE#         30
  C:2762H         LINE#         31
  C:2770H         LINE#         32
  C:2782H         LINE#         33
  C:2790H         LINE#         34
  C:2793H         LINE#         35
  C:2793H         LINE#         37
  C:279BH         LINE#         38
  C:279BH         LINE#         39
  C:279DH         LINE#         40
  C:27A9H         LINE#         41
  C:27B5H         LINE#         42
  C:27C4H         LINE#         43
  C:27E8H         LINE#         44
  C:27F8H         LINE#         45
  C:280AH         LINE#         46
  C:2818H         LINE#         47
  C:281BH         LINE#         48
  C:281BH         LINE#         50
  C:2820H         LINE#         51
  C:2820H         LINE#         52
  C:2823H         LINE#         53
  C:2843H         LINE#         54
  C:2855H         LINE#         56
  C:2867H         LINE#         57
  C:2878H         LINE#         58
  C:287BH         LINE#         59
  C:287BH         LINE#         61
  C:2880H         LINE#         62
  C:2880H         LINE#         63
  C:2883H         LINE#         64
  C:2892H         LINE#         65
  C:28B6H         LINE#         66
  C:28C4H         LINE#         68
  C:28D6H         LINE#         69
  C:28E6H         LINE#         70
  C:28E8H         LINE#         71
  C:28E8H         LINE#         73
  C:28EDH         LINE#         74
  C:28EDH         LINE#         75
  C:28F0H         LINE#         76
  C:28FFH         LINE#         77
  C:2923H         LINE#         78
  C:2934H         LINE#         80
  C:2944H         LINE#         81
  C:2958H         LINE#         82
  C:295BH         LINE#         83
  C:295BH         LINE#         84
BL51 BANKED LINKER/LOCATER V6.22.4.0                                                  01/17/2025  12:11:11  PAGE 30


  C:295DH         LINE#         85
  -------         ENDPROC       _TIMER_INILIZE
  -------         ENDMOD        STC8G_H_TIMER

  -------         MODULE        STC8G_H_EEPROM
  C:0000H         SYMBOL        _ICE_DUMMY_
  D:0080H         PUBLIC        P0
  D:0090H         PUBLIC        P1
  D:00A0H         PUBLIC        P2
  D:00B0H         PUBLIC        P3
  C:6706H         PUBLIC        DisableEEPROM
  D:00C0H         PUBLIC        P4
  D:00C8H         PUBLIC        P5
[...]
  -------         ENDPROC       COMPASS_GET_ANGLE
  -------         PROC          COMPASS_READ_XYZ
  C:67AAH         LINE#         113
  C:67AAH         LINE#         117
  -------         ENDPROC       COMPASS_READ_XYZ
  -------         PROC          COMPASS_CALIB_OK
  C:550DH         LINE#         125
  C:550DH         LINE#         126
  C:550DH         LINE#         127
  C:5531H         LINE#         128
  C:5555H         LINE#         129
  C:555CH         LINE#         131
  -------         ENDPROC       COMPASS_CALIB_OK
  -------         PROC          COMPASS_CALIB_HANDLE
  C:3B2EH         LINE#         134
  C:3B2EH         LINE#         137
  C:3B34H         LINE#         138
  C:3B34H         LINE#         139
  C:3B5DH         LINE#         140
  C:3B86H         LINE#         141
  C:3BAFH         LINE#         142
  C:3BD8H         LINE#         144
  C:3BE7H         LINE#         145
  C:3BEDH         LINE#         146
  C:3BF7H         LINE#         147
BL51 BANKED LINKER/LOCATER V6.22.4.0                                                  01/17/2025  12:11:11  PAGE 91


  C:3C06H         LINE#         149
  C:3C06H         LINE#         150
  C:3C08H         LINE#         151
  C:3C0BH         LINE#         153
  C:3C10H         LINE#         154
  C:3C16H         LINE#         155
  C:3C1CH         LINE#         156
  C:3C21H         LINE#         157
  C:3C21H         LINE#         159
  C:3C21H         LINE#         162
  -------         ENDPROC       COMPASS_CALIB_HANDLE
  -------         PROC          COMPASS_CALIB_START
  C:603FH         LINE#         164
  C:603FH         LINE#         165
  C:603FH         LINE#         166
  C:6041H         LINE#         168
  C:6048H         LINE#         169
  C:604EH         LINE#         170
  C:6054H         LINE#         171
  C:605AH         LINE#         173
  C:6063H         LINE#         174
  C:6068H         LINE#         175
  C:606FH         LINE#         176
  -------         ENDPROC       COMPASS_CALIB_START
  -------         ENDMOD        COMPASS

  -------         MODULE        QMC5833
  C:0000H         SYMBOL        _ICE_DUMMY_
  D:0080H         PUBLIC        P0
  D:0090H         PUBLIC        P1
  D:00A0H         PUBLIC        P2
  D:00B0H         PUBLIC        P3
  D:00C0H         PUBLIC        P4
  D:00C8H         PUBLIC        P5
  D:00E8H         PUBLIC        P6
  D:00F8H         PUBLIC        P7
  D:00A8H         PUBLIC        IE
  D:00B8H         PUBLIC        IP
  D:0098H         PUBLIC        SCON
  D:0088H         PUBLIC        TCON
  D:00D0H         PUBLIC        PSW
  -------         ENDMOD        QMC5833

  -------         MODULE        QMC5883P
  C:0000H         SYMBOL        _ICE_DUMMY_
  D:0080H         PUBLIC        P0
  D:0090H         PUBLIC        P1
  D:00A0H         PUBLIC        P2
  D:00B0H         PUBLIC        P3
  D:00C0H         PUBLIC        P4
  D:00C8H         PUBLIC        P5
  D:00E8H         PUBLIC        P6
  D:00F8H         PUBLIC        P7
  D:00A8H         PUBLIC        IE
  D:00B8H         PUBLIC        IP
  D:0098H         PUBLIC        SCON
  D:0088H         PUBLIC        TCON
BL51 BANKED LINKER/LOCATER V6.22.4.0                                                  01/17/2025  12:11:11  PAGE 92


  D:00D0H         PUBLIC        PSW
  -------         ENDMOD        QMC5883P

  -------         MODULE        QMC6309
  C:0000H         SYMBOL        _ICE_DUMMY_
  D:0080H         PUBLIC        P0
  D:0090H         PUBLIC        P1
  D:00A0H         PUBLIC        P2
  D:00B0H         PUBLIC        P3
  C:6627H         PUBLIC        _qmc6309_read_block
  D:00C0H         PUBLIC        P4
  D:00C8H         PUBLIC        P5
  D:00E8H         PUBLIC        P6
  I:0071H         PUBLIC        p_mag
  D:00F8H         PUBLIC        P7
  C:6775H         PUBLIC        _qmc6309_delay
  C:5EEBH         PUBLIC        qmc6309_get_chipid
  D:00A8H         PUBLIC        IE
  D:00B8H         PUBLIC        IP
  C:4F9EH         PUBLIC        qmc6309_init
  C:5E38H         PUBLIC        _qmc6309_init_para
  D:0098H         PUBLIC        SCON
  C:3D11H         PUBLIC        mag_slave
  D:0088H         PUBLIC        TCON
  C:4533H         PUBLIC        qmc6309_soft_reset
  C:646EH         PUBLIC        _qmc6309_write_reg
  C:66D8H         PUBLIC        qmc6309_disable
  C:523FH         PUBLIC        _qmc6309_read_mag_raw
  C:43B4H         PUBLIC        qmc6309_enable
  X:0621H         PUBLIC        get_mag_tick
  D:00D0H         PUBLIC        PSW
  -------         PROC          _QMC6309_READ_BLOCK
  D:0006H         SYMBOL        addr
  D:0001H         SYMBOL        data_m
  X:052BH         SYMBOL        len
  C:6627H         LINE#         15
  C:6629H         LINE#         16
  C:6629H         LINE#         17
  C:663AH         LINE#         18
  C:663CH         LINE#         19
  -------         ENDPROC       _QMC6309_READ_BLOCK
  -------         PROC          _QMC6309_WRITE_REG
  D:0006H         SYMBOL        addr
  X:0509H         SYMBOL        data_m
  C:646EH         LINE#         21
  C:6475H         LINE#         22
  C:6475H         LINE#         23
  C:648AH         LINE#         24
  C:648CH         LINE#         25
  -------         ENDPROC       _QMC6309_WRITE_REG
  -------         PROC          L?0040
  -------         ENDPROC       L?0040
  -------         PROC          _QMC6309_DELAY
  D:0006H         SYMBOL        ms_cnt
  C:6775H         LINE#         28
  C:6775H         LINE#         29
  C:6775H         LINE#         32
BL51 BANKED LINKER/LOCATER V6.22.4.0                                                  01/17/2025  12:11:11  PAGE 93


  -------         ENDPROC       _QMC6309_DELAY
  -------         PROC          QMC6309_GET_CHIPID
  -------         DO            
  X:0504H         SYMBOL        chip_id
  -------         ENDDO         
  C:5EEBH         LINE#         48
  C:5EEBH         LINE#         49
  C:5EEBH         LINE#         50
  C:5EF0H         LINE#         52
  C:5F00H         LINE#         54
  C:5F0DH         LINE#         55
  C:5F0DH         LINE#         56
  C:5F16H         LINE#         57
  C:5F19H         LINE#         58
  C:5F19H         LINE#         60
  C:5F19H         LINE#         61
  C:5F22H         LINE#         62
  C:5F24H         LINE#         63
  C:5F24H         LINE#         64
  -------         ENDPROC       QMC6309_GET_CHIPID
  -------         PROC          QMC6309_ENABLE
  -------         DO            
  X:0504H         SYMBOL        ret
  X:0505H         SYMBOL        i
  X:0507H         SYMBOL        ctrl_data
  -------         ENDDO         
  C:43B4H         LINE#         90
  C:43B4H         LINE#         91
  C:43B4H         LINE#         92
  C:43B9H         LINE#         96
  C:43C2H         LINE#         100
  C:43C9H         LINE#         102
  C:43D0H         LINE#         103
  C:43D9H         LINE#         105
  C:43DCH         LINE#         106
  C:43E5H         LINE#         107
  C:43E8H         LINE#         111
  C:43F9H         LINE#         113
  C:440AH         LINE#         115
  C:4423H         LINE#         116
  C:4436H         LINE#         117
  C:4436H         LINE#         118
  C:443FH         LINE#         119
  C:4441H         LINE#         120
  C:4443H         LINE#         121
  C:4443H         LINE#         123
  C:444CH         LINE#         124
  C:446EH         LINE#         126
  C:4473H         LINE#         127
  -------         ENDPROC       QMC6309_ENABLE
  -------         PROC          QMC6309_DISABLE
  C:66D8H         LINE#         130
  C:66D8H         LINE#         131
  C:66D8H         LINE#         132
  C:66E1H         LINE#         134
  -------         ENDPROC       QMC6309_DISABLE
  -------         PROC          _QMC6309_INIT_PARA
BL51 BANKED LINKER/LOCATER V6.22.4.0                                                  01/17/2025  12:11:11  PAGE 94


  D:0007H         SYMBOL        mode
  D:0005H         SYMBOL        odr
  C:5E38H         LINE#         140
  C:5E38H         LINE#         141
  C:5E38H         LINE#         142
  C:5E43H         LINE#         143
  C:5E46H         LINE#         144
  C:5E4BH         LINE#         145
  C:5E50H         LINE#         146
  C:5E57H         LINE#         148
  C:5E5DH         LINE#         150
  C:5E63H         LINE#         151
  C:5E67H         LINE#         152
  C:5E73H         LINE#         153
  C:5E76H         LINE#         157
  -------         ENDPROC       _QMC6309_INIT_PARA
  -------         PROC          QMC6309_SOFT_RESET
  -------         DO            
  X:0504H         SYMBOL        ret
  X:0506H         SYMBOL        retry
  X:0508H         SYMBOL        status
  -------         ENDDO         
  C:4533H         LINE#         233
  C:4533H         LINE#         234
  C:4533H         LINE#         235
  C:453AH         LINE#         236
  C:453EH         LINE#         237
  C:4540H         LINE#         239
  C:4549H         LINE#         240
  C:455BH         LINE#         241
  C:4562H         LINE#         242
  C:4574H         LINE#         243
  C:4578H         LINE#         245
  C:458FH         LINE#         246
  C:458FH         LINE#         247
  C:45ACH         LINE#         248
  C:45CDH         LINE#         250
  C:45D8H         LINE#         251
  C:45D8H         LINE#         252
  C:45E1H         LINE#         253
  C:45E1H         LINE#         254
  C:45E1H         LINE#         255
  C:45E8H         LINE#         256
  C:45EAH         LINE#         257
  -------         ENDPROC       QMC6309_SOFT_RESET
  -------         PROC          _QMC6309_READ_MAG_RAW
  X:051DH         SYMBOL        raw
  -------         DO            
  X:0520H         SYMBOL        res
  X:0521H         SYMBOL        mag_data
  -------         ENDDO         
  C:523FH         LINE#         261
  C:524AH         LINE#         262
  C:524AH         LINE#         263
  C:524DH         LINE#         269
  C:5250H         LINE#         270
  C:5265H         LINE#         272
BL51 BANKED LINKER/LOCATER V6.22.4.0                                                  01/17/2025  12:11:11  PAGE 95


  C:5282H         LINE#         273
  C:52A2H         LINE#         274
  C:52B7H         LINE#         277
  C:52B7H         LINE#         279
  C:52BCH         LINE#         280
  -------         ENDPROC       _QMC6309_READ_MAG_RAW
  -------         PROC          QMC6309_INIT
  -------         DO            
  D:0007H         SYMBOL        ret
  X:0502H         SYMBOL        i
  -------         ENDDO         
  C:4F9EH         LINE#         332
  C:4F9EH         LINE#         333
  C:4F9EH         LINE#         334
  C:4FA0H         LINE#         335
  C:4FA6H         LINE#         337
  C:4FA9H         LINE#         349
  C:4FC1H         LINE#         350
  C:4FC1H         LINE#         351
  C:4FD0H         LINE#         352
  C:4FD3H         LINE#         353
  C:4FD6H         LINE#         354
  C:4FD6H         LINE#         355
  C:4FDDH         LINE#         356
  C:4FDDH         LINE#         357
  C:4FE0H         LINE#         359
  C:4FE2H         LINE#         360
  C:4FE6H         LINE#         361
  C:4FE6H         LINE#         362
  C:4FEAH         LINE#         363
  C:4FECH         LINE#         365
  C:4FECH         LINE#         366
  C:4FF0H         LINE#         367
  C:4FF0H         LINE#         368
  C:4FF2H         LINE#         369
  C:4FF2H         LINE#         370
  C:5002H         LINE#         372
  C:5007H         LINE#         373
  C:5007H         LINE#         374
  C:500AH         LINE#         376
  C:500DH         LINE#         381
  C:5010H         LINE#         383
  C:5017H         LINE#         386
  C:501AH         LINE#         387
  C:5023H         LINE#         391
  C:5026H         LINE#         392
  C:5026H         LINE#         393
  C:5028H         LINE#         394
  -------         ENDPROC       QMC6309_INIT
  -------         ENDMOD        QMC6309

  -------         MODULE        ?C?FPADD
  C:004DH         PUBLIC        ?C?FPADD
  C:0049H         PUBLIC        ?C?FPSUB
  -------         ENDMOD        ?C?FPADD

  -------         MODULE        ?C?FPMUL
BL51 BANKED LINKER/LOCATER V6.22.4.0                                                  01/17/2025  12:11:11  PAGE 96


  C:013EH         PUBLIC        ?C?FPMUL
  -------         ENDMOD        ?C?FPMUL

  -------         MODULE        ?C?FPDIV
  C:0247H         PUBLIC        ?C?FPDIV
  -------         ENDMOD        ?C?FPDIV

  -------         MODULE        ?C?FPCMP
  C:02E6H         PUBLIC        ?C?FPCMP
  C:02E4H         PUBLIC        ?C?FPCMP3
  -------         ENDMOD        ?C?FPCMP

  -------         MODULE        ?C?FCAST
  C:0367H         PUBLIC        ?C?FCASTC
  C:0362H         PUBLIC        ?C?FCASTI
  C:035DH         PUBLIC        ?C?FCASTL
  -------         ENDMOD        ?C?FCAST

  -------         MODULE        ?C?CASTF
  C:039BH         PUBLIC        ?C?CASTF
  -------         ENDMOD        ?C?CASTF

  -------         MODULE        PRINTF
  X:051DH         PUBLIC        ?_PRINTF?BYTE
  X:051DH         PUBLIC        ?_SPRINTF?BYTE
  C:17C8H         PUBLIC        _PRINTF
  C:17C2H         PUBLIC        _SPRINTF
  -------         ENDMOD        PRINTF

  -------         MODULE        SQRT
  C:48C1H         PUBLIC        _SQRT
  -------         ENDMOD        SQRT

  -------         MODULE        ATAN
  C:3923H         PUBLIC        _ATAN
  -------         ENDMOD        ATAN

  -------         MODULE        ?C?FPROUND
  C:041CH         PUBLIC        ?C?FPROUND
  -------         ENDMOD        ?C?FPROUND

  -------         MODULE        ?C?FPCONVERT
  C:0459H         PUBLIC        ?C?FPCONVERT
  -------         ENDMOD        ?C?FPCONVERT

  -------         MODULE        ?C?FTNPWR
  C:05DBH         PUBLIC        ?C?FTNPWR
  -------         ENDMOD        ?C?FTNPWR

  -------         MODULE        ?C?COPY
  C:06EBH         PUBLIC        ?C?COPY
  -------         ENDMOD        ?C?COPY

  -------         MODULE        ?C?CLDPTR
  C:0711H         PUBLIC        ?C?CLDPTR
  -------         ENDMOD        ?C?CLDPTR

BL51 BANKED LINKER/LOCATER V6.22.4.0                                                  01/17/2025  12:11:11  PAGE 97


  -------         MODULE        ?C?CLDOPTR
  C:072AH         PUBLIC        ?C?CLDOPTR
  -------         ENDMOD        ?C?CLDOPTR

  -------         MODULE        ?C?CILDPTR
  C:0757H         PUBLIC        ?C?CILDPTR
  -------         ENDMOD        ?C?CILDPTR

  -------         MODULE        ?C?CILDOPTR
  C:0779H         PUBLIC        ?C?CILDOPTR
  -------         ENDMOD        ?C?CILDOPTR

  -------         MODULE        ?C?CSTPTR
  C:07ACH         PUBLIC        ?C?CSTPTR
  -------         ENDMOD        ?C?CSTPTR

  -------         MODULE        ?C?CSTOPTR
  C:07BEH         PUBLIC        ?C?CSTOPTR
  -------         ENDMOD        ?C?CSTOPTR

  -------         MODULE        ?C?IMUL
  C:07E0H         PUBLIC        ?C?IMUL
  -------         ENDMOD        ?C?IMUL

  -------         MODULE        ?C?UIDIV
  C:07F2H         PUBLIC        ?C?UIDIV
  -------         ENDMOD        ?C?UIDIV

  -------         MODULE        ?C?SIDIV
  C:0847H         PUBLIC        ?C?SIDIV
  -------         ENDMOD        ?C?SIDIV

  -------         MODULE        ?C?IILDX
  C:087DH         PUBLIC        ?C?IILDX
  -------         ENDMOD        ?C?IILDX

  -------         MODULE        ?C?ILDIX
  C:0893H         PUBLIC        ?C?ILDIX
  -------         ENDMOD        ?C?ILDIX

  -------         MODULE        ?C?ILDPTR
  C:08A9H         PUBLIC        ?C?ILDPTR
  -------         ENDMOD        ?C?ILDPTR

  -------         MODULE        ?C?ILDOPTR
  C:08D4H         PUBLIC        ?C?ILDOPTR
  -------         ENDMOD        ?C?ILDOPTR

  -------         MODULE        ?C?IILDOPTR
  C:090CH         PUBLIC        ?C?IILDOPTR
  -------         ENDMOD        ?C?IILDOPTR

  -------         MODULE        ?C?ISTPTR
  C:0959H         PUBLIC        ?C?ISTPTR
  -------         ENDMOD        ?C?ISTPTR

  -------         MODULE        ?C?ISTOPTR
BL51 BANKED LINKER/LOCATER V6.22.4.0                                                  01/17/2025  12:11:11  PAGE 98


  C:0978H         PUBLIC        ?C?ISTOPTR
  -------         ENDMOD        ?C?ISTOPTR

  -------         MODULE        ?C?ULDIV
  C:09E1H         PUBLIC        ?C?ULDIV
  -------         ENDMOD        ?C?ULDIV

  -------         MODULE        ?C?LNEG
  C:0A73H         PUBLIC        ?C?LNEG
  -------         ENDMOD        ?C?LNEG

  -------         MODULE        ?C?SLCMP
  C:0A81H         PUBLIC        ?C?SLCMP
  -------         ENDMOD        ?C?SLCMP

  -------         MODULE        ?C?ULCMP
  C:0A97H         PUBLIC        ?C?ULCMP
  -------         ENDMOD        ?C?ULCMP

  -------         MODULE        ?C?ULSHR
  C:0AA8H         PUBLIC        ?C?ULSHR
  -------         ENDMOD        ?C?ULSHR

  -------         MODULE        ?C?LLDXDATA
  C:0ABBH         PUBLIC        ?C?LLDXDATA
  -------         ENDMOD        ?C?LLDXDATA

  -------         MODULE        ?C?LLDCODE
  C:0AC7H         PUBLIC        ?C?LLDCODE
  -------         ENDMOD        ?C?LLDCODE

  -------         MODULE        ?C?LLDXDATA0
  C:0AD7H         PUBLIC        ?C?LLDXDATA0
  -------         ENDMOD        ?C?LLDXDATA0

  -------         MODULE        ?C?LLDCODE0
  C:0AE3H         PUBLIC        ?C?LLDCODE0
  -------         ENDMOD        ?C?LLDCODE0

  -------         MODULE        ?C?LLDOPTR0
  C:0AF3H         PUBLIC        ?C?LLDOPTR0
  -------         ENDMOD        ?C?LLDOPTR0

  -------         MODULE        ?C?LSTXDATA
  C:0B23H         PUBLIC        ?C?LSTXDATA
  -------         ENDMOD        ?C?LSTXDATA

  -------         MODULE        ?C?LSTKXDATA
  C:0B2FH         PUBLIC        ?C?LSTKXDATA
  -------         ENDMOD        ?C?LSTKXDATA

  -------         MODULE        ?C?PLDIXDATA
  C:0B60H         PUBLIC        ?C?PLDIXDATA
  -------         ENDMOD        ?C?PLDIXDATA

  -------         MODULE        ?C?PSTXDATA
  C:0B77H         PUBLIC        ?C?PSTXDATA
BL51 BANKED LINKER/LOCATER V6.22.4.0                                                  01/17/2025  12:11:11  PAGE 99


  -------         ENDMOD        ?C?PSTXDATA

  -------         MODULE        ?C?CCASE
  C:0B80H         PUBLIC        ?C?CCASE
  -------         ENDMOD        ?C?CCASE

  -------         MODULE        ABS
  C:6778H         PUBLIC        _ABS
  -------         ENDMOD        ABS

  -------         MODULE        STRNCPY
  X:0529H         PUBLIC        ?_strncpy?BYTE
  C:55E9H         PUBLIC        _strncpy
  -------         ENDMOD        STRNCPY

  -------         MODULE        STRLEN
  C:6652H         PUBLIC        _STRLEN
  -------         ENDMOD        STRLEN

  -------         MODULE        STRSTR
  X:0528H         PUBLIC        ?_strstr?BYTE
  C:4474H         PUBLIC        _strstr
  -------         ENDMOD        STRSTR

  -------         MODULE        ATOI
  C:3DFFH         PUBLIC        _atoi
  -------         ENDMOD        ATOI

  -------         MODULE        ?C?MEMCMP
  C:0D2CH         PUBLIC        ?C?MEMCMP
  -------         ENDMOD        ?C?MEMCMP

  -------         MODULE        ?C?MEMSET
  C:0D50H         PUBLIC        ?C?MEMSET
  -------         ENDMOD        ?C?MEMSET

  -------         MODULE        ?C?LLDIDATA0
  C:0D7CH         PUBLIC        ?C?LLDIDATA0
  -------         ENDMOD        ?C?LLDIDATA0

  -------         MODULE        ?C?LLDPDATA0
  C:0D89H         PUBLIC        ?C?LLDPDATA0
  -------         ENDMOD        ?C?LLDPDATA0

  -------         MODULE        ISDIGIT
  C:66F7H         PUBLIC        _isdigit
  -------         ENDMOD        ISDIGIT

  -------         MODULE        ISSPACE
  C:668FH         PUBLIC        _isspace
  -------         ENDMOD        ISSPACE

*** WARNING L16: UNCALLED SEGMENT, IGNORED FOR OVERLAY PROCESS
    SEGMENT: ?PR?_UPRINTF_ARRAY?UTILS_PRINTF

Program Size: data=118.5 xdata=1570 code=26683
LINK/LOCATE RUN COMPLETE.  1 WARNING(S),  0 ERROR(S)
