C51 COMPILER V9.52.0.0   STC8G_H_TIMER                                                     04/17/2026 09:17:58 PAGE 1   


C51 COMPILER V9.52.0.0, COMPILATION OF MODULE STC8G_H_TIMER
OBJECT MODULE PLACED IN .\Objects\STC8G_H_Timer.obj
COMPILER INVOKED BY: E:\Keil_v5\C51\BIN\C51.EXE Driver\Src\STC8G_H_Timer.c LARGE BROWSE INCDIR(.\Driver\Inc;.\App\Config
                    -;.\App\DcMotor;.\App\Led;.\App\Timer;.\App\Interrupt;.\App\PWM;.\App\Utils;.\App\Wireless\LT8920;.\App\Wireless;.\App\Gy
                    -ro;.\App\Gps;.\App\AutoDrive;.\App\ADC;.\App\eeprom;.\App\compass) DEFINE(HW_V16,MID_SHIP,MAG_QMC_6309,GPS_DK2_RMC) DEBU
                    -G OBJECTEXTEND PRINT(.\Listings\STC8G_H_Timer.lst) OBJECT(.\Objects\STC8G_H_Timer.obj)

line level    source

   1          /*---------------------------------------------------------------------*/
   2          /* --- STC MCU Limited ------------------------------------------------*/
   3          /* --- STC 1T Series MCU Demo Programme -------------------------------*/
   4          /* --- Mobile: (86)13922805190 ----------------------------------------*/
   5          /* --- Fax: 86-0513-55012956,55012947,55012969 ------------------------*/
   6          /* --- Tel: 86-0513-55012928,55012929,55012966 ------------------------*/
   7          /* --- Web: www.STCAI.com ---------------------------------------------*/
   8          /* --- BBS: www.STCAIMCU.com  -----------------------------------------*/
   9          /* --- QQ:  800003751 -------------------------------------------------*/
  10          /* ??????????????????,?????????????????STC???????????            */
  11          /*---------------------------------------------------------------------*/
  12          
  13          #include        "STC8G_H_Timer.h"
  14          
  15          //========================================================================
  16          // ????: u8     Timer_Inilize(u8 TIM, TIM_InitTypeDef *TIMx)
  17          // ????: ??????????????.
  18          // ????: TIMx: ??????,??ï¿½ï¿½?timer.h??????.
  19          // ????: ??????? SUCCESS, ????? FAIL.
  20          // ?ï¿½ï¿½: V1.0, 2012-10-22
  21          //========================================================================
  22          u8      Timer_Inilize(u8 TIM, TIM_InitTypeDef *TIMx)
  23          {
  24   1              if(TIM == Timer0)
  25   1              {
  26   2                      Timer0_Stop();          //??????
  27   2                      if(TIMx->TIM_Mode > TIM_16BitAutoReloadNoMask)  return FAIL;    //????
  28   2                      TMOD = (TMOD & ~0x03) | TIMx->TIM_Mode; //??????,0: 16ï¿½ï¿½??????, 1: 16ï¿½ï¿½???/????, 2: 8ï¿½ï¿½?????
             -?, 3: ????????16ï¿½ï¿½??????
  29   2                      if(TIMx->TIM_ClkSource >  TIM_CLOCK_Ext)        return FAIL;
  30   2                      Timer0_CLK_Select(TIMx->TIM_ClkSource); //???????????, ???12T/1T
  31   2                      Timer0_CLK_Output(TIMx->TIM_ClkOut);            //?????????
  32   2                      T0_Load(TIMx->TIM_Value);
  33   2                      Timer0_Run(TIMx->TIM_Run);
  34   2                      return  SUCCESS;                //???
  35   2              }
  36   1      
  37   1              if(TIM == Timer1)
  38   1              {
  39   2                      Timer1_Stop();          //??????
  40   2                      if(TIMx->TIM_Mode > TIM_16BitAutoReloadNoMask)  return FAIL;    //????
  41   2                      TMOD = (TMOD & ~0x30) | (TIMx->TIM_Mode << 4);  //??????,0: 16ï¿½ï¿½??????, 1: 16ï¿½ï¿½???/????, 2: 8ï¿½ï
             -¿½??????, 3: ??????
  42   2                      if(TIMx->TIM_ClkSource >  TIM_CLOCK_Ext)        return FAIL;
  43   2                      Timer1_CLK_Select(TIMx->TIM_ClkSource); //???????????, ???12T/1T
  44   2                      Timer1_CLK_Output(TIMx->TIM_ClkOut);            //?????????
  45   2                      T1_Load(TIMx->TIM_Value);
  46   2                      Timer1_Run(TIMx->TIM_Run);
  47   2                      return  SUCCESS;                //???
  48   2              }
  49   1      
  50   1              if(TIM == Timer2)               //Timer2,????16ï¿½ï¿½??????, ?ï¿½ï¿½????????
C51 COMPILER V9.52.0.0   STC8G_H_TIMER                                                     04/17/2026 09:17:58 PAGE 2   

  51   1              {
  52   2                      Timer2_Stop();  //??????
  53   2                      Timer2_CLK_Select(TIMx->TIM_ClkSource); //???????????, ???12T/1T
  54   2                      Timer2_CLK_Output(TIMx->TIM_ClkOut);            //?????????
  55   2      
  56   2                      T2_Load(TIMx->TIM_Value);
  57   2                      Timer2_Run(TIMx->TIM_Run);
  58   2                      return  SUCCESS;                //???
  59   2              }
  60   1      
  61   1              if(TIM == Timer3)               //Timer3,????16ï¿½ï¿½??????, ?ï¿½ï¿½????????
  62   1              {
  63   2                      Timer3_Stop();  //??????
  64   2                      if(TIMx->TIM_ClkSource >  TIM_CLOCK_Ext)        return FAIL;
  65   2                      Timer3_CLK_Select(TIMx->TIM_ClkSource); //???????????, ???12T/1T
  66   2                      Timer3_CLK_Output(TIMx->TIM_ClkOut);            //?????????
  67   2      
  68   2                      T3_Load(TIMx->TIM_Value);
  69   2                      Timer3_Run(TIMx->TIM_Run);
  70   2                      return  SUCCESS;                //???
  71   2              }
  72   1      
  73   1              if(TIM == Timer4)               //Timer3,????16ï¿½ï¿½??????, ?ï¿½ï¿½????????
  74   1              {
  75   2                      Timer4_Stop();  //??????
  76   2                      if(TIMx->TIM_ClkSource >  TIM_CLOCK_Ext)        return FAIL;
  77   2                      Timer4_CLK_Select(TIMx->TIM_ClkSource); //???????????, ???12T/1T
  78   2                      Timer4_CLK_Output(TIMx->TIM_ClkOut);            //?????????
  79   2      
  80   2                      T4_Load(TIMx->TIM_Value);
  81   2                      Timer4_Run(TIMx->TIM_Run);
  82   2                      return  SUCCESS;                //???
  83   2              }
  84   1              return FAIL;    //????
  85   1      }


MODULE INFORMATION:   STATIC OVERLAYABLE
   CODE SIZE        =    585    ----
   CONSTANT SIZE    =   ----    ----
   XDATA SIZE       =   ----    ----
   PDATA SIZE       =   ----    ----
   DATA SIZE        =   ----    ----
   IDATA SIZE       =   ----    ----
   BIT SIZE         =   ----    ----
END OF MODULE INFORMATION.


C51 COMPILATION COMPLETE.  0 WARNING(S),  0 ERROR(S)
