C51 COMPILER V9.52.0.0   STC8H_PWM                                                         04/17/2026 09:17:57 PAGE 1   


C51 COMPILER V9.52.0.0, COMPILATION OF MODULE STC8H_PWM
OBJECT MODULE PLACED IN .\Objects\STC8H_PWM.obj
COMPILER INVOKED BY: E:\Keil_v5\C51\BIN\C51.EXE Driver\Src\STC8H_PWM.c LARGE BROWSE INCDIR(.\Driver\Inc;.\App\Config;.\A
                    -pp\DcMotor;.\App\Led;.\App\Timer;.\App\Interrupt;.\App\PWM;.\App\Utils;.\App\Wireless\LT8920;.\App\Wireless;.\App\Gyro;.
                    -\App\Gps;.\App\AutoDrive;.\App\ADC;.\App\eeprom;.\App\compass) DEFINE(HW_V16,MID_SHIP,MAG_QMC_6309,GPS_DK2_RMC) DEBUG OB
                    -JECTEXTEND PRINT(.\Listings\STC8H_PWM.lst) OBJECT(.\Objects\STC8H_PWM.obj)

line level    source

   1          /*---------------------------------------------------------------------*/
   2          /* --- STC MCU Limited ------------------------------------------------*/
   3          /* --- STC 1T Series MCU Demo Programme -------------------------------*/
   4          /* --- Mobile: (86)13922805190 ----------------------------------------*/
   5          /* --- Fax: 86-0513-55012956,55012947,55012969 ------------------------*/
   6          /* --- Tel: 86-0513-55012928,55012929,55012966 ------------------------*/
   7          /* --- Web: www.STCAI.com ---------------------------------------------*/
   8          /* --- BBS: www.STCAIMCU.com  -----------------------------------------*/
   9          /* --- QQ:  800003751 -------------------------------------------------*/
  10          /* 如果要在程序中使用此代码,请在程序中注明使用了STC的资料及程序            */
  11          /*---------------------------------------------------------------------*/
  12          
  13          #include "STC8H_PWM.h"
  14          
  15          //========================================================================
  16          // 函数: PWM_Configuration
  17          // 描述: PWM初始化程序.
  18          // 参数: PWMx: 结构参数,请参考PWM.h里的定义.
  19          // 返回: 成功返回 SUCCESS, 错误返回 FAIL.
  20          // 版本: V1.0, 2012-10-22
  21          //========================================================================
  22          u8 PWM_Configuration(u8 PWM, PWMx_InitDefine *PWMx)
  23          {
  24   1              if(PWM == PWM4)
  25   1              {
  26   2                      PWMA_CC4E_Disable();            //关闭输入捕获/比较输出
  27   2                      PWMA_CC4NE_Disable();           //关闭比较输出
  28   2                      PWMA_CC4S_Direction(CCAS_OUTPUT);               //CCnS仅在通道关闭时才是可写的
  29   2                      PWMA_OC4ModeSet(PWMx->PWM_Mode);                //设置输出比较模式
  30   2      
  31   2                      if(PWMx->PWM_EnoSelect & ENO4P)
  32   2                      {
  33   3                              PWMA_CC4E_Enable();                     //开启输入捕获/比较输出
  34   3                              PWMA_ENO |= ENO4P;
  35   3                      }
  36   2                      else
  37   2                      {
  38   3                              PWMA_CC4E_Disable();            //关闭输入捕获/比较输出
  39   3                              PWMA_ENO &= ~ENO4P;
  40   3                      }
  41   2                      if(PWMx->PWM_EnoSelect & ENO4N)
  42   2                      {
  43   3                              PWMA_CC4NE_Enable();            //开启输入捕获/比较输出
  44   3                              PWMA_ENO |= ENO4N;
  45   3                      }
  46   2                      else
  47   2                      {
  48   3                              PWMA_CC4NE_Disable();           //关闭输入捕获/比较输出
  49   3                              PWMA_ENO &= ~ENO4N;
  50   3                      }
  51   2                      
  52   2                      PWMA_Duty4(PWMx->PWM_Duty);
C51 COMPILER V9.52.0.0   STC8H_PWM                                                         04/17/2026 09:17:57 PAGE 2   

  53   2                      
  54   2                      return  SUCCESS;
  55   2              }
  56   1              
  57   1              if(PWM == PWM3)
  58   1              {
  59   2                      PWMA_CC3E_Disable();            //关闭输入捕获/比较输出
  60   2                      PWMA_CC3NE_Disable();           //关闭比较输出
  61   2                      PWMA_CC3S_Direction(CCAS_OUTPUT);               //CCnS仅在通道关闭时才是可写的
  62   2                      PWMA_OC3ModeSet(PWMx->PWM_Mode);                //设置输出比较模式
  63   2      
  64   2                      if(PWMx->PWM_EnoSelect & ENO3P)
  65   2                      {
  66   3                              PWMA_CC3E_Enable();                     //开启输入捕获/比较输出
  67   3                              PWMA_ENO |= ENO3P;
  68   3                      }
  69   2                      else
  70   2                      {
  71   3                              PWMA_CC3E_Disable();            //关闭输入捕获/比较输出
  72   3                              PWMA_ENO &= ~ENO3P;
  73   3                      }
  74   2                      if(PWMx->PWM_EnoSelect & ENO3N)
  75   2                      {
  76   3                              PWMA_CC3NE_Enable();            //开启输入捕获/比较输出
  77   3                              PWMA_ENO |= ENO3N;
  78   3                      }
  79   2                      else
  80   2                      {
  81   3                              PWMA_CC3NE_Disable();           //关闭输入捕获/比较输出
  82   3                              PWMA_ENO &= ~ENO3N;
  83   3                      }
  84   2                      
  85   2                      PWMA_Duty3(PWMx->PWM_Duty);
  86   2                      
  87   2                      return  SUCCESS;
  88   2              }
  89   1              
  90   1              if(PWM == PWMA)
  91   1              {
  92   2      //              PWMA_OC1_ReloadEnable(PWMx->PWM_Reload);        //??????????????
  93   2      //              PWMA_OC1_FastEnable(PWMx->PWM_Fast);            //???????????????
  94   2      //              PWMA_CCPCAPreloaded(PWMx->PWM_PreLoad); //????/??????????λ(??λ?????л?????????????????)
  95   2      //              PWMA_BrakeEnable(PWMx->PWM_BrakeEnable);        //????/??????????
  96   2      
  97   2                      PWMA_DeadTime(PWMx->PWM_DeadTime);      //??????????????
  98   2                      PWMA_AutoReload(PWMx->PWM_Period);      //????????
  99   2                      PWMA_BrakeOutputEnable(PWMx->PWM_MainOutEnable);        //????????
 100   2                      PWMA_CEN_Enable(PWMx->PWM_CEN_Enable);  //????????
 101   2                      
 102   2                      return  0;
 103   2              }
 104   1      
 105   1              return  FAIL;   //错误
 106   1      }
 107          
 108          //========================================================================
 109          // 函数: UpdatePwm
 110          // 描述: PWM占空比更新程序.
 111          // 参数: PWM: PWM通道/组号, PWMx结构参数,请参考PWM.h里的定义.
 112          // 返回: none.
 113          // 版本: V1.0, 2012-10-22
 114          //========================================================================
C51 COMPILER V9.52.0.0   STC8H_PWM                                                         04/17/2026 09:17:57 PAGE 3   

 115          void UpdatePwm(u8 PWM, PWMx_Duty *PWMx)
 116          {
 117   1              switch(PWM)
 118   1              {
 119   2                      case PWM4:
 120   2                              PWMA_Duty4(PWMx->PWM1_Duty);
 121   2                      break;
 122   2      
 123   2                      case PWM3:
 124   2                              PWMA_Duty3(PWMx->PWM3_Duty);
 125   2                      break;
 126   2      
 127   2                      case PWMA:
 128   2                              PWMA_Duty4(PWMx->PWM1_Duty);
 129   2                              PWMA_Duty3(PWMx->PWM3_Duty);
 130   2                      break;
 131   2      
 132   2              }
 133   1      }
 134          
 135          /*********************************************************/


MODULE INFORMATION:   STATIC OVERLAYABLE
   CODE SIZE        =    414    ----
   CONSTANT SIZE    =   ----    ----
   XDATA SIZE       =   ----    ----
   PDATA SIZE       =   ----    ----
   DATA SIZE        =   ----    ----
   IDATA SIZE       =   ----    ----
   BIT SIZE         =   ----    ----
END OF MODULE INFORMATION.


C51 COMPILATION COMPLETE.  0 WARNING(S),  0 ERROR(S)
