C51 COMPILER V9.52.0.0   STC8G_H_NVIC                                                      04/17/2026 09:17:57 PAGE 1   


C51 COMPILER V9.52.0.0, COMPILATION OF MODULE STC8G_H_NVIC
OBJECT MODULE PLACED IN .\Objects\STC8G_H_NVIC.obj
COMPILER INVOKED BY: E:\Keil_v5\C51\BIN\C51.EXE Driver\Src\STC8G_H_NVIC.c LARGE BROWSE INCDIR(.\Driver\Inc;.\App\Config;
                    -.\App\DcMotor;.\App\Led;.\App\Timer;.\App\Interrupt;.\App\PWM;.\App\Utils;.\App\Wireless\LT8920;.\App\Wireless;.\App\Gyr
                    -o;.\App\Gps;.\App\AutoDrive;.\App\ADC;.\App\eeprom;.\App\compass) DEFINE(HW_V16,MID_SHIP,MAG_QMC_6309,GPS_DK2_RMC) DEBUG
                    - OBJECTEXTEND PRINT(.\Listings\STC8G_H_NVIC.lst) OBJECT(.\Objects\STC8G_H_NVIC.obj)

line level    source

   1          /*---------------------------------------------------------------------*/
   2          /* --- STC MCU Limited ------------------------------------------------*/
   3          /* --- STC 1T Series MCU Demo Programme -------------------------------*/
   4          /* --- Mobile: (86)13922805190 ----------------------------------------*/
   5          /* --- Fax: 86-0513-55012956,55012947,55012969 ------------------------*/
   6          /* --- Tel: 86-0513-55012928,55012929,55012966 ------------------------*/
   7          /* --- Web: www.STCAI.com ---------------------------------------------*/
   8          /* --- BBS: www.STCAIMCU.com  -----------------------------------------*/
   9          /* --- QQ:  800003751 -------------------------------------------------*/
  10          /* 如果要在程序中使用此代码,请在程序中注明使用了STC的资料及程序            */
  11          /*---------------------------------------------------------------------*/
  12          
  13          #include        "STC8G_H_NVIC.h"
  14          
  15          //========================================================================
  16          // 函数: NVIC_Timer0_Init
  17          // 描述: Timer0嵌套向量中断控制器初始化.
  18          // 参数: State:    中断使能状态, ENABLE/DISABLE.
  19          // 参数: Priority: 中断优先级, Priority_0,Priority_1,Priority_2,Priority_3.
  20          // 返回: 执行结果 SUCCESS/FAIL.
  21          // 版本: V1.0, 2020-09-29
  22          //========================================================================
  23          #if 0
              u8 NVIC_Timer0_Init(u8 State, u8 Priority)
              {
                      if(State > ENABLE) return FAIL;
                      if(Priority > Priority_3) return FAIL;
                      Timer0_Interrupt(State);
                      Timer0_Priority(Priority);
                      return SUCCESS;
              }
              #endif
  33          //========================================================================
  34          // 函数: NVIC_Timer1_Init
  35          // 描述: Timer1嵌套向量中断控制器初始化.
  36          // 参数: State:    中断使能状态, ENABLE/DISABLE.
  37          // 参数: Priority: 中断优先级, Priority_0,Priority_1,Priority_2,Priority_3.
  38          // 返回: 执行结果 SUCCESS/FAIL.
  39          // 版本: V1.0, 2020-09-29
  40          //========================================================================
  41          u8 NVIC_Timer1_Init(u8 State, u8 Priority)
  42          {
  43   1              if(State > ENABLE) return FAIL;
  44   1              if(Priority > Priority_3) return FAIL;
  45   1              Timer1_Interrupt(State);
  46   1              Timer1_Priority(Priority);
  47   1              return SUCCESS;
  48   1      }
  49          #if 0
              //========================================================================
              // 函数: NVIC_Timer2_Init
              // 描述: Timer2嵌套向量中断控制器初始化.
C51 COMPILER V9.52.0.0   STC8G_H_NVIC                                                      04/17/2026 09:17:57 PAGE 2   

              // 参数: State:    中断使能状态, ENABLE/DISABLE.
              // 参数: Priority: 中断优先级, NULL.
              // 返回: 执行结果 SUCCESS/FAIL.
              // 版本: V1.0, 2020-09-29
              //========================================================================
              u8 NVIC_Timer2_Init(u8 State, u8 Priority)
              {
                      if(State > ENABLE) return FAIL;
                      if(Priority > Priority_3) return FAIL;
                      Timer2_Interrupt(State);
                      Priority = NULL;
                      return SUCCESS;
              }
              
              //========================================================================
              // 函数: NVIC_Timer3_Init
              // 描述: Timer3嵌套向量中断控制器初始化.
              // 参数: State:    中断使能状态, ENABLE/DISABLE.
              // 参数: Priority: 中断优先级, NULL.
              // 返回: 执行结果 SUCCESS/FAIL.
              // 版本: V1.0, 2020-09-29
              //========================================================================
              u8 NVIC_Timer3_Init(u8 State, u8 Priority)
              {
                      if(State > ENABLE) return FAIL;
                      if(Priority > Priority_3) return FAIL;
                      Timer3_Interrupt(State);
                      Priority = NULL;
                      return SUCCESS;
              }
              
              //========================================================================
              // 函数: NVIC_Timer4_Init
              // 描述: Timer4嵌套向量中断控制器初始化.
              // 参数: State:    中断使能状态, ENABLE/DISABLE.
              // 参数: Priority: 中断优先级, NULL.
              // 返回: 执行结果 SUCCESS/FAIL.
              // 版本: V1.0, 2020-09-29
              //========================================================================
              u8 NVIC_Timer4_Init(u8 State, u8 Priority)
              {
                      if(State > ENABLE) return FAIL;
                      if(Priority > Priority_3) return FAIL;
                      Timer4_Interrupt(State);
                      Priority = NULL;
                      return SUCCESS;
              }
              #endif
 101          
 102          #if 0
              //========================================================================
              // 函数: NVIC_INT0_Init
              // 描述: INT0嵌套向量中断控制器初始化.
              // 参数: State:    中断使能状态, ENABLE/DISABLE.
              // 参数: Priority: 中断优先级, Priority_0,Priority_1,Priority_2,Priority_3.
              // 返回: 执行结果 SUCCESS/FAIL.
              // 版本: V1.0, 2020-09-29
              //========================================================================
              u8 NVIC_INT0_Init(u8 State, u8 Priority)
              {
                      if(State > ENABLE) return FAIL;
                      if(Priority > Priority_3) return FAIL;
C51 COMPILER V9.52.0.0   STC8G_H_NVIC                                                      04/17/2026 09:17:57 PAGE 3   

                      INT0_Interrupt(State);
                      INT0_Priority(Priority);
                      return SUCCESS;
              }
              
              //========================================================================
              // 函数: NVIC_INT1_Init
              // 描述: INT1嵌套向量中断控制器初始化.
              // 参数: State:    中断使能状态, ENABLE/DISABLE.
              // 参数: Priority: 中断优先级, Priority_0,Priority_1,Priority_2,Priority_3.
              // 返回: 执行结果 SUCCESS/FAIL.
              // 版本: V1.0, 2020-09-29
              //========================================================================
              u8 NVIC_INT1_Init(u8 State, u8 Priority)
              {
                      if(State > ENABLE) return FAIL;
                      if(Priority > Priority_3) return FAIL;
                      INT1_Interrupt(State);
                      INT1_Priority(Priority);
                      return SUCCESS;
              }
              
              //========================================================================
              // 函数: NVIC_INT2_Init
              // 描述: INT2嵌套向量中断控制器初始化.
              // 参数: State:    中断使能状态, ENABLE/DISABLE.
              // 参数: Priority: 中断优先级, NULL.
              // 返回: 执行结果 SUCCESS/FAIL.
              // 版本: V1.0, 2020-09-29
              //========================================================================
              u8 NVIC_INT2_Init(u8 State, u8 Priority)
              {
                      if(State > ENABLE) return FAIL;
                      INT2_Interrupt(State);
                      Priority = NULL;
                      return SUCCESS;
              }
              
              //========================================================================
              // 函数: NVIC_INT3_Init
              // 描述: INT3嵌套向量中断控制器初始化.
              // 参数: State:    中断使能状态, ENABLE/DISABLE.
              // 参数: Priority: 中断优先级, NULL.
              // 返回: 执行结果 SUCCESS/FAIL.
              // 版本: V1.0, 2020-09-29
              //========================================================================
              u8 NVIC_INT3_Init(u8 State, u8 Priority)
              {
                      if(State > ENABLE) return FAIL;
                      INT3_Interrupt(State);
                      Priority = NULL;
                      return SUCCESS;
              }
              
              //========================================================================
              // 函数: NVIC_INT4_Init
              // 描述: INT4嵌套向量中断控制器初始化.
              // 参数: State:    中断使能状态, ENABLE/DISABLE.
              // 参数: Priority: 中断优先级, NULL.
              // 返回: 执行结果 SUCCESS/FAIL.
              // 版本: V1.0, 2020-09-29
              //========================================================================
C51 COMPILER V9.52.0.0   STC8G_H_NVIC                                                      04/17/2026 09:17:57 PAGE 4   

              u8 NVIC_INT4_Init(u8 State, u8 Priority)
              {
                      if(State > ENABLE) return FAIL;
                      INT4_Interrupt(State);
                      Priority = NULL;
                      return SUCCESS;
              }
              #endif
 185          //========================================================================
 186          // 函数: NVIC_ADC_Init
 187          // 描述: ADC嵌套向量中断控制器初始化.
 188          // 参数: State:    中断使能状态, ENABLE/DISABLE.
 189          // 参数: Priority: 中断优先级, Priority_0,Priority_1,Priority_2,Priority_3.
 190          // 返回: 执行结果 SUCCESS/FAIL.
 191          // 版本: V1.0, 2020-09-29
 192          //========================================================================
 193          u8 NVIC_ADC_Init(u8 State, u8 Priority)
 194          {
 195   1              if(State > ENABLE) return FAIL;
 196   1              if(Priority > Priority_3) return FAIL;
 197   1              ADC_Interrupt(State);
 198   1              ADC_Priority(Priority);
 199   1              return SUCCESS;
 200   1      }
 201          
 202          #if 0
              //========================================================================
              // 函数: NVIC_CMP_Init
              // 描述: 比较器嵌套向量中断控制器初始化.
              // 参数: State:    中断使能状态, RISING_EDGE/FALLING_EDGE/DISABLE.
              // 参数: Priority: 中断优先级, Priority_0,Priority_1,Priority_2,Priority_3.
              // 返回: 执行结果 SUCCESS/FAIL.
              // 版本: V1.0, 2020-09-29
              //========================================================================
              u8 NVIC_CMP_Init(u8 State, u8 Priority)
              {
                      if(Priority > Priority_3) return FAIL;
                      if(State & RISING_EDGE) CMPCR1 |= PIE;                  //允许上升沿中断
                      else    CMPCR1 &= ~PIE;                 //禁止上升沿中断
                      if(State & FALLING_EDGE)        CMPCR1 |= NIE;          //允许下降沿中断
                      else    CMPCR1 &= ~NIE;                 //禁止上升沿中断
                      CMP_Priority(Priority);
                      return SUCCESS;
              }
              
              //========================================================================
              // 函数: NVIC_I2C_Init
              // 描述: I2C嵌套向量中断控制器初始化.
              // 参数: Mode:     模式, I2C_Mode_Master/I2C_Mode_Slave.
              // 参数: State:    中断使能状态, I2C_Mode_Master: ENABLE/DISABLE.
              //                              I2C_Mode_Slave: I2C_ESTAI/I2C_ERXI/I2C_ETXI/I2C_ESTOI/DISABLE.
              // 参数: Priority: 中断优先级, Priority_0,Priority_1,Priority_2,Priority_3.
              // 返回: 执行结果 SUCCESS/FAIL.
              // 版本: V1.0, 2020-09-29
              //========================================================================
              u8 NVIC_I2C_Init(u8 Mode, u8 State, u8 Priority)
              {
                      if(Mode > I2C_Mode_Master) return FAIL;
                      if(Priority > Priority_3) return FAIL;
                      if(Mode == I2C_Mode_Master)
                      {
                              I2C_Master_Inturrupt(State);
C51 COMPILER V9.52.0.0   STC8G_H_NVIC                                                      04/17/2026 09:17:57 PAGE 5   

                      }
                      else if(Mode == I2C_Mode_Slave)
                      {
                              I2CSLCR = (I2CSLCR & ~0x78) | State;
                      }
                      CMP_Priority(Priority);
                      return SUCCESS;
              }
              
              //========================================================================
              // 函数: NVIC_UART1_Init
              // 描述: UART1嵌套向量中断控制器初始化.
              // 参数: State:    中断使能状态, ENABLE/DISABLE.
              // 参数: Priority: 中断优先级, Priority_0,Priority_1,Priority_2,Priority_3.
              // 返回: 执行结果 SUCCESS/FAIL.
              // 版本: V1.0, 2020-09-29
              //========================================================================
              u8 NVIC_UART1_Init(u8 State, u8 Priority)
              {
                      if(State > ENABLE) return FAIL;
                      if(Priority > Priority_3) return FAIL;
                      UART1_Interrupt(State);
                      UART1_Priority(Priority);
                      return SUCCESS;
              }
              #endif
 265          //========================================================================
 266          // 函数: NVIC_UART2_Init
 267          // 描述: UART2嵌套向量中断控制器初始化.
 268          // 参数: State:    中断使能状态, ENABLE/DISABLE.
 269          // 参数: Priority: 中断优先级, Priority_0,Priority_1,Priority_2,Priority_3.
 270          // 返回: 执行结果 SUCCESS/FAIL.
 271          // 版本: V1.0, 2020-09-29
 272          //========================================================================
 273          u8 NVIC_UART2_Init(u8 State, u8 Priority)
 274          {
 275   1              if(State > ENABLE) return FAIL;
 276   1              if(Priority > Priority_3) return FAIL;
 277   1              UART2_Interrupt(State);
 278   1              UART2_Priority(Priority);
 279   1              return SUCCESS;
 280   1      }
 281          
 282          #if 0
              //========================================================================
              // 函数: NVIC_UART3_Init
              // 描述: UART3嵌套向量中断控制器初始化.
              // 参数: State:    中断使能状态, ENABLE/DISABLE.
              // 参数: Priority: 中断优先级, Priority_0,Priority_1,Priority_2,Priority_3.
              // 返回: 执行结果 SUCCESS/FAIL.
              // 版本: V1.0, 2020-09-29
              //========================================================================
              u8 NVIC_UART3_Init(u8 State, u8 Priority)
              {
                      if(State > ENABLE) return FAIL;
                      if(Priority > Priority_3) return FAIL;
                      UART3_Interrupt(State);
                      UART3_Priority(Priority);
                      return SUCCESS;
              }
              
              //========================================================================
C51 COMPILER V9.52.0.0   STC8G_H_NVIC                                                      04/17/2026 09:17:57 PAGE 6   

              // 函数: NVIC_UART4_Init
              // 描述: UART4嵌套向量中断控制器初始化.
              // 参数: State:    中断使能状态, ENABLE/DISABLE.
              // 参数: Priority: 中断优先级, Priority_0,Priority_1,Priority_2,Priority_3.
              // 返回: 执行结果 SUCCESS/FAIL.
              // 版本: V1.0, 2020-09-29
              //========================================================================
              u8 NVIC_UART4_Init(u8 State, u8 Priority)
              {
                      if(State > ENABLE) return FAIL;
                      if(Priority > Priority_3) return FAIL;
                      UART4_Interrupt(State);
                      UART4_Priority(Priority);
                      return SUCCESS;
              }
              
              //========================================================================
              // 函数: NVIC_SPI_Init
              // 描述: SPI嵌套向量中断控制器初始化.
              // 参数: State:    中断使能状态, ENABLE/DISABLE.
              // 参数: Priority: 中断优先级, Priority_0,Priority_1,Priority_2,Priority_3.
              // 返回: 执行结果 SUCCESS/FAIL.
              // 版本: V1.0, 2020-09-29
              //========================================================================
              u8 NVIC_SPI_Init(u8 State, u8 Priority)
              {
                      if(State > ENABLE) return FAIL;
                      if(Priority > Priority_3) return FAIL;
                      SPI_Interrupt(State);
                      SPI_Priority(Priority);
                      return SUCCESS;
              }
              #endif
 334          //========================================================================
 335          // 函数: NVIC_PWM_Init
 336          // 描述: PWM嵌套向量中断控制器初始化.
 337          // 参数: Channel:  通道, PWMA/PWMB.
 338          // 参数: State:    中断使能状态, PWM_BIE/PWM_TIE/PWM_COMIE/PWM_CC8IE~PWM_CC1IE/PWM_UIE/DISABLE.
 339          // 参数: Priority: 中断优先级, Priority_0,Priority_1,Priority_2,Priority_3.
 340          // 返回: 执行结果 SUCCESS/FAIL.
 341          // 版本: V1.0, 2020-09-29
 342          //========================================================================
 343          u8 NVIC_PWM_Init(u8 Channel, u8 State, u8 Priority)
 344          {
 345   1              if(Channel > PWMB) return FAIL;
 346   1              if(Priority > Priority_3) return FAIL;
 347   1              switch(Channel)
 348   1              {
 349   2                      case PWMA:
 350   2                              PWMA_IER = State;
 351   2                              PWMA_Priority(Priority);
 352   2                      break;
 353   2      
 354   2                      case PWMB:
 355   2                              PWMB_IER = State;
 356   2                              PWMB_Priority(Priority);
 357   2                      break;
 358   2      
 359   2                      default:
 360   2                              PWMB_IER = State;
 361   2                              Priority = NULL;
 362   2                      break;
C51 COMPILER V9.52.0.0   STC8G_H_NVIC                                                      04/17/2026 09:17:57 PAGE 7   

 363   2              }
 364   1              return SUCCESS;
 365   1      }
 366          #if 0
              //========================================================================
              // 函数: NVIC_RTC_Init
              // 描述: SPI嵌套向量中断控制器初始化.
              // 参数: State:    中断使能状态, 中断使能, 0x80:闹钟中断, 0x40:日中断, 0x20:小时中断, 0x10:分钟中断, 0x08:
             -秒中断, 0x04:1/2秒中断, 0x02:1/8秒中断, 0x01:1/32秒中断 /DISABLE.
              // 参数: Priority: 中断优先级, Priority_0,Priority_1,Priority_2,Priority_3.
              // 返回: 执行结果 SUCCESS/FAIL.
              // 版本: V1.0, 2020-09-29
              //========================================================================
              u8 NVIC_RTC_Init(u8 State, u8 Priority)
              {
                      if(Priority <= Priority_3) RTC_Priority(Priority); else  return FAIL;
                      RTC_Interrupt(State); 
                      return SUCCESS;
              }
              #endif


MODULE INFORMATION:   STATIC OVERLAYABLE
   CODE SIZE        =    324    ----
   CONSTANT SIZE    =   ----    ----
   XDATA SIZE       =   ----    ----
   PDATA SIZE       =   ----    ----
   DATA SIZE        =   ----    ----
   IDATA SIZE       =   ----    ----
   BIT SIZE         =   ----    ----
END OF MODULE INFORMATION.


C51 COMPILATION COMPLETE.  0 WARNING(S),  0 ERROR(S)
