C51 COMPILER V9.52.0.0   UTILS_PRINTF                                                      04/17/2026 09:18:00 PAGE 1   


C51 COMPILER V9.52.0.0, COMPILATION OF MODULE UTILS_PRINTF
OBJECT MODULE PLACED IN .\Objects\utils_printf.obj
COMPILER INVOKED BY: E:\Keil_v5\C51\BIN\C51.EXE App\Utils\utils_printf.c LARGE BROWSE INCDIR(.\Driver\Inc;.\App\Config;.
                    -\App\DcMotor;.\App\Led;.\App\Timer;.\App\Interrupt;.\App\PWM;.\App\Utils;.\App\Wireless\LT8920;.\App\Wireless;.\App\Gyro
                    -;.\App\Gps;.\App\AutoDrive;.\App\ADC;.\App\eeprom;.\App\compass) DEFINE(HW_V16,MID_SHIP,MAG_QMC_6309,GPS_DK2_RMC) DEBUG 
                    -OBJECTEXTEND PRINT(.\Listings\utils_printf.lst) OBJECT(.\Objects\utils_printf.obj)

line level    source

   1          #include "utils_printf.h"
   2          unsigned char BitSend[9]={0x00,0x01,0x02,0x04,0x08,0x10,0x20,0x40,0x80};
   3          
   4          #if 0
              void Gpio_Print_Init(void){
                      GPIO_InitTypeDef        GPIO_InitStructure;        
                      GPIO_InitStructure.Pin  = GPIO_Pin_1;
                      GPIO_InitStructure.Mode = GPIO_OUT_PP;         
                      GPIO_Inilize(GPIO_P3,&GPIO_InitStructure);
              }
              #endif
  12          #if DEBUG_SOFT_EN == TRUE
  13          void Gpio_Print_HL(uint8_t hl){
  14   1          P31 = hl;
  15   1      }
  16          void Delay8us(void)     //@35MHz
  17          {
  18   1              unsigned char data i;
  19   1      //      i = 90;
  20   1          i = 73;
  21   1              while (--i);
  22   1      }
  23          void Soft_Put_Char(char c){
  24   1          char i = 0;
  25   1              Gpio_Print_HL(FALSE);
  26   1          Delay8us();
  27   1          for(i = 1; i < 9; i++)
  28   1          {
  29   2              if(BitSend[i] & c)
  30   2                  Gpio_Print_HL(TRUE);
  31   2              else
  32   2                  Gpio_Print_HL(FALSE);
  33   2              
  34   2              Delay8us();
  35   2          }
  36   1          Gpio_Print_HL(TRUE);
  37   1          Delay8us();
  38   1      }
  39          #endif
  40          char putchar(char c)
  41          {
  42   1          #if DEBUG_SWITCH == TRUE
  43   1          Soft_Put_Char(c);
  44   1          #endif
  45   1              return c;
  46   1      }
  47          
  48          #if 0
              void uprintf_array(uint8_t *arraydata,uint16_t len){
                  
                  uint16_t i=0;
                  printf("\r\narray:\r\n");
C51 COMPILER V9.52.0.0   UTILS_PRINTF                                                      04/17/2026 09:18:00 PAGE 2   

                  for(;i<len;i++){
                      printf(" %b02x",arraydata[i]);
                  }
                  printf("\r\nend\r\n");
                 
              }
               #endif


MODULE INFORMATION:   STATIC OVERLAYABLE
   CODE SIZE        =     78    ----
   CONSTANT SIZE    =   ----    ----
   XDATA SIZE       =      9    ----
   PDATA SIZE       =   ----    ----
   DATA SIZE        =   ----       1
   IDATA SIZE       =   ----    ----
   BIT SIZE         =   ----    ----
END OF MODULE INFORMATION.


C51 COMPILATION COMPLETE.  0 WARNING(S),  0 ERROR(S)
