C51 COMPILER V9.52.0.0   UTILS_CHECKSUM                                                    04/17/2026 09:18:01 PAGE 1   


C51 COMPILER V9.52.0.0, COMPILATION OF MODULE UTILS_CHECKSUM
OBJECT MODULE PLACED IN .\Objects\utils_checkSum.obj
COMPILER INVOKED BY: E:\Keil_v5\C51\BIN\C51.EXE App\Utils\utils_checkSum.c LARGE BROWSE INCDIR(.\Driver\Inc;.\App\Config
                    -;.\App\DcMotor;.\App\Led;.\App\Timer;.\App\Interrupt;.\App\PWM;.\App\Utils;.\App\Wireless\LT8920;.\App\Wireless;.\App\Gy
                    -ro;.\App\Gps;.\App\AutoDrive;.\App\ADC;.\App\eeprom;.\App\compass) DEFINE(HW_V16,MID_SHIP,MAG_QMC_6309,GPS_DK2_RMC) DEBU
                    -G OBJECTEXTEND PRINT(.\Listings\utils_checkSum.lst) OBJECT(.\Objects\utils_checkSum.obj)

line level    source

   1          #include "utils_checkSum.h"
   2          
   3          uint8_t cal_checksum_XOR(uint8_t *data_m,uint16_t len)
   4          {        
   5   1              uint8_t val = 0;
   6   1              uint16_t i=0;
   7   1              for (;i<len;i++)
   8   1                      val ^= data_m[i];
   9   1          return val;
  10   1      }


MODULE INFORMATION:   STATIC OVERLAYABLE
   CODE SIZE        =     78    ----
   CONSTANT SIZE    =   ----    ----
   XDATA SIZE       =   ----       6
   PDATA SIZE       =   ----    ----
   DATA SIZE        =   ----    ----
   IDATA SIZE       =   ----    ----
   BIT SIZE         =   ----    ----
END OF MODULE INFORMATION.


C51 COMPILATION COMPLETE.  0 WARNING(S),  0 ERROR(S)
