C251 COMPILER V5.60.0,  AHRS                                                               16/05/26  05:32:07  PAGE 1   


C251 COMPILER V5.60.0, COMPILATION OF MODULE AHRS
OBJECT MODULE PLACED IN .\list\AHRS.obj
COMPILER INVOKED BY: C:\Keil_v5\C251\BIN\C251.EXE ..\Code_boweny\Function\AHRS\AHRS.c XSMALL INTR2 BROWSE INCDIR(..\Driv
                    -er\inc;..\User;..\App\inc;..\Code_boweny\Function\Log;..\Code_boweny\Function\Filter;..\Code_boweny\Function\AHRS;..\Cod
                    -e_boweny\Function\PID;..\Code_boweny\Device\QMC6309;..\Code_boweny\Device\QMI8658;..\Code_boweny\Device\GPS;..\Code_bowe
                    -ny\Device\WIRELESS;..\Code_boweny\Device\MOTOR) DEBUG PRINT(.\list\AHRS.lst) TABS(2) OBJECT(.\list\AHRS.obj) 

stmt  level    source

    1          /**
    2           * @file    AHRS.c
    3           * @brief   Quaternion AHRS implementation
    4           * @author  boweny
    5           * @date    2026-05-11
    6           * @version v1.2
    7           *
    8           * Internal state uses a float quaternion. External outputs stay on the
    9           * existing deg*100 / deg/s*100 interface so MainLoop logs and the host
   10           * viewer do not need to change.
   11           */
   12          
   13          #include "AHRS.h"
   14          
   15          #define AHRS_ANGLE_FULL_DEG100          36000L
   16          #define AHRS_ANGLE_HALF_DEG100          18000L
   17          #define AHRS_ANGLE_QUARTER_DEG100       9000L
   18          #define AHRS_ATAN_Q                     1024L
   19          #define AHRS_ACC_MIN_BOOT_NORM          512U
   20          #define AHRS_ACC_REF_RELEARN_COUNT      64U
   21          #define AHRS_FLOAT_EPSILON              0.000001f
   22          #define AHRS_UNIT_SCALE                 10000.0f
   23          #define AHRS_GYRO_RAW_TO_RAD            0.000136353848f
   24          
   25          typedef struct
   26          {
   27              int32 x;
   28              int32 y;
   29              int32 z;
   30              u8 initialized;
   31          } AHRS_Lpf3_t;
   32          
   33          typedef struct
   34          {
   35              float q0;
   36              float q1;
   37              float q2;
   38              float q3;
   39          
   40              float integral_x;
   41              float integral_y;
   42              float integral_z;
   43          
   44              float mag_x;
   45              float mag_y;
   46              float mag_z;
   47              float yaw_gyro_deg100;
   48              int16 yaw_mag_deg100;
   49          
   50              u32 acc_ref_sum;
   51              u16 acc_ref_count;
   52              u16 acc_1g_ref;
   53              u16 acc_ref_invalid_still_count;
   54          
   55              int32 gyro_bias_sum_x;
   56              int32 gyro_bias_sum_y;
C251 COMPILER V5.60.0,  AHRS                                                               16/05/26  05:32:07  PAGE 2   

   57              int32 gyro_bias_sum_z;
   58              int32 gyro_bias_q8_x;
   59              int32 gyro_bias_q8_y;
   60              int32 gyro_bias_q8_z;
   61              u16 gyro_bias_count;
   62              int16 gyro_bias_x;
   63              int16 gyro_bias_y;
   64              int16 gyro_bias_z;
   65              u8 gyro_bias_ready;
   66          
   67              AHRS_Lpf3_t gyro_lpf;
   68              AHRS_Lpf3_t mag_lpf;
   69          
   70              AHRS_State_t state;
   71              u8 mag_valid;
   72              u8 ready;
   73          } AHRS_Context_t;
   74          
   75          static AHRS_Context_t xdata ahrs_ctx;
   76          
   77          static u32 AHRS_Abs16(int16 value)
   78          {
   79   1          if (value < 0) {
   80   2              return (u32)(-(int32)value);
   81   2          }
   82   1          return (u32)value;
   83   1      }
   84          
   85          static int32 AHRS_Abs32(int32 value)
   86          {
   87   1          if (value < 0) {
   88   2              return -value;
   89   2          }
   90   1          return value;
   91   1      }
   92          
   93          static float AHRS_AbsFloat(float value)
   94          {
   95   1          if (value < 0.0f) {
   96   2              return -value;
   97   2          }
   98   1          return value;
   99   1      }
  100          
  101          static float AHRS_ClampFloat(float value, float min_value, float max_value)
  102          {
  103   1          if (value < min_value) {
  104   2              return min_value;
  105   2          }
  106   1          if (value > max_value) {
  107   2              return max_value;
  108   2          }
  109   1          return value;
  110   1      }
  111          
  112          static int16 AHRS_WrapDeg100(int32 angle)
  113          {
  114   1          while (angle >= AHRS_ANGLE_HALF_DEG100) {
  115   2              angle -= AHRS_ANGLE_FULL_DEG100;
  116   2          }
  117   1          while (angle < -AHRS_ANGLE_HALF_DEG100) {
  118   2              angle += AHRS_ANGLE_FULL_DEG100;
  119   2          }
  120   1          return (int16)angle;
  121   1      }
  122          
C251 COMPILER V5.60.0,  AHRS                                                               16/05/26  05:32:07  PAGE 3   

  123          static int16 AHRS_SelectMappedAxis(int16 raw_x, int16 raw_y, int16 raw_z,
  124                                             u8 from_axis, int8 sign)
  125          {
  126   1          int16 value;
  127   1      
  128   1          value = raw_x;
  129   1          if (from_axis == AHRS_AXIS_RAW_Y) {
  130   2              value = raw_y;
  131   2          } else if (from_axis == AHRS_AXIS_RAW_Z) {
  132   2              value = raw_z;
  133   2          }
  134   1      
  135   1          if (sign < 0) {
  136   2              value = (int16)(-value);
  137   2          }
  138   1          return value;
  139   1      }
  140          
  141          static u32 AHRS_Norm3Approx(int16 x, int16 y, int16 z)
  142          {
  143   1          u32 a;
  144   1          u32 b;
  145   1          u32 c;
  146   1          u32 t;
  147   1      
  148   1          a = AHRS_Abs16(x);
  149   1          b = AHRS_Abs16(y);
  150   1          c = AHRS_Abs16(z);
  151   1      
  152   1          if (a < b) {
  153   2              t = a; a = b; b = t;
  154   2          }
  155   1          if (a < c) {
  156   2              t = a; a = c; c = t;
  157   2          }
  158   1          if (b < c) {
  159   2              t = b; b = c; c = t;
  160   2          }
  161   1      
  162   1          return a + ((b * 3U) >> 3) + (c >> 2);
  163   1      }
  164          
  165          static int16 AHRS_Atan01Q10ToDeg100(u16 z_q10)
  166          {
  167   1          int32 z;
  168   1          int32 curve;
  169   1          int32 angle;
  170   1      
  171   1          if (z_q10 > AHRS_ATAN_Q) {
  172   2              z_q10 = (u16)AHRS_ATAN_Q;
  173   2          }
  174   1      
  175   1          z = (int32)z_q10;
  176   1          curve = 4500L + ((1564L * (AHRS_ATAN_Q - z)) / AHRS_ATAN_Q);
  177   1          angle = (z * curve) / AHRS_ATAN_Q;
  178   1          return (int16)angle;
  179   1      }
  180          
  181          static int16 AHRS_Atan2Deg100(int32 y, int32 x)
  182          {
  183   1          u32 ax;
  184   1          u32 ay;
  185   1          u16 z_q10;
  186   1          int32 base;
  187   1          int32 angle;
  188   1      
C251 COMPILER V5.60.0,  AHRS                                                               16/05/26  05:32:07  PAGE 4   

  189   1          ax = (u32)AHRS_Abs32(x);
  190   1          ay = (u32)AHRS_Abs32(y);
  191   1      
  192   1          if ((ax == 0U) && (ay == 0U)) {
  193   2              return 0;
  194   2          }
  195   1      
  196   1          if (ax >= ay) {
  197   2              z_q10 = (u16)((ay * AHRS_ATAN_Q) / ax);
  198   2              base = AHRS_Atan01Q10ToDeg100(z_q10);
  199   2              if (x >= 0) {
  200   3                  angle = base;
  201   3              } else {
  202   3                  angle = AHRS_ANGLE_HALF_DEG100 - base;
  203   3              }
  204   2          } else {
  205   2              z_q10 = (u16)((ax * AHRS_ATAN_Q) / ay);
  206   2              base = AHRS_Atan01Q10ToDeg100(z_q10);
  207   2              if (x >= 0) {
  208   3                  angle = AHRS_ANGLE_QUARTER_DEG100 - base;
  209   3              } else {
  210   3                  angle = AHRS_ANGLE_QUARTER_DEG100 + base;
  211   3              }
  212   2          }
  213   1      
  214   1          if (y < 0) {
  215   2              angle = -angle;
  216   2          }
  217   1      
  218   1          return AHRS_WrapDeg100(angle);
  219   1      }
  220          
  221          static float AHRS_SqrtFloat(float value)
  222          {
  223   1          float x;
  224   1          u8 i;
  225   1      
  226   1          if (value <= 0.0f) {
  227   2              return 0.0f;
  228   2          }
  229   1      
  230   1          x = value;
  231   1          if (x < 1.0f) {
  232   2              x = 1.0f;
  233   2          }
  234   1      
  235   1          for (i = 0U; i < 6U; i++) {
  236   2              x = 0.5f * (x + (value / x));
  237   2          }
  238   1          return x;
  239   1      }
  240          
  241          static u8 AHRS_NormalizeVector3(float *x, float *y, float *z)
  242          {
  243   1          float norm;
  244   1          float inv_norm;
  245   1      
  246   1          norm = (*x * *x) + (*y * *y) + (*z * *z);
  247   1          if (norm <= AHRS_FLOAT_EPSILON) {
  248   2              return 0U;
  249   2          }
  250   1      
  251   1          inv_norm = 1.0f / AHRS_SqrtFloat(norm);
  252   1          *x *= inv_norm;
  253   1          *y *= inv_norm;
  254   1          *z *= inv_norm;
C251 COMPILER V5.60.0,  AHRS                                                               16/05/26  05:32:07  PAGE 5   

  255   1          return 1U;
  256   1      }
  257          
  258          static int16 AHRS_LpfAxisUpdate(int32 *state, int16 input, u8 shift)
  259          {
  260   1          int32 target;
  261   1      
  262   1          target = (int32)input << 8;
  263   1          if (shift == 0U) {
  264   2              *state = target;
  265   2          } else {
  266   2              *state += ((target - *state) >> shift);
  267   2          }
  268   1          return (int16)(*state >> 8);
  269   1      }
  270          
  271          static void AHRS_Lpf3Reset(AHRS_Lpf3_t *lpf)
  272          {
  273   1          if (lpf == 0) {
  274   2              return;
  275   2          }
  276   1      
  277   1          lpf->x = 0;
  278   1          lpf->y = 0;
  279   1          lpf->z = 0;
  280   1          lpf->initialized = 0;
  281   1      }
  282          
  283          static void AHRS_Lpf3Apply(AHRS_Lpf3_t *lpf, u8 shift,
  284                                     int16 in_x, int16 in_y, int16 in_z,
  285                                     int16 *out_x, int16 *out_y, int16 *out_z)
  286          {
  287   1          if (!lpf->initialized) {
  288   2              lpf->x = (int32)in_x << 8;
  289   2              lpf->y = (int32)in_y << 8;
  290   2              lpf->z = (int32)in_z << 8;
  291   2              lpf->initialized = 1;
  292   2              *out_x = in_x;
  293   2              *out_y = in_y;
  294   2              *out_z = in_z;
  295   2              return;
  296   2          }
  297   1      
  298   1          *out_x = AHRS_LpfAxisUpdate(&lpf->x, in_x, shift);
  299   1          *out_y = AHRS_LpfAxisUpdate(&lpf->y, in_y, shift);
  300   1          *out_z = AHRS_LpfAxisUpdate(&lpf->z, in_z, shift);
  301   1      }
  302          
  303          static void AHRS_UpdateAccReference(u32 acc_norm, u8 gyro_still)
  304          {
  305   1          int32 diff;
  306   1          int32 tolerance;
  307   1      
  308   1          if ((acc_norm < AHRS_ACC_MIN_BOOT_NORM) || (!gyro_still)) {
  309   2              ahrs_ctx.acc_ref_invalid_still_count = 0U;
  310   2              return;
  311   2          }
  312   1      
  313   1          if (ahrs_ctx.acc_ref_count < AHRS_ACC_REF_SAMPLE_COUNT) {
  314   2              ahrs_ctx.acc_ref_sum += acc_norm;
  315   2              ahrs_ctx.acc_ref_count++;
  316   2              if (ahrs_ctx.acc_ref_count >= AHRS_ACC_REF_SAMPLE_COUNT) {
  317   3                  ahrs_ctx.acc_1g_ref =
  318   3                      (u16)(ahrs_ctx.acc_ref_sum / AHRS_ACC_REF_SAMPLE_COUNT);
  319   3              }
  320   2              return;
C251 COMPILER V5.60.0,  AHRS                                                               16/05/26  05:32:07  PAGE 6   

  321   2          }
  322   1      
  323   1          if (ahrs_ctx.acc_1g_ref == 0U) {
  324   2              return;
  325   2          }
  326   1      
  327   1          diff = (int32)acc_norm - (int32)ahrs_ctx.acc_1g_ref;
  328   1          tolerance =
  329   1              ((int32)ahrs_ctx.acc_1g_ref * AHRS_ACC_NORM_TOLERANCE_PERCENT) / 100L;
  330   1          if (AHRS_Abs32(diff) < tolerance) {
  331   2              ahrs_ctx.acc_1g_ref =
  332   2                  (u16)((((u32)ahrs_ctx.acc_1g_ref * 255U) + acc_norm) >> 8);
  333   2              ahrs_ctx.acc_ref_invalid_still_count = 0U;
  334   2              return;
  335   2          }
  336   1      
  337   1          if (ahrs_ctx.acc_ref_invalid_still_count < 65535U) {
  338   2              ahrs_ctx.acc_ref_invalid_still_count++;
  339   2          }
  340   1      
  341   1          if (ahrs_ctx.acc_ref_invalid_still_count >= AHRS_ACC_REF_RELEARN_COUNT) {
  342   2              ahrs_ctx.acc_ref_sum = acc_norm;
  343   2              ahrs_ctx.acc_ref_count = 1U;
  344   2              ahrs_ctx.acc_1g_ref = 0U;
  345   2              ahrs_ctx.acc_ref_invalid_still_count = 0U;
  346   2          }
  347   1      }
  348          
  349          static u8 AHRS_IsAccNormValid(u32 acc_norm)
  350          {
  351   1          u32 min_norm;
  352   1          u32 max_norm;
  353   1      
  354   1          if (acc_norm < AHRS_ACC_MIN_BOOT_NORM) {
  355   2              return 0U;
  356   2          }
  357   1      
  358   1          if (ahrs_ctx.acc_1g_ref == 0U) {
  359   2              return 1U;
  360   2          }
  361   1      
  362   1          min_norm =
  363   1              ((u32)ahrs_ctx.acc_1g_ref * (100U - AHRS_ACC_NORM_TOLERANCE_PERCENT)) /
  364   1              100U;
  365   1          max_norm =
  366   1              ((u32)ahrs_ctx.acc_1g_ref * (100U + AHRS_ACC_NORM_TOLERANCE_PERCENT)) /
  367   1              100U;
  368   1      
  369   1          if ((acc_norm < min_norm) || (acc_norm > max_norm)) {
  370   2              return 0U;
  371   2          }
  372   1          return 1U;
  373   1      }
  374          
  375          static u8 AHRS_IsGyroStill(int16 gx, int16 gy, int16 gz)
  376          {
  377   1          int32 threshold;
  378   1      
  379   1          threshold =
  380   1              (AHRS_GYRO_LSB_PER_DPS * AHRS_GYRO_STILL_DPS100) / 100L;
  381   1      
  382   1          if (AHRS_Abs16(gx) > (u32)threshold) {
  383   2              return 0U;
  384   2          }
  385   1          if (AHRS_Abs16(gy) > (u32)threshold) {
  386   2              return 0U;
C251 COMPILER V5.60.0,  AHRS                                                               16/05/26  05:32:07  PAGE 7   

  387   2          }
  388   1          if (AHRS_Abs16(gz) > (u32)threshold) {
  389   2              return 0U;
  390   2          }
  391   1          return 1U;
  392   1      }
  393          
  394          static void AHRS_ResetGyroBiasAccum(void)
  395          {
  396   1          ahrs_ctx.gyro_bias_sum_x = 0;
  397   1          ahrs_ctx.gyro_bias_sum_y = 0;
  398   1          ahrs_ctx.gyro_bias_sum_z = 0;
  399   1          ahrs_ctx.gyro_bias_count = 0;
  400   1      }
  401          
  402          static void AHRS_UpdateGyroBias(int16 gx, int16 gy, int16 gz, u8 gyro_still)
  403          {
  404   1          if (ahrs_ctx.gyro_bias_ready) {
  405   2              if (!gyro_still) {
  406   3                  return;
  407   3              }
  408   2      
  409   2              ahrs_ctx.gyro_bias_x =
  410   2                  AHRS_LpfAxisUpdate(&ahrs_ctx.gyro_bias_q8_x,
  411   2                                     gx, AHRS_GYRO_BIAS_TRACK_SHIFT);
  412   2              ahrs_ctx.gyro_bias_y =
  413   2                  AHRS_LpfAxisUpdate(&ahrs_ctx.gyro_bias_q8_y,
  414   2                                     gy, AHRS_GYRO_BIAS_TRACK_SHIFT);
  415   2              ahrs_ctx.gyro_bias_z =
  416   2                  AHRS_LpfAxisUpdate(&ahrs_ctx.gyro_bias_q8_z,
  417   2                                     gz, AHRS_GYRO_BIAS_TRACK_SHIFT);
  418   2              return;
  419   2          }
  420   1      
  421   1          if (!gyro_still) {
  422   2              AHRS_ResetGyroBiasAccum();
  423   2              return;
  424   2          }
  425   1      
  426   1          ahrs_ctx.gyro_bias_sum_x += gx;
  427   1          ahrs_ctx.gyro_bias_sum_y += gy;
  428   1          ahrs_ctx.gyro_bias_sum_z += gz;
  429   1          ahrs_ctx.gyro_bias_count++;
  430   1      
  431   1          if (ahrs_ctx.gyro_bias_count >= AHRS_GYRO_BIAS_SAMPLE_COUNT) {
  432   2              ahrs_ctx.gyro_bias_x =
  433   2                  (int16)(ahrs_ctx.gyro_bias_sum_x / AHRS_GYRO_BIAS_SAMPLE_COUNT);
  434   2              ahrs_ctx.gyro_bias_y =
  435   2                  (int16)(ahrs_ctx.gyro_bias_sum_y / AHRS_GYRO_BIAS_SAMPLE_COUNT);
  436   2              ahrs_ctx.gyro_bias_z =
  437   2                  (int16)(ahrs_ctx.gyro_bias_sum_z / AHRS_GYRO_BIAS_SAMPLE_COUNT);
  438   2              ahrs_ctx.gyro_bias_q8_x = (int32)ahrs_ctx.gyro_bias_x << 8;
  439   2              ahrs_ctx.gyro_bias_q8_y = (int32)ahrs_ctx.gyro_bias_y << 8;
  440   2              ahrs_ctx.gyro_bias_q8_z = (int32)ahrs_ctx.gyro_bias_z << 8;
  441   2              ahrs_ctx.gyro_bias_ready = 1;
  442   2          }
  443   1      }
  444          
  445          static int16 AHRS_ApplyGyroDeadband(int16 gyro)
  446          {
  447   1          int32 deadband;
  448   1          int32 value;
  449   1      
  450   1          deadband =
  451   1              (AHRS_GYRO_LSB_PER_DPS * AHRS_GYRO_DEADBAND_DPS100) / 100L;
  452   1          if (deadband < 1L) {
C251 COMPILER V5.60.0,  AHRS                                                               16/05/26  05:32:07  PAGE 8   

  453   2              deadband = 1L;
  454   2          }
  455   1      
  456   1          value = gyro;
  457   1          if (AHRS_Abs32(value) <= deadband) {
  458   2              return 0;
  459   2          }
  460   1      
  461   1          if (value > 0) {
  462   2              value -= deadband;
  463   2          } else {
  464   2              value += deadband;
  465   2          }
  466   1      
  467   1          return (int16)value;
  468   1      }
  469          
  470          static int16 AHRS_GyroToDps100(int16 gyro)
  471          {
  472   1          return (int16)(((int32)gyro * 100L) / AHRS_GYRO_LSB_PER_DPS);
  473   1      }
  474          
  475          static void AHRS_NormalizeQuaternion(void)
  476          {
  477   1          float norm;
  478   1          float inv_norm;
  479   1      
  480   1          norm = (ahrs_ctx.q0 * ahrs_ctx.q0) +
  481   1                 (ahrs_ctx.q1 * ahrs_ctx.q1) +
  482   1                 (ahrs_ctx.q2 * ahrs_ctx.q2) +
  483   1                 (ahrs_ctx.q3 * ahrs_ctx.q3);
  484   1          if (norm <= AHRS_FLOAT_EPSILON) {
  485   2              ahrs_ctx.q0 = 1.0f;
  486   2              ahrs_ctx.q1 = 0.0f;
  487   2              ahrs_ctx.q2 = 0.0f;
  488   2              ahrs_ctx.q3 = 0.0f;
  489   2              return;
  490   2          }
  491   1      
  492   1          inv_norm = 1.0f / AHRS_SqrtFloat(norm);
  493   1          ahrs_ctx.q0 *= inv_norm;
  494   1          ahrs_ctx.q1 *= inv_norm;
  495   1          ahrs_ctx.q2 *= inv_norm;
  496   1          ahrs_ctx.q3 *= inv_norm;
  497   1      }
  498          
  499          static void AHRS_InitQuaternionFromAccel(float ax, float ay, float az)
  500          {
  501   1          ahrs_ctx.q0 = 1.0f + az;
  502   1          ahrs_ctx.q1 = -ay;
  503   1          ahrs_ctx.q2 = ax;
  504   1          ahrs_ctx.q3 = 0.0f;
  505   1      
  506   1          if ((AHRS_AbsFloat(ahrs_ctx.q0) <= AHRS_FLOAT_EPSILON) &&
  507   1              (AHRS_AbsFloat(ahrs_ctx.q1) <= AHRS_FLOAT_EPSILON) &&
  508   1              (AHRS_AbsFloat(ahrs_ctx.q2) <= AHRS_FLOAT_EPSILON)) {
  509   2              ahrs_ctx.q0 = 0.0f;
  510   2              ahrs_ctx.q1 = 1.0f;
  511   2              ahrs_ctx.q2 = 0.0f;
  512   2              ahrs_ctx.q3 = 0.0f;
  513   2          }
  514   1      
  515   1          AHRS_NormalizeQuaternion();
  516   1      }
  517          
  518          static int16 AHRS_Atan2Deg100FromFloat(float y, float x)
C251 COMPILER V5.60.0,  AHRS                                                               16/05/26  05:32:07  PAGE 9   

  519          {
  520   1          int32 sy;
  521   1          int32 sx;
  522   1          float scaled;
  523   1      
  524   1          scaled = AHRS_ClampFloat(y, -3.2f, 3.2f) * AHRS_UNIT_SCALE;
  525   1          if (scaled >= 0.0f) {
  526   2              scaled += 0.5f;
  527   2          } else {
  528   2              scaled -= 0.5f;
  529   2          }
  530   1          sy = (int32)scaled;
  531   1      
  532   1          scaled = AHRS_ClampFloat(x, -3.2f, 3.2f) * AHRS_UNIT_SCALE;
  533   1          if (scaled >= 0.0f) {
  534   2              scaled += 0.5f;
  535   2          } else {
  536   2              scaled -= 0.5f;
  537   2          }
  538   1          sx = (int32)scaled;
  539   1      
  540   1          return AHRS_Atan2Deg100(sy, sx);
  541   1      }
  542          
  543          static void AHRS_QuaternionToEulerDeg100(int16 *roll, int16 *pitch, int16 *yaw)
  544          {
  545   1          float sinr_cosp;
  546   1          float cosr_cosp;
  547   1          float sinp;
  548   1          float pitch_den;
  549   1          float siny_cosp;
  550   1          float cosy_cosp;
  551   1      
  552   1          sinr_cosp = (2.0f * ahrs_ctx.q0 * ahrs_ctx.q1) +
  553   1                      (2.0f * ahrs_ctx.q2 * ahrs_ctx.q3);
  554   1          cosr_cosp = 1.0f -
  555   1                      (2.0f * ((ahrs_ctx.q1 * ahrs_ctx.q1) +
  556   1                               (ahrs_ctx.q2 * ahrs_ctx.q2)));
  557   1      
  558   1          sinp = (2.0f * ahrs_ctx.q0 * ahrs_ctx.q2) -
  559   1                 (2.0f * ahrs_ctx.q3 * ahrs_ctx.q1);
  560   1          sinp = AHRS_ClampFloat(sinp, -1.0f, 1.0f);
  561   1          pitch_den = 1.0f - (sinp * sinp);
  562   1          if (pitch_den < 0.0f) {
  563   2              pitch_den = 0.0f;
  564   2          }
  565   1      
  566   1          siny_cosp = (2.0f * ahrs_ctx.q0 * ahrs_ctx.q3) +
  567   1                      (2.0f * ahrs_ctx.q1 * ahrs_ctx.q2);
  568   1          cosy_cosp = 1.0f -
  569   1                      (2.0f * ((ahrs_ctx.q2 * ahrs_ctx.q2) +
  570   1                               (ahrs_ctx.q3 * ahrs_ctx.q3)));
  571   1      
  572   1          *roll = AHRS_Atan2Deg100FromFloat(sinr_cosp, cosr_cosp);
  573   1          *pitch = AHRS_Atan2Deg100FromFloat(sinp, AHRS_SqrtFloat(pitch_den));
  574   1          *yaw = AHRS_Atan2Deg100FromFloat(siny_cosp, cosy_cosp);
  575   1      }
  576          
  577          static void AHRS_UpdateYawMagDiagnostic(void)
  578          {
  579   1          float up_x;
  580   1          float up_y;
  581   1          float up_z;
  582   1          float dot_mu;
  583   1          float north_x;
  584   1          float north_y;
C251 COMPILER V5.60.0,  AHRS                                                               16/05/26  05:32:07  PAGE 10  

  585   1          float north_z;
  586   1      
  587   1          if (!ahrs_ctx.mag_valid) {
  588   2              ahrs_ctx.yaw_mag_deg100 = 0;
  589   2              return;
  590   2          }
  591   1      
  592   1          up_x = (2.0f * ahrs_ctx.q1 * ahrs_ctx.q3) -
  593   1                 (2.0f * ahrs_ctx.q0 * ahrs_ctx.q2);
  594   1          up_y = (2.0f * ahrs_ctx.q0 * ahrs_ctx.q1) +
  595   1                 (2.0f * ahrs_ctx.q2 * ahrs_ctx.q3);
  596   1          up_z = (ahrs_ctx.q0 * ahrs_ctx.q0) -
  597   1                 (ahrs_ctx.q1 * ahrs_ctx.q1) -
  598   1                 (ahrs_ctx.q2 * ahrs_ctx.q2) +
  599   1                 (ahrs_ctx.q3 * ahrs_ctx.q3);
  600   1      
  601   1          dot_mu = (ahrs_ctx.mag_x * up_x) +
  602   1                   (ahrs_ctx.mag_y * up_y) +
  603   1                   (ahrs_ctx.mag_z * up_z);
  604   1          north_x = ahrs_ctx.mag_x - (dot_mu * up_x);
  605   1          north_y = ahrs_ctx.mag_y - (dot_mu * up_y);
  606   1          north_z = ahrs_ctx.mag_z - (dot_mu * up_z);
  607   1      
  608   1          if (!AHRS_NormalizeVector3(&north_x, &north_y, &north_z)) {
  609   2              ahrs_ctx.yaw_mag_deg100 = 0;
  610   2              return;
  611   2          }
  612   1      
  613   1          ahrs_ctx.yaw_mag_deg100 = AHRS_Atan2Deg100FromFloat(-north_y, north_x);
  614   1      }
  615          
  616          static void AHRS_UpdateOutput(u16 dt_ms, u32 acc_norm, u8 flags)
  617          {
  618   1          int16 roll;
  619   1          int16 pitch;
  620   1          int16 yaw;
  621   1      
  622   1          if (ahrs_ctx.mag_valid) {
  623   2              flags |= AHRS_FLAG_MAG_VALID;
  624   2          }
  625   1      
  626   1          AHRS_QuaternionToEulerDeg100(&roll, &pitch, &yaw);
  627   1          AHRS_UpdateYawMagDiagnostic();
  628   1          ahrs_ctx.state.roll_deg100 = AHRS_WrapDeg100(roll);
  629   1          ahrs_ctx.state.pitch_deg100 = AHRS_WrapDeg100(pitch);
  630   1          ahrs_ctx.state.yaw_deg100 = AHRS_WrapDeg100(yaw);
  631   1          ahrs_ctx.state.yaw_gyro_deg100 =
  632   1              AHRS_WrapDeg100((int32)ahrs_ctx.yaw_gyro_deg100);
  633   1          ahrs_ctx.state.yaw_mag_deg100 = AHRS_WrapDeg100(ahrs_ctx.yaw_mag_deg100);
  634   1      
  635   1          ahrs_ctx.state.acc_norm = (acc_norm > 65535U) ? 65535U : (u16)acc_norm;
  636   1          ahrs_ctx.state.dt_ms = dt_ms;
  637   1          ahrs_ctx.state.flags = flags;
  638   1          ahrs_ctx.state.update_count++;
  639   1      }
  640          
  641          static void AHRS_MahonyUpdate(float gx, float gy, float gz,
  642                                        float ax, float ay, float az,
  643                                        u8 acc_valid, float dt_s)
  644          {
  645   1          float q0;
  646   1          float q1;
  647   1          float q2;
  648   1          float q3;
  649   1          float q0q0;
  650   1          float q0q1;
C251 COMPILER V5.60.0,  AHRS                                                               16/05/26  05:32:07  PAGE 11  

  651   1          float q0q2;
  652   1          float q0q3;
  653   1          float q1q1;
  654   1          float q1q2;
  655   1          float q1q3;
  656   1          float q2q2;
  657   1          float q2q3;
  658   1          float q3q3;
  659   1          float halfvx;
  660   1          float halfvy;
  661   1          float halfvz;
  662   1          float halfwx;
  663   1          float halfwy;
  664   1          float halfwz;
  665   1          float ex_acc;
  666   1          float ey_acc;
  667   1          float ez_acc;
  668   1          float ex_mag;
  669   1          float ey_mag;
  670   1          float ez_mag;
  671   1          float corr_x;
  672   1          float corr_y;
  673   1          float corr_z;
  674   1          float hx;
  675   1          float hy;
  676   1          float bx;
  677   1          float bz;
  678   1          float half_dt;
  679   1          float qa;
  680   1          float qb;
  681   1          float qc;
  682   1          u8 use_mag;
  683   1      
  684   1          q0 = ahrs_ctx.q0;
  685   1          q1 = ahrs_ctx.q1;
  686   1          q2 = ahrs_ctx.q2;
  687   1          q3 = ahrs_ctx.q3;
  688   1      
  689   1          q0q0 = q0 * q0;
  690   1          q0q1 = q0 * q1;
  691   1          q0q2 = q0 * q2;
  692   1          q0q3 = q0 * q3;
  693   1          q1q1 = q1 * q1;
  694   1          q1q2 = q1 * q2;
  695   1          q1q3 = q1 * q3;
  696   1          q2q2 = q2 * q2;
  697   1          q2q3 = q2 * q3;
  698   1          q3q3 = q3 * q3;
  699   1      
  700   1          ex_acc = 0.0f;
  701   1          ey_acc = 0.0f;
  702   1          ez_acc = 0.0f;
  703   1          ex_mag = 0.0f;
  704   1          ey_mag = 0.0f;
  705   1          ez_mag = 0.0f;
  706   1          use_mag = 0U;
  707   1      
  708   1          if (acc_valid) {
  709   2              halfvx = q1q3 - q0q2;
  710   2              halfvy = q0q1 + q2q3;
  711   2              halfvz = q0q0 - 0.5f + q3q3;
  712   2      
  713   2              ex_acc = (ay * halfvz) - (az * halfvy);
  714   2              ey_acc = (az * halfvx) - (ax * halfvz);
  715   2              ez_acc = (ax * halfvy) - (ay * halfvx);
  716   2          }
C251 COMPILER V5.60.0,  AHRS                                                               16/05/26  05:32:07  PAGE 12  

  717   1      
  718   1      #if AHRS_MAG_ENABLE
  719   1          if (acc_valid && ahrs_ctx.mag_valid) {
  720   2              use_mag = 1U;
  721   2      
  722   2              hx = (2.0f * ahrs_ctx.mag_x * (0.5f - q2q2 - q3q3)) +
  723   2                   (2.0f * ahrs_ctx.mag_y * (q1q2 - q0q3)) +
  724   2                   (2.0f * ahrs_ctx.mag_z * (q1q3 + q0q2));
  725   2              hy = (2.0f * ahrs_ctx.mag_x * (q1q2 + q0q3)) +
  726   2                   (2.0f * ahrs_ctx.mag_y * (0.5f - q1q1 - q3q3)) +
  727   2                   (2.0f * ahrs_ctx.mag_z * (q2q3 - q0q1));
  728   2              bx = AHRS_SqrtFloat((hx * hx) + (hy * hy));
  729   2              bz = (2.0f * ahrs_ctx.mag_x * (q1q3 - q0q2)) +
  730   2                   (2.0f * ahrs_ctx.mag_y * (q2q3 + q0q1)) +
  731   2                   (2.0f * ahrs_ctx.mag_z * (0.5f - q1q1 - q2q2));
  732   2      
  733   2              halfwx = (bx * (0.5f - q2q2 - q3q3)) + (bz * (q1q3 - q0q2));
  734   2              halfwy = (bx * (q1q2 - q0q3)) + (bz * (q0q1 + q2q3));
  735   2              halfwz = (bx * (q0q2 + q1q3)) + (bz * (0.5f - q1q1 - q2q2));
  736   2      
  737   2              ex_mag = (ahrs_ctx.mag_y * halfwz) - (ahrs_ctx.mag_z * halfwy);
  738   2              ey_mag = (ahrs_ctx.mag_z * halfwx) - (ahrs_ctx.mag_x * halfwz);
  739   2              ez_mag = (ahrs_ctx.mag_x * halfwy) - (ahrs_ctx.mag_y * halfwx);
  740   2          }
  741   1      #endif
  742   1      
  743   1          corr_x = (AHRS_MAHONY_KP_ACC * ex_acc) + (AHRS_MAHONY_KP_MAG * ex_mag);
  744   1          corr_y = (AHRS_MAHONY_KP_ACC * ey_acc) + (AHRS_MAHONY_KP_MAG * ey_mag);
  745   1          corr_z = (AHRS_MAHONY_KP_ACC * ez_acc) + (AHRS_MAHONY_KP_MAG * ez_mag);
  746   1      
  747   1          if ((AHRS_MAHONY_KI > 0.0f) && (acc_valid || use_mag)) {
  748   2              ahrs_ctx.integral_x += AHRS_MAHONY_KI * corr_x * dt_s;
  749   2              ahrs_ctx.integral_y += AHRS_MAHONY_KI * corr_y * dt_s;
  750   2              ahrs_ctx.integral_z += AHRS_MAHONY_KI * corr_z * dt_s;
  751   2          }
  752   1      
  753   1          gx += corr_x + ahrs_ctx.integral_x;
  754   1          gy += corr_y + ahrs_ctx.integral_y;
  755   1          gz += corr_z + ahrs_ctx.integral_z;
  756   1      
  757   1          half_dt = 0.5f * dt_s;
  758   1          gx *= half_dt;
  759   1          gy *= half_dt;
  760   1          gz *= half_dt;
  761   1      
  762   1          qa = q0;
  763   1          qb = q1;
  764   1          qc = q2;
  765   1      
  766   1          ahrs_ctx.q0 += (-qb * gx) - (qc * gy) - (q3 * gz);
  767   1          ahrs_ctx.q1 += (qa * gx) + (qc * gz) - (q3 * gy);
  768   1          ahrs_ctx.q2 += (qa * gy) - (qb * gz) + (q3 * gx);
  769   1          ahrs_ctx.q3 += (qa * gz) + (qb * gy) - (qc * gx);
  770   1      
  771   1          AHRS_NormalizeQuaternion();
  772   1      }
  773          
  774          void AHRS_Reset(void)
  775          {
  776   1          ahrs_ctx.q0 = 1.0f;
  777   1          ahrs_ctx.q1 = 0.0f;
  778   1          ahrs_ctx.q2 = 0.0f;
  779   1          ahrs_ctx.q3 = 0.0f;
  780   1          ahrs_ctx.integral_x = 0.0f;
  781   1          ahrs_ctx.integral_y = 0.0f;
  782   1          ahrs_ctx.integral_z = 0.0f;
C251 COMPILER V5.60.0,  AHRS                                                               16/05/26  05:32:07  PAGE 13  

  783   1          ahrs_ctx.mag_x = 0.0f;
  784   1          ahrs_ctx.mag_y = 0.0f;
  785   1          ahrs_ctx.mag_z = 0.0f;
  786   1          ahrs_ctx.yaw_gyro_deg100 = 0.0f;
  787   1          ahrs_ctx.yaw_mag_deg100 = 0;
  788   1          ahrs_ctx.acc_ref_sum = 0U;
  789   1          ahrs_ctx.acc_ref_count = 0U;
  790   1          ahrs_ctx.acc_1g_ref = 0U;
  791   1          ahrs_ctx.acc_ref_invalid_still_count = 0U;
  792   1          ahrs_ctx.gyro_bias_q8_x = 0;
  793   1          ahrs_ctx.gyro_bias_q8_y = 0;
  794   1          ahrs_ctx.gyro_bias_q8_z = 0;
  795   1          ahrs_ctx.gyro_bias_x = 0;
  796   1          ahrs_ctx.gyro_bias_y = 0;
  797   1          ahrs_ctx.gyro_bias_z = 0;
  798   1          ahrs_ctx.gyro_bias_ready = 0U;
  799   1          AHRS_ResetGyroBiasAccum();
  800   1          AHRS_Lpf3Reset(&ahrs_ctx.gyro_lpf);
  801   1          AHRS_Lpf3Reset(&ahrs_ctx.mag_lpf);
  802   1          ahrs_ctx.state.roll_deg100 = 0;
  803   1          ahrs_ctx.state.pitch_deg100 = 0;
  804   1          ahrs_ctx.state.yaw_deg100 = 0;
  805   1          ahrs_ctx.state.yaw_gyro_deg100 = 0;
  806   1          ahrs_ctx.state.yaw_mag_deg100 = 0;
  807   1          ahrs_ctx.state.gyro_x_dps100 = 0;
  808   1          ahrs_ctx.state.gyro_y_dps100 = 0;
  809   1          ahrs_ctx.state.gyro_z_dps100 = 0;
  810   1          ahrs_ctx.state.acc_norm = 0U;
  811   1          ahrs_ctx.state.dt_ms = 0U;
  812   1          ahrs_ctx.state.update_count = 0U;
  813   1          ahrs_ctx.state.flags = 0U;
  814   1          ahrs_ctx.mag_valid = 0U;
  815   1          ahrs_ctx.ready = 0U;
  816   1      }
  817          
  818          s8 AHRS_Update6Axis(int16 ax, int16 ay, int16 az,
  819                              int16 gx, int16 gy, int16 gz,
  820                              u16 dt_ms)
  821          {
  822   1          u32 acc_norm;
  823   1          int16 fgx;
  824   1          int16 fgy;
  825   1          int16 fgz;
  826   1          u8 flags;
  827   1          u8 acc_valid;
  828   1          u8 gyro_still;
  829   1          float fax;
  830   1          float fay;
  831   1          float faz;
  832   1          float fgx_rad;
  833   1          float fgy_rad;
  834   1          float fgz_rad;
  835   1          float dt_s;
  836   1      
  837   1          if (dt_ms == 0U) {
  838   2              return -1;
  839   2          }
  840   1      
  841   1          flags = 0U;
  842   1          if (dt_ms > AHRS_DT_MAX_MS) {
  843   2              dt_ms = AHRS_DT_MAX_MS;
  844   2              flags |= AHRS_FLAG_DT_CLAMPED;
  845   2          }
  846   1      
  847   1          acc_norm = AHRS_Norm3Approx(ax, ay, az);
  848   1          gyro_still = AHRS_IsGyroStill(gx, gy, gz);
C251 COMPILER V5.60.0,  AHRS                                                               16/05/26  05:32:07  PAGE 14  

  849   1          AHRS_UpdateAccReference(acc_norm, gyro_still);
  850   1          acc_valid = AHRS_IsAccNormValid(acc_norm);
  851   1          if (acc_valid) {
  852   2              flags |= AHRS_FLAG_ACC_VALID;
  853   2          }
  854   1          if (ahrs_ctx.acc_1g_ref != 0U) {
  855   2              flags |= AHRS_FLAG_ACC_REF_READY;
  856   2          }
  857   1      
  858   1          AHRS_UpdateGyroBias(gx, gy, gz, gyro_still);
  859   1          if (ahrs_ctx.gyro_bias_ready) {
  860   2              flags |= AHRS_FLAG_GYRO_BIAS_READY;
  861   2          }
  862   1      
  863   1          gx = (int16)(gx - ahrs_ctx.gyro_bias_x);
  864   1          gy = (int16)(gy - ahrs_ctx.gyro_bias_y);
  865   1          gz = (int16)(gz - ahrs_ctx.gyro_bias_z);
  866   1      
  867   1          gx = AHRS_ApplyGyroDeadband(gx);
  868   1          gy = AHRS_ApplyGyroDeadband(gy);
  869   1          gz = AHRS_ApplyGyroDeadband(gz);
  870   1      
  871   1          AHRS_Lpf3Apply(&ahrs_ctx.gyro_lpf, AHRS_GYRO_LPF_SHIFT,
  872   1                         gx, gy, gz, &fgx, &fgy, &fgz);
  873   1      
  874   1          ahrs_ctx.state.gyro_x_dps100 = AHRS_GyroToDps100(fgx);
  875   1          ahrs_ctx.state.gyro_y_dps100 = AHRS_GyroToDps100(fgy);
  876   1          ahrs_ctx.state.gyro_z_dps100 = AHRS_GyroToDps100(fgz);
  877   1      
  878   1          fax = (float)ax;
  879   1          fay = (float)ay;
  880   1          faz = (float)az;
  881   1          if (acc_valid && !AHRS_NormalizeVector3(&fax, &fay, &faz)) {
  882   2              acc_valid = 0U;
  883   2              flags &= (u8)(~AHRS_FLAG_ACC_VALID);
  884   2          }
  885   1      
  886   1          if (!ahrs_ctx.ready) {
  887   2              if (!acc_valid) {
  888   3                  AHRS_UpdateOutput(dt_ms, acc_norm, flags);
  889   3                  return -1;
  890   3              }
  891   2      
  892   2              AHRS_InitQuaternionFromAccel(fax, fay, faz);
  893   2              ahrs_ctx.yaw_gyro_deg100 = 0.0f;
  894   2              ahrs_ctx.ready = 1U;
  895   2              flags |= AHRS_FLAG_READY;
  896   2              AHRS_UpdateOutput(dt_ms, acc_norm, flags);
  897   2              return 0;
  898   2          }
  899   1      
  900   1          dt_s = (float)dt_ms * 0.001f;
  901   1          fgx_rad = (float)fgx * AHRS_GYRO_RAW_TO_RAD;
  902   1          fgy_rad = (float)fgy * AHRS_GYRO_RAW_TO_RAD;
  903   1          fgz_rad = (float)fgz * AHRS_GYRO_RAW_TO_RAD;
  904   1          ahrs_ctx.yaw_gyro_deg100 += ((float)ahrs_ctx.state.gyro_z_dps100) * dt_s;
  905   1          while (ahrs_ctx.yaw_gyro_deg100 >= 18000.0f) {
  906   2              ahrs_ctx.yaw_gyro_deg100 -= 36000.0f;
  907   2          }
  908   1          while (ahrs_ctx.yaw_gyro_deg100 < -18000.0f) {
  909   2              ahrs_ctx.yaw_gyro_deg100 += 36000.0f;
  910   2          }
  911   1      
  912   1          AHRS_MahonyUpdate(fgx_rad, fgy_rad, fgz_rad,
  913   1                            fax, fay, faz, acc_valid, dt_s);
  914   1      
C251 COMPILER V5.60.0,  AHRS                                                               16/05/26  05:32:07  PAGE 15  

  915   1          flags |= AHRS_FLAG_READY;
  916   1          AHRS_UpdateOutput(dt_ms, acc_norm, flags);
  917   1          return 0;
  918   1      }
  919          
  920          s8 AHRS_UpdateRaw6Axis(int16 raw_ax, int16 raw_ay, int16 raw_az,
  921                                 int16 raw_gx, int16 raw_gy, int16 raw_gz,
  922                                 u16 dt_ms)
  923          {
  924   1          int16 ax;
  925   1          int16 ay;
  926   1          int16 az;
  927   1          int16 gx;
  928   1          int16 gy;
  929   1          int16 gz;
  930   1      
  931   1          AHRS_MapRawToBody(raw_ax, raw_ay, raw_az, &ax, &ay, &az);
  932   1          AHRS_MapRawToBody(raw_gx, raw_gy, raw_gz, &gx, &gy, &gz);
  933   1      
  934   1          return AHRS_Update6Axis(ax, ay, az, gx, gy, gz, dt_ms);
  935   1      }
  936          
  937          s8 AHRS_UpdateMag(int16 mx, int16 my, int16 mz)
  938          {
  939   1          u32 mag_norm;
  940   1          int16 fmx;
  941   1          int16 fmy;
  942   1          int16 fmz;
  943   1          float mxf;
  944   1          float myf;
  945   1          float mzf;
  946   1      
  947   1          mag_norm = AHRS_Norm3Approx(mx, my, mz);
  948   1          if (mag_norm < AHRS_MAG_MIN_NORM) {
  949   2              ahrs_ctx.mag_valid = 0U;
  950   2              ahrs_ctx.state.flags &= (u8)(~AHRS_FLAG_MAG_VALID);
  951   2              return -1;
  952   2          }
  953   1      
  954   1          AHRS_Lpf3Apply(&ahrs_ctx.mag_lpf, AHRS_MAG_LPF_SHIFT,
  955   1                         mx, my, mz, &fmx, &fmy, &fmz);
  956   1      
  957   1          mxf = (float)fmx;
  958   1          myf = (float)fmy;
  959   1          mzf = (float)fmz;
  960   1          if (!AHRS_NormalizeVector3(&mxf, &myf, &mzf)) {
  961   2              ahrs_ctx.mag_valid = 0U;
  962   2              ahrs_ctx.state.flags &= (u8)(~AHRS_FLAG_MAG_VALID);
  963   2              return -1;
  964   2          }
  965   1      
  966   1          ahrs_ctx.mag_x = mxf;
  967   1          ahrs_ctx.mag_y = myf;
  968   1          ahrs_ctx.mag_z = mzf;
  969   1          ahrs_ctx.mag_valid = 1U;
  970   1          ahrs_ctx.state.flags |= AHRS_FLAG_MAG_VALID;
  971   1          return 0;
  972   1      }
  973          
  974          s8 AHRS_UpdateRawMag(int16 raw_mx, int16 raw_my, int16 raw_mz)
  975          {
  976   1          int16 mx;
  977   1          int16 my;
  978   1          int16 mz;
  979   1      
  980   1          AHRS_MapRawMagToBody(raw_mx, raw_my, raw_mz, &mx, &my, &mz);
C251 COMPILER V5.60.0,  AHRS                                                               16/05/26  05:32:07  PAGE 16  

  981   1          return AHRS_UpdateMag(mx, my, mz);
  982   1      }
  983          
  984          const AHRS_State_t *AHRS_GetState(void)
  985          {
  986   1          return &ahrs_ctx.state;
  987   1      }
  988          
  989          u8 AHRS_IsReady(void)
  990          {
  991   1          return ahrs_ctx.ready;
  992   1      }
  993          
  994          void AHRS_MapRawToBody(int16 raw_x, int16 raw_y, int16 raw_z,
  995                                 int16 *body_x, int16 *body_y, int16 *body_z)
  996          {
  997   1          if ((body_x == 0) || (body_y == 0) || (body_z == 0)) {
  998   2              return;
  999   2          }
 1000   1      
 1001   1          *body_x = AHRS_SelectMappedAxis(raw_x, raw_y, raw_z,
 1002   1                                          AHRS_IMU_BODY_X_FROM,
 1003   1                                          AHRS_IMU_BODY_X_SIGN);
 1004   1          *body_y = AHRS_SelectMappedAxis(raw_x, raw_y, raw_z,
 1005   1                                          AHRS_IMU_BODY_Y_FROM,
 1006   1                                          AHRS_IMU_BODY_Y_SIGN);
 1007   1          *body_z = AHRS_SelectMappedAxis(raw_x, raw_y, raw_z,
 1008   1                                          AHRS_IMU_BODY_Z_FROM,
 1009   1                                          AHRS_IMU_BODY_Z_SIGN);
 1010   1      }
 1011          
 1012          void AHRS_MapRawMagToBody(int16 raw_x, int16 raw_y, int16 raw_z,
 1013                                    int16 *body_x, int16 *body_y, int16 *body_z)
 1014          {
 1015   1          if ((body_x == 0) || (body_y == 0) || (body_z == 0)) {
 1016   2              return;
 1017   2          }
 1018   1      
 1019   1          *body_x = AHRS_SelectMappedAxis(raw_x, raw_y, raw_z,
 1020   1                                          AHRS_MAG_BODY_X_FROM,
 1021   1                                          AHRS_MAG_BODY_X_SIGN);
 1022   1          *body_y = AHRS_SelectMappedAxis(raw_x, raw_y, raw_z,
 1023   1                                          AHRS_MAG_BODY_Y_FROM,
 1024   1                                          AHRS_MAG_BODY_Y_SIGN);
 1025   1          *body_z = AHRS_SelectMappedAxis(raw_x, raw_y, raw_z,
 1026   1                                          AHRS_MAG_BODY_Z_FROM,
 1027   1                                          AHRS_MAG_BODY_Z_SIGN);
 1028   1      }


Module Information          Static   Overlayable
------------------------------------------------
  code size            =      6772     ------
  ecode size           =    ------     ------
  data size            =    ------     ------
  idata size           =    ------     ------
  pdata size           =    ------     ------
  xdata size           =       140     ------
  xdata-const size     =    ------     ------
  edata size           =    ------        347
  bit size             =    ------     ------
  ebit size            =    ------     ------
  bitaddressable size  =    ------     ------
  ebitaddressable size =    ------     ------
  far data size        =    ------     ------
  huge data size       =    ------     ------
  const size           =    ------     ------
C251 COMPILER V5.60.0,  AHRS                                                               16/05/26  05:32:07  PAGE 17  

  hconst size          =    ------     ------
End of Module Information.


C251 COMPILATION COMPLETE.  0 WARNING(S),  0 ERROR(S)
