C251 COMPILER V5.60.0,  autodrive                                                          16/05/26  06:06:42  PAGE 1   


C251 COMPILER V5.60.0, COMPILATION OF MODULE autodrive
OBJECT MODULE PLACED IN .\list\autodrive.obj
COMPILER INVOKED BY: C:\Keil_v5\C251\BIN\C251.EXE ..\Code_boweny\Device\AutoDrive\autodrive.c XSMALL INTR2 BROWSE INCDIR
                    -(..\Driver\inc;..\User;..\App\inc;..\Code_boweny\Function\Log;..\Code_boweny\Function\Filter;..\Code_boweny\Function\AHR
                    -S;..\Code_boweny\Function\PID;..\Code_boweny\Device\QMC6309;..\Code_boweny\Device\QMI8658;..\Code_boweny\Device\GPS;..\C
                    -ode_boweny\Device\WIRELESS;..\Code_boweny\Device\MOTOR) DEBUG PRINT(.\list\autodrive.lst) TABS(2) OBJECT(.\list\autodriv
                    -e.obj) 

stmt  level    source

    1          #include "autodrive.h"
    2          
    3          #include "autodrive_cfg.h"
    4          #include "..\GPS\GPS.h"
    5          #include "..\Motor\Motor.h"
    6          #include "..\..\Function\AHRS\AHRS.h"
    7          #include "..\WIRELESS\ship_protocol.h"
    8          #include "..\..\..\User\Task.h"
    9          
   10          #define AUTODRIVE_WORK_OVERTIME            (10U * 60U * 100U)
   11          #define AUTODRIVE_MIN_ACTIVE_DISTANCE_M    10U
   12          #define AUTODRIVE_MAX_ACTIVE_DISTANCE_M    800U
   13          #define AUTODRIVE_ARRIVE_DISTANCE_M        3U
   14          #define AUTODRIVE_MANUAL_TIMEOUT_TICKS     (30U * 100U)
   15          #define AUTODRIVE_MANUAL_CLOSE_TICKS       300U
   16          #define AUTODRIVE_CRUISE_BASE_SPEED        850
   17          #define AUTODRIVE_MINUTE_SCALE             10000UL
   18          #define AUTODRIVE_MINUTES_PER_DEG          60UL
   19          #define AUTODRIVE_METERS_PER_MINUTE        1850UL
   20          #define AUTODRIVE_METERS_PER_DEG           111130UL
   21          #define AUTODRIVE_ATAN_Q10                 1024UL
   22          
   23          static u8 g_autoDrive_switch = 0U;
   24          static u8 g_autoDrive_state = AUTO_DRIVE_IDLE;
   25          static u8 g_autoDrive_mode = AUTO_DRIVE_CLOSE;
   26          static u16 g_autodrive_work_overtime = 0U;
   27          static u8 g_autoDrive_fail_flag = 0U;
   28          static u8 g_motor_ready = 0U;
   29          
   30          static AutoDrive_PointRaw_t g_idle_position;
   31          static AutoDrive_PointRaw_t g_now_position;
   32          static AutoDrive_PointRaw_t g_last_position;
   33          static AutoDrive_PointRaw_t g_return_position;
   34          static AutoDrive_PointRaw_t g_fish_position;
   35          static AutoDrive_ReturnConfig_t g_autodrv_cfg;
   36          
   37          static u8 g_destination_direction = POSITION_EAST;
   38          static u8 g_nowrun_direction = POSITION_EAST;
   39          static u16 g_nowrun_angle = 0U;
   40          static u16 g_destination_angle = 0U;
   41          static u16 g_autodrive_target_heading_cd = 0U;
   42          static u8 g_autodrive_target_heading_valid = 0U;
   43          
   44          static u16 g_link_alive_ticks = 0U;
   45          static u16 g_link_close_ticks = 0U;
   46          static u32 g_last_run_update_seq = 0UL;
   47          static u32 g_last_poll_tick_ms = 0UL;
   48          static u32 g_last_link_tick_ms = 0UL;
   49          static u8 g_last_diag_reason = AUTODRIVE_DIAG_REASON_NONE;
   50          
   51          static u16 AutoDrive_Abs16(int16 value)
   52          {
   53   1          if (value < 0) {
   54   2              return (u16)(-value);
   55   2          }
C251 COMPILER V5.60.0,  autodrive                                                          16/05/26  06:06:42  PAGE 2   

   56   1          return (u16)value;
   57   1      }
   58          
   59          static u16 AutoDrive_ReadU16Wire(const u8 *data_m)
   60          {
   61   1          /* The controller protocol sends 0x13/0x14/0x15 point fields big-endian. */
   62   1          return (u16)(((u16)data_m[0] << 8) | data_m[1]);
   63   1      }
   64          
   65          static void AutoDrive_PointFromLegacyWire(AutoDrive_PointRaw_t *point,
   66                                                    const u8 *data_m)
   67          {
   68   1          if ((point == 0) || (data_m == 0)) {
   69   2              return;
   70   2          }
   71   1      
   72   1          point->lon_ew = data_m[0];
   73   1          point->lon_whole = AutoDrive_ReadU16Wire(&data_m[1]);
   74   1          point->lon_frac = AutoDrive_ReadU16Wire(&data_m[3]);
   75   1          point->lat_ns = data_m[5];
   76   1          point->lat_whole = AutoDrive_ReadU16Wire(&data_m[6]);
   77   1          point->lat_frac = AutoDrive_ReadU16Wire(&data_m[8]);
   78   1      }
   79          
   80          static u32 AutoDrive_Abs32Diff(u32 lhs, u32 rhs)
   81          {
   82   1          if (lhs >= rhs) {
   83   2              return (lhs - rhs);
   84   2          }
   85   1          return (rhs - lhs);
   86   1      }
   87          
   88          static u16 AutoDrive_Atan01Deg(u16 z_q10)
   89          {
   90   1          u32 z;
   91   1          u32 curve;
   92   1          u32 angle_deg100;
   93   1      
   94   1          z = z_q10;
   95   1          if (z > AUTODRIVE_ATAN_Q10) {
   96   2              z = AUTODRIVE_ATAN_Q10;
   97   2          }
   98   1      
   99   1          curve = 4500UL + ((1564UL * (AUTODRIVE_ATAN_Q10 - z)) / AUTODRIVE_ATAN_Q10);
  100   1          angle_deg100 = (z * curve) / AUTODRIVE_ATAN_Q10;
  101   1          return (u16)((angle_deg100 + 50UL) / 100UL);
  102   1      }
  103          
  104          static u8 AutoDrive_PointRawValid(const AutoDrive_PointRaw_t *point)
  105          {
  106   1          if (point == 0) {
  107   2              return 0U;
  108   2          }
  109   1          if ((point->lon_ew != 'E') && (point->lon_ew != 'W')) {
  110   2              return 0U;
  111   2          }
  112   1          if (point->lon_whole == 0U) {
  113   2              return 0U;
  114   2          }
  115   1          return 1U;
  116   1      }
  117          
  118          static void AutoDrive_CopyPoint(AutoDrive_PointRaw_t *dst, const AutoDrive_PointRaw_t *src)
  119          {
  120   1          if ((dst == 0) || (src == 0)) {
  121   2              return;
C251 COMPILER V5.60.0,  autodrive                                                          16/05/26  06:06:42  PAGE 3   

  122   2          }
  123   1          *dst = *src;
  124   1      }
  125          
  126          static void AutoDrive_PointFromGps(AutoDrive_PointRaw_t *point, const GPS_State_t *gps)
  127          {
  128   1          u32 lat_abs;
  129   1          u32 lon_abs;
  130   1          u32 lat_deg;
  131   1          u32 lon_deg;
  132   1          u32 lat_min_x1e4;
  133   1          u32 lon_min_x1e4;
  134   1      
  135   1          if ((point == 0) || (gps == 0)) {
  136   2              return;
  137   2          }
  138   1      
  139   1          lat_abs = (u32)((gps->lat_deg1e7 < 0L) ? -gps->lat_deg1e7 : gps->lat_deg1e7);
  140   1          lon_abs = (u32)((gps->lon_deg1e7 < 0L) ? -gps->lon_deg1e7 : gps->lon_deg1e7);
  141   1      
  142   1          lat_deg = lat_abs / 10000000UL;
  143   1          lon_deg = lon_abs / 10000000UL;
  144   1      
  145   1          lat_min_x1e4 = ((lat_abs % 10000000UL) * 6UL + 50UL) / 100UL;
  146   1          lon_min_x1e4 = ((lon_abs % 10000000UL) * 6UL + 50UL) / 100UL;
  147   1      
  148   1          point->lon_ew = (gps->lon_deg1e7 < 0L) ? 'W' : 'E';
  149   1          point->lon_whole = (u16)(lon_deg * 100UL + (lon_min_x1e4 / 10000UL));
  150   1          point->lon_frac = (u16)(lon_min_x1e4 % 10000UL);
  151   1          point->lat_ns = (gps->lat_deg1e7 < 0L) ? 'S' : 'N';
  152   1          point->lat_whole = (u16)(lat_deg * 100UL + (lat_min_x1e4 / 10000UL));
  153   1          point->lat_frac = (u16)(lat_min_x1e4 % 10000UL);
  154   1      }
  155          
  156          void AutoDrive_GetCurrentPointRaw(AutoDrive_PointRaw_t *point)
  157          {
  158   1          const GPS_State_t *gps;
  159   1      
  160   1          gps = GPS_GetState();
  161   1          if ((point == 0) || (gps == 0)) {
  162   2              return;
  163   2          }
  164   1          AutoDrive_PointFromGps(point, gps);
  165   1      }
  166          
  167          static u8 AutoDrive_GpsReady(void)
  168          {
  169   1          const GPS_State_t *gps;
  170   1          u8 sat_count;
  171   1      
  172   1          gps = GPS_GetState();
  173   1          if (gps == 0) {
  174   2              return 0U;
  175   2          }
  176   1          sat_count = (gps->satellites_used_gsa > 0U) ? gps->satellites_used_gsa : gps->satellites_used;
  177   1          if (sat_count < 7U) {
  178   2              return 0U;
  179   2          }
  180   1          if ((gps->lat_deg1e7 == 0L) || (gps->lon_deg1e7 == 0L)) {
  181   2              return 0U;
  182   2          }
  183   1          return 1U;
  184   1      }
  185          
  186          static u8 AutoDrive_GetSatCount(void)
  187          {
C251 COMPILER V5.60.0,  autodrive                                                          16/05/26  06:06:42  PAGE 4   

  188   1          const GPS_State_t *gps;
  189   1      
  190   1          gps = GPS_GetState();
  191   1          if (gps == 0) {
  192   2              return 0U;
  193   2          }
  194   1          if (gps->satellites_used_gsa > 0U) {
  195   2              return gps->satellites_used_gsa;
  196   2          }
  197   1          return gps->satellites_used;
  198   1      }
  199          
  200          static u8 AutoDrive_GetReadyCurrentPoint(AutoDrive_PointRaw_t *point)
  201          {
  202   1          const GPS_State_t *gps;
  203   1      
  204   1          if (point == 0) {
  205   2              return 0U;
  206   2          }
  207   1          if (AutoDrive_GpsReady() == 0U) {
  208   2              return 0U;
  209   2          }
  210   1      
  211   1          gps = GPS_GetState();
  212   1          if (gps == 0) {
  213   2              return 0U;
  214   2          }
  215   1      
  216   1          AutoDrive_PointFromGps(point, gps);
  217   1          return AutoDrive_PointRawValid(point);
  218   1      }
  219          
  220          static void AutoDrive_SetDiagReason(u8 reason)
  221          {
  222   1          g_last_diag_reason = reason;
  223   1      }
  224          
  225          static u8 AutoDrive_GetTargetPoint(const AutoDrive_PointRaw_t **target)
  226          {
  227   1          if (target == 0) {
  228   2              return 0U;
  229   2          }
  230   1      
  231   1          if (g_autoDrive_mode == AUTO_DRIVE_GO_FISISH_POSITION) {
  232   2              *target = &g_fish_position;
  233   2              return 1U;
  234   2          }
  235   1          if (g_autoDrive_mode == AUTO_DRIVE_GO_HOME_POSITION) {
  236   2              *target = &g_return_position;
  237   2              return 1U;
  238   2          }
  239   1      
  240   1          *target = 0;
  241   1          return 0U;
  242   1      }
  243          
  244          static u8 AutoDrive_UpdateTargetHeading(const AutoDrive_PointRaw_t *current_point,
  245                                                  const AutoDrive_PointRaw_t *target_point)
  246          {
  247   1          u16 target_angle;
  248   1          u8 target_direction;
  249   1      
  250   1          if ((current_point == 0) || (target_point == 0)) {
  251   2              return 0U;
  252   2          }
  253   1      
C251 COMPILER V5.60.0,  autodrive                                                          16/05/26  06:06:42  PAGE 5   

  254   1          target_angle = AutoDrive_GetAngelNowToDestination((const u8 *)current_point,
  255   1                                                            (const u8 *)target_point);
  256   1          if (target_angle == 65535U) {
  257   2              return 0U;
  258   2          }
  259   1      
  260   1          target_direction =
  261   1              AutoDrive_GetDirectionNowToDestination((const u8 *)current_point,
  262   1                                                     (const u8 *)target_point);
  263   1          g_destination_direction = target_direction;
  264   1          g_destination_angle = AutoDrive_GetNorthAngel(target_direction, (u8)target_angle);
  265   1          if (g_destination_angle >= 360U) {
  266   2              g_destination_angle = (u16)(g_destination_angle % 360U);
  267   2          }
  268   1          g_autodrive_target_heading_cd = (u16)(g_destination_angle * 100U);
  269   1          g_autodrive_target_heading_valid = 1U;
  270   1          return 1U;
  271   1      }
  272          
  273          static void AutoDrive_ApplyHeadingHold(u32 now_ms, u16 base_speed)
  274          {
  275   1          (void)now_ms;
*** WARNING C138 IN LINE 275 OF ..\Code_boweny\Device\AutoDrive\autodrive.c: expression with possibly no effect
  276   1          if (g_autodrive_target_heading_valid == 0U) {
  277   2              AutoDrive_StopMotion();
  278   2              return;
  279   2          }
  280   1      
  281   1          if (ShipProtocol_ApplyYawHoldTarget(g_autodrive_target_heading_cd,
  282   1                                              (int16)base_speed) == 0U) {
  283   2              AutoDrive_StopMotion();
  284   2          }
  285   1      }
  286          
  287          void AutoDrive_StopMotion(void)
  288          {
  289   1          Motor_StopAll();
  290   1          g_autodrive_target_heading_valid = 0U;
  291   1          ShipProtocol_ResetYawHoldController();
  292   1      }
  293          
  294          void AutoDrive_Stop(void)
  295          {
  296   1          g_autoDrive_state = AUTO_DRIVE_IDLE;
  297   1          AutoDrive_SetDiagReason(AUTODRIVE_DIAG_REASON_STOP);
  298   1          AutoDrive_SetMode(AUTO_DRIVE_CLOSE);
  299   1      }
  300          
  301          void AutoDrive_SetMode(u8 mode)
  302          {
  303   1          if ((g_autoDrive_mode != AUTO_DRIVE_CLOSE) && (mode == AUTO_DRIVE_CLOSE)) {
  304   2              AutoDrive_StopMotion();
  305   2          }
  306   1      
  307   1          g_autoDrive_mode = mode;
  308   1          if (g_autoDrive_mode == AUTO_DRIVE_CLOSE) {
  309   2              g_autoDrive_state = AUTO_DRIVE_IDLE;
  310   2          }
  311   1      }
  312          
  313          u8 AutoDrive_GetMode(void)
  314          {
  315   1          return g_autoDrive_mode;
  316   1      }
  317          
  318          u8 AutoDrive_InActive(void)
C251 COMPILER V5.60.0,  autodrive                                                          16/05/26  06:06:42  PAGE 6   

  319          {
  320   1          if (g_autoDrive_state != AUTO_DRIVE_IDLE) {
  321   2              if (g_autoDrive_mode == AUTO_DRIVE_GO_HOME_POSITION) {
  322   3                  return 1U;
  323   3              }
  324   2              if (g_autoDrive_mode == AUTO_DRIVE_GO_FISISH_POSITION) {
  325   3                  return 2U;
  326   3              }
  327   2          }
  328   1          return 0U;
  329   1      }
  330          
  331          u8 AutoDrive_IsBusy(void)
  332          {
  333   1          return (g_autoDrive_state != AUTO_DRIVE_IDLE) ? 1U : 0U;
  334   1      }
  335          
  336          u8 AutoDrive_IsCanActive(const AutoDrive_PointRaw_t *point)
  337          {
  338   1          AutoDrive_PointRaw_t current_point;
  339   1          u16 distance;
  340   1      
  341   1          if (g_autoDrive_state != AUTO_DRIVE_IDLE) {
  342   2              return 0U;
  343   2          }
  344   1          if (AutoDrive_PointRawValid(point) == 0U) {
  345   2              return 0U;
  346   2          }
  347   1          if (AutoDrive_GetReadyCurrentPoint(&current_point) == 0U) {
  348   2              return 0U;
  349   2          }
  350   1      
  351   1          distance = AutoDrive_GetDistanceNowToDestination((const u8 *)point,
  352   1                                                           (const u8 *)&current_point);
  353   1          if ((distance > AUTODRIVE_MIN_ACTIVE_DISTANCE_M) &&
  354   1              (distance < AUTODRIVE_MAX_ACTIVE_DISTANCE_M)) {
  355   2              AutoDrive_CopyPoint(&g_idle_position, &current_point);
  356   2              return 1U;
  357   2          }
  358   1          return 0U;
  359   1      }
  360          
  361          void AutoDrive_SetReturnPositionRaw(const u8 *data_m)
  362          {
  363   1          AutoDrive_SetDiagReason(AUTODRIVE_DIAG_REASON_CMD_RETURN_HOME);
  364   1          if (g_autoDrive_state != AUTO_DRIVE_IDLE) {
  365   2              return;
  366   2          }
  367   1      
  368   1          AutoDrive_PointFromLegacyWire(&g_return_position, data_m);
  369   1          if (AutoDrive_IsCanActive(&g_return_position) == 0U) {
  370   2              return;
  371   2          }
  372   1      
  373   1          AutoDrive_SetMode(AUTO_DRIVE_GO_HOME_POSITION);
  374   1          g_autoDrive_state = AUTO_DRIVE_START;
  375   1          g_autodrive_work_overtime = AUTODRIVE_WORK_OVERTIME;
  376   1          g_autoDrive_fail_flag = 0U;
  377   1      }
  378          
  379          void AutoDrive_SetFishPositionRaw(const u8 *data_m)
  380          {
  381   1          AutoDrive_SetDiagReason(AUTODRIVE_DIAG_REASON_CMD_GOTO_POINT);
  382   1          if (g_autoDrive_state != AUTO_DRIVE_IDLE) {
  383   2              return;
  384   2          }
C251 COMPILER V5.60.0,  autodrive                                                          16/05/26  06:06:42  PAGE 7   

  385   1      
  386   1          AutoDrive_PointFromLegacyWire(&g_fish_position, data_m);
  387   1          if (AutoDrive_IsCanActive(&g_fish_position) == 0U) {
  388   2              return;
  389   2          }
  390   1      
  391   1          AutoDrive_SetMode(AUTO_DRIVE_GO_FISISH_POSITION);
  392   1          g_autoDrive_state = AUTO_DRIVE_START;
  393   1          g_autodrive_work_overtime = AUTODRIVE_WORK_OVERTIME;
  394   1          g_autoDrive_fail_flag = 0U;
  395   1      }
  396          
  397          void AutoDrive_TriggerReturnWithReason(u8 reason)
  398          {
  399   1          AutoDrive_SetDiagReason(reason);
  400   1          if (g_autodrv_cfg.auto_ret_onoff != 0x30U) {
  401   2              if (g_autoDrive_fail_flag != 0U) {
  402   3                  return;
  403   3              }
  404   2              if (g_autoDrive_state != AUTO_DRIVE_IDLE) {
  405   3                  return;
  406   3              }
  407   2              if (AutoDrive_IsCanActive(&g_autodrv_cfg.ret_point) != 0U) {
  408   3                  AutoDrive_CopyPoint(&g_return_position, &g_autodrv_cfg.ret_point);
  409   3                  AutoDrive_SetMode(AUTO_DRIVE_GO_HOME_POSITION);
  410   3                  g_autoDrive_state = AUTO_DRIVE_START;
  411   3                  g_autodrive_work_overtime = AUTODRIVE_WORK_OVERTIME;
  412   3              }
  413   2          }
  414   1      }
  415          
  416          void AutoDrive_TriggerReturn(void)
  417          {
  418   1          AutoDrive_TriggerReturnWithReason(AUTODRIVE_DIAG_REASON_GENERIC_TRIGGER);
  419   1      }
  420          
  421          void AutoDrive_WorkOvertimeFail(void)
  422          {
  423   1          g_autoDrive_fail_flag = 1U;
  424   1          AutoDrive_SetDiagReason(AUTODRIVE_DIAG_REASON_OVERTIME);
  425   1      }
  426          
  427          void AutoDrive_SetSwitchRaw(const u8 *data_m, u8 len)
  428          {
  429   1          if ((data_m == 0) || (len == 0U)) {
  430   2              return;
  431   2          }
  432   1      
  433   1          g_autoDrive_switch = data_m[0];
  434   1          g_autodrv_cfg.auto_ret_onoff = data_m[0];
  435   1          if (len >= (u8)(1U + AUTODRIVE_LEGACY_POINT_WIRE_LEN)) {
  436   2              AutoDrive_SetDiagReason(AUTODRIVE_DIAG_REASON_RETURN_SWITCH_SAVE);
  437   2              AutoDrive_PointFromLegacyWire(&g_autodrv_cfg.ret_point, &data_m[1]);
  438   2          }
  439   1          (void)AutoDriveCfg_Save(&g_autodrv_cfg);
  440   1      }
  441          
  442          void AutoDrive_GetStoredConfig(AutoDrive_ReturnConfig_t *cfg)
  443          {
  444   1          if (cfg != 0) {
  445   2              *cfg = g_autodrv_cfg;
  446   2          }
  447   1      }
  448          
  449          u8 AutoDrive_GetDirectionNowToDestination(const u8 *nowpositionData,
  450                                                    const u8 *despositionData)
C251 COMPILER V5.60.0,  autodrive                                                          16/05/26  06:06:42  PAGE 8   

  451          {
  452   1          const AutoDrive_PointRaw_t *nowposition;
  453   1          const AutoDrive_PointRaw_t *desposition;
  454   1          u8 direction;
  455   1      
  456   1          nowposition = (const AutoDrive_PointRaw_t *)nowpositionData;
  457   1          desposition = (const AutoDrive_PointRaw_t *)despositionData;
  458   1          direction = 0U;
  459   1      
  460   1          if ((nowposition->lon_whole > desposition->lon_whole) ||
  461   1              ((nowposition->lon_whole == desposition->lon_whole) &&
  462   1               (nowposition->lon_frac > desposition->lon_frac))) {
  463   2              direction = POSITION_WEST;
  464   2              if ((nowposition->lat_whole > desposition->lat_whole) ||
  465   2                  ((nowposition->lat_whole == desposition->lat_whole) &&
  466   2                   (nowposition->lat_frac > desposition->lat_frac))) {
  467   3                  direction = POSITION_WEST_SOUTH;
  468   3              } else if ((nowposition->lat_whole < desposition->lat_whole) ||
  469   2                         ((nowposition->lat_whole == desposition->lat_whole) &&
  470   2                          (nowposition->lat_frac < desposition->lat_frac))) {
  471   3                  direction = POSITION_WEST_NORTH;
  472   3              }
  473   2          }
  474   1      
  475   1          if ((nowposition->lon_whole < desposition->lon_whole) ||
  476   1              ((nowposition->lon_whole == desposition->lon_whole) &&
  477   1               (nowposition->lon_frac < desposition->lon_frac))) {
  478   2              direction = POSITION_EAST;
  479   2              if ((nowposition->lat_whole > desposition->lat_whole) ||
  480   2                  ((nowposition->lat_whole == desposition->lat_whole) &&
  481   2                   (nowposition->lat_frac > desposition->lat_frac))) {
  482   3                  direction = POSITION_EAST_SOUTH;
  483   3              } else if ((nowposition->lat_whole < desposition->lat_whole) ||
  484   2                         ((nowposition->lat_whole == desposition->lat_whole) &&
  485   2                          (nowposition->lat_frac < desposition->lat_frac))) {
  486   3                  direction = POSITION_EAST_NORTH;
  487   3              }
  488   2          }
  489   1      
  490   1          if (direction == 0U) {
  491   2              if ((nowposition->lat_whole > desposition->lat_whole) ||
  492   2                  ((nowposition->lat_whole == desposition->lat_whole) &&
  493   2                   (nowposition->lat_frac > desposition->lat_frac))) {
  494   3                  direction = POSITION_SOUTH;
  495   3              } else {
  496   3                  direction = POSITION_NORTH;
  497   3              }
  498   2          }
  499   1      
  500   1          return direction;
  501   1      }
  502          
  503          static u32 AutoDrive_CalDistanceLon(const AutoDrive_PointRaw_t *now,
  504                                              const AutoDrive_PointRaw_t *des)
  505          {
  506   1          u16 dd1;
  507   1          u16 dd2;
  508   1          u32 sec1;
  509   1          u32 sec2;
  510   1          u16 ddiff;
  511   1          u32 sec_diff;
  512   1      
  513   1          dd1 = now->lon_whole / 100U;
  514   1          dd2 = des->lon_whole / 100U;
  515   1          sec1 = ((u32)(now->lon_whole % 100U) * AUTODRIVE_MINUTE_SCALE) + (u32)now->lon_frac;
  516   1          sec2 = ((u32)(des->lon_whole % 100U) * AUTODRIVE_MINUTE_SCALE) + (u32)des->lon_frac;
C251 COMPILER V5.60.0,  autodrive                                                          16/05/26  06:06:42  PAGE 9   

  517   1      
  518   1          if (dd1 == dd2) {
  519   2              sec_diff = AutoDrive_Abs32Diff(sec1, sec2);
  520   2              return (sec_diff * AUTODRIVE_METERS_PER_MINUTE) / AUTODRIVE_MINUTE_SCALE;
  521   2          }
  522   1      
  523   1          if (dd1 > dd2) {
  524   2              ddiff = (u16)(dd1 - dd2);
  525   2              if (sec1 > sec2) {
  526   3                  sec_diff = sec1 - sec2;
  527   3              } else {
  528   3                  ddiff -= 1U;
  529   3                  sec1 += (AUTODRIVE_MINUTES_PER_DEG * AUTODRIVE_MINUTE_SCALE);
  530   3                  sec_diff = sec1 - sec2;
  531   3              }
  532   2          } else {
  533   2              ddiff = (u16)(dd2 - dd1);
  534   2              if (sec2 > sec1) {
  535   3                  sec_diff = sec2 - sec1;
  536   3              } else {
  537   3                  ddiff -= 1U;
  538   3                  sec2 += (AUTODRIVE_MINUTES_PER_DEG * AUTODRIVE_MINUTE_SCALE);
  539   3                  sec_diff = sec2 - sec1;
  540   3              }
  541   2          }
  542   1      
  543   1          if (ddiff != 0U) {
  544   2              return ((u32)ddiff * AUTODRIVE_METERS_PER_DEG) +
  545   2                     ((sec_diff * AUTODRIVE_METERS_PER_MINUTE) / AUTODRIVE_MINUTE_SCALE);
  546   2          }
  547   1          return (sec_diff * AUTODRIVE_METERS_PER_MINUTE) / AUTODRIVE_MINUTE_SCALE;
  548   1      }
  549          
  550          static u32 AutoDrive_CalDistanceLat(const AutoDrive_PointRaw_t *now,
  551                                              const AutoDrive_PointRaw_t *des)
  552          {
  553   1          u16 dd1;
  554   1          u16 dd2;
  555   1          u32 sec1;
  556   1          u32 sec2;
  557   1          u16 ddiff;
  558   1          u32 sec_diff;
  559   1      
  560   1          dd1 = now->lat_whole / 100U;
  561   1          dd2 = des->lat_whole / 100U;
  562   1          sec1 = ((u32)(now->lat_whole % 100U) * AUTODRIVE_MINUTE_SCALE) + (u32)now->lat_frac;
  563   1          sec2 = ((u32)(des->lat_whole % 100U) * AUTODRIVE_MINUTE_SCALE) + (u32)des->lat_frac;
  564   1      
  565   1          if (dd1 == dd2) {
  566   2              sec_diff = AutoDrive_Abs32Diff(sec1, sec2);
  567   2              return (sec_diff * AUTODRIVE_METERS_PER_MINUTE) / AUTODRIVE_MINUTE_SCALE;
  568   2          }
  569   1      
  570   1          if (dd1 > dd2) {
  571   2              ddiff = (u16)(dd1 - dd2);
  572   2              if (sec1 > sec2) {
  573   3                  sec_diff = sec1 - sec2;
  574   3              } else {
  575   3                  ddiff -= 1U;
  576   3                  sec1 += (AUTODRIVE_MINUTES_PER_DEG * AUTODRIVE_MINUTE_SCALE);
  577   3                  sec_diff = sec1 - sec2;
  578   3              }
  579   2          } else {
  580   2              ddiff = (u16)(dd2 - dd1);
  581   2              if (sec2 > sec1) {
  582   3                  sec_diff = sec2 - sec1;
C251 COMPILER V5.60.0,  autodrive                                                          16/05/26  06:06:42  PAGE 10  

  583   3              } else {
  584   3                  ddiff -= 1U;
  585   3                  sec2 += (AUTODRIVE_MINUTES_PER_DEG * AUTODRIVE_MINUTE_SCALE);
  586   3                  sec_diff = sec2 - sec1;
  587   3              }
  588   2          }
  589   1      
  590   1          if (ddiff != 0U) {
  591   2              return ((u32)ddiff * AUTODRIVE_METERS_PER_DEG) +
  592   2                     ((sec_diff * AUTODRIVE_METERS_PER_MINUTE) / AUTODRIVE_MINUTE_SCALE);
  593   2          }
  594   1          return (sec_diff * AUTODRIVE_METERS_PER_MINUTE) / AUTODRIVE_MINUTE_SCALE;
  595   1      }
  596          
  597          u16 AutoDrive_GetAngelNowToDestination(const u8 *nowpositionData,
  598                                                 const u8 *despositionData)
  599          {
  600   1          const AutoDrive_PointRaw_t *nowposition;
  601   1          const AutoDrive_PointRaw_t *desposition;
  602   1          u32 distance_width;
  603   1          u32 distance_height;
  604   1          u32 z_q10;
  605   1          u16 base;
  606   1      
  607   1          nowposition = (const AutoDrive_PointRaw_t *)nowpositionData;
  608   1          desposition = (const AutoDrive_PointRaw_t *)despositionData;
  609   1      
  610   1          distance_width = AutoDrive_CalDistanceLon(nowposition, desposition);
  611   1          distance_height = AutoDrive_CalDistanceLat(nowposition, desposition);
  612   1      
  613   1          if (distance_width == 0UL) {
  614   2              if (distance_height == 0UL) {
  615   3                  return 65535U;
  616   3              }
  617   2              return 90U;
  618   2          }
  619   1      
  620   1          if (distance_height <= distance_width) {
  621   2              z_q10 = ((distance_height << 10) + (distance_width >> 1)) / distance_width;
  622   2              return AutoDrive_Atan01Deg((u16)z_q10);
  623   2          }
  624   1      
  625   1          z_q10 = ((distance_width << 10) + (distance_height >> 1)) / distance_height;
  626   1          base = AutoDrive_Atan01Deg((u16)z_q10);
  627   1          return (u16)(90U - base);
  628   1      }
  629          
  630          u16 AutoDrive_GetDistanceNowToDestination(const u8 *nowpositionData,
  631                                                    const u8 *despositionData)
  632          {
  633   1          const AutoDrive_PointRaw_t *nowposition;
  634   1          const AutoDrive_PointRaw_t *desposition;
  635   1          u32 distance_width;
  636   1          u32 distance_height;
  637   1          u32 max_distance;
  638   1          u32 min_distance;
  639   1          u32 distance;
  640   1      
  641   1          nowposition = (const AutoDrive_PointRaw_t *)nowpositionData;
  642   1          desposition = (const AutoDrive_PointRaw_t *)despositionData;
  643   1      
  644   1          distance_width = AutoDrive_CalDistanceLon(nowposition, desposition);
  645   1          distance_height = AutoDrive_CalDistanceLat(nowposition, desposition);
  646   1      
  647   1          if (distance_width >= distance_height) {
  648   2              max_distance = distance_width;
C251 COMPILER V5.60.0,  autodrive                                                          16/05/26  06:06:42  PAGE 11  

  649   2              min_distance = distance_height;
  650   2          } else {
  651   2              max_distance = distance_height;
  652   2              min_distance = distance_width;
  653   2          }
  654   1          distance = max_distance + ((min_distance * 3UL) >> 3);
  655   1          if (distance > 65535UL) {
  656   2              return 65535U;
  657   2          }
  658   1      
  659   1          return (u16)distance;
  660   1      }
  661          
  662          u16 AutoDrive_GetNorthAngel(u8 direction, u8 angel)
  663          {
  664   1          switch (direction) {
  665   2          case POSITION_NORTH:
  666   2              return 0U;
  667   2          case POSITION_EAST_NORTH:
  668   2              return (u16)(90U - angel);
  669   2          case POSITION_EAST:
  670   2              return 90U;
  671   2          case POSITION_EAST_SOUTH:
  672   2              return (u16)(90U + angel);
  673   2          case POSITION_SOUTH:
  674   2              return 180U;
  675   2          case POSITION_WEST_SOUTH:
  676   2              return (u16)(270U - angel);
  677   2          case POSITION_WEST:
  678   2              return 270U;
  679   2          case POSITION_WEST_NORTH:
  680   2              return (u16)(270U + angel);
  681   2          default:
  682   2              return 0U;
  683   2          }
  684   1      }
  685          
  686          static u16 AutoDrive_GetStartHeadingDeg(void)
  687          {
  688   1          if (AHRS_IsReady()) {
  689   2              const AHRS_State_t *ahrs;
  690   2              int16 yaw;
  691   2      
  692   2              ahrs = AHRS_GetState();
  693   2              yaw = ahrs->yaw_deg100;
  694   2              while (yaw < 0) {
  695   3                  yaw = (int16)(yaw + 36000);
  696   3              }
  697   2              while (yaw >= 36000) {
  698   3                  yaw = (int16)(yaw - 36000);
  699   3              }
  700   2              return (u16)(yaw / 100U);
  701   2          }
  702   1      
  703   1          {
  704   2              const GPS_State_t *gps;
  705   2      
  706   2              gps = GPS_GetState();
  707   2              if ((gps != 0) && (gps->fix_valid != 0U) &&
  708   2                  (gps->course_deg_x100 <= 36000U)) {
  709   3                  return (u16)(gps->course_deg_x100 / 100U);
  710   3              }
  711   2          }
  712   1      
  713   1          return 0U;
  714   1      }
C251 COMPILER V5.60.0,  autodrive                                                          16/05/26  06:06:42  PAGE 12  

  715          
  716          static u16 AutoDrive_GetRunHeadingDeg(void)
  717          {
  718   1          const GPS_State_t *gps;
  719   1      
  720   1          gps = GPS_GetState();
  721   1          if ((gps != 0) && (gps->fix_valid != 0U) &&
  722   1              (gps->course_deg_x100 <= 36000U)) {
  723   2              return (u16)(gps->course_deg_x100 / 100U);
  724   2          }
  725   1      
  726   1          return 65535U;
  727   1      }
  728          
  729          static void AutoDrive_UpdateIdlePosition(void)
  730          {
  731   1          if (AutoDrive_GpsReady() == 0U) {
  732   2              return;
  733   2          }
  734   1      
  735   1          AutoDrive_PointFromGps(&g_idle_position, GPS_GetState());
  736   1      }
  737          
  738          static void AutoDrive_UpdateGpsStepPoints(void)
  739          {
  740   1          const GPS_State_t *gps;
  741   1      
  742   1          gps = GPS_GetState();
  743   1          if (gps == 0) {
  744   2              return;
  745   2          }
  746   1      
  747   1          AutoDrive_PointFromGps(&g_now_position, gps);
  748   1      }
  749          
  750          static void AutoDrive_GetSnapshotTargetPoint(AutoDrive_PointRaw_t *point)
  751          {
  752   1          if (point == 0) {
  753   2              return;
  754   2          }
  755   1      
  756   1          point->lon_ew = 0U;
  757   1          point->lon_whole = 0U;
  758   1          point->lon_frac = 0U;
  759   1          point->lat_ns = 0U;
  760   1          point->lat_whole = 0U;
  761   1          point->lat_frac = 0U;
  762   1      
  763   1          if ((g_autoDrive_mode == AUTO_DRIVE_GO_HOME_POSITION) ||
  764   1              (g_last_diag_reason == AUTODRIVE_DIAG_REASON_CMD_RETURN_HOME)) {
  765   2              AutoDrive_CopyPoint(point, &g_return_position);
  766   2          } else if ((g_autoDrive_mode == AUTO_DRIVE_GO_FISISH_POSITION) ||
  767   1                     (g_last_diag_reason == AUTODRIVE_DIAG_REASON_CMD_GOTO_POINT)) {
  768   2              AutoDrive_CopyPoint(point, &g_fish_position);
  769   2          } else {
  770   2              AutoDrive_CopyPoint(point, &g_autodrv_cfg.ret_point);
  771   2          }
  772   1      }
  773          
  774          static u8 AutoDrive_CanActivateTargetPoint(const AutoDrive_PointRaw_t *point,
  775                                                     const AutoDrive_PointRaw_t *current_point)
  776          {
  777   1          u16 distance;
  778   1      
  779   1          if (AutoDrive_PointRawValid(point) == 0U) {
  780   2              return 0U;
C251 COMPILER V5.60.0,  autodrive                                                          16/05/26  06:06:42  PAGE 13  

  781   2          }
  782   1          if (AutoDrive_PointRawValid(current_point) == 0U) {
  783   2              return 0U;
  784   2          }
  785   1          if (AutoDrive_GpsReady() == 0U) {
  786   2              return 0U;
  787   2          }
  788   1      
  789   1          distance = AutoDrive_GetDistanceNowToDestination((const u8 *)point,
  790   1                                                           (const u8 *)current_point);
  791   1          if ((distance > AUTODRIVE_MIN_ACTIVE_DISTANCE_M) &&
  792   1              (distance < AUTODRIVE_MAX_ACTIVE_DISTANCE_M)) {
  793   2              return 1U;
  794   2          }
  795   1          return 0U;
  796   1      }
  797          
  798          void AutoDrive_Init(void)
  799          {
  800   1          AutoDriveCfg_Init();
  801   1          AutoDriveCfg_Load(&g_autodrv_cfg);
  802   1          if (g_autodrv_cfg.auto_ret_onoff == 0xFFU) {
  803   2              g_autodrv_cfg.auto_ret_onoff = 0x30U;
  804   2          }
  805   1      
  806   1          g_autoDrive_switch = g_autodrv_cfg.auto_ret_onoff;
  807   1          g_autoDrive_state = AUTO_DRIVE_IDLE;
  808   1          g_autoDrive_mode = AUTO_DRIVE_CLOSE;
  809   1          g_autodrive_work_overtime = 0U;
  810   1          g_autoDrive_fail_flag = 0U;
  811   1          g_link_alive_ticks = 0U;
  812   1          g_link_close_ticks = 0U;
  813   1          g_last_run_update_seq = 0UL;
  814   1          g_last_poll_tick_ms = Task_GetTickMs();
  815   1          g_last_link_tick_ms = g_last_poll_tick_ms;
  816   1          g_last_diag_reason = AUTODRIVE_DIAG_REASON_NONE;
  817   1          g_autodrive_target_heading_cd = 0U;
  818   1          g_autodrive_target_heading_valid = 0U;
  819   1      
  820   1          if (g_motor_ready == 0U) {
  821   2              Motor_Init();
  822   2              g_motor_ready = 1U;
  823   2          }
  824   1          AutoDrive_StopMotion();
  825   1      }
  826          
  827          void AutoDrive_LinkAliveKick(void)
  828          {
  829   1          g_link_alive_ticks = 0U;
  830   1          g_link_close_ticks = AUTODRIVE_MANUAL_CLOSE_TICKS;
  831   1      }
  832          
  833          void AutoDrive_LinkAliveTick(void)
  834          {
  835   1          u32 now_ms;
  836   1      
  837   1          now_ms = Task_GetTickMs();
  838   1          if ((now_ms - g_last_link_tick_ms) < 10U) {
  839   2              return;
  840   2          }
  841   1          g_last_link_tick_ms = now_ms;
  842   1      
  843   1          if (g_link_alive_ticks < AUTODRIVE_MANUAL_TIMEOUT_TICKS) {
  844   2              g_link_alive_ticks++;
  845   2          } else {
  846   2              AutoDrive_TriggerReturnWithReason(AUTODRIVE_DIAG_REASON_LINK_TIMEOUT);
C251 COMPILER V5.60.0,  autodrive                                                          16/05/26  06:06:42  PAGE 14  

  847   2              g_link_alive_ticks = 0U;
  848   2          }
  849   1      
  850   1          if (g_link_close_ticks > 0U) {
  851   2              g_link_close_ticks--;
  852   2              if (g_link_close_ticks == 0U) {
  853   3                  if (AutoDrive_GetMode() == AUTO_DRIVE_CLOSE) {
  854   4                      AutoDrive_StopMotion();
  855   4                  }
  856   3              }
  857   2          }
  858   1      }
  859          
  860          void AutoDrive_Poll(void)
  861          {
  862   1          const GPS_State_t *gps;
  863   1          const AutoDrive_PointRaw_t *target_point;
  864   1          u16 destination_distance;
  865   1          u32 now_ms;
  866   1      
  867   1          now_ms = Task_GetTickMs();
  868   1          if ((now_ms - g_last_poll_tick_ms) < 10U) {
  869   2              return;
  870   2          }
  871   1          g_last_poll_tick_ms = now_ms;
  872   1      
  873   1          gps = GPS_GetState();
  874   1          if ((gps != 0) && (g_autoDrive_state == AUTO_DRIVE_IDLE)) {
  875   2              AutoDrive_UpdateIdlePosition();
  876   2          }
  877   1      
  878   1          switch (g_autoDrive_state) {
  879   2          case AUTO_DRIVE_IDLE:
  880   2              break;
  881   2      
  882   2          case AUTO_DRIVE_START:
  883   2              if ((gps == 0) || (AutoDrive_GpsReady() == 0U) ||
  884   2                  (AutoDrive_GetTargetPoint(&target_point) == 0U)) {
  885   3                  AutoDrive_Stop();
  886   3                  break;
  887   3              }
  888   2      
  889   2              AutoDrive_PointFromGps(&g_last_position, gps);
  890   2              AutoDrive_CopyPoint(&g_idle_position, &g_last_position);
  891   2              if (AutoDrive_UpdateTargetHeading(&g_last_position, target_point) == 0U) {
  892   3                  AutoDrive_Stop();
  893   3                  break;
  894   3              }
  895   2      
  896   2              ShipProtocol_ResetYawHoldController();
  897   2              g_last_run_update_seq = gps->update_sequence;
  898   2              g_autoDrive_state = AUTO_DRIVE_RUNING;
  899   2              AutoDrive_ApplyHeadingHold(now_ms, AUTODRIVE_CRUISE_BASE_SPEED);
  900   2              break;
  901   2      
  902   2          case AUTO_DRIVE_GET_DIRECTION:
  903   2              g_autoDrive_state = AUTO_DRIVE_START;
  904   2              break;
  905   2      
  906   2          case AUTO_DRIVE_RUNING:
  907   2              if (g_autodrive_work_overtime > 0U) {
  908   3                  g_autodrive_work_overtime--;
  909   3              } else {
  910   3                  AutoDrive_SetMode(AUTO_DRIVE_CLOSE);
  911   3                  AutoDrive_WorkOvertimeFail();
  912   3                  break;
C251 COMPILER V5.60.0,  autodrive                                                          16/05/26  06:06:42  PAGE 15  

  913   3              }
  914   2      
  915   2              if ((gps != 0) && (AutoDrive_GpsReady() != 0U) &&
  916   2                  (gps->update_sequence != g_last_run_update_seq)) {
  917   3                  if (AutoDrive_GetTargetPoint(&target_point) == 0U) {
  918   4                      AutoDrive_Stop();
  919   4                      break;
  920   4                  }
  921   3      
  922   3                  AutoDrive_UpdateGpsStepPoints();
  923   3                  destination_distance =
  924   3                      AutoDrive_GetDistanceNowToDestination((const u8 *)&g_now_position,
  925   3                                                            (const u8 *)target_point);
  926   3                  if (destination_distance < AUTODRIVE_ARRIVE_DISTANCE_M) {
  927   4                      AutoDrive_SetDiagReason(AUTODRIVE_DIAG_REASON_ARRIVE);
  928   4                      g_autoDrive_state = AUTO_DRIVE_IDLE;
  929   4                      AutoDrive_SetMode(AUTO_DRIVE_CLOSE);
  930   4                      AutoDrive_StopMotion();
  931   4                      break;
  932   4                  }
  933   3      
  934   3                  g_nowrun_direction =
  935   3                      AutoDrive_GetDirectionNowToDestination((const u8 *)&g_last_position,
  936   3                                                             (const u8 *)&g_now_position);
  937   3                  if (AutoDrive_UpdateTargetHeading(&g_now_position, target_point) == 0U) {
  938   4                      break;
  939   4                  }
  940   3      
  941   3                  AutoDrive_CopyPoint(&g_last_position, &g_now_position);
  942   3                  g_last_run_update_seq = gps->update_sequence;
  943   3              }
  944   2      
  945   2              AutoDrive_ApplyHeadingHold(now_ms, AUTODRIVE_CRUISE_BASE_SPEED);
  946   2              break;
  947   2      
  948   2          default:
  949   2              g_autodrive_work_overtime = 0U;
  950   2              AutoDrive_SetMode(AUTO_DRIVE_CLOSE);
  951   2              break;
  952   2          }
  953   1      }
  954          
  955          void AutoDrive_GetDebugSnapshot(AutoDrive_DebugSnapshot_t *snapshot)
  956          {
  957   1          u16 heading;
  958   1      
  959   1          if (snapshot == 0) {
  960   2              return;
  961   2          }
  962   1      
  963   1          snapshot->state = g_autoDrive_state;
  964   1          snapshot->mode = g_autoDrive_mode;
  965   1          snapshot->auto_ret_onoff = g_autodrv_cfg.auto_ret_onoff;
  966   1          snapshot->fail_flag = g_autoDrive_fail_flag;
  967   1          snapshot->last_reason = g_last_diag_reason;
  968   1          snapshot->gps_ready = AutoDrive_GpsReady();
  969   1          snapshot->sat_count = AutoDrive_GetSatCount();
  970   1          snapshot->current_point.lon_ew = 0U;
  971   1          snapshot->current_point.lon_whole = 0U;
  972   1          snapshot->current_point.lon_frac = 0U;
  973   1          snapshot->current_point.lat_ns = 0U;
  974   1          snapshot->current_point.lat_whole = 0U;
  975   1          snapshot->current_point.lat_frac = 0U;
  976   1      
  977   1          AutoDrive_GetCurrentPointRaw(&snapshot->current_point);
  978   1          AutoDrive_GetSnapshotTargetPoint(&snapshot->target_point);
C251 COMPILER V5.60.0,  autodrive                                                          16/05/26  06:06:42  PAGE 16  

  979   1      
  980   1          snapshot->can_activate_target =
  981   1              AutoDrive_CanActivateTargetPoint(&snapshot->target_point,
  982   1                                               &snapshot->current_point);
  983   1      
  984   1          if ((AutoDrive_PointRawValid(&snapshot->current_point) != 0U) &&
  985   1              (AutoDrive_PointRawValid(&snapshot->target_point) != 0U)) {
  986   2              snapshot->distance_to_target_m =
  987   2                  AutoDrive_GetDistanceNowToDestination((const u8 *)&snapshot->current_point,
  988   2                                                        (const u8 *)&snapshot->target_point);
  989   2          } else {
  990   2              snapshot->distance_to_target_m = 0U;
  991   2          }
  992   1      
  993   1          heading = AutoDrive_GetRunHeadingDeg();
  994   1          if ((heading == 65535U) || (heading > 360U)) {
  995   2              heading = AutoDrive_GetStartHeadingDeg();
  996   2          }
  997   1          snapshot->current_heading_deg = heading;
  998   1          snapshot->target_heading_deg = g_destination_angle;
  999   1      }
*** WARNING C174 IN LINE 51 OF ..\Code_boweny\Device\AutoDrive\autodrive.c: 'AutoDrive_Abs16': unreferenced 'static' fun
             -ction


Module Information          Static   Overlayable
------------------------------------------------
  code size            =      3427     ------
  ecode size           =    ------     ------
  data size            =    ------     ------
  idata size           =    ------     ------
  pdata size           =    ------     ------
  xdata size           =    ------     ------
  xdata-const size     =    ------     ------
  edata size           =        94         72
  bit size             =    ------     ------
  ebit size            =    ------     ------
  bitaddressable size  =    ------     ------
  ebitaddressable size =    ------     ------
  far data size        =    ------     ------
  huge data size       =    ------     ------
  const size           =    ------     ------
  hconst size          =       105     ------
End of Module Information.


C251 COMPILATION COMPLETE.  2 WARNING(S),  0 ERROR(S)
