C251 COMPILER V5.60.0,  GPS                                                                16/05/26  05:32:05  PAGE 1   


C251 COMPILER V5.60.0, COMPILATION OF MODULE GPS
OBJECT MODULE PLACED IN .\list\GPS.obj
COMPILER INVOKED BY: C:\Keil_v5\C251\BIN\C251.EXE ..\Code_boweny\Device\GPS\GPS.c XSMALL INTR2 BROWSE INCDIR(..\Driver\i
                    -nc;..\User;..\App\inc;..\Code_boweny\Function\Log;..\Code_boweny\Function\Filter;..\Code_boweny\Function\AHRS;..\Code_bo
                    -weny\Function\PID;..\Code_boweny\Device\QMC6309;..\Code_boweny\Device\QMI8658;..\Code_boweny\Device\GPS;..\Code_boweny\D
                    -evice\WIRELESS;..\Code_boweny\Device\MOTOR) DEBUG PRINT(.\list\GPS.lst) TABS(2) OBJECT(.\list\GPS.obj) 

stmt  level    source

    1          /**
    2           * @file    GPS.c
    3           * @brief   GPS NMEA0183 解析模块实现
    4           * @author  boweny
    5           * @date    2026-04-24
    6           * @version v1.0
    7           *
    8           * @details
    9           * - 基于 UART2 接收 NMEA0183 字节流，接入 Driver 层 RX2_Buffer
   10           * - 在模块内部实现二级 FIFO 与逐字符状态机解析
   11           * - 支持 GGA / RMC / GSA / GSV / VTG 五类语句
   12           * - 使用定点整数保存位置、速度、航向、海拔和 DOP 信息
   13           *
   14           * @hardware
   15           *   - UART2: RX=P1.0 / TX=P1.1
   16           *   - 波特率发生器: Timer2（UART2 固定占用）
   17           *   - 系统时钟: Fosc = 24MHz
   18           *
   19           * @note    本模块不修改 Driver 层 ISR，仅消费 RX2_Buffer 中的增量数据
   20           * @note    禁止浮点运算，所有计算使用整数完成
   21           *
   22           * @see     Code_boweny/Device/GPS/GPS.h
   23           */
   24          
   25          #include "GPS.h"
   26          #include "STC32G_NVIC.h"
   27          #include "STC32G_UART.h"
   28          #include "..\..\Function\Log\Log.h"
   29          #include "..\..\..\User\Task.h"
   30          
   31          #define GPS_DISPATCH_IGNORE        0U
   32          #define GPS_DISPATCH_OK            1U
   33          #define GPS_DISPATCH_PARSE_ERROR   2U
   34          #ifndef GPS_DIAG_LOG_ENABLE
               #define GPS_DIAG_LOG_ENABLE        1U
               #endif
   37          #define GPS_DIAG_LOG_MS            1000UL
   38          
   39          static GPS_State_t g_gps_state;
   40          
   41          static u8 g_gps_initialized = 0;
   42          static u8 g_gps_capture_active = 0;
   43          static u8 g_gps_sentence_len = 0;
   44          static u8 g_gps_uart_read_index = 0;
   45          
   46          static char g_gps_sentence_buf[GPS_SENTENCE_BUFFER_SIZE];
   47          static u8   g_gps_fifo[GPS_UART_FIFO_SIZE];
   48          static u16  g_gps_fifo_head = 0;
   49          static u16  g_gps_fifo_tail = 0;
   50          static u16  g_gps_fifo_count = 0;
   51          #if (GPS_DIAG_LOG_ENABLE != 0U)
               static u32  g_gps_diag_rx_bytes = 0UL;
               static u32  g_gps_diag_last_ms = 0UL;
               static u8   g_gps_diag_logged_once = 0U;
               #endif
   56          
C251 COMPILER V5.60.0,  GPS                                                                16/05/26  05:32:05  PAGE 2   

   57          static void GPS_ClearState(void);
   58          static void GPS_ClearParser(void);
   59          static void GPS_RawEchoByte(u8 dat);
   60          static u8   GPS_FifoPush(u8 dat);
   61          static u8   GPS_FifoPop(u8 *dat);
   62          static void GPS_DrainUart2Buffer(void);
   63          static void GPS_ParseByte(u8 dat);
   64          static void GPS_ProcessSentence(char *sentence);
   65          static u8   GPS_SplitFields(char *payload, char **fields, u8 max_fields);
   66          static u8   GPS_DispatchSentence(char **fields, u8 field_count);
   67          static u8   GPS_ParseRMC(char **fields, u8 field_count);
   68          static u8   GPS_ParseGGA(char **fields, u8 field_count);
   69          static u8   GPS_ParseGSA(char **fields, u8 field_count);
   70          static u8   GPS_ParseGSV(char **fields, u8 field_count);
   71          static u8   GPS_ParseVTG(char **fields, u8 field_count);
   72          static void GPS_UpdateTalker(const char *sentence_id);
   73          static u8   GPS_ParseTalkerId(const char *sentence_id);
   74          static u8   GPS_FieldPresent(const char *text);
   75          static u8   GPS_HexToNibble(char ch, u8 *value);
   76          static u8   GPS_ParseHexByte(const char *text, u8 *value);
   77          static u8   GPS_ParseU32(const char *text, u32 *value);
   78          static u8   GPS_ParseU8(const char *text, u8 *value);
   79          static u8   GPS_ParseDecimalScaled(const char *text, u8 frac_digits, int32 *value);
   80          static u8   GPS_ParseUtc(const char *text, u8 *hour, u8 *minute, u8 *second, u16 *msec);
   81          static u8   GPS_ParseDate(const char *text, u8 *day, u8 *month, u8 *year);
   82          static u8   GPS_ParseCoordinate1e7(const char *text, char hemi, int32 *value);
   83          static u8   GPS_ParseLegacyCoordParts(const char *text, u8 whole_len, u16 *coord1, u16 *coord2);
   84          static u8   GPS_IsNewRmcTimestamp(u8 hour, u8 minute, u8 second, u16 msec,
   85                                            u8 day, u8 month, u8 year);
   86          static u32  GPS_KnotsX100ToKmhX100(u32 speed_knots_x100);
   87          static u16  GPS_ToU16NonNegative(int32 value);
   88          static u32  GPS_ToU32NonNegative(int32 value);
   89          #if (GPS_DIAG_LOG_ENABLE != 0U)
               static void GPS_DiagLogPoll(void);
               static void GPS_DiagSentenceSummary(const char *sentence, char *out, u8 out_len);
               static void GPS_DiagLogSentence(const char *sentence, u8 result);
               static void GPS_DiagLogParseFail(char *sentence, const char *reason);
               #endif
   95          
   96          static void GPS_ClearState(void)
   97          {
   98   1          u16 i;
   99   1          u8 *raw;
  100   1      
  101   1          raw = (u8 *)&g_gps_state;
  102   1          for (i = 0; i < (u16)sizeof(GPS_State_t); i++) {
  103   2              raw[i] = 0;
  104   2          }
  105   1      
  106   1          g_gps_state.talker[0] = '-';
  107   1          g_gps_state.talker[1] = '-';
  108   1          g_gps_state.talker[2] = 0;
  109   1          g_gps_state.rmc_status = 'V';
  110   1      }
  111          
  112          static void GPS_ClearParser(void)
  113          {
  114   1          u16 i;
  115   1      
  116   1          g_gps_capture_active = 0;
  117   1          g_gps_sentence_len = 0;
  118   1          g_gps_uart_read_index = 0;
  119   1          g_gps_fifo_head = 0;
  120   1          g_gps_fifo_tail = 0;
  121   1          g_gps_fifo_count = 0;
  122   1      #if (GPS_DIAG_LOG_ENABLE != 0U)
C251 COMPILER V5.60.0,  GPS                                                                16/05/26  05:32:05  PAGE 3   

                   g_gps_diag_rx_bytes = 0UL;
                   g_gps_diag_last_ms = 0UL;
                   g_gps_diag_logged_once = 0U;
               #endif
  127   1      
  128   1          for (i = 0; i < (u16)GPS_SENTENCE_BUFFER_SIZE; i++) {
  129   2              g_gps_sentence_buf[i] = 0;
  130   2          }
  131   1          for (i = 0; i < (u16)GPS_UART_FIFO_SIZE; i++) {
  132   2              g_gps_fifo[i] = 0;
  133   2          }
  134   1      }
  135          
  136          static void GPS_RawEchoByte(u8 dat)
  137          {
  138   1      #if (GPS_RAW_ECHO_ENABLE != 0U)
                   TX1_write2buff(dat);
               #else
  141   1          dat = dat;
*** WARNING C138 IN LINE 141 OF ..\Code_boweny\Device\GPS\GPS.c: expression with possibly no effect
  142   1      #endif
  143   1      }
  144          
  145          #if (GPS_DIAG_LOG_ENABLE != 0U)
               static void GPS_DiagLogPoll(void)
               {
                   u32 now_ms;
               
                   now_ms = Task_GetTickMs();
                   if ((g_gps_diag_logged_once == 0U) ||
                       ((now_ms - g_gps_diag_last_ms) >= GPS_DIAG_LOG_MS)) {
                       g_gps_diag_logged_once = 1U;
                       g_gps_diag_last_ms = now_ms;
                       LOGI("GPS",
                            "diag uart init=%u rx_cnt=%u read=%u fifo=%u bytes=%lu",
                            (u16)g_gps_initialized,
                            (u16)COM2.RX_Cnt,
                            (u16)g_gps_uart_read_index,
                            (u16)g_gps_fifo_count,
                            (u32)g_gps_diag_rx_bytes);
                       LOGI("GPS",
                            "diag parse ok=%u chk=%u parse=%u uovf=%u fovf=%u sovf=%u",
                            (u16)g_gps_state.sentence_ok_count,
                            (u16)g_gps_state.checksum_error_count,
                            (u16)g_gps_state.parse_error_count,
                            (u16)g_gps_state.uart_overflow_count,
                            (u16)g_gps_state.fifo_overflow_count,
                            (u16)g_gps_state.sentence_overflow_count);
                       LOGI("GPS",
                            "diag state fix=%u sat=%u view=%u seq=%lu",
                            (u16)g_gps_state.fix_valid,
                            (u16)g_gps_state.satellites_used,
                            (u16)g_gps_state.satellites_view,
                            (u32)g_gps_state.update_sequence);
                   }
               }
               
               static void GPS_DiagSentenceSummary(const char *sentence, char *out, u8 out_len)
               {
                   u8 i;
                   char ch;
               
                   if ((out == 0) || (out_len == 0U)) {
                       return;
                   }
                   if (sentence == 0) {
C251 COMPILER V5.60.0,  GPS                                                                16/05/26  05:32:05  PAGE 4   

                       out[0] = 0;
                       return;
                   }
               
                   i = 0U;
                   while (i < (u8)(out_len - 1U)) {
                       ch = sentence[i];
                       if ((ch == 0) || (ch == '\r') || (ch == '\n')) {
                           break;
                       }
                       out[i] = ch;
                       i++;
                   }
                   out[i] = 0;
               }
               
               static void GPS_DiagLogSentence(const char *sentence, u8 result)
               {
                   char type0;
                   char type1;
                   char type2;
                   char summary[72];
               
                   if ((sentence == 0) || (sentence[0] != '$') ||
                       (sentence[3] == 0) || (sentence[4] == 0) || (sentence[5] == 0)) {
                       return;
                   }
               
                   type0 = sentence[3];
                   type1 = sentence[4];
                   type2 = sentence[5];
                   if ((result == GPS_DISPATCH_PARSE_ERROR) ||
                       ((type0 == 'R') && (type1 == 'M') && (type2 == 'C')) ||
                       ((type0 == 'G') && (type1 == 'G') && (type2 == 'A'))) {
                       GPS_DiagSentenceSummary(sentence, summary, (u8)sizeof(summary));
                       LOGI("GPS",
                            "sentence %c%c%c result=%u text=%s",
                            type0,
                            type1,
                            type2,
                            (u16)result,
                            summary);
                   }
               }
               
               static void GPS_DiagLogParseFail(char *sentence, const char *reason)
               {
                   char summary[72];
               
                   if (sentence == 0) {
                       LOGW("GPS", "parse fail reason=%s", reason);
                   } else {
                       GPS_DiagSentenceSummary(sentence, summary, (u8)sizeof(summary));
                       LOGW("GPS", "parse fail reason=%s text=%s", reason, summary);
                   }
               }
               #endif
  245          
  246          static u8 GPS_FifoPush(u8 dat)
  247          {
  248   1          if (g_gps_fifo_count >= (u16)GPS_UART_FIFO_SIZE) {
  249   2              g_gps_state.fifo_overflow_count++;
  250   2              return 1;
  251   2          }
  252   1      
  253   1          g_gps_fifo[g_gps_fifo_head] = dat;
C251 COMPILER V5.60.0,  GPS                                                                16/05/26  05:32:05  PAGE 5   

  254   1          g_gps_fifo_head++;
  255   1          if (g_gps_fifo_head >= (u16)GPS_UART_FIFO_SIZE) {
  256   2              g_gps_fifo_head = 0;
  257   2          }
  258   1          g_gps_fifo_count++;
  259   1          return 0;
  260   1      }
  261          
  262          static u8 GPS_FifoPop(u8 *dat)
  263          {
  264   1          if ((dat == 0) || (g_gps_fifo_count == 0)) {
  265   2              return 1;
  266   2          }
  267   1      
  268   1          *dat = g_gps_fifo[g_gps_fifo_tail];
  269   1          g_gps_fifo_tail++;
  270   1          if (g_gps_fifo_tail >= (u16)GPS_UART_FIFO_SIZE) {
  271   2              g_gps_fifo_tail = 0;
  272   2          }
  273   1          g_gps_fifo_count--;
  274   1          return 0;
  275   1      }
  276          
  277          static void GPS_DrainUart2Buffer(void)
  278          {
  279   1          u8 write_index;
  280   1      
  281   1          if (!g_gps_initialized) {
  282   2              return;
  283   2          }
  284   1      
  285   1          write_index = COM2.RX_Cnt;
  286   1          if (write_index == g_gps_uart_read_index) {
  287   2              return;
  288   2          }
  289   1      
  290   1          if (write_index < g_gps_uart_read_index) {
  291   2              while (g_gps_uart_read_index < COM_RX2_Lenth) {
  292   3                  GPS_RawEchoByte(RX2_Buffer[g_gps_uart_read_index]);
  293   3                  GPS_FifoPush(RX2_Buffer[g_gps_uart_read_index]);
  294   3      #if (GPS_DIAG_LOG_ENABLE != 0U)
                           g_gps_diag_rx_bytes++;
               #endif
  297   3                  g_gps_uart_read_index++;
  298   3              }
  299   2              g_gps_uart_read_index = 0;
  300   2              g_gps_state.uart_overflow_count++;
  301   2          }
  302   1      
  303   1          while (g_gps_uart_read_index != write_index) {
  304   2              GPS_RawEchoByte(RX2_Buffer[g_gps_uart_read_index]);
  305   2              GPS_FifoPush(RX2_Buffer[g_gps_uart_read_index]);
  306   2      #if (GPS_DIAG_LOG_ENABLE != 0U)
                       g_gps_diag_rx_bytes++;
               #endif
  309   2              g_gps_uart_read_index++;
  310   2          }
  311   1      }
  312          
  313          static void GPS_ParseByte(u8 dat)
  314          {
  315   1          if (dat == '$') {
  316   2              g_gps_capture_active = 1;
  317   2              g_gps_sentence_len = 0;
  318   2              g_gps_sentence_buf[g_gps_sentence_len++] = '$';
  319   2              g_gps_sentence_buf[g_gps_sentence_len] = 0;
C251 COMPILER V5.60.0,  GPS                                                                16/05/26  05:32:05  PAGE 6   

  320   2              return;
  321   2          }
  322   1      
  323   1          if (!g_gps_capture_active) {
  324   2              return;
  325   2          }
  326   1      
  327   1          if (g_gps_sentence_len >= (u8)(GPS_SENTENCE_BUFFER_SIZE - 1U)) {
  328   2              g_gps_capture_active = 0;
  329   2              g_gps_sentence_len = 0;
  330   2              g_gps_state.sentence_overflow_count++;
  331   2              return;
  332   2          }
  333   1      
  334   1          g_gps_sentence_buf[g_gps_sentence_len++] = (char)dat;
  335   1          g_gps_sentence_buf[g_gps_sentence_len] = 0;
  336   1      
  337   1          if (dat == '\n') {
  338   2              GPS_ProcessSentence(g_gps_sentence_buf);
  339   2              g_gps_capture_active = 0;
  340   2              g_gps_sentence_len = 0;
  341   2          }
  342   1      }
  343          
  344          static void GPS_ProcessSentence(char *sentence)
  345          {
  346   1          char *scan;
  347   1          char *star;
  348   1          char *payload;
  349   1          char *fields[GPS_MAX_FIELDS];
  350   1          u8 checksum_calc;
  351   1          u8 checksum_recv;
  352   1          u8 field_count;
  353   1          u8 result;
  354   1      #if (GPS_DIAG_LOG_ENABLE != 0U)
                   char diag_sentence[72];
               #endif
  357   1      
  358   1          if ((sentence == 0) || (sentence[0] != '$')) {
  359   2              return;
  360   2          }
  361   1      
  362   1          checksum_calc = 0;
  363   1          star = 0;
  364   1          scan = sentence + 1;
  365   1          while (*scan != 0) {
  366   2              if (*scan == '*') {
  367   3                  star = scan;
  368   3                  break;
  369   3              }
  370   2              if ((*scan == '\r') || (*scan == '\n')) {
  371   3                  g_gps_state.parse_error_count++;
  372   3                  return;
  373   3              }
  374   2              checksum_calc ^= (u8)(*scan);
  375   2              scan++;
  376   2          }
  377   1      
  378   1          if ((star == 0) || (GPS_ParseHexByte(star + 1, &checksum_recv) == 0)) {
  379   2              g_gps_state.checksum_error_count++;
  380   2      #if (GPS_DIAG_LOG_ENABLE != 0U)
                       GPS_DiagLogParseFail(sentence, "checksum-missing");
               #endif
  383   2              return;
  384   2          }
  385   1          if (checksum_recv != checksum_calc) {
C251 COMPILER V5.60.0,  GPS                                                                16/05/26  05:32:05  PAGE 7   

  386   2              g_gps_state.checksum_error_count++;
  387   2      #if (GPS_DIAG_LOG_ENABLE != 0U)
                       GPS_DiagLogParseFail(sentence, "checksum-bad");
               #endif
  390   2              return;
  391   2          }
  392   1      
  393   1      #if (GPS_DIAG_LOG_ENABLE != 0U)
                   GPS_DiagSentenceSummary(sentence, diag_sentence, (u8)sizeof(diag_sentence));
               #endif
  396   1          *star = 0;
  397   1          payload = sentence + 1;
  398   1          field_count = GPS_SplitFields(payload, fields, GPS_MAX_FIELDS);
  399   1          if ((field_count == 0) || (fields[0] == 0) ||
  400   1              (fields[0][0] == 0) || (fields[0][1] == 0) ||
  401   1              (fields[0][2] == 0) || (fields[0][3] == 0) ||
  402   1              (fields[0][4] == 0)) {
  403   2              g_gps_state.parse_error_count++;
  404   2              return;
  405   2          }
  406   1      
  407   1          result = GPS_DispatchSentence(fields, field_count);
  408   1      #if (GPS_DIAG_LOG_ENABLE != 0U)
                   GPS_DiagLogSentence(diag_sentence, result);
               #endif
  411   1          if (result == GPS_DISPATCH_OK) {
  412   2              g_gps_state.sentence_ok_count++;
  413   2          } else if (result == GPS_DISPATCH_PARSE_ERROR) {
  414   2              g_gps_state.parse_error_count++;
  415   2          }
  416   1      }
  417          
  418          static u8 GPS_SplitFields(char *payload, char **fields, u8 max_fields)
  419          {
  420   1          u8 count;
  421   1          char *scan;
  422   1      
  423   1          if ((payload == 0) || (fields == 0) || (max_fields == 0)) {
  424   2              return 0;
  425   2          }
  426   1      
  427   1          count = 0;
  428   1          fields[count++] = payload;
  429   1      
  430   1          scan = payload;
  431   1          while (*scan != 0) {
  432   2              if (*scan == ',') {
  433   3                  *scan = 0;
  434   3                  if (count < max_fields) {
  435   4                      fields[count++] = scan + 1;
  436   4                  }
  437   3              }
  438   2              scan++;
  439   2          }
  440   1      
  441   1          return count;
  442   1      }
  443          
  444          static u8 GPS_DispatchSentence(char **fields, u8 field_count)
  445          {
  446   1          char *type;
  447   1          u8 parse_ok;
  448   1      
  449   1          if ((fields == 0) || (field_count == 0) || (fields[0] == 0)) {
  450   2              return GPS_DISPATCH_PARSE_ERROR;
  451   2          }
C251 COMPILER V5.60.0,  GPS                                                                16/05/26  05:32:05  PAGE 8   

  452   1      
  453   1          type = fields[0] + 2;
  454   1      
  455   1          if ((type[0] == 'R') && (type[1] == 'M') && (type[2] == 'C') && (type[3] == 0)) {
  456   2              parse_ok = GPS_ParseRMC(fields, field_count);
  457   2              if (parse_ok) {
  458   3                  GPS_UpdateTalker(fields[0]);
  459   3                  return GPS_DISPATCH_OK;
  460   3              }
  461   2              return GPS_DISPATCH_PARSE_ERROR;
  462   2          }
  463   1          if ((type[0] == 'G') && (type[1] == 'G') && (type[2] == 'A') && (type[3] == 0)) {
  464   2              parse_ok = GPS_ParseGGA(fields, field_count);
  465   2              if (parse_ok) {
  466   3                  GPS_UpdateTalker(fields[0]);
  467   3                  return GPS_DISPATCH_OK;
  468   3              }
  469   2              return GPS_DISPATCH_PARSE_ERROR;
  470   2          }
  471   1          if ((type[0] == 'G') && (type[1] == 'S') && (type[2] == 'A') && (type[3] == 0)) {
  472   2              parse_ok = GPS_ParseGSA(fields, field_count);
  473   2              if (parse_ok) {
  474   3                  GPS_UpdateTalker(fields[0]);
  475   3                  return GPS_DISPATCH_OK;
  476   3              }
  477   2              return GPS_DISPATCH_PARSE_ERROR;
  478   2          }
  479   1          if ((type[0] == 'G') && (type[1] == 'S') && (type[2] == 'V') && (type[3] == 0)) {
  480   2              parse_ok = GPS_ParseGSV(fields, field_count);
  481   2              if (parse_ok) {
  482   3                  GPS_UpdateTalker(fields[0]);
  483   3                  return GPS_DISPATCH_OK;
  484   3              }
  485   2              return GPS_DISPATCH_PARSE_ERROR;
  486   2          }
  487   1          if ((type[0] == 'V') && (type[1] == 'T') && (type[2] == 'G') && (type[3] == 0)) {
  488   2              parse_ok = GPS_ParseVTG(fields, field_count);
  489   2              if (parse_ok) {
  490   3                  GPS_UpdateTalker(fields[0]);
  491   3                  return GPS_DISPATCH_OK;
  492   3              }
  493   2              return GPS_DISPATCH_PARSE_ERROR;
  494   2          }
  495   1      
  496   1          return GPS_DISPATCH_IGNORE;
  497   1      }
  498          
  499          static u8 GPS_ParseRMC(char **fields, u8 field_count)
  500          {
  501   1          u8 hour;
  502   1          u8 minute;
  503   1          u8 second;
  504   1          u16 msec;
  505   1          u8 day;
  506   1          u8 month;
  507   1          u8 year;
  508   1          int32 lat_deg1e7;
  509   1          int32 lon_deg1e7;
  510   1          int32 speed_knots_x100;
  511   1          int32 course_deg_x100;
  512   1          u16 legacy_lat1;
  513   1          u16 legacy_lat2;
  514   1          u16 legacy_lon1;
  515   1          u16 legacy_lon2;
  516   1          u8 fix_valid;
  517   1          u8 has_speed;
C251 COMPILER V5.60.0,  GPS                                                                16/05/26  05:32:05  PAGE 9   

  518   1          u8 has_course;
  519   1          char hemi_ns;
  520   1          char hemi_ew;
  521   1          char status;
  522   1      
  523   1          if (field_count < 10U) {
  524   2              return 0;
  525   2          }
  526   1          if ((!GPS_FieldPresent(fields[1])) ||
  527   1              (!GPS_FieldPresent(fields[2]))) {
  528   2              return 0;
  529   2          }
  530   1          if (GPS_ParseUtc(fields[1], &hour, &minute, &second, &msec) == 0) {
  531   2              return 0;
  532   2          }
  533   1          day = 0U;
  534   1          month = 0U;
  535   1          year = 0U;
  536   1          if (GPS_FieldPresent(fields[9])) {
  537   2              if (GPS_ParseDate(fields[9], &day, &month, &year) == 0) {
  538   3                  return 0;
  539   3              }
  540   2          }
  541   1      
  542   1          status = fields[2][0];
  543   1          if ((status != 'A') && (status != 'V')) {
  544   2              return 0;
  545   2          }
  546   1          fix_valid = (status == 'A') ? 1U : 0U;
  547   1      
  548   1          if (fix_valid) {
  549   2              if ((!GPS_FieldPresent(fields[3])) ||
  550   2                  (!GPS_FieldPresent(fields[4])) ||
  551   2                  (!GPS_FieldPresent(fields[5])) ||
  552   2                  (!GPS_FieldPresent(fields[6]))) {
  553   3                  return 0;
  554   3              }
  555   2      
  556   2              hemi_ns = fields[4][0];
  557   2              hemi_ew = fields[6][0];
  558   2              if ((GPS_ParseCoordinate1e7(fields[3], hemi_ns, &lat_deg1e7) == 0) ||
  559   2                  (GPS_ParseCoordinate1e7(fields[5], hemi_ew, &lon_deg1e7) == 0)) {
  560   3                  return 0;
  561   3              }
  562   2              if ((GPS_ParseLegacyCoordParts(fields[3], 4U, &legacy_lat1, &legacy_lat2) == 0) ||
  563   2                  (GPS_ParseLegacyCoordParts(fields[5], 5U, &legacy_lon1, &legacy_lon2) == 0)) {
  564   3                  return 0;
  565   3              }
  566   2          }
  567   1      
  568   1          has_speed = 0U;
  569   1          if (GPS_FieldPresent(fields[7])) {
  570   2              if (GPS_ParseDecimalScaled(fields[7], 2U, &speed_knots_x100) == 0) {
  571   3                  return 0;
  572   3              }
  573   2              has_speed = 1U;
  574   2          }
  575   1      
  576   1          has_course = 0U;
  577   1          if (GPS_FieldPresent(fields[8])) {
  578   2              if (GPS_ParseDecimalScaled(fields[8], 2U, &course_deg_x100) == 0) {
  579   3                  return 0;
  580   3              }
  581   2              has_course = 1U;
  582   2          }
  583   1      
C251 COMPILER V5.60.0,  GPS                                                                16/05/26  05:32:05  PAGE 10  

  584   1          if (GPS_IsNewRmcTimestamp(hour, minute, second, msec, day, month, year)) {
  585   2              g_gps_state.update_sequence++;
  586   2          }
  587   1      
  588   1          g_gps_state.rmc_status = (u8)status;
  589   1          g_gps_state.fix_valid = fix_valid;
  590   1          g_gps_state.utc_hour = hour;
  591   1          g_gps_state.utc_minute = minute;
  592   1          g_gps_state.utc_second = second;
  593   1          g_gps_state.utc_millisecond = msec;
  594   1          g_gps_state.date_day = day;
  595   1          g_gps_state.date_month = month;
  596   1          g_gps_state.date_year = year;
  597   1      
  598   1          if (fix_valid) {
  599   2              g_gps_state.lat_deg1e7 = lat_deg1e7;
  600   2              g_gps_state.lon_deg1e7 = lon_deg1e7;
  601   2              g_gps_state.legacy_coord_valid = 1U;
  602   2              g_gps_state.legacy_lat_dir = (u8)hemi_ns;
  603   2              g_gps_state.legacy_lon_dir = (u8)hemi_ew;
  604   2              g_gps_state.legacy_lat1 = legacy_lat1;
  605   2              g_gps_state.legacy_lat2 = legacy_lat2;
  606   2              g_gps_state.legacy_lon1 = legacy_lon1;
  607   2              g_gps_state.legacy_lon2 = legacy_lon2;
  608   2      #if (GPS_DIAG_LOG_ENABLE != 0U)
                       LOGI("GPS", "rmc valid lat=%ld lon=%ld",
                            (long)lat_deg1e7,
                            (long)lon_deg1e7);
                       LOGI("GPS",
                            "rmc oldfmt ew=%c lon1=%u lon2=%u ns=%c lat1=%u lat2=%u",
                            hemi_ew,
                            (u16)legacy_lon1,
                            (u16)legacy_lon2,
                            hemi_ns,
                            (u16)legacy_lat1,
                            (u16)legacy_lat2);
                       LOGI("GPS", "rmc move spd=%ld course=%ld time=%u:%u:%u",
                            (long)(has_speed ? speed_knots_x100 : 0L),
                            (long)(has_course ? course_deg_x100 : 0L),
                            (u16)hour,
                            (u16)minute,
                            (u16)second);
               #endif
  627   2          } else {
  628   2      #if (GPS_DIAG_LOG_ENABLE != 0U)
                       LOGW("GPS",
                            "rmc void status=%c time=%u:%u:%u date=%u-%u-%u",
                            status,
                            (u16)hour,
                            (u16)minute,
                            (u16)second,
                            (u16)day,
                            (u16)month,
                            (u16)year);
               #endif
  639   2              g_gps_state.legacy_coord_valid = 0U;
  640   2          }
  641   1      
  642   1          if (has_speed) {
  643   2              g_gps_state.speed_knots_x100 = GPS_ToU32NonNegative(speed_knots_x100);
  644   2              g_gps_state.speed_kmh_x100 = GPS_KnotsX100ToKmhX100(g_gps_state.speed_knots_x100);
  645   2          }
  646   1          if (has_course) {
  647   2              g_gps_state.course_deg_x100 = GPS_ToU16NonNegative(course_deg_x100);
  648   2          }
  649   1      
C251 COMPILER V5.60.0,  GPS                                                                16/05/26  05:32:05  PAGE 11  

  650   1          return 1;
  651   1      }
  652          
  653          static u8 GPS_ParseGGA(char **fields, u8 field_count)
  654          {
  655   1          u8 quality;
  656   1          u8 satellites;
  657   1          int32 hdop_x100;
  658   1          int32 altitude_cm;
  659   1          u8 has_satellites;
  660   1          u8 has_hdop;
  661   1          u8 has_altitude;
  662   1      
  663   1          if (field_count < 10U) {
  664   2              return 0;
  665   2          }
  666   1          if (!GPS_FieldPresent(fields[6])) {
  667   2              return 0;
  668   2          }
  669   1          if (GPS_ParseU8(fields[6], &quality) == 0) {
  670   2              return 0;
  671   2          }
  672   1      
  673   1          has_satellites = 0U;
  674   1          if (GPS_FieldPresent(fields[7])) {
  675   2              if (GPS_ParseU8(fields[7], &satellites) == 0) {
  676   3                  return 0;
  677   3              }
  678   2              has_satellites = 1U;
  679   2          }
  680   1      
  681   1          has_hdop = 0U;
  682   1          if (GPS_FieldPresent(fields[8])) {
  683   2              if (GPS_ParseDecimalScaled(fields[8], 2U, &hdop_x100) == 0) {
  684   3                  return 0;
  685   3              }
  686   2              has_hdop = 1U;
  687   2          }
  688   1      
  689   1          has_altitude = 0U;
  690   1          if (GPS_FieldPresent(fields[9])) {
  691   2              if (GPS_ParseDecimalScaled(fields[9], 2U, &altitude_cm) == 0) {
  692   3                  return 0;
  693   3              }
  694   2              has_altitude = 1U;
  695   2          }
  696   1      
  697   1          g_gps_state.fix_quality = quality;
  698   1          g_gps_state.satellites_used_gsa = 0U;
  699   1          if (quality == 0U) {
  700   2              g_gps_state.fix_valid = 0U;
  701   2          }
  702   1          if (has_satellites) {
  703   2              g_gps_state.satellites_used = satellites;
  704   2          }
  705   1          if (has_hdop) {
  706   2              g_gps_state.hdop_x100 = GPS_ToU16NonNegative(hdop_x100);
  707   2          }
  708   1          if (has_altitude) {
  709   2              g_gps_state.altitude_cm = altitude_cm;
  710   2          }
  711   1      
  712   1      #if (GPS_DIAG_LOG_ENABLE != 0U)
                   LOGI("GPS",
                        "gga quality=%u sat=%u hdop=%ld alt_cm=%ld",
                        (u16)quality,
C251 COMPILER V5.60.0,  GPS                                                                16/05/26  05:32:05  PAGE 12  

                        (u16)(has_satellites ? satellites : 0U),
                        (long)(has_hdop ? hdop_x100 : 0L),
                        (long)(has_altitude ? altitude_cm : 0L));
               #endif
  720   1      
  721   1          return 1;
  722   1      }
  723          
  724          static u8 GPS_ParseGSA(char **fields, u8 field_count)
  725          {
  726   1          u8 fix_mode;
  727   1          u8 prn_count;
  728   1          u8 prn_index;
  729   1          u8 prn_complete;
  730   1          int32 pdop_x100;
  731   1          int32 hdop_x100;
  732   1          int32 vdop_x100;
  733   1          u8 has_pdop;
  734   1          u8 has_hdop;
  735   1          u8 has_vdop;
  736   1      
  737   1          if (field_count < 18U) {
  738   2              return 0;
  739   2          }
  740   1          if (!GPS_FieldPresent(fields[2])) {
  741   2              return 0;
  742   2          }
  743   1          if (GPS_ParseU8(fields[2], &fix_mode) == 0) {
  744   2              return 0;
  745   2          }
  746   1      
  747   1          prn_count = 0U;
  748   1          prn_complete = 1U;
  749   1          for (prn_index = 3U; prn_index <= 14U; prn_index++) {
  750   2              if ((prn_index < field_count) && GPS_FieldPresent(fields[prn_index])) {
  751   3                  prn_count++;
  752   3              } else {
  753   3                  prn_complete = 0U;
  754   3              }
  755   2          }
  756   1      
  757   1          has_pdop = 0U;
  758   1          if (GPS_FieldPresent(fields[15])) {
  759   2              if (GPS_ParseDecimalScaled(fields[15], 2U, &pdop_x100) == 0) {
  760   3                  return 0;
  761   3              }
  762   2              has_pdop = 1U;
  763   2          }
  764   1      
  765   1          has_hdop = 0U;
  766   1          if (GPS_FieldPresent(fields[16])) {
  767   2              if (GPS_ParseDecimalScaled(fields[16], 2U, &hdop_x100) == 0) {
  768   3                  return 0;
  769   3              }
  770   2              has_hdop = 1U;
  771   2          }
  772   1      
  773   1          has_vdop = 0U;
  774   1          if (GPS_FieldPresent(fields[17])) {
  775   2              if (GPS_ParseDecimalScaled(fields[17], 2U, &vdop_x100) == 0) {
  776   3                  return 0;
  777   3              }
  778   2              has_vdop = 1U;
  779   2          }
  780   1      
  781   1          g_gps_state.fix_mode = fix_mode;
C251 COMPILER V5.60.0,  GPS                                                                16/05/26  05:32:05  PAGE 13  

  782   1          g_gps_state.satellites_used_gsa = (prn_complete != 0U) ? prn_count : 0U;
  783   1          if (has_pdop) {
  784   2              g_gps_state.pdop_x100 = GPS_ToU16NonNegative(pdop_x100);
  785   2          }
  786   1          if (has_hdop) {
  787   2              g_gps_state.hdop_x100 = GPS_ToU16NonNegative(hdop_x100);
  788   2          }
  789   1          if (has_vdop) {
  790   2              g_gps_state.vdop_x100 = GPS_ToU16NonNegative(vdop_x100);
  791   2          }
  792   1      
  793   1          return 1;
  794   1      }
  795          
  796          static u8 GPS_ParseGSV(char **fields, u8 field_count)
  797          {
  798   1          u8 sentence_index;
  799   1          u8 satellites_view;
  800   1          u8 max_snr;
  801   1          u8 snr;
  802   1          u8 field_index;
  803   1      
  804   1          if (field_count < 4U) {
  805   2              return 0;
  806   2          }
  807   1          if ((!GPS_FieldPresent(fields[2])) ||
  808   1              (!GPS_FieldPresent(fields[3]))) {
  809   2              return 0;
  810   2          }
  811   1          if ((GPS_ParseU8(fields[2], &sentence_index) == 0) ||
  812   1              (GPS_ParseU8(fields[3], &satellites_view) == 0) ||
  813   1              (sentence_index == 0U)) {
  814   2              return 0;
  815   2          }
  816   1      
  817   1          max_snr = g_gps_state.max_snr;
  818   1          if (sentence_index == 1U) {
  819   2              max_snr = 0U;
  820   2          }
  821   1      
  822   1          field_index = 7U;
  823   1          while (field_index < field_count) {
  824   2              if (GPS_FieldPresent(fields[field_index])) {
  825   3                  if (GPS_ParseU8(fields[field_index], &snr) == 0) {
  826   4                      return 0;
  827   4                  }
  828   3                  if (snr > max_snr) {
  829   4                      max_snr = snr;
  830   4                  }
  831   3              }
  832   2              field_index = (u8)(field_index + 4U);
  833   2          }
  834   1      
  835   1          g_gps_state.satellites_view = satellites_view;
  836   1          g_gps_state.max_snr = max_snr;
  837   1          return 1;
  838   1      }
  839          
  840          static u8 GPS_ParseVTG(char **fields, u8 field_count)
  841          {
  842   1          int32 course_deg_x100;
  843   1          int32 speed_knots_x100;
  844   1          int32 speed_kmh_x100;
  845   1          u8 has_course;
  846   1          u8 has_speed_knots;
  847   1          u8 has_speed_kmh;
C251 COMPILER V5.60.0,  GPS                                                                16/05/26  05:32:05  PAGE 14  

  848   1      
  849   1          if (field_count < 8U) {
  850   2              return 0;
  851   2          }
  852   1      
  853   1          has_course = 0U;
  854   1          if (GPS_FieldPresent(fields[1])) {
  855   2              if (GPS_ParseDecimalScaled(fields[1], 2U, &course_deg_x100) == 0) {
  856   3                  return 0;
  857   3              }
  858   2              has_course = 1U;
  859   2          }
  860   1      
  861   1          has_speed_knots = 0U;
  862   1          if (GPS_FieldPresent(fields[5])) {
  863   2              if (GPS_ParseDecimalScaled(fields[5], 2U, &speed_knots_x100) == 0) {
  864   3                  return 0;
  865   3              }
  866   2              has_speed_knots = 1U;
  867   2          }
  868   1      
  869   1          has_speed_kmh = 0U;
  870   1          if (GPS_FieldPresent(fields[7])) {
  871   2              if (GPS_ParseDecimalScaled(fields[7], 2U, &speed_kmh_x100) == 0) {
  872   3                  return 0;
  873   3              }
  874   2              has_speed_kmh = 1U;
  875   2          }
  876   1      
  877   1          if ((!has_course) && (!has_speed_knots) && (!has_speed_kmh)) {
  878   2              return 0;
  879   2          }
  880   1      
  881   1          if (has_course) {
  882   2              g_gps_state.course_deg_x100 = GPS_ToU16NonNegative(course_deg_x100);
  883   2          }
  884   1          if (has_speed_knots) {
  885   2              g_gps_state.speed_knots_x100 = GPS_ToU32NonNegative(speed_knots_x100);
  886   2              if (!has_speed_kmh) {
  887   3                  g_gps_state.speed_kmh_x100 = GPS_KnotsX100ToKmhX100(g_gps_state.speed_knots_x100);
  888   3              }
  889   2          }
  890   1          if (has_speed_kmh) {
  891   2              g_gps_state.speed_kmh_x100 = GPS_ToU32NonNegative(speed_kmh_x100);
  892   2          }
  893   1      
  894   1          return 1;
  895   1      }
  896          
  897          static void GPS_UpdateTalker(const char *sentence_id)
  898          {
  899   1          if ((sentence_id == 0) || (sentence_id[0] == 0) || (sentence_id[1] == 0)) {
  900   2              g_gps_state.talker[0] = '-';
  901   2              g_gps_state.talker[1] = '-';
  902   2              g_gps_state.talker[2] = 0;
  903   2              g_gps_state.talker_id = GPS_TALKER_UNKNOWN;
  904   2              return;
  905   2          }
  906   1      
  907   1          g_gps_state.talker[0] = sentence_id[0];
  908   1          g_gps_state.talker[1] = sentence_id[1];
  909   1          g_gps_state.talker[2] = 0;
  910   1          g_gps_state.talker_id = GPS_ParseTalkerId(sentence_id);
  911   1      }
  912          
  913          static u8 GPS_ParseTalkerId(const char *sentence_id)
C251 COMPILER V5.60.0,  GPS                                                                16/05/26  05:32:05  PAGE 15  

  914          {
  915   1          if ((sentence_id[0] == 'G') && (sentence_id[1] == 'P')) {
  916   2              return GPS_TALKER_GP;
  917   2          }
  918   1          if ((sentence_id[0] == 'B') && (sentence_id[1] == 'D')) {
  919   2              return GPS_TALKER_BD;
  920   2          }
  921   1          if ((sentence_id[0] == 'G') && (sentence_id[1] == 'N')) {
  922   2              return GPS_TALKER_GN;
  923   2          }
  924   1          return GPS_TALKER_UNKNOWN;
  925   1      }
  926          
  927          static u8 GPS_FieldPresent(const char *text)
  928          {
  929   1          return (u8)((text != 0) && (text[0] != 0));
  930   1      }
  931          
  932          static u8 GPS_HexToNibble(char ch, u8 *value)
  933          {
  934   1          if ((value == 0) || (ch == 0)) {
  935   2              return 0;
  936   2          }
  937   1      
  938   1          if ((ch >= '0') && (ch <= '9')) {
  939   2              *value = (u8)(ch - '0');
  940   2              return 1;
  941   2          }
  942   1          if ((ch >= 'A') && (ch <= 'F')) {
  943   2              *value = (u8)(ch - 'A' + 10);
  944   2              return 1;
  945   2          }
  946   1          if ((ch >= 'a') && (ch <= 'f')) {
  947   2              *value = (u8)(ch - 'a' + 10);
  948   2              return 1;
  949   2          }
  950   1          return 0;
  951   1      }
  952          
  953          static u8 GPS_ParseHexByte(const char *text, u8 *value)
  954          {
  955   1          u8 high;
  956   1          u8 low;
  957   1      
  958   1          if ((text == 0) || (value == 0)) {
  959   2              return 0;
  960   2          }
  961   1          if ((GPS_HexToNibble(text[0], &high) == 0) ||
  962   1              (GPS_HexToNibble(text[1], &low) == 0)) {
  963   2              return 0;
  964   2          }
  965   1      
  966   1          *value = (u8)((high << 4) | low);
  967   1          return 1;
  968   1      }
  969          
  970          static u8 GPS_ParseU32(const char *text, u32 *value)
  971          {
  972   1          u32 result;
  973   1          u8 digit_found;
  974   1          char ch;
  975   1      
  976   1          if ((text == 0) || (value == 0) || (text[0] == 0)) {
  977   2              return 0;
  978   2          }
  979   1      
C251 COMPILER V5.60.0,  GPS                                                                16/05/26  05:32:05  PAGE 16  

  980   1          result = 0UL;
  981   1          digit_found = 0U;
  982   1          while (*text != 0) {
  983   2              ch = *text;
  984   2              if ((ch < '0') || (ch > '9')) {
  985   3                  return 0;
  986   3              }
  987   2              digit_found = 1U;
  988   2              if ((result > 429496729UL) ||
  989   2                  ((result == 429496729UL) && ((u8)(ch - '0') > 5U))) {
  990   3                  return 0;
  991   3              }
  992   2              result = result * 10UL + (u32)(ch - '0');
  993   2              text++;
  994   2          }
  995   1      
  996   1          if (!digit_found) {
  997   2              return 0;
  998   2          }
  999   1      
 1000   1          *value = result;
 1001   1          return 1;
 1002   1      }
 1003          
 1004          static u8 GPS_ParseU8(const char *text, u8 *value)
 1005          {
 1006   1          u32 temp;
 1007   1      
 1008   1          if ((GPS_ParseU32(text, &temp) == 0) || (temp > 255UL)) {
 1009   2              return 0;
 1010   2          }
 1011   1      
 1012   1          *value = (u8)temp;
 1013   1          return 1;
 1014   1      }
 1015          
 1016          static u8 GPS_ParseDecimalScaled(const char *text, u8 frac_digits, int32 *value)
 1017          {
 1018   1          u32 scale_base;
 1019   1          u32 integer_part;
 1020   1          u32 fractional_part;
 1021   1          u32 combined_value;
 1022   1          u8 digits_found;
 1023   1          u8 dot_seen;
 1024   1          u8 frac_count;
 1025   1          u8 negative;
 1026   1          u8 digit;
 1027   1          char ch;
 1028   1      
 1029   1          if ((text == 0) || (value == 0) || (text[0] == 0)) {
 1030   2              return 0;
 1031   2          }
 1032   1          if (frac_digits > 4U) {
 1033   2              return 0;
 1034   2          }
 1035   1      
 1036   1          scale_base = 1UL;
 1037   1          while (frac_digits > 0U) {
 1038   2              scale_base *= 10UL;
 1039   2              frac_digits--;
 1040   2          }
 1041   1      
 1042   1          integer_part = 0UL;
 1043   1          fractional_part = 0UL;
 1044   1          digits_found = 0U;
 1045   1          dot_seen = 0U;
C251 COMPILER V5.60.0,  GPS                                                                16/05/26  05:32:05  PAGE 17  

 1046   1          frac_count = 0U;
 1047   1          negative = 0U;
 1048   1      
 1049   1          if (*text == '-') {
 1050   2              negative = 1U;
 1051   2              text++;
 1052   2          } else if (*text == '+') {
 1053   2              text++;
 1054   2          }
 1055   1      
 1056   1          while (*text != 0) {
 1057   2              ch = *text;
 1058   2              if ((ch >= '0') && (ch <= '9')) {
 1059   3                  digits_found = 1U;
 1060   3                  digit = (u8)(ch - '0');
 1061   3                  if (!dot_seen) {
 1062   4                      if ((integer_part > 429496729UL) ||
 1063   4                          ((integer_part == 429496729UL) && (digit > 5U))) {
 1064   5                          return 0;
 1065   5                      }
 1066   4                      integer_part = integer_part * 10UL + (u32)digit;
 1067   4                  } else {
 1068   4                      if (frac_count < 4U) {
 1069   5                          fractional_part = fractional_part * 10UL + (u32)digit;
 1070   5                          frac_count++;
 1071   5                      }
 1072   4                  }
 1073   3              } else if ((ch == '.') && (!dot_seen)) {
 1074   3                  dot_seen = 1U;
 1075   3              } else {
 1076   3                  return 0;
 1077   3              }
 1078   2              text++;
 1079   2          }
 1080   1      
 1081   1          if (!digits_found) {
 1082   2              return 0;
 1083   2          }
 1084   1      
 1085   1          while (frac_count < 4U) {
 1086   2              fractional_part *= 10UL;
 1087   2              frac_count++;
 1088   2          }
 1089   1      
 1090   1          if (scale_base == 1UL) {
 1091   2              fractional_part = 0UL;
 1092   2          } else if (scale_base == 10UL) {
 1093   2              fractional_part = (fractional_part + 500UL) / 1000UL;
 1094   2          } else if (scale_base == 100UL) {
 1095   2              fractional_part = (fractional_part + 50UL) / 100UL;
 1096   2          } else if (scale_base == 1000UL) {
 1097   2              fractional_part = (fractional_part + 5UL) / 10UL;
 1098   2          }
 1099   1      
 1100   1          if (fractional_part >= scale_base) {
 1101   2              integer_part++;
 1102   2              fractional_part -= scale_base;
 1103   2          }
 1104   1      
 1105   1          if (integer_part > (2147483647UL / scale_base)) {
 1106   2              return 0;
 1107   2          }
 1108   1          combined_value = integer_part * scale_base + fractional_part;
 1109   1          if (combined_value > 2147483647UL) {
 1110   2              return 0;
 1111   2          }
C251 COMPILER V5.60.0,  GPS                                                                16/05/26  05:32:05  PAGE 18  

 1112   1      
 1113   1          if (negative) {
 1114   2              *value = -((int32)combined_value);
 1115   2          } else {
 1116   2              *value = (int32)combined_value;
 1117   2          }
 1118   1      
 1119   1          return 1;
 1120   1      }
 1121          
 1122          static u8 GPS_ParseUtc(const char *text, u8 *hour, u8 *minute, u8 *second, u16 *msec)
 1123          {
 1124   1          u32 whole_part;
 1125   1          u32 frac_part;
 1126   1          char frac_buf[5];
 1127   1          u8 frac_len;
 1128   1          const char *dot;
 1129   1      
 1130   1          if ((text == 0) || (hour == 0) || (minute == 0) || (second == 0) || (msec == 0)) {
 1131   2              return 0;
 1132   2          }
 1133   1          if ((text[0] == 0) || (text[1] == 0) || (text[2] == 0) ||
 1134   1              (text[3] == 0) || (text[4] == 0) || (text[5] == 0)) {
 1135   2              return 0;
 1136   2          }
 1137   1      
 1138   1          dot = text;
 1139   1          while ((*dot != 0) && (*dot != '.')) {
 1140   2              dot++;
 1141   2          }
 1142   1      
 1143   1          {
 1144   2              char whole_buf[7];
 1145   2              whole_buf[0] = text[0];
 1146   2              whole_buf[1] = text[1];
 1147   2              whole_buf[2] = text[2];
 1148   2              whole_buf[3] = text[3];
 1149   2              whole_buf[4] = text[4];
 1150   2              whole_buf[5] = text[5];
 1151   2              whole_buf[6] = 0;
 1152   2              if (GPS_ParseU32(whole_buf, &whole_part) == 0) {
 1153   3                  return 0;
 1154   3              }
 1155   2          }
 1156   1      
 1157   1          *hour = (u8)(whole_part / 10000UL);
 1158   1          *minute = (u8)((whole_part / 100UL) % 100UL);
 1159   1          *second = (u8)(whole_part % 100UL);
 1160   1      
 1161   1          if ((*hour > 23U) || (*minute > 59U) || (*second > 59U)) {
 1162   2              return 0;
 1163   2          }
 1164   1      
 1165   1          frac_part = 0UL;
 1166   1          frac_len = 0U;
 1167   1          if (*dot == '.') {
 1168   2              dot++;
 1169   2              while (*dot != 0) {
 1170   3                  if ((*dot < '0') || (*dot > '9')) {
 1171   4                      return 0;
 1172   4                  }
 1173   3                  if (frac_len < 3U) {
 1174   4                      frac_buf[frac_len++] = *dot;
 1175   4                  }
 1176   3                  dot++;
 1177   3              }
C251 COMPILER V5.60.0,  GPS                                                                16/05/26  05:32:05  PAGE 19  

 1178   2          }
 1179   1          while (frac_len < 3U) {
 1180   2              frac_buf[frac_len++] = '0';
 1181   2          }
 1182   1          frac_buf[3] = 0;
 1183   1          if (GPS_ParseU32(frac_buf, &frac_part) == 0) {
 1184   2              return 0;
 1185   2          }
 1186   1      
 1187   1          *msec = (u16)frac_part;
 1188   1          return 1;
 1189   1      }
 1190          
 1191          static u8 GPS_ParseDate(const char *text, u8 *day, u8 *month, u8 *year)
 1192          {
 1193   1          char buf[3];
 1194   1      
 1195   1          if ((text == 0) || (day == 0) || (month == 0) || (year == 0)) {
 1196   2              return 0;
 1197   2          }
 1198   1          if ((text[0] == 0) || (text[1] == 0) || (text[2] == 0) ||
 1199   1              (text[3] == 0) || (text[4] == 0) || (text[5] == 0)) {
 1200   2              return 0;
 1201   2          }
 1202   1      
 1203   1          buf[2] = 0;
 1204   1          buf[0] = text[0];
 1205   1          buf[1] = text[1];
 1206   1          if (GPS_ParseU8(buf, day) == 0) {
 1207   2              return 0;
 1208   2          }
 1209   1          buf[0] = text[2];
 1210   1          buf[1] = text[3];
 1211   1          if (GPS_ParseU8(buf, month) == 0) {
 1212   2              return 0;
 1213   2          }
 1214   1          buf[0] = text[4];
 1215   1          buf[1] = text[5];
 1216   1          if (GPS_ParseU8(buf, year) == 0) {
 1217   2              return 0;
 1218   2          }
 1219   1      
 1220   1          if ((*day == 0U) || (*day > 31U) || (*month == 0U) || (*month > 12U)) {
 1221   2              return 0;
 1222   2          }
 1223   1          return 1;
 1224   1      }
 1225          
 1226          static u8 GPS_ParseCoordinate1e7(const char *text, char hemi, int32 *value)
 1227          {
 1228   1          u32 whole_part;
 1229   1          u32 frac_part;
 1230   1          u32 minutes_scaled1e4;
 1231   1          u32 degrees;
 1232   1          u32 deg1e7;
 1233   1          const char *dot;
 1234   1          char whole_buf[12];
 1235   1          char frac_buf[5];
 1236   1          u8 expected_whole_len;
 1237   1          u8 whole_len;
 1238   1          u8 frac_len;
 1239   1      
 1240   1          if ((text == 0) || (value == 0) || (text[0] == 0)) {
 1241   2              return 0;
 1242   2          }
 1243   1          if ((hemi != 'N') && (hemi != 'S') && (hemi != 'E') && (hemi != 'W')) {
C251 COMPILER V5.60.0,  GPS                                                                16/05/26  05:32:05  PAGE 20  

 1244   2              return 0;
 1245   2          }
 1246   1      
 1247   1          dot = text;
 1248   1          while ((*dot != 0) && (*dot != '.')) {
 1249   2              dot++;
 1250   2          }
 1251   1      
 1252   1          expected_whole_len = (((hemi == 'N') || (hemi == 'S')) ? 4U : 5U);
 1253   1          whole_len = (u8)(dot - text);
 1254   1          if ((whole_len != expected_whole_len) || (whole_len >= (u8)sizeof(whole_buf))) {
 1255   2              return 0;
 1256   2          }
 1257   1          {
 1258   2              u8 i;
 1259   2              for (i = 0; i < whole_len; i++) {
 1260   3                  whole_buf[i] = text[i];
 1261   3              }
 1262   2              whole_buf[whole_len] = 0;
 1263   2          }
 1264   1          if (GPS_ParseU32(whole_buf, &whole_part) == 0) {
 1265   2              return 0;
 1266   2          }
 1267   1      
 1268   1          frac_len = 0U;
 1269   1          if (*dot == '.') {
 1270   2              dot++;
 1271   2              while (*dot != 0) {
 1272   3                  if ((*dot < '0') || (*dot > '9')) {
 1273   4                      return 0;
 1274   4                  }
 1275   3                  if (frac_len < 4U) {
 1276   4                      frac_buf[frac_len++] = *dot;
 1277   4                  }
 1278   3                  dot++;
 1279   3              }
 1280   2          }
 1281   1          while (frac_len < 4U) {
 1282   2              frac_buf[frac_len++] = '0';
 1283   2          }
 1284   1          frac_buf[4] = 0;
 1285   1          if (GPS_ParseU32(frac_buf, &frac_part) == 0) {
 1286   2              return 0;
 1287   2          }
 1288   1      
 1289   1          degrees = whole_part / 100UL;
 1290   1          minutes_scaled1e4 = (whole_part % 100UL) * 10000UL + frac_part;
 1291   1          if (minutes_scaled1e4 >= 600000UL) {
 1292   2              return 0;
 1293   2          }
 1294   1          if (((hemi == 'N') || (hemi == 'S')) &&
 1295   1              ((degrees > 90UL) || ((degrees == 90UL) && (minutes_scaled1e4 != 0UL)))) {
 1296   2              return 0;
 1297   2          }
 1298   1          if (((hemi == 'E') || (hemi == 'W')) &&
 1299   1              ((degrees > 180UL) || ((degrees == 180UL) && (minutes_scaled1e4 != 0UL)))) {
 1300   2              return 0;
 1301   2          }
 1302   1          deg1e7 = degrees * 10000000UL + (minutes_scaled1e4 * 100UL + 3UL) / 6UL;
 1303   1      
 1304   1          if ((hemi == 'S') || (hemi == 'W')) {
 1305   2              *value = -((int32)deg1e7);
 1306   2          } else {
 1307   2              *value = (int32)deg1e7;
 1308   2          }
 1309   1          return 1;
C251 COMPILER V5.60.0,  GPS                                                                16/05/26  05:32:05  PAGE 21  

 1310   1      }
 1311          
 1312          static u8 GPS_ParseLegacyCoordParts(const char *text, u8 whole_len, u16 *coord1, u16 *coord2)
 1313          {
 1314   1          const char *dot;
 1315   1          char whole_buf[6];
 1316   1          char frac_buf[5];
 1317   1          u8 i;
 1318   1          u8 frac_len;
 1319   1          u32 whole_part;
 1320   1          u32 frac_part;
 1321   1      
 1322   1          if ((text == 0) || (coord1 == 0) || (coord2 == 0) ||
 1323   1              ((whole_len != 4U) && (whole_len != 5U))) {
 1324   2              return 0;
 1325   2          }
 1326   1      
 1327   1          dot = text;
 1328   1          while ((*dot != 0) && (*dot != '.')) {
 1329   2              dot++;
 1330   2          }
 1331   1          if ((u8)(dot - text) != whole_len) {
 1332   2              return 0;
 1333   2          }
 1334   1      
 1335   1          for (i = 0U; i < whole_len; i++) {
 1336   2              if ((text[i] < '0') || (text[i] > '9')) {
 1337   3                  return 0;
 1338   3              }
 1339   2              whole_buf[i] = text[i];
 1340   2          }
 1341   1          whole_buf[whole_len] = 0;
 1342   1          if (GPS_ParseU32(whole_buf, &whole_part) == 0) {
 1343   2              return 0;
 1344   2          }
 1345   1      
 1346   1          frac_len = 0U;
 1347   1          if (*dot == '.') {
 1348   2              dot++;
 1349   2              while (*dot != 0) {
 1350   3                  if ((*dot < '0') || (*dot > '9')) {
 1351   4                      return 0;
 1352   4                  }
 1353   3                  if (frac_len < 4U) {
 1354   4                      frac_buf[frac_len++] = *dot;
 1355   4                  }
 1356   3                  dot++;
 1357   3              }
 1358   2          }
 1359   1          while (frac_len < 4U) {
 1360   2              frac_buf[frac_len++] = '0';
 1361   2          }
 1362   1          frac_buf[4] = 0;
 1363   1          if (GPS_ParseU32(frac_buf, &frac_part) == 0) {
 1364   2              return 0;
 1365   2          }
 1366   1      
 1367   1          *coord1 = (u16)whole_part;
 1368   1          *coord2 = (u16)frac_part;
 1369   1          return 1;
 1370   1      }
 1371          
 1372          static u8 GPS_IsNewRmcTimestamp(u8 hour, u8 minute, u8 second, u16 msec,
 1373                                          u8 day, u8 month, u8 year)
 1374          {
 1375   1          if ((g_gps_state.utc_hour != hour) ||
C251 COMPILER V5.60.0,  GPS                                                                16/05/26  05:32:05  PAGE 22  

 1376   1              (g_gps_state.utc_minute != minute) ||
 1377   1              (g_gps_state.utc_second != second) ||
 1378   1              (g_gps_state.utc_millisecond != msec) ||
 1379   1              (g_gps_state.date_day != day) ||
 1380   1              (g_gps_state.date_month != month) ||
 1381   1              (g_gps_state.date_year != year)) {
 1382   2              return 1;
 1383   2          }
 1384   1          return 0;
 1385   1      }
 1386          
 1387          static u32 GPS_KnotsX100ToKmhX100(u32 speed_knots_x100)
 1388          {
 1389   1          if (speed_knots_x100 > ((0xFFFFFFFFUL - 500UL) / 1852UL)) {
 1390   2              return 0xFFFFFFFFUL;
 1391   2          }
 1392   1          return (speed_knots_x100 * 1852UL + 500UL) / 1000UL;
 1393   1      }
 1394          
 1395          static u16 GPS_ToU16NonNegative(int32 value)
 1396          {
 1397   1          if (value <= 0) {
 1398   2              return 0U;
 1399   2          }
 1400   1          if (value > 65535L) {
 1401   2              return 65535U;
 1402   2          }
 1403   1          return (u16)value;
 1404   1      }
 1405          
 1406          static u32 GPS_ToU32NonNegative(int32 value)
 1407          {
 1408   1          if (value <= 0L) {
 1409   2              return 0UL;
 1410   2          }
 1411   1          return (u32)value;
 1412   1      }
 1413          
 1414          s8 GPS_Init(void)
 1415          {
 1416   1          COMx_InitDefine uart_init;
 1417   1      
 1418   1          GPS_ClearState();
 1419   1          GPS_ClearParser();
 1420   1      
 1421   1          uart_init.UART_Mode = UART_8bit_BRTx;
 1422   1          uart_init.UART_BRT_Use = BRT_Timer2;
 1423   1          uart_init.UART_BaudRate = GPS_BAUDRATE;
 1424   1          uart_init.Morecommunicate = DISABLE;
 1425   1          uart_init.UART_RxEnable = ENABLE;
 1426   1          uart_init.BaudRateDouble = DISABLE;
 1427   1      
 1428   1          if (UART_Configuration(UART2, &uart_init) != SUCCESS) {
 1429   2              LOGE("GPS", "UART2 init fail baud=%lu", GPS_BAUDRATE);
 1430   2              return FAIL;
 1431   2          }
 1432   1          if (NVIC_UART2_Init(ENABLE, Priority_1) != SUCCESS) {
 1433   2              LOGE("GPS", "UART2 NVIC init fail");
 1434   2              return FAIL;
 1435   2          }
 1436   1      
 1437   1          g_gps_initialized = 1;
 1438   1          LOGI("GPS", "init uart=2 route=P1.0/P1.1 baud=%lu", GPS_BAUDRATE);
 1439   1      #if (GPS_RAW_ECHO_ENABLE != 0U)
                   LOGW("GPS", "raw echo uart2->uart1 enabled for baud test");
               #endif
C251 COMPILER V5.60.0,  GPS                                                                16/05/26  05:32:05  PAGE 23  

 1442   1          return SUCCESS;
 1443   1      }
 1444          
 1445          void GPS_Reset(void)
 1446          {
 1447   1          GPS_ClearState();
 1448   1          GPS_ClearParser();
 1449   1          if (g_gps_initialized) {
 1450   2              g_gps_uart_read_index = COM2.RX_Cnt;
 1451   2          }
 1452   1      }
 1453          
 1454          void GPS_Poll(void)
 1455          {
 1456   1          u8 dat;
 1457   1      
 1458   1          if (!g_gps_initialized) {
 1459   2              return;
 1460   2          }
 1461   1      
 1462   1          GPS_DrainUart2Buffer();
 1463   1          while (GPS_FifoPop(&dat) == 0) {
 1464   2              GPS_ParseByte(dat);
 1465   2          }
 1466   1      #if (GPS_DIAG_LOG_ENABLE != 0U)
                   GPS_DiagLogPoll();
               #endif
 1469   1      }
 1470          
 1471          const GPS_State_t *GPS_GetState(void)
 1472          {
 1473   1          return &g_gps_state;
 1474   1      }


Module Information          Static   Overlayable
------------------------------------------------
  code size            =      5550     ------
  ecode size           =    ------     ------
  data size            =    ------     ------
  idata size           =    ------     ------
  pdata size           =    ------     ------
  xdata size           =    ------     ------
  xdata-const size     =    ------     ------
  edata size           =       437        331
  bit size             =    ------     ------
  ebit size            =    ------     ------
  bitaddressable size  =    ------     ------
  ebitaddressable size =    ------     ------
  far data size        =    ------     ------
  huge data size       =    ------     ------
  const size           =    ------     ------
  hconst size          =       125     ------
End of Module Information.


C251 COMPILATION COMPLETE.  1 WARNING(S),  0 ERROR(S)
