C251 COMPILER V5.60.0,  Log                                                                16/05/26  05:32:07  PAGE 1   


C251 COMPILER V5.60.0, COMPILATION OF MODULE Log
OBJECT MODULE PLACED IN .\list\Log.obj
COMPILER INVOKED BY: C:\Keil_v5\C251\BIN\C251.EXE ..\Code_boweny\Function\Log\Log.c XSMALL INTR2 BROWSE INCDIR(..\Driver
                    -\inc;..\User;..\App\inc;..\Code_boweny\Function\Log;..\Code_boweny\Function\Filter;..\Code_boweny\Function\AHRS;..\Code_
                    -boweny\Function\PID;..\Code_boweny\Device\QMC6309;..\Code_boweny\Device\QMI8658;..\Code_boweny\Device\GPS;..\Code_boweny
                    -\Device\WIRELESS;..\Code_boweny\Device\MOTOR) DEBUG PRINT(.\list\Log.lst) TABS(2) OBJECT(.\list\Log.obj) 

stmt  level    source

    1          /**
    2           * @file    Log.c
    3           * @brief   轻量级 UART1 日志输出模块实现
    4           * @author  boweny
    5           * @date    2026-04-22
    6           * @version v1.0
    7           *
    8           * @details
    9           * - 基于 UART1 的轻量级日志输出，提供带标签、分级别的日志功能
   10           * - 内部使用 vsprintf() 格式化，最大支持 127 字符
   11           * - 输出格式: [tag] X: message\r\n  或  message\r\n
   12           * - log_init() 上电时自动打印启动横幅 (MCU / 作者 / 编译时间)
   13           *
   14           * @note    禁止使用浮点数 (%f) 格式化
   15           * @note    调用前必须先初始化 UART1，再调用 log_init()
   16           *
   17           * @see     Code_boweny/Function/Log/Log.h
   18           */
   19          
   20          #include "..\..\..\User\config.h"
   21          #include "Log.h"
   22          
   23          #define LOG_BUF_SIZE  128
   24          
   25          #ifndef AHRS_TEST_ONLY
               #define AHRS_TEST_ONLY  0
               #endif
   28          
   29          /*---------------------------------- 本地变量 ----------------------------------*/
   30          
   31          static u8  log_ready = 0;          /* 日志就绪标志: 0=禁用, 1=启用 */
   32          static u8  log_buf[LOG_BUF_SIZE];  /* 格式化缓冲区 */
   33          
   34          static bit log_tag_is(u8 *tag, u8 *name)
   35          {
   36   1          u8 i;
   37   1      
   38   1          if ((tag == 0) || (name == 0)) {
   39   2              return 0;
   40   2          }
   41   1      
   42   1          for (i = 0; ; i++) {
   43   2              if (tag[i] != name[i]) {
   44   3                  return 0;
   45   3              }
   46   2              if (tag[i] == '\0') {
   47   3                  return 1;
   48   3              }
   49   2          }
   50   1      }
   51          
   52          static bit log_allow_in_ahrs_test(u8 level, u8 *tag)
   53          {
   54   1          if (level == 'E') {
   55   2              return 1;
   56   2          }
C251 COMPILER V5.60.0,  Log                                                                16/05/26  05:32:07  PAGE 2   

   57   1      
   58   1          if (log_tag_is(tag, "AHRS") ||
   59   1              log_tag_is(tag, "HDG")) {
   60   2              return 1;
   61   2          }
   62   1      
   63   1      #if QMI8658_DIAG_ENABLE
                   if (log_tag_is(tag, "SYS") ||
                       log_tag_is(tag, "IMU") ||
                       log_tag_is(tag, "MAG")) {
                       return 1;
                   }
               #endif
   70   1      
   71   1          return 0;
   72   1      }
   73          
   74          /*---------------------------------- 内部函数 ----------------------------------*/
   75          
   76          /**
   77           * @brief      原始日志输出 (内部函数)
   78           * @param[in]  fmt   格式化字符串
   79           * @param[in]  args  可变参数列表
   80           * @return     none
   81           */
   82          static void log_vprint(u8 *fmt, va_list args)
   83          {
   84   1          u8  len;
   85   1      
   86   1          len = (u8)vsprintf((char *)log_buf, (const char *)fmt, args);
   87   1      
   88   1          /* 追加 \r\n */
   89   1          if (len < (LOG_BUF_SIZE - 2))
   90   1          {
   91   2              log_buf[len]     = '\r';
   92   2              log_buf[len + 1] = '\n';
   93   2              log_buf[len + 2] = '\0';
   94   2          }
   95   1          else
   96   1          {
   97   2              log_buf[LOG_BUF_SIZE - 3] = '\r';
   98   2              log_buf[LOG_BUF_SIZE - 2] = '\n';
   99   2              log_buf[LOG_BUF_SIZE - 1] = '\0';
  100   2          }
  101   1      
  102   1          PrintString1(log_buf);
  103   1      }
  104          
  105          /**
  106           * @brief      带标签日志输出 (内部函数)
  107           * @param[in]  level 日志级别字符 (I/W/E/D)
  108           * @param[in]  tag   日志标签
  109           * @param[in]  fmt   格式化字符串
  110           * @param[in]  args  可变参数列表
  111           * @return     none
  112           */
  113          static void log_vtagged(u8 level, u8 *tag, u8 *fmt, va_list args)
  114          {
  115   1          u8  i;
  116   1          u8  prefix_len;
  117   1      
  118   1      #if AHRS_TEST_ONLY
                   if (!log_allow_in_ahrs_test(level, tag)) {
                       return;
                   }
               #endif
C251 COMPILER V5.60.0,  Log                                                                16/05/26  05:32:07  PAGE 3   

  123   1      
  124   1          /* 构建 [tag] X: 前缀 */
  125   1          log_buf[0] = '[';
  126   1          for (i = 0; tag[i] != '\0'; i++)
  127   1          {
  128   2              log_buf[i + 1] = tag[i];
  129   2          }
  130   1          log_buf[i + 1] = ']';
  131   1          log_buf[i + 2] = ' ';
  132   1          log_buf[i + 3] = level;
  133   1          log_buf[i + 4] = ':';
  134   1          log_buf[i + 5] = ' ';
  135   1          prefix_len = i + 6;
  136   1      
  137   1          /* 格式化消息到前缀之后 */
  138   1          vsprintf((char *)(log_buf + prefix_len), (const char *)fmt, args);
  139   1      
  140   1          /* 追加 \r\n 并确保不越界 */
  141   1          for (i = prefix_len; i < LOG_BUF_SIZE; i++)
  142   1          {
  143   2              if (log_buf[i] == '\0')
  144   2              {
  145   3                  if (i < (LOG_BUF_SIZE - 2))
  146   3                  {
  147   4                      log_buf[i]     = '\r';
  148   4                      log_buf[i + 1] = '\n';
  149   4                      log_buf[i + 2] = '\0';
  150   4                  }
  151   3                  else
  152   3                  {
  153   4                      log_buf[LOG_BUF_SIZE - 3] = '\r';
  154   4                      log_buf[LOG_BUF_SIZE - 2] = '\n';
  155   4                      log_buf[LOG_BUF_SIZE - 1] = '\0';
  156   4                  }
  157   3                  break;
  158   3              }
  159   2          }
  160   1      
  161   1          PrintString1(log_buf);
  162   1      }
  163          
  164          /*---------------------------------- 初始化 ----------------------------------*/
  165          
  166          /**
  167           * @brief   初始化日志系统
  168           * @return  none
  169           *
  170           * @details 将 log_ready 标志置 1，并打印启动横幅 (MCU版本/作者/编译时间)
  171           *          用于上电时验证日志系统是否正常工作
  172           *
  173           * @note    必须在 UART_config() 之后调用
  174           */
  175          void log_init(void)
  176          {
  177   1          log_ready = 1;
  178   1      
  179   1      #if !AHRS_TEST_ONLY || QMI8658_DIAG_ENABLE
  180   1          PrintString1("\r\n");
  181   1          log_printf("[SYS] I: ============== Black Pearl v1.1 ==============");
  182   1          log_printf("[SYS] I:   MCU : STC32G  Fosc=%luHz", (u32)MAIN_Fosc);
  183   1          /* Keep the banner tied to the latest firmware build for field diagnosis. */
  184   1          log_printf("[SYS] I:   Author : boweny  Build : %s %s", __DATE__, __TIME__);
  185   1          log_printf("[SYS] I: LOG Ready. Use LOGI/LOGW/LOGE/LOGD/log_printf");
  186   1          PrintString1("\r\n");
  187   1      #endif
  188   1      }
C251 COMPILER V5.60.0,  Log                                                                16/05/26  05:32:07  PAGE 4   

  189          
  190          /*---------------------------------- 公共函数 ----------------------------------*/
  191          
  192          /**
  193           * @brief      带标签的 INFO 级别日志
  194           * @param[in]  tag   日志标签
  195           * @param[in]  fmt   格式化字符串
  196           * @param[in]  ...   可变参数
  197           * @return     none
  198           */
  199          void log_info(u8 *tag, u8 *fmt, ...)
  200          {
  201   1          va_list args;
  202   1      
  203   1          if (!log_ready) return;
  204   1      
  205   1          va_start(args, fmt);
  206   1          log_vtagged('I', tag, fmt, args);
  207   1          va_end(args);
  208   1      }
  209          
  210          /**
  211           * @brief      带标签的 WARN 级别日志
  212           * @param[in]  tag   日志标签
  213           * @param[in]  fmt   格式化字符串
  214           * @param[in]  ...   可变参数
  215           * @return     none
  216           */
  217          void log_warn(u8 *tag, u8 *fmt, ...)
  218          {
  219   1          va_list args;
  220   1      
  221   1          if (!log_ready) return;
  222   1      
  223   1          va_start(args, fmt);
  224   1          log_vtagged('W', tag, fmt, args);
  225   1          va_end(args);
  226   1      }
  227          
  228          /**
  229           * @brief      带标签的 ERROR 级别日志
  230           * @param[in]  tag   日志标签
  231           * @param[in]  fmt   格式化字符串
  232           * @param[in]  ...   可变参数
  233           * @return     none
  234           */
  235          void log_error(u8 *tag, u8 *fmt, ...)
  236          {
  237   1          va_list args;
  238   1      
  239   1          if (!log_ready) return;
  240   1      
  241   1          va_start(args, fmt);
  242   1          log_vtagged('E', tag, fmt, args);
  243   1          va_end(args);
  244   1      }
  245          
  246          /**
  247           * @brief      带标签的 DEBUG 级别日志
  248           * @param[in]  tag   日志标签
  249           * @param[in]  fmt   格式化字符串
  250           * @param[in]  ...   可变参数
  251           * @return     none
  252           */
  253          void log_debug(u8 *tag, u8 *fmt, ...)
  254          {
C251 COMPILER V5.60.0,  Log                                                                16/05/26  05:32:07  PAGE 5   

  255   1          va_list args;
  256   1      
  257   1          if (!log_ready) return;
  258   1      
  259   1          va_start(args, fmt);
  260   1          log_vtagged('D', tag, fmt, args);
  261   1          va_end(args);
  262   1      }
  263          
  264          /**
  265           * @brief      原始日志输出 (无标签、无级别)
  266           * @param[in]  fmt   格式化字符串
  267           * @param[in]  ...   可变参数
  268           * @return     none
  269           */
  270          void log_printf(u8 *fmt, ...)
  271          {
  272   1          va_list args;
  273   1      
  274   1          if (!log_ready) return;
  275   1      #if AHRS_TEST_ONLY
               #if !QMI8658_DIAG_ENABLE
                   return;
               #endif
               #endif
  280   1      
  281   1          va_start(args, fmt);
  282   1          log_vprint(fmt, args);
  283   1          va_end(args);
  284   1      }
*** WARNING C174 IN LINE 52 OF ..\Code_boweny\Function\Log\Log.c: 'log_allow_in_ahrs_test': unreferenced 'static' functi
             -on


Module Information          Static   Overlayable
------------------------------------------------
  code size            =       627     ------
  ecode size           =    ------     ------
  data size            =    ------     ------
  idata size           =    ------     ------
  pdata size           =    ------     ------
  xdata size           =    ------     ------
  xdata-const size     =    ------     ------
  edata size           =       129        240
  bit size             =    ------     ------
  ebit size            =    ------     ------
  bitaddressable size  =    ------     ------
  ebitaddressable size =    ------     ------
  far data size        =    ------     ------
  huge data size       =    ------     ------
  const size           =    ------     ------
  hconst size          =       227     ------
End of Module Information.


C251 COMPILATION COMPLETE.  1 WARNING(S),  0 ERROR(S)
