C251 COMPILER V5.60.0,  lt8920                                                             16/05/26  05:32:06  PAGE 1   


C251 COMPILER V5.60.0, COMPILATION OF MODULE lt8920
OBJECT MODULE PLACED IN .\list\lt8920.obj
COMPILER INVOKED BY: C:\Keil_v5\C251\BIN\C251.EXE ..\Code_boweny\Device\WIRELESS\lt8920.c XSMALL INTR2 BROWSE INCDIR(..\
                    -Driver\inc;..\User;..\App\inc;..\Code_boweny\Function\Log;..\Code_boweny\Function\Filter;..\Code_boweny\Function\AHRS;..
                    -\Code_boweny\Function\PID;..\Code_boweny\Device\QMC6309;..\Code_boweny\Device\QMI8658;..\Code_boweny\Device\GPS;..\Code_
                    -boweny\Device\WIRELESS;..\Code_boweny\Device\MOTOR) DEBUG PRINT(.\list\lt8920.lst) TABS(2) OBJECT(.\list\lt8920.obj) 

stmt  level    source

    1          /**
    2           * @file    lt8920.c
    3           * @brief   LT8920 2.4GHz 无线收发芯片寄存器与 FIFO 驱动实现。
    4           * @author  boweny
    5           * @date    2026-05-06
    6           * @version v1.1
    7           *
    8           * @details
    9           * 本文件负责 LT8920 默认寄存器表加载、寄存器读写、FIFO 读写、
   10           * TX/RX 模式切换和调试状态读取。当前寄存器配置和收发入口顺序按
   11           * `Wireless_other/LT8920/LT8920_SPI.c` 对齐，用于旧遥控器业务移植。
   12           *
   13           * @note
   14           * 本层不解析业务协议，不决定配对状态；业务调度由 `ship_protocol.c`
   15           * 完成。修改寄存器顺序前必须先对照 `Wireless_other`。
   16           */
   17          #include "lt8920.h"
   18          
   19          #include "wireless.h"
   20          #include "wireless_port.h"
   21          
   22          typedef struct
   23          {
   24              u8 reg;
   25              u8 high;
   26              u8 low;
   27              u16 verify_mask;
   28          } LT8920_RegInit_t;
   29          
   30          static const LT8920_RegInit_t g_lt8920_default_regs[] =
   31          {
   32              {0U,  0x6FU, 0xE0U, 0xFFFFU},
   33              {1U,  0x56U, 0x81U, 0xFFFFU},
   34              {2U,  0x66U, 0x17U, 0xFFFFU},
   35              {4U,  0x9CU, 0xC9U, 0xFFFFU},
   36              {5U,  0x66U, 0x37U, 0xFFFFU},
   37              {7U,  0x00U, 0x30U, 0xFFFFU},
   38              {8U,  0x6CU, 0x90U, 0xFFFFU},
   39              {9U,  0x48U, 0x00U, 0xFFFFU},
   40              {10U, 0x7FU, 0xFDU, 0xFFFFU},
   41              {11U, 0x00U, 0x08U, 0xFFFFU},
   42              {12U, 0x00U, 0x00U, 0xFFFFU},
   43              {13U, 0x48U, 0xBDU, 0xFFFFU},
   44              {22U, 0x00U, 0xFFU, 0xFFFFU},
   45              {23U, 0x80U, 0x05U, 0xFFFFU},
   46              {24U, 0x00U, 0x67U, 0xFFFFU},
   47              {25U, 0x16U, 0x59U, 0xFFFFU},
   48              {26U, 0x19U, 0xE0U, 0xFFFFU},
   49              {27U, 0x13U, 0x00U, 0xFFFFU},
   50              {28U, 0x18U, 0x00U, 0xFFFFU},
   51              {32U, 0x48U, 0x00U, 0xFFFFU},
   52              {33U, 0x3FU, 0xC7U, 0xFFFFU},
   53              {34U, 0x20U, 0x00U, 0xFFFFU},
   54              {35U, 0x00U, 0x00U, 0xFFFFU},
   55              {36U, 0x03U, 0x80U, 0xFFFFU},
   56              {37U, 0x03U, 0x80U, 0xFFFFU},
C251 COMPILER V5.60.0,  lt8920                                                             16/05/26  05:32:06  PAGE 2   

   57              {38U, 0x5AU, 0x5AU, 0xFFFFU},
   58              {39U, 0x03U, 0x80U, 0xFFFFU},
   59              {40U, 0x44U, 0x02U, 0xFFFFU},
   60              {41U, 0xB0U, 0x00U, 0xFFFFU},
   61              {42U, 0xFDU, 0xB0U, 0xFFFFU},
   62              {43U, 0x00U, 0x0FU, 0xFFFFU},
   63              {44U, 0x10U, 0x00U, 0xFF00U},
   64              {45U, 0x05U, 0x52U, 0xFFFFU},
   65              {50U, 0x00U, 0x00U, 0x0000U}
   66          };
   67          
   68          static u8 g_lt8920_initialized = 0U;
   69          static u8 g_lt8920_channel = LT8920_DEFAULT_CHANNEL;
   70          static u32 g_lt8920_sync_word = LT8920_DEFAULT_SYNC_WORD;
   71          static u8 g_lt8920_verify_fail_reg = 0xFFU;
   72          static u16 g_lt8920_verify_fail_expected = 0U;
   73          static u16 g_lt8920_verify_fail_actual = 0U;
   74          static u8 g_lt8920_last_tx_fifo_count = 0U;
   75          
   76          static void LT8920_ClearVerifyFailure(void)
   77          {
   78   1          g_lt8920_verify_fail_reg = 0xFFU;
   79   1          g_lt8920_verify_fail_expected = 0U;
   80   1          g_lt8920_verify_fail_actual = 0U;
   81   1      }
   82          
   83          static void LT8920_SetVerifyFailure(u8 reg, u16 expected, u16 actual)
   84          {
   85   1          g_lt8920_verify_fail_reg = reg;
   86   1          g_lt8920_verify_fail_expected = expected;
   87   1          g_lt8920_verify_fail_actual = actual;
   88   1      }
   89          
   90          static u8 LT8920_BuildCommand(u8 reg, u8 read)
   91          {
   92   1          return (u8)((read ? 0x80U : 0x00U) | (reg & 0x7FU));
   93   1      }
   94          
   95          static s8 LT8920_WriteRegBytes(u8 reg, u8 high, u8 low)
   96          {
   97   1          WirelessPort_SetCs(0U);
   98   1          (void)WirelessPort_SpiTransfer(LT8920_BuildCommand(reg, 0U));
   99   1          (void)WirelessPort_SpiTransfer(high);
  100   1          (void)WirelessPort_SpiTransfer(low);
  101   1          WirelessPort_SetCs(1U);
  102   1          return SUCCESS;
  103   1      }
  104          
  105          static s8 LT8920_WriteReg(u8 reg, u16 value)
  106          {
  107   1          return LT8920_WriteRegBytes(reg, (u8)(value >> 8), (u8)(value & 0x00FFU));
  108   1      }
  109          
  110          static s8 LT8920_WriteFifoBytes(const u8 *buf, u8 len)
  111          {
  112   1          u8 i;
  113   1      
  114   1          if ((buf == 0) || (len == 0U)) {
  115   2              return WIRELESS_ERR_PARAM;
  116   2          }
  117   1      
  118   1          WirelessPort_SetCs(0U);
  119   1          (void)WirelessPort_SpiTransfer(LT8920_BuildCommand(50U, 0U));
  120   1      #if LT8920_FIFO_DELAY_TEST
                   WirelessPort_DelayUs(1U);
               #endif
C251 COMPILER V5.60.0,  lt8920                                                             16/05/26  05:32:06  PAGE 3   

  123   1          for (i = 0U; i < len; i++) {
  124   2              (void)WirelessPort_SpiTransfer(buf[i]);
  125   2      #if LT8920_FIFO_DELAY_TEST
                       WirelessPort_DelayUs(1U);
               #endif
  128   2          }
  129   1          WirelessPort_SetCs(1U);
  130   1      #if LT8920_FIFO_DELAY_TEST
                   WirelessPort_DelayUs(1U);
               #endif
  133   1          return SUCCESS;
  134   1      }
  135          
  136          static s8 LT8920_ReadTxFifoCount(u8 *count)
  137          {
  138   1          u16 reg52;
  139   1          s8 rc;
  140   1      
  141   1          if (count == 0) {
  142   2              return WIRELESS_ERR_PARAM;
  143   2          }
  144   1      
  145   1          rc = LT8920_ReadReg(52U, &reg52);
  146   1          if (rc != SUCCESS) {
  147   2              return rc;
  148   2          }
  149   1      
  150   1          *count = (u8)((reg52 >> 8) & 0x003FU);
  151   1          return SUCCESS;
  152   1      }
  153          
  154          static s8 LT8920_UpdateModeRegister(u16 mode_flags)
  155          {
  156   1          return LT8920_WriteReg(7U, (u16)(mode_flags | (u16)(g_lt8920_channel & 0x7FU)));
  157   1      }
  158          
  159          static s8 LT8920_ResetRxPath(void)
  160          {
  161   1          s8 rc;
  162   1      
  163   1          rc = LT8920_EnterIdle();
  164   1          if (rc != SUCCESS) {
  165   2              return rc;
  166   2          }
  167   1          return LT8920_ClearRxFifo();
  168   1      }
  169          
  170          static s8 LT8920_LoadDefaultProfile(void)
  171          {
  172   1          u8 i;
  173   1          s8 rc;
  174   1      
  175   1          for (i = 0U; i < (u8)(sizeof(g_lt8920_default_regs) / sizeof(g_lt8920_default_regs[0])); i++) {
  176   2              rc = LT8920_WriteRegBytes(g_lt8920_default_regs[i].reg,
  177   2                                        g_lt8920_default_regs[i].high,
  178   2                                        g_lt8920_default_regs[i].low);
  179   2              if (rc != SUCCESS) {
  180   3                  return rc;
  181   3              }
  182   2          }
  183   1      
  184   1          return SUCCESS;
  185   1      }
  186          
  187          static s8 LT8920_VerifyDefaultProfile(void)
  188          {
C251 COMPILER V5.60.0,  lt8920                                                             16/05/26  05:32:06  PAGE 4   

  189   1          u8 i;
  190   1          u16 value;
  191   1          u16 expected;
  192   1          u16 mask;
  193   1          s8 rc;
  194   1      
  195   1          LT8920_ClearVerifyFailure();
  196   1      
  197   1          for (i = 0U; i < (u8)(sizeof(g_lt8920_default_regs) / sizeof(g_lt8920_default_regs[0])); i++) {
  198   2              expected = (u16)(((u16)g_lt8920_default_regs[i].high << 8) |
  199   2                               g_lt8920_default_regs[i].low);
  200   2              mask = g_lt8920_default_regs[i].verify_mask;
  201   2              if (mask == 0U) {
  202   3                  continue;
  203   3              }
  204   2              rc = LT8920_ReadReg(g_lt8920_default_regs[i].reg, &value);
  205   2              if (rc != SUCCESS) {
  206   3                  LT8920_SetVerifyFailure(g_lt8920_default_regs[i].reg, expected, 0xFFFFU);
  207   3                  return rc;
  208   3              }
  209   2              if ((value & mask) != (expected & mask)) {
  210   3                  LT8920_SetVerifyFailure(g_lt8920_default_regs[i].reg, expected, value);
  211   3                  return WIRELESS_ERR_VERIFY;
  212   3              }
  213   2          }
  214   1      
  215   1          return SUCCESS;
  216   1      }
  217          
  218          s8 LT8920_ReadReg(u8 reg, u16 *value)
  219          {
  220   1          u8 msb;
  221   1          u8 lsb;
  222   1      
  223   1          if (value == 0) {
  224   2              return WIRELESS_ERR_PARAM;
  225   2          }
  226   1      
  227   1          WirelessPort_SetCs(0U);
  228   1          (void)WirelessPort_SpiTransfer(LT8920_BuildCommand(reg, 1U));
  229   1          msb = WirelessPort_SpiTransfer(0x00U);
  230   1          lsb = WirelessPort_SpiTransfer(0x00U);
  231   1          WirelessPort_SetCs(1U);
  232   1      
  233   1          *value = (u16)(((u16)msb << 8) | lsb);
  234   1          return SUCCESS;
  235   1      }
  236          
  237          s8 LT8920_Init(u8 channel, u32 sync_word)
  238          {
  239   1          s8 rc;
  240   1      
  241   1          if (channel > 0x7FU) {
  242   2              return WIRELESS_ERR_PARAM;
  243   2          }
  244   1      
  245   1          LT8920_ClearVerifyFailure();
  246   1      
  247   1          rc = LT8920_LoadDefaultProfile();
  248   1          if (rc != SUCCESS) {
  249   2              return rc;
  250   2          }
  251   1      
  252   1          rc = LT8920_VerifyDefaultProfile();
  253   1          if (rc != SUCCESS) {
  254   2              return rc;
C251 COMPILER V5.60.0,  lt8920                                                             16/05/26  05:32:06  PAGE 5   

  255   2          }
  256   1      
  257   1          g_lt8920_channel = channel;
  258   1          g_lt8920_sync_word = sync_word;
  259   1      
  260   1          rc = LT8920_SetSyncWord(sync_word);
  261   1          if (rc != SUCCESS) {
  262   2              return rc;
  263   2          }
  264   1      
  265   1          rc = LT8920_SetChannel(channel);
  266   1          if (rc != SUCCESS) {
  267   2              return rc;
  268   2          }
  269   1      
  270   1          rc = LT8920_WriteReg(8U, 0x6C90U);
  271   1          if (rc != SUCCESS) {
  272   2              return rc;
  273   2          }
  274   1      
  275   1          rc = LT8920_ClearTxFifo();
  276   1          if (rc != SUCCESS) {
  277   2              return rc;
  278   2          }
  279   1          rc = LT8920_ClearRxFifo();
  280   1          if (rc != SUCCESS) {
  281   2              return rc;
  282   2          }
  283   1      
  284   1          rc = LT8920_EnterIdle();
  285   1          if (rc != SUCCESS) {
  286   2              return rc;
  287   2          }
  288   1      
  289   1          g_lt8920_initialized = 1U;
  290   1          return SUCCESS;
  291   1      }
  292          
  293          s8 LT8920_SetChannel(u8 channel)
  294          {
  295   1          g_lt8920_channel = (u8)(channel & 0x7FU);
  296   1          return LT8920_EnterIdle();
  297   1      }
  298          
  299          s8 LT8920_SetSyncWord(u32 sync_word)
  300          {
  301   1          s8 rc;
  302   1      
  303   1          g_lt8920_sync_word = sync_word;
  304   1      
  305   1          rc = LT8920_EnterIdle();
  306   1          if (rc != SUCCESS) {
  307   2              return rc;
  308   2          }
  309   1      
  310   1          rc = LT8920_WriteReg(36U, (u16)(sync_word & 0xFFFFUL));
  311   1          if (rc != SUCCESS) {
  312   2              return rc;
  313   2          }
  314   1          rc = LT8920_WriteReg(37U, 0x0380U);
  315   1          if (rc != SUCCESS) {
  316   2              return rc;
  317   2          }
  318   1          rc = LT8920_WriteReg(38U, 0x5A5AU);
  319   1          if (rc != SUCCESS) {
  320   2              return rc;
C251 COMPILER V5.60.0,  lt8920                                                             16/05/26  05:32:06  PAGE 6   

  321   2          }
  322   1          rc = LT8920_WriteReg(39U, (u16)(sync_word >> 16));
  323   1          if (rc != SUCCESS) {
  324   2              return rc;
  325   2          }
  326   1      
  327   1          return LT8920_ClearRxFifo();
  328   1      }
  329          
  330          s8 LT8920_SetSyncRegs(u16 reg36, u16 reg39)
  331          {
  332   1          s8 rc;
  333   1      
  334   1          rc = LT8920_EnterIdle();
  335   1          if (rc != SUCCESS) {
  336   2              return rc;
  337   2          }
  338   1      
  339   1          rc = LT8920_WriteReg(36U, reg36);
  340   1          if (rc != SUCCESS) {
  341   2              return rc;
  342   2          }
  343   1      
  344   1          /* 旧版 RF_Encrypt_Config() 只重写 reg36/reg39。
  345   1           * reg37/reg38 必须保持配对默认值，才能兼容不可修改的遥控器。
  346   1           */
  347   1          rc = LT8920_WriteReg(39U, reg39);
  348   1          if (rc != SUCCESS) {
  349   2              return rc;
  350   2          }
  351   1      
  352   1          return SUCCESS;
  353   1      }
  354          
  355          s8 LT8920_EnterIdle(void)
  356          {
  357   1          return LT8920_UpdateModeRegister(0x0000U);
  358   1      }
  359          
  360          s8 LT8920_EnterRx(void)
  361          {
  362   1          s8 rc;
  363   1      
  364   1          rc = LT8920_WriteReg(8U, 0x6C90U);
  365   1          if (rc != SUCCESS) {
  366   2              return rc;
  367   2          }
  368   1          return LT8920_UpdateModeRegister(0x0080U);
  369   1      }
  370          
  371          s8 LT8920_EnterTx(void)
  372          {
  373   1          s8 rc;
  374   1      
  375   1          rc = LT8920_WriteReg(8U, 0x6C90U);
  376   1          if (rc != SUCCESS) {
  377   2              return rc;
  378   2          }
  379   1          return LT8920_UpdateModeRegister(0x0100U);
  380   1      }
  381          
  382          s8 LT8920_OpenRx(void)
  383          {
  384   1          s8 rc;
  385   1      
  386   1          rc = LT8920_EnterIdle();
C251 COMPILER V5.60.0,  lt8920                                                             16/05/26  05:32:06  PAGE 7   

  387   1          if (rc != SUCCESS) {
  388   2              return rc;
  389   2          }
  390   1      
  391   1          rc = LT8920_ClearRxFifo();
  392   1          if (rc != SUCCESS) {
  393   2              return rc;
  394   2          }
  395   1      
  396   1          rc = LT8920_WriteReg(8U, 0x6C90U);
  397   1          if (rc != SUCCESS) {
  398   2              return rc;
  399   2          }
  400   1      
  401   1          return LT8920_UpdateModeRegister(0x0080U);
  402   1      }
  403          
  404          s8 LT8920_OpenRxOnChannel(u8 channel)
  405          {
  406   1          if (channel > 0x7FU) {
  407   2              return WIRELESS_ERR_PARAM;
  408   2          }
  409   1      
  410   1          g_lt8920_channel = (u8)(channel & 0x7FU);
  411   1          return LT8920_OpenRx();
  412   1      }
  413          
  414          s8 LT8920_EnterCarrierWave(void)
  415          {
  416   1          s8 rc;
  417   1      
  418   1          rc = LT8920_EnterIdle();
  419   1          if (rc != SUCCESS) {
  420   2              return rc;
  421   2          }
  422   1      
  423   1          rc = LT8920_WriteReg(32U, 0x1807U);
  424   1          if (rc != SUCCESS) {
  425   2              return rc;
  426   2          }
  427   1      
  428   1          rc = LT8920_WriteReg(34U, 0x830BU);
  429   1          if (rc != SUCCESS) {
  430   2              return rc;
  431   2          }
  432   1      
  433   1          rc = LT8920_WriteReg(11U, 0x8008U);
  434   1          if (rc != SUCCESS) {
  435   2              return rc;
  436   2          }
  437   1      
  438   1          return LT8920_UpdateModeRegister(0x0100U);
  439   1      }
  440          
  441          s8 LT8920_ReadStatus(u16 *status)
  442          {
  443   1          return LT8920_ReadReg(48U, status);
  444   1      }
  445          
  446          s8 LT8920_ReadRawRssi(u8 *rssi)
  447          {
  448   1          u16 reg6;
  449   1          s8 rc;
  450   1      
  451   1          if (rssi == 0) {
  452   2              return WIRELESS_ERR_PARAM;
C251 COMPILER V5.60.0,  lt8920                                                             16/05/26  05:32:06  PAGE 8   

  453   2          }
  454   1      
  455   1          rc = LT8920_ReadReg(6U, &reg6);
  456   1          if (rc != SUCCESS) {
  457   2              return rc;
  458   2          }
  459   1      
  460   1          *rssi = (u8)((reg6 >> 10) & 0x003FU);
  461   1          return SUCCESS;
  462   1      }
  463          
  464          s8 LT8920_ClearTxFifo(void)
  465          {
  466   1          return LT8920_WriteReg(52U, 0x8080U);
  467   1      }
  468          
  469          s8 LT8920_ClearRxFifo(void)
  470          {
  471   1          return LT8920_WriteReg(52U, 0x8080U);
  472   1      }
  473          
  474          s8 LT8920_WritePacket(const u8 *buf, u8 len)
  475          {
  476   1          u8 packet_buf[LT8920_MAX_PAYLOAD_LEN + 1U];
  477   1          u8 i;
  478   1          u8 fifo_count;
  479   1          s8 rc;
  480   1      
  481   1          if ((buf == 0) || (len == 0U) || (len > LT8920_MAX_PAYLOAD_LEN)) {
  482   2              return WIRELESS_ERR_PARAM;
  483   2          }
  484   1          if (!g_lt8920_initialized) {
  485   2              return WIRELESS_ERR_STATE;
  486   2          }
  487   1      
  488   1          rc = LT8920_EnterIdle();
  489   1          if (rc != SUCCESS) {
  490   2              return rc;
  491   2          }
  492   1      
  493   1          rc = LT8920_ClearTxFifo();
  494   1          if (rc != SUCCESS) {
  495   2              return rc;
  496   2          }
  497   1      
  498   1          packet_buf[0] = len;
  499   1          for (i = 0U; i < len; i++) {
  500   2              packet_buf[i + 1U] = buf[i];
  501   2          }
  502   1      
  503   1          rc = LT8920_WriteFifoBytes(packet_buf, (u8)(len + 1U));
  504   1          if (rc != SUCCESS) {
  505   2              return rc;
  506   2          }
  507   1      
  508   1          rc = LT8920_ReadTxFifoCount(&fifo_count);
  509   1          if (rc != SUCCESS) {
  510   2              return rc;
  511   2          }
  512   1          g_lt8920_last_tx_fifo_count = fifo_count;
  513   1          if (fifo_count != (u8)(len + 1U)) {
  514   2              return WIRELESS_ERR_VERIFY;
  515   2          }
  516   1      
  517   1          return SUCCESS;
  518   1      }
C251 COMPILER V5.60.0,  lt8920                                                             16/05/26  05:32:06  PAGE 9   

  519          
  520          s8 LT8920_StartTxPacket(const u8 *buf, u8 len)
  521          {
  522   1          s8 rc;
  523   1      
  524   1          rc = LT8920_WritePacket(buf, len);
  525   1          if (rc != SUCCESS) {
  526   2              return rc;
  527   2          }
  528   1      
  529   1          return LT8920_EnterTx();
  530   1      }
  531          
  532          s8 LT8920_ForceTxPacket(const u8 *buf, u8 len)
  533          {
  534   1          u8 packet_buf[LT8920_MAX_PAYLOAD_LEN + 1U];
  535   1          u8 i;
  536   1          u8 fifo_count;
  537   1          s8 rc;
  538   1      
  539   1          if ((buf == 0) || (len == 0U) || (len > LT8920_MAX_PAYLOAD_LEN)) {
  540   2              return WIRELESS_ERR_PARAM;
  541   2          }
  542   1          if (!g_lt8920_initialized) {
  543   2              return WIRELESS_ERR_STATE;
  544   2          }
  545   1      
  546   1          rc = LT8920_EnterIdle();
  547   1          if (rc != SUCCESS) {
  548   2              return rc;
  549   2          }
  550   1      
  551   1          rc = LT8920_ClearTxFifo();
  552   1          if (rc != SUCCESS) {
  553   2              return rc;
  554   2          }
  555   1      
  556   1          packet_buf[0] = len;
  557   1          for (i = 0U; i < len; i++) {
  558   2              packet_buf[i + 1U] = buf[i];
  559   2          }
  560   1          rc = LT8920_WriteFifoBytes(packet_buf, (u8)(len + 1U));
  561   1          if (rc != SUCCESS) {
  562   2              return rc;
  563   2          }
  564   1      
  565   1          rc = LT8920_ReadTxFifoCount(&fifo_count);
  566   1          if (rc != SUCCESS) {
  567   2              return rc;
  568   2          }
  569   1          g_lt8920_last_tx_fifo_count = fifo_count;
  570   1          if (fifo_count != (u8)(len + 1U)) {
  571   2              return WIRELESS_ERR_VERIFY;
  572   2          }
  573   1      
  574   1          rc = LT8920_EnterTx();
  575   1          if (rc != SUCCESS) {
  576   2              return rc;
  577   2          }
  578   1          WirelessPort_DelayUs(20U);
  579   1      
  580   1          return SUCCESS;
  581   1      }
  582          
  583          s8 LT8920_ReadPacket(u8 *buf, u8 buf_len, u8 *out_len)
  584          {
C251 COMPILER V5.60.0,  lt8920                                                             16/05/26  05:32:06  PAGE 10  

  585   1          u16 status;
  586   1          u8 packet_len;
  587   1          u8 read_len;
  588   1          u8 value;
  589   1          u8 i;
  590   1          s8 rc;
  591   1      
  592   1          if ((buf == 0) || (out_len == 0) || (buf_len == 0U)) {
  593   2              return WIRELESS_ERR_PARAM;
  594   2          }
  595   1          if (!g_lt8920_initialized) {
  596   2              return WIRELESS_ERR_STATE;
  597   2          }
  598   1      
  599   1          rc = LT8920_ReadStatus(&status);
  600   1          if (rc != SUCCESS) {
  601   2              return rc;
  602   2          }
  603   1          if ((status & LT8920_STATUS_PKT_FLAG) == 0U) {
  604   2              return WIRELESS_ERR_EMPTY;
  605   2          }
  606   1          if ((status & LT8920_STATUS_CRC_ERROR) != 0U) {
  607   2              (void)LT8920_ResetRxPath();
  608   2              return WIRELESS_ERR_VERIFY;
  609   2          }
  610   1      
  611   1          WirelessPort_SetCs(0U);
  612   1          (void)WirelessPort_SpiTransfer(LT8920_BuildCommand(50U, 1U));
  613   1          packet_len = WirelessPort_SpiTransfer(0x00U);
  614   1          read_len = packet_len;
  615   1          if (read_len > 64U) {
  616   2              read_len = 64U;
  617   2          }
  618   1      
  619   1          if (packet_len == 0U) {
  620   2              WirelessPort_SetCs(1U);
  621   2              (void)LT8920_ResetRxPath();
  622   2              return WIRELESS_ERR_IO;
  623   2          }
  624   1      
  625   1          rc = SUCCESS;
  626   1          for (i = 0U; i < read_len; i++) {
  627   2              value = WirelessPort_SpiTransfer(0x00U);
  628   2              if ((packet_len <= LT8920_MAX_PAYLOAD_LEN) && (packet_len <= buf_len)) {
  629   3                  buf[i] = value;
  630   3              } else {
  631   3                  rc = WIRELESS_ERR_OVERFLOW;
  632   3              }
  633   2          }
  634   1          WirelessPort_SetCs(1U);
  635   1      
  636   1          if (rc != SUCCESS) {
  637   2              (void)LT8920_ResetRxPath();
  638   2              return rc;
  639   2          }
  640   1      
  641   1          *out_len = packet_len;
  642   1          return SUCCESS;
  643   1      }
  644          
  645          void LT8920_GetVerifyFailure(u8 *reg, u16 *expected, u16 *actual)
  646          {
  647   1          if (reg != 0) {
  648   2              *reg = g_lt8920_verify_fail_reg;
  649   2          }
  650   1          if (expected != 0) {
C251 COMPILER V5.60.0,  lt8920                                                             16/05/26  05:32:06  PAGE 11  

  651   2              *expected = g_lt8920_verify_fail_expected;
  652   2          }
  653   1          if (actual != 0) {
  654   2              *actual = g_lt8920_verify_fail_actual;
  655   2          }
  656   1      }
  657          
  658          u8 LT8920_GetLastTxFifoCount(void)
  659          {
  660   1          return g_lt8920_last_tx_fifo_count;
  661   1      }


Module Information          Static   Overlayable
------------------------------------------------
  code size            =      1726     ------
  ecode size           =    ------     ------
  data size            =    ------     ------
  idata size           =    ------     ------
  pdata size           =    ------     ------
  xdata size           =    ------     ------
  xdata-const size     =    ------     ------
  edata size           =        12        161
  bit size             =    ------     ------
  ebit size            =    ------     ------
  bitaddressable size  =    ------     ------
  ebitaddressable size =    ------     ------
  far data size        =    ------     ------
  huge data size       =    ------     ------
  const size           =    ------     ------
  hconst size          =       210     ------
End of Module Information.


C251 COMPILATION COMPLETE.  0 WARNING(S),  0 ERROR(S)
