C251 COMPILER V5.60.0,  MainLoop                                                           16/05/26  06:03:47  PAGE 1   


C251 COMPILER V5.60.0, COMPILATION OF MODULE MainLoop
OBJECT MODULE PLACED IN .\list\MainLoop.obj
COMPILER INVOKED BY: C:\Keil_v5\C251\BIN\C251.EXE ..\User\MainLoop.c XSMALL INTR2 BROWSE INCDIR(..\Driver\inc;..\User;..
                    -\App\inc;..\Code_boweny\Function\Log;..\Code_boweny\Function\Filter;..\Code_boweny\Function\AHRS;..\Code_boweny\Function
                    -\PID;..\Code_boweny\Device\QMC6309;..\Code_boweny\Device\QMI8658;..\Code_boweny\Device\GPS;..\Code_boweny\Device\WIRELES
                    -S;..\Code_boweny\Device\MOTOR) DEBUG PRINT(.\list\MainLoop.lst) TABS(2) OBJECT(.\list\MainLoop.obj) 

stmt  level    source

    1          #include "config.h"
    2          #include "system_init.h"
    3          #include "Task.h"
    4          #include "MainLoop.h"
    5          #include "..\Code_boweny\Device\QMC6309\QMC6309.h"
    6          #include "..\Code_boweny\Device\QMI8658\QMI8658.h"
    7          #include "..\Code_boweny\Device\GPS\GPS.h"
    8          #include "..\Code_boweny\Device\Motor\Motor.h"
    9          #include "..\Code_boweny\Device\WIRELESS\wireless.h"
   10          #include "..\Code_boweny\Device\WIRELESS\ship_protocol.h"
   11          #include "..\Code_boweny\Function\AHRS\AHRS.h"
   12          #include "..\Code_boweny\Function\AHRS\HeadingEstimator.h"
   13          #include "..\Code_boweny\Function\Log\Log.h"
   14          
   15          #if ENABLE_WIRELESS_MODULE && ENABLE_LT8920_CHIP
   16          static void Wireless_MinimalTestUnit(void)
   17          {
   18   1          s8 rc;
   19   1      
   20   1          LOGI("SYS", "wireless runtime enabled");
   21   1          rc = Wireless_RunMinimalTest();
   22   1          if (rc != SUCCESS) {
   23   2              LOGE("WL", "minimal test fail rc=%d", rc);
   24   2          }
   25   1      }
   26          #endif
   27          
   28          #if ENABLE_MAG_MODULE && ENABLE_MAG_STANDALONE_POLL
   29          #define MAG_TEST_PERIOD_MS  SHIP_MAG_LOG_PERIOD_MS
   30          
   31          static u32 MAG_Abs16ToU32(int16 value)
   32          {
   33   1          int32 v;
   34   1      
   35   1          v = (int32)value;
   36   1          if (v < 0) {
   37   2              return (u32)(-v);
   38   2          }
   39   1      
   40   1          return (u32)v;
   41   1      }
   42          
   43          static void MAG_StandalonePoll(void)
   44          {
   45   1          static u8 timing_started = 0;
   46   1          static u32 last_mag_ms = 0;
   47   1          static u8 error_latched = 0;
   48   1          u32 now_ms;
   49   1          u32 norm1;
   50   1          int16 mx, my, mz;
   51   1      
   52   1          now_ms = Task_GetTickMs();
   53   1          if (!timing_started) {
   54   2              timing_started = 1;
   55   2              last_mag_ms = now_ms;
   56   2          } else if ((now_ms - last_mag_ms) < MAG_TEST_PERIOD_MS) {
C251 COMPILER V5.60.0,  MainLoop                                                           16/05/26  06:03:47  PAGE 2   

   57   2              return;
   58   2          } else {
   59   2              last_mag_ms = now_ms;
   60   2          }
   61   1      
   62   1          if (QMC6309_ReadXYZ(&mx, &my, &mz) != 0) {
   63   2              if (!error_latched) {
   64   3                  LOGW("MAG", "test read fail id=0x%02X", QMC6309_ReadID());
   65   3                  error_latched = 1;
   66   3              }
   67   2              return;
   68   2          }
   69   1      
   70   1          error_latched = 0;
   71   1          norm1 = MAG_Abs16ToU32(mx) + MAG_Abs16ToU32(my) + MAG_Abs16ToU32(mz);
   72   1          LOGI("MAG", "test raw=%d %d %d norm1=%lu", mx, my, mz, norm1);
   73   1      }
   74          #endif
   75          
   76          #if ENABLE_IMU_MODULE
   77          #define IMU_BASIC_LOG_PERIOD_MS        SHIP_IMU_LOG_PERIOD_MS
   78          #ifndef AHRS_LOG_DECIMATION
   79          #define AHRS_LOG_DECIMATION            32U
   80          #endif
   81          
   82          #if ENABLE_IMU_AHRS_POLL
   83          static HeadingEstimator_t xdata g_heading;
   84          static int16 g_heading_rel_cd_snapshot = 0;
   85          static int16 g_gyro_z_dps100_snapshot = 0;
   86          static u8 g_heading_ready_snapshot = 0U;
   87          static char xdata g_roll_buf[10];
   88          static char xdata g_pitch_buf[10];
   89          static char xdata g_yaw_buf[10];
   90          static char xdata g_heading_buf[10];
   91          static char xdata g_yaw_rel_buf[10];
   92          static char xdata g_yaw_gyro_buf[10];
   93          static char xdata g_yaw_mag_buf[10];
   94          static char xdata g_gx_buf[12];
   95          static char xdata g_gy_buf[12];
   96          static char xdata g_gz_buf[12];
   97          static char xdata g_bias_buf[12];
   98          static char xdata g_err_buf[10];
   99          static char xdata g_hp_buf[10];
  100          static char xdata g_hd_buf[10];
  101          static char xdata g_hm_buf[10];
  102          static char xdata g_ahrs_log_buf[192];
  103          #endif
  104          
  105          static u8 IMU_ServicePoll(void)
  106          {
  107   1          static u8 service_error_latched = 0;
  108   1          s8 service_rc;
  109   1      
  110   1          service_rc = QMI8658_Service();
  111   1          if (service_rc != 0) {
  112   2              g_qmi8658_ready = 0;
  113   2              if (!service_error_latched) {
  114   3                  LOGE("IMU", "service fail state=%u err=%s",
  116   3                       (u16)QMI8658_GetState(),
  116   3                       QMI8658_GetLastI2cErrorName());
  117   3                  service_error_latched = 1;
  118   3              }
  119   2              return 0U;
  120   2          }
  121   1      
  122   1          service_error_latched = 0;
C251 COMPILER V5.60.0,  MainLoop                                                           16/05/26  06:03:47  PAGE 3   

  123   1          g_qmi8658_ready = QMI8658_IsReady();
  124   1          return g_qmi8658_ready;
  125   1      }
  126          
  127          #if ENABLE_IMU_BASIC_POLL
               static void IMU_BasicPoll(void)
               {
                   static u8 timing_started = 0;
                   static u32 last_log_ms = 0;
                   static u8 read_error_latched = 0;
                   u32 now_ms;
                   int16 ax, ay, az;
                   int16 gx, gy, gz;
                   int16 temp;
               
                   now_ms = Task_GetTickMs();
                   if (!timing_started) {
                       timing_started = 1;
                       last_log_ms = now_ms;
                       return;
                   }
                   if ((now_ms - last_log_ms) < IMU_BASIC_LOG_PERIOD_MS) {
                       return;
                   }
                   last_log_ms = now_ms;
               
                   if (QMI8658_ReadAll(&ax, &ay, &az, &gx, &gy, &gz) != 0) {
                       if (!read_error_latched) {
                           LOGW("IMU", "basic read fail state=%u err=%s",
                                (u16)QMI8658_GetState(),
                                QMI8658_GetLastI2cErrorName());
                           read_error_latched = 1;
                       }
                       return;
                   }
               
                   read_error_latched = 0;
                   if (QMI8658_ReadTemp(&temp) != 0) {
                       temp = 0;
                   }
               
                   LOGI("IMU",
                        "basic raw addr=0x%02X temp=%d acc=%d %d %d gyro=%d %d %d",
                        QMI8658_I2C_Addr, temp, ax, ay, az, gx, gy, gz);
               }
               #endif
  169          
  170          #if ENABLE_IMU_AHRS_POLL
  171          static int16 AHRS_WrapCdLocal(int32 angle_cd)
  172          {
  173   1          while (angle_cd >= 18000L) {
  174   2              angle_cd -= 36000L;
  175   2          }
  176   1          while (angle_cd < -18000L) {
  177   2              angle_cd += 36000L;
  178   2          }
  179   1          return (int16)angle_cd;
  180   1      }
  181          
  182          static u8 AHRS_SignChar(int32 value)
  183          {
  184   1          return (value < 0) ? '-' : '+';
  185   1      }
  186          
  187          static u16 AHRS_AbsWholeCd(int32 value)
  188          {
C251 COMPILER V5.60.0,  MainLoop                                                           16/05/26  06:03:47  PAGE 4   

  189   1          int32 v;
  190   1      
  191   1          v = (int32)value;
  192   1          if (v < 0) {
  193   2              v = -v;
  194   2          }
  195   1          return (u16)(v / 100L);
  196   1      }
  197          
  198          static u16 AHRS_AbsFracCd(int32 value)
  199          {
  200   1          int32 v;
  201   1      
  202   1          v = (int32)value;
  203   1          if (v < 0) {
  204   2              v = -v;
  205   2          }
  206   1          return (u16)(v % 100L);
  207   1      }
  208          
  209          static u32 AHRS_Abs32Local(int32 value)
  210          {
  211   1          if (value < 0) {
  212   2              return (u32)(-value);
  213   2          }
  214   1          return (u32)value;
  215   1      }
  216          
  217          static int32 AHRS_FloatToCdLocal(float value)
  218          {
  219   1          float scaled;
  220   1      
  221   1          scaled = value * 100.0f;
  222   1          if (scaled >= 0.0f) {
  223   2              return (int32)(scaled + 0.5f);
  224   2          }
  225   1          return (int32)(scaled - 0.5f);
  226   1      }
  227          
  228          static char *AHRS_MagStatusSuffix(u8 flags)
  229          {
  230   1      #if AHRS_MAG_ENABLE
  231   1          if ((flags & AHRS_FLAG_MAG_VALID) == 0U) {
  232   2              return " mv=0";
  233   2          }
  234   1      
  235   1          return "";
  236   1      #else
                   (void)flags;
                   return " me=0";
               #endif
  240   1      }
  241          
  242          static void AHRS_FormatSignedCd(int32 value, char *buf)
  243          {
  244   1          (void)sprintf(buf, "%c%u.%02u",
  245   1                        AHRS_SignChar(value),
  246   1                        AHRS_AbsWholeCd(value),
  247   1                        AHRS_AbsFracCd(value));
  248   1      }
  249          
  250          static u8 AHRS_IsHeadingStatic(const AHRS_State_t *att)
  251          {
  252   1          if (att == 0) {
  253   2              return 0U;
  254   2          }
C251 COMPILER V5.60.0,  MainLoop                                                           16/05/26  06:03:47  PAGE 5   

  255   1      
  256   1          if ((att->flags & AHRS_FLAG_GYRO_BIAS_READY) == 0U) {
  257   2              return 0U;
  258   2          }
  259   1          if ((att->flags & AHRS_FLAG_ACC_VALID) == 0U) {
  260   2              return 0U;
  261   2          }
  262   1          if (AHRS_Abs32Local((int32)att->gyro_x_dps100) > AHRS_GYRO_STILL_DPS100) {
  263   2              return 0U;
  264   2          }
  265   1          if (AHRS_Abs32Local((int32)att->gyro_y_dps100) > AHRS_GYRO_STILL_DPS100) {
  266   2              return 0U;
  267   2          }
  268   1          if (AHRS_Abs32Local((int32)att->gyro_z_dps100) > AHRS_GYRO_STILL_DPS100) {
  269   2              return 0U;
  270   2          }
  271   1      
  272   1          return 1U;
  273   1      }
  274          
  275          static u8 AHRS_HasSelfStabilize(const AHRS_State_t *att)
  276          {
  277   1          if (att == 0) {
  278   2              return 0U;
  279   2          }
  280   1      
  281   1          if ((att->flags & AHRS_FLAG_GYRO_BIAS_READY) == 0U) {
  282   2              return 0U;
  283   2          }
  284   1          if ((att->flags & AHRS_FLAG_MAG_VALID) == 0U) {
  285   2              return 0U;
  286   2          }
  287   1      
  288   1          return AHRS_IsHeadingStatic(att);
  289   1      }
  290          
  291          static void IMU_AhrsPoll(void)
  292          {
  293   1          static u8 timing_started = 0;
  294   1          static u32 last_imu_ms = 0;
  295   1          static u32 last_mag_ms = 0;
  296   1          static u16 sample_div = 0;
  297   1          static u8 read_error_latched = 0;
  298   1          static u8 yaw_zero_valid = 0;
  299   1          static u8 heading_seeded = 0;
  300   1          static int32 yaw_gyro_zero_cd = 0;
  301   1          static int32 yaw_mag_zero_cd = 0;
  302   1          static int16 last_mag_x = 0;
  303   1          static int16 last_mag_y = 0;
  304   1          static int16 last_mag_z = 0;
  305   1          static u8 last_mag_valid = 0U;
  306   1          u32 now_ms;
  307   1          u32 elapsed_ms;
  308   1          u16 dt_ms;
  309   1          int16 ax, ay, az;
  310   1          int16 gx, gy, gz;
  311   1          int16 mx, my, mz;
  312   1          int16 yaw_rel_cd;
  313   1          int16 yaw_gyro_rel_cd;
  314   1          int16 yaw_mag_rel_cd;
  315   1          int16 heading_abs_cd;
  316   1          int16 heading_gyro_cd;
  317   1          int16 heading_mag_cd;
  318   1          int32 heading_gyro_abs_cd;
  319   1          int32 heading_mag_abs_cd;
  320   1          int32 heading_bias_cd;
C251 COMPILER V5.60.0,  MainLoop                                                           16/05/26  06:03:47  PAGE 6   

  321   1          int32 heading_err_cd;
  322   1          int32 heading_pred_cd;
  323   1          int32 heading_fused_cd;
  324   1          int32 heading_mag_dbg_cd;
  325   1          u8 raw_mag_valid;
  326   1          u8 heading_static_flag;
  327   1          u8 self_stabilize_flag;
  328   1          float heading_seed_deg;
  329   1          float heading_dt_s;
  330   1          char *mag_suffix;
  331   1          const AHRS_State_t *att;
  332   1          u8 ahrs_log_len;
  333   1      
  334   1          if (!g_qmi8658_ready) {
  335   2              return;
  336   2          }
  337   1      
  338   1          now_ms = Task_GetTickMs();
  339   1          if (!timing_started) {
  340   2              last_imu_ms = now_ms;
  341   2              last_mag_ms = now_ms;
  342   2              timing_started = 1;
  343   2              return;
  344   2          }
  345   1      
  346   1          elapsed_ms = now_ms - last_imu_ms;
  347   1          if (elapsed_ms < AHRS_IMU_PERIOD_MS) {
  348   2              return;
  349   2          }
  350   1          last_imu_ms = now_ms;
  351   1          dt_ms = (elapsed_ms > AHRS_DT_MAX_MS) ? AHRS_DT_MAX_MS : (u16)elapsed_ms;
  352   1      
  353   1          if (QMI8658_ReadAll(&ax, &ay, &az, &gx, &gy, &gz) != 0) {
  354   2              if (!read_error_latched) {
  355   3                  LOGW("AHRS", "imu read fail state=%u err=%s",
  357   3                       (u16)QMI8658_GetState(),
  357   3                       QMI8658_GetLastI2cErrorName());
  358   3                  read_error_latched = 1;
  359   3              }
  360   2              return;
  361   2          }
  362   1      
  363   1          read_error_latched = 0;
  364   1      
  365   1          if (AHRS_UpdateRaw6Axis(ax, ay, az, gx, gy, gz, dt_ms) != 0) {
  366   2              return;
  367   2          }
  368   1      
  369   1          if ((now_ms - last_mag_ms) >= AHRS_MAG_PERIOD_MS) {
  370   2              last_mag_ms = now_ms;
  371   2              if (QMC6309_ReadXYZFiltered(&mx, &my, &mz) == 0) {
  372   3                  (void)AHRS_UpdateRawMag(mx, my, mz);
  373   3                  last_mag_x = mx;
  374   3                  last_mag_y = my;
  375   3                  last_mag_z = mz;
  376   3                  last_mag_valid = 1U;
  377   3              }
  378   2          }
  379   1      
  380   1          att = AHRS_GetState();
  381   1          if ((att->flags & AHRS_FLAG_READY) == 0U) {
  382   2              yaw_zero_valid = 0;
  383   2              yaw_gyro_zero_cd = 0L;
  384   2              yaw_mag_zero_cd = 0L;
  385   2              heading_seeded = 0U;
  386   2              g_heading_rel_cd_snapshot = 0;
C251 COMPILER V5.60.0,  MainLoop                                                           16/05/26  06:03:47  PAGE 7   

  387   2              g_heading_ready_snapshot = 0U;
  388   2              Heading_Init(&g_heading);
  389   2          } else {
  390   2              raw_mag_valid = ((att->flags & AHRS_FLAG_MAG_VALID) != 0U) ? 1U : 0U;
  391   2              heading_static_flag = AHRS_IsHeadingStatic(att);
  392   2              self_stabilize_flag = AHRS_HasSelfStabilize(att);
  393   2              heading_dt_s = (float)dt_ms * 0.001f;
  394   2      
  395   2              if (!heading_seeded) {
  396   3                  if (raw_mag_valid) {
  397   4                      heading_seed_deg = (float)att->yaw_mag_deg100 * 0.01f;
  398   4                  } else {
  399   4                      heading_seed_deg = (float)att->yaw_deg100 * 0.01f;
  400   4                  }
  401   3                  Heading_SetHeadingDeg(&g_heading, heading_seed_deg);
  402   3                  Heading_ResetZero(&g_heading);
  403   3                  heading_seeded = 1U;
  404   3                  yaw_zero_valid = 1U;
  405   3                  yaw_gyro_zero_cd = Heading_GetGyroDeg100(&g_heading);
  406   3                  yaw_mag_zero_cd = Heading_GetMagDeg100(&g_heading);
  407   3                  g_heading_rel_cd_snapshot = 0;
  408   3                  g_heading_ready_snapshot = 1U;
  409   3              }
  410   2      
  411   2              Heading_Update(&g_heading,
  412   2                             (float)att->gyro_z_dps100 * 0.01f,
  413   2                             (float)att->yaw_mag_deg100 * 0.01f,
  414   2                             raw_mag_valid,
  415   2                             heading_static_flag,
  416   2                             heading_dt_s);
  417   2              g_gyro_z_dps100_snapshot = att->gyro_z_dps100;
  418   2          }
  419   1      
  420   1          if (yaw_zero_valid != 0U) {
  421   2              g_heading_rel_cd_snapshot = AHRS_WrapCdLocal(Heading_GetRelativeDeg100(&g_heading));
  422   2              g_heading_ready_snapshot = 1U;
  423   2          } else {
  424   2              g_heading_rel_cd_snapshot = 0;
  425   2              g_heading_ready_snapshot = 0U;
  426   2          }
  427   1      
  428   1          sample_div++;
  429   1          if (sample_div < AHRS_LOG_DECIMATION) {
  430   2              return;
  431   2          }
  432   1          sample_div = 0;
  433   1      
  434   1          mag_suffix = AHRS_MagStatusSuffix(att->flags);
  435   1          AHRS_FormatSignedCd(att->roll_deg100, g_roll_buf);
  436   1          AHRS_FormatSignedCd(att->pitch_deg100, g_pitch_buf);
  437   1          AHRS_FormatSignedCd(att->yaw_deg100, g_yaw_buf);
  438   1      
  439   1          if ((att->flags & AHRS_FLAG_GYRO_BIAS_READY) == 0U) {
  440   2              AHRS_FormatSignedCd(att->gyro_x_dps100, g_gx_buf);
  441   2              AHRS_FormatSignedCd(att->gyro_y_dps100, g_gy_buf);
  442   2              AHRS_FormatSignedCd(att->gyro_z_dps100, g_gz_buf);
  443   2              ahrs_log_len = (u8)sprintf(g_ahrs_log_buf,
  444   2                                         "r=%s p=%s y=%s",
  445   2                                         g_roll_buf,
  446   2                                         g_pitch_buf,
  447   2                                         g_yaw_buf);
  448   2              ahrs_log_len += (u8)sprintf(g_ahrs_log_buf + ahrs_log_len,
  449   2                                          " g=%s %s %s f=%02X%s",
  450   2                                          g_gx_buf,
  451   2                                          g_gy_buf,
  452   2                                          g_gz_buf,
C251 COMPILER V5.60.0,  MainLoop                                                           16/05/26  06:03:47  PAGE 8   

  453   2                                          att->flags,
  454   2                                          mag_suffix);
  455   2              LOGI("AHRS", "%s", g_ahrs_log_buf);
  456   2              return;
  457   2          }
  458   1      
  459   1          heading_abs_cd = AHRS_WrapCdLocal(Heading_GetDeg100(&g_heading));
  460   1          heading_gyro_abs_cd = Heading_GetGyroDeg100(&g_heading);
  461   1          heading_mag_abs_cd = Heading_GetMagDeg100(&g_heading);
  462   1          heading_gyro_cd = AHRS_WrapCdLocal(heading_gyro_abs_cd);
  463   1          heading_mag_cd = AHRS_WrapCdLocal(heading_mag_abs_cd);
  464   1          heading_bias_cd = Heading_GetBiasDps100(&g_heading);
  465   1          heading_err_cd = AHRS_FloatToCdLocal(g_heading.heading_err_deg);
  466   1          heading_pred_cd = AHRS_WrapCdLocal(AHRS_FloatToCdLocal(g_heading.heading_pred_deg));
  467   1          heading_fused_cd = heading_abs_cd;
  468   1          heading_mag_dbg_cd = heading_mag_cd;
  469   1      
  470   1          if (!yaw_zero_valid) {
  471   2              AHRS_FormatSignedCd(att->gyro_x_dps100, g_gx_buf);
  472   2              AHRS_FormatSignedCd(att->gyro_y_dps100, g_gy_buf);
  473   2              AHRS_FormatSignedCd(att->gyro_z_dps100, g_gz_buf);
  474   2              ahrs_log_len = (u8)sprintf(g_ahrs_log_buf,
  475   2                                         "r=%s p=%s y=%s ys=%u",
  476   2                                         g_roll_buf,
  477   2                                         g_pitch_buf,
  478   2                                         g_yaw_buf,
  479   2                                         1U);
  480   2              ahrs_log_len += (u8)sprintf(g_ahrs_log_buf + ahrs_log_len,
  481   2                                          " g=%s %s %s f=%02X%s",
  482   2                                          g_gx_buf,
  483   2                                          g_gy_buf,
  484   2                                          g_gz_buf,
  485   2                                          att->flags,
  486   2                                          mag_suffix);
  487   2              LOGI("AHRS", "%s", g_ahrs_log_buf);
  488   2      
  489   2              AHRS_FormatSignedCd(heading_abs_cd, g_heading_buf);
  490   2              AHRS_FormatSignedCd(heading_gyro_cd, g_yaw_gyro_buf);
  491   2              AHRS_FormatSignedCd(heading_mag_cd, g_yaw_mag_buf);
  492   2              AHRS_FormatSignedCd(heading_bias_cd, g_bias_buf);
  493   2              AHRS_FormatSignedCd(heading_err_cd, g_err_buf);
  494   2              AHRS_FormatSignedCd(heading_pred_cd, g_hp_buf);
  495   2              AHRS_FormatSignedCd(heading_fused_cd, g_hd_buf);
  496   2              AHRS_FormatSignedCd(heading_mag_dbg_cd, g_hm_buf);
  497   2              ahrs_log_len = (u8)sprintf(g_ahrs_log_buf,
  498   2                                         "y=%s yg=%s ym=%s ys=%u",
  499   2                                         g_heading_buf,
  500   2                                         g_yaw_gyro_buf,
  501   2                                         g_yaw_mag_buf,
  502   2                                         1U);
  503   2              ahrs_log_len += (u8)sprintf(g_ahrs_log_buf + ahrs_log_len,
  504   2                                          " gz=%s bz=%s mv=%u mu=%u sf=%u err=%s hp=%s hd=%s hm=%s f=%02X",
  505   2                                          g_gz_buf,
  506   2                                          g_bias_buf,
  507   2                                          (u16)g_heading.raw_mag_valid,
  508   2                                          (u16)g_heading.mag_used,
  509   2                                          (u16)g_heading.static_flag,
  510   2                                          g_err_buf,
  511   2                                          g_hp_buf,
  512   2                                          g_hd_buf,
  513   2                                          g_hm_buf,
  514   2                                          att->flags);
  515   2              LOGI("HDG", "%s", g_ahrs_log_buf);
  516   2              LOGI("MAG", "raw=%d %d %d norm=%lu yaw=%s self=%u",
  524   2                   last_mag_valid ? last_mag_x : 0,
  524   2                   last_mag_valid ? last_mag_y : 0,
C251 COMPILER V5.60.0,  MainLoop                                                           16/05/26  06:03:47  PAGE 9   

  524   2                   last_mag_valid ? last_mag_z : 0,
  524   2                   (u32)(AHRS_Abs32Local((int32)(last_mag_valid ? last_mag_x : 0)) +
  524   2                         AHRS_Abs32Local((int32)(last_mag_valid ? last_mag_y : 0)) +
  524   2                         AHRS_Abs32Local((int32)(last_mag_valid ? last_mag_z : 0))),
  524   2                   g_yaw_mag_buf,
  524   2                   (u16)self_stabilize_flag);
  525   2              return;
  526   2          }
  527   1      
  528   1          yaw_rel_cd = AHRS_WrapCdLocal(Heading_GetRelativeDeg100(&g_heading));
  529   1          yaw_gyro_rel_cd = AHRS_WrapCdLocal(heading_gyro_abs_cd - yaw_gyro_zero_cd);
  530   1          yaw_mag_rel_cd = AHRS_WrapCdLocal(heading_mag_abs_cd - yaw_mag_zero_cd);
  531   1          AHRS_FormatSignedCd(yaw_rel_cd, g_yaw_rel_buf);
  532   1          ahrs_log_len = (u8)sprintf(g_ahrs_log_buf,
  533   1                                     "r=%s p=%s y=%s yr=%s f=%02X%s",
  534   1                                     g_roll_buf,
  535   1                                     g_pitch_buf,
  536   1                                     g_yaw_buf,
  537   1                                     g_yaw_rel_buf,
  538   1                                     att->flags,
  539   1                                     mag_suffix);
  540   1          LOGI("AHRS", "%s", g_ahrs_log_buf);
  541   1      
  542   1          AHRS_FormatSignedCd(yaw_gyro_rel_cd, g_yaw_gyro_buf);
  543   1          AHRS_FormatSignedCd(yaw_mag_rel_cd, g_yaw_mag_buf);
  544   1          AHRS_FormatSignedCd(att->gyro_z_dps100, g_gz_buf);
  545   1          AHRS_FormatSignedCd(heading_bias_cd, g_bias_buf);
  546   1          AHRS_FormatSignedCd(heading_err_cd, g_err_buf);
  547   1          AHRS_FormatSignedCd(heading_pred_cd, g_hp_buf);
  548   1          AHRS_FormatSignedCd(heading_fused_cd, g_hd_buf);
  549   1          AHRS_FormatSignedCd(heading_mag_dbg_cd, g_hm_buf);
  550   1          ahrs_log_len = (u8)sprintf(g_ahrs_log_buf,
  551   1                                     "yr=%s yg=%s ym=%s",
  552   1                                     g_yaw_rel_buf,
  553   1                                     g_yaw_gyro_buf,
  554   1                                     g_yaw_mag_buf);
  555   1          ahrs_log_len += (u8)sprintf(g_ahrs_log_buf + ahrs_log_len,
  556   1                                      " gz=%s bz=%s mv=%u mu=%u sf=%u err=%s hp=%s hd=%s hm=%s f=%02X",
  557   1                                      g_gz_buf,
  558   1                                      g_bias_buf,
  559   1                                      (u16)g_heading.raw_mag_valid,
  560   1                                      (u16)g_heading.mag_used,
  561   1                                      (u16)g_heading.static_flag,
  562   1                                      g_err_buf,
  563   1                                      g_hp_buf,
  564   1                                      g_hd_buf,
  565   1                                      g_hm_buf,
  566   1                                      att->flags);
  567   1          LOGI("HDG", "%s", g_ahrs_log_buf);
  568   1          LOGI("MAG", "raw=%d %d %d norm=%lu yaw=%s self=%u",
  576   1               last_mag_valid ? last_mag_x : 0,
  576   1               last_mag_valid ? last_mag_y : 0,
  576   1               last_mag_valid ? last_mag_z : 0,
  576   1               (u32)(AHRS_Abs32Local((int32)(last_mag_valid ? last_mag_x : 0)) +
  576   1                     AHRS_Abs32Local((int32)(last_mag_valid ? last_mag_y : 0)) +
  576   1                     AHRS_Abs32Local((int32)(last_mag_valid ? last_mag_z : 0))),
  576   1               g_yaw_mag_buf,
  576   1               (u16)self_stabilize_flag);
  577   1      }
  578          #endif
  579          #endif
  580          
  581          void MainLoop_Bootstrap(void)
  582          {
  583   1      #if ENABLE_IMU_MODULE && ENABLE_IMU_AHRS_POLL
  584   1          Heading_Init(&g_heading);
C251 COMPILER V5.60.0,  MainLoop                                                           16/05/26  06:03:47  PAGE 10  

  585   1          g_heading_rel_cd_snapshot = 0;
  586   1          g_heading_ready_snapshot = 0U;
  587   1      #endif
  588   1      
  589   1      #if ENABLE_WIRELESS_MODULE && ENABLE_LT8920_CHIP
  590   1          Wireless_MinimalTestUnit();
  591   1      #endif
  592   1      }
  593          
  594          u8 MainLoop_IsHeadingReady(void)
  595          {
  596   1      #if ENABLE_IMU_MODULE && ENABLE_IMU_AHRS_POLL
  597   1          return g_heading_ready_snapshot;
  598   1      #else
                   return 0U;
               #endif
  601   1      }
  602          
  603          u16 MainLoop_GetHeadingDeg100(void)
  604          {
  605   1      #if ENABLE_IMU_MODULE && ENABLE_IMU_AHRS_POLL
  606   1          int32 heading_cd;
  607   1      
  608   1          heading_cd = Heading_GetDeg100(&g_heading);
  609   1          while (heading_cd >= 36000L) {
  610   2              heading_cd -= 36000L;
  611   2          }
  612   1          while (heading_cd < 0L) {
  613   2              heading_cd += 36000L;
  614   2          }
  615   1          return (u16)heading_cd;
  616   1      #else
                   return 0U;
               #endif
  619   1      }
  620          
  621          int16 MainLoop_GetHeadingRelativeDeg100(void)
  622          {
  623   1      #if ENABLE_IMU_MODULE && ENABLE_IMU_AHRS_POLL
  624   1          return g_heading_rel_cd_snapshot;
  625   1      #else
                   return 0;
               #endif
  628   1      }
  629          
  630          int16 MainLoop_GetGyroZDps100(void)
  631          {
  632   1      #if ENABLE_IMU_MODULE && ENABLE_IMU_AHRS_POLL
  633   1          return g_gyro_z_dps100_snapshot;
  634   1      #else
                   return 0;
               #endif
  637   1      }
  638          
  639          void MainLoop_RunOnce(void)
  640          {
  641   1      #if ENABLE_GPS_MODULE
  642   1          GPS_Poll();
  643   1      #endif
  644   1      
  645   1      #if ENABLE_WIRELESS_MODULE && ENABLE_LT8920_CHIP
  646   1          Wireless_Poll();
  647   1      #if ENABLE_SHIP_PROTOCOL_SCHED && SHIP_PROTOCOL_POLL_ENABLE
  648   1          ShipProtocol_RunScheduler();
  649   1      #endif
  650   1      #if SHIP_PROTOCOL_COMPAT_ENABLE
C251 COMPILER V5.60.0,  MainLoop                                                           16/05/26  06:03:47  PAGE 11  

                   ShipProtocol_Poll();
               #endif
  653   1          Wireless_SearchSignalPoll();
  654   1      #endif
  655   1      
  656   1      #if ENABLE_MAG_MODULE && ENABLE_MAG_STANDALONE_POLL
  657   1          MAG_StandalonePoll();
  658   1      #endif
  659   1      
  660   1      #if ENABLE_IMU_MODULE
  661   1          if (IMU_ServicePoll() != 0U) {
  662   2      #if ENABLE_IMU_AHRS_POLL
  663   2              IMU_AhrsPoll();
  664   2      #elif ENABLE_IMU_BASIC_POLL
                       IMU_BasicPoll();
               #endif
  667   2          }
  668   1      #endif
  669   1      
  670   1          Motor_Service();
  671   1          Task_Pro_Handler_Callback();
  672   1      }


Module Information          Static   Overlayable
------------------------------------------------
  code size            =      3429     ------
  ecode size           =    ------     ------
  data size            =    ------     ------
  idata size           =    ------     ------
  pdata size           =    ------     ------
  xdata size           =       396     ------
  xdata-const size     =    ------     ------
  edata size           =        41         90
  bit size             =    ------     ------
  ebit size            =    ------     ------
  bitaddressable size  =    ------     ------
  ebitaddressable size =    ------     ------
  far data size        =    ------     ------
  huge data size       =    ------     ------
  const size           =    ------     ------
  hconst size          =       554     ------
End of Module Information.


C251 COMPILATION COMPLETE.  0 WARNING(S),  0 ERROR(S)
