C251 COMPILER V5.60.0,  main                                                               16/05/26  05:32:03  PAGE 1   


C251 COMPILER V5.60.0, COMPILATION OF MODULE main
OBJECT MODULE PLACED IN .\list\main.obj
COMPILER INVOKED BY: C:\Keil_v5\C251\BIN\C251.EXE ..\User\main.c XSMALL INTR2 BROWSE INCDIR(..\Driver\inc;..\User;..\App
                    -\inc;..\Code_boweny\Function\Log;..\Code_boweny\Function\Filter;..\Code_boweny\Function\AHRS;..\Code_boweny\Function\PID
                    -;..\Code_boweny\Device\QMC6309;..\Code_boweny\Device\QMI8658;..\Code_boweny\Device\GPS;..\Code_boweny\Device\WIRELESS;..
                    -\Code_boweny\Device\MOTOR) DEBUG PRINT(.\list\main.lst) TABS(2) OBJECT(.\list\main.obj) 

stmt  level    source

    1          /*---------------------------------------------------------------------*/
    2          /* --- Web: www.STCAI.com ---------------------------------------------*/
    3          /*---------------------------------------------------------------------*/
    4          
    5          #include "config.h"
    6          #include "system_init.h"
    7          #include "MainLoop.h"
    8          
    9          /*---------------------------------------------------------------------*/
   10          /* main                                                                */
   11          /*---------------------------------------------------------------------*/
   12          void main(void)
   13          {
   14   1          SYS_Init();
   15   1          MainLoop_Bootstrap();
   16   1      
   17   1          while (1)
   18   1          {
   19   2              MainLoop_RunOnce();
   20   2          }
   21   1      }


Module Information          Static   Overlayable
------------------------------------------------
  code size            =        11     ------
  ecode size           =    ------     ------
  data size            =    ------     ------
  idata size           =    ------     ------
  pdata size           =    ------     ------
  xdata size           =    ------     ------
  xdata-const size     =    ------     ------
  edata size           =    ------     ------
  bit size             =    ------     ------
  ebit size            =    ------     ------
  bitaddressable size  =    ------     ------
  ebitaddressable size =    ------     ------
  far data size        =    ------     ------
  huge data size       =    ------     ------
  const size           =    ------     ------
  hconst size          =    ------     ------
End of Module Information.


C251 COMPILATION COMPLETE.  0 WARNING(S),  0 ERROR(S)
