C251 COMPILER V5.60.0,  Motor                                                              16/05/26  05:32:06  PAGE 1   


C251 COMPILER V5.60.0, COMPILATION OF MODULE Motor
OBJECT MODULE PLACED IN .\list\Motor.obj
COMPILER INVOKED BY: C:\Keil_v5\C251\BIN\C251.EXE ..\Code_boweny\Device\MOTOR\Motor.c XSMALL INTR2 BROWSE INCDIR(..\Driv
                    -er\inc;..\User;..\App\inc;..\Code_boweny\Function\Log;..\Code_boweny\Function\Filter;..\Code_boweny\Function\AHRS;..\Cod
                    -e_boweny\Function\PID;..\Code_boweny\Device\QMC6309;..\Code_boweny\Device\QMI8658;..\Code_boweny\Device\GPS;..\Code_bowe
                    -ny\Device\WIRELESS;..\Code_boweny\Device\MOTOR) DEBUG PRINT(.\list\Motor.lst) TABS(2) OBJECT(.\list\Motor.obj) 

stmt  level    source

    1          /**
    2           * @file    Motor.c
    3           * @brief   Dual DC motor PWM driver for PWMA3/PWMA4 complementary outputs.
    4           * @author  boweny
    5           * @date    2026-04-27
    6           * @version v1.0
    7           */
    8          
    9          #include "Motor.h"
   10          #include "..\..\..\Driver\inc\STC32G_PWM.h"
   11          #include "..\..\..\Driver\inc\STC32G_GPIO.h"
   12          #include "..\..\..\Driver\inc\STC32G_NVIC.h"
   13          
   14          #ifndef MOTOR_PWM_EDGE_MARGIN
   15          #define MOTOR_PWM_EDGE_MARGIN  40U
   16          #endif
   17          
   18          static PWMx_Duty g_motor_pwm_duty;
   19          static int16 g_left_speed = 0;
   20          static int16 g_right_speed = 0;
   21          static int16 g_left_target_speed = 0;
   22          static int16 g_right_target_speed = 0;
   23          static u8 g_motor_ready = 0U;
   24          
   25          static u16 Motor_SpeedToDuty(int16 speed)
   26          {
   27   1          int32 duty;
   28   1      
   29   1          if (speed < 0) {
   30   2              if (speed < -MOTOR_SPEED_MAX) {
   31   3                  speed = -MOTOR_SPEED_MAX;
   32   3              }
   33   2          } else {
   34   2              if (speed > MOTOR_SPEED_MAX) {
   35   3                  speed = MOTOR_SPEED_MAX;
   36   3              }
   37   2          }
   38   1      
   39   1          duty = (int32)(MOTOR_PWM_PERIOD / 2U);
   40   1          duty += ((int32)speed * (int32)(MOTOR_PWM_PERIOD / 2U)) / (int32)MOTOR_SPEED_MAX;
   41   1      
   42   1          if (duty < (int32)MOTOR_PWM_EDGE_MARGIN) {
   43   2              duty = (int32)MOTOR_PWM_EDGE_MARGIN;
   44   2          } else if (duty > (int32)(MOTOR_PWM_PERIOD - MOTOR_PWM_EDGE_MARGIN)) {
   45   2              duty = (int32)(MOTOR_PWM_PERIOD - MOTOR_PWM_EDGE_MARGIN);
   46   2          }
   47   1      
   48   1          return (u16)duty;
   49   1      }
   50          
   51          static int16 Motor_LimitSpeed(int16 speed)
   52          {
   53   1          if (speed > MOTOR_SPEED_MAX) {
   54   2              return MOTOR_SPEED_MAX;
   55   2          }
   56   1          if (speed < -MOTOR_SPEED_MAX) {
C251 COMPILER V5.60.0,  Motor                                                              16/05/26  05:32:06  PAGE 2   

   57   2              return -MOTOR_SPEED_MAX;
   58   2          }
   59   1          return speed;
   60   1      }
   61          
   62          static void Motor_LeftOutputEnable(u8 enable)
   63          {
   64   1          if (enable) {
   65   2              PWMA_CC3E_Enable();
   66   2              PWMA_CC3NE_Enable();
   67   2              PWMA_ENO |= (ENO3P | ENO3N);
   68   2          } else {
   69   2              PWMA_ENO &= (u8)~(ENO3P | ENO3N);
   70   2              PWMA_CC3E_Disable();
   71   2              PWMA_CC3NE_Disable();
   72   2          }
   73   1      }
   74          
   75          static void Motor_RightOutputEnable(u8 enable)
   76          {
   77   1          if (enable) {
   78   2              PWMA_CC4E_Enable();
   79   2              PWMA_CC4NE_Enable();
   80   2              PWMA_ENO |= (ENO4P | ENO4N);
   81   2          } else {
   82   2              PWMA_ENO &= (u8)~(ENO4P | ENO4N);
   83   2              PWMA_CC4E_Disable();
   84   2              PWMA_CC4NE_Disable();
   85   2          }
   86   1      }
   87          
   88          static void Motor_LeftSetForwardPolarity(void)
   89          {
   90   1          /* Left motor wiring is fixed on the board:
   91   1           * PWM3N -> MLA -> HIN, PWM3P -> MLB -> LIN#
   92   1           * To get a real complementary pair at the pins, HIN must see the
   93   1           * active-high phase while LIN# sees the active-low phase. */
   94   1          PWMA_CC3P_LowValid();
   95   1          PWMA_CC3NP_LowValid();
   96   1      }
   97          
   98          static void Motor_RightSetForwardPolarity(void)
   99          {
  100   1          /* Right motor wiring is mirrored on the board:
  101   1           * PWM4P -> MRB -> HIN, PWM4N -> MRA -> LIN#
  102   1           * Keep both outputs in high-valid polarity so the P/N hardware
  103   1           * complement maps directly to HIN/LIN# active levels. */
  104   1          PWMA_CC4P_HighValid();
  105   1          PWMA_CC4NP_HighValid();
  106   1      }
  107          
  108          static void Motor_ApplySpeed(Motor_Id_t motor, int16 speed)
  109          {
  110   1          u16 duty;
  111   1      
  112   1          speed = Motor_LimitSpeed(speed);
  113   1          if (speed == 0) {
  114   2              if (motor == MOTOR_LEFT) {
  115   3                  g_motor_pwm_duty.PWM3_Duty = MOTOR_PWM_PERIOD / 2U;
  116   3                  UpdatePwm(PWM3, &g_motor_pwm_duty);
  117   3                  Motor_LeftOutputEnable(0);
  118   3                  g_left_speed = 0;
  119   3              } else {
  120   3                  g_motor_pwm_duty.PWM4_Duty = MOTOR_PWM_PERIOD / 2U;
  121   3                  UpdatePwm(PWM4, &g_motor_pwm_duty);
  122   3                  Motor_RightOutputEnable(0);
C251 COMPILER V5.60.0,  Motor                                                              16/05/26  05:32:06  PAGE 3   

  123   3                  g_right_speed = 0;
  124   3              }
  125   2              return;
  126   2          }
  127   1      
  128   1          duty = Motor_SpeedToDuty(speed);
  129   1      
  130   1          if (motor == MOTOR_LEFT) {
  131   2              g_motor_pwm_duty.PWM3_Duty = duty;
  132   2              UpdatePwm(PWM3, &g_motor_pwm_duty);
  133   2              Motor_LeftOutputEnable(1);
  134   2              g_left_speed = speed;
  135   2          } else {
  136   2              g_motor_pwm_duty.PWM4_Duty = duty;
  137   2              UpdatePwm(PWM4, &g_motor_pwm_duty);
  138   2              Motor_RightOutputEnable(1);
  139   2              g_right_speed = speed;
  140   2          }
  141   1      }
  142          
  143          void Motor_Init(void)
  144          {
  145   1          PWMx_InitDefine pwm_init;
  146   1      
  147   1          P2_MODE_OUT_PP(GPIO_Pin_4 | GPIO_Pin_5 | GPIO_Pin_6 | GPIO_Pin_7);
  148   1          P2_PULL_UP_DISABLE(GPIO_Pin_4 | GPIO_Pin_5 | GPIO_Pin_6 | GPIO_Pin_7);
  149   1          PWM3_USE_P24P25();
  150   1          PWM4_USE_P26P27();
  151   1      
  152   1          g_motor_pwm_duty.PWM1_Duty = 0;
  153   1          g_motor_pwm_duty.PWM2_Duty = 0;
  154   1          g_motor_pwm_duty.PWM3_Duty = MOTOR_PWM_PERIOD / 2U;
  155   1          g_motor_pwm_duty.PWM4_Duty = MOTOR_PWM_PERIOD / 2U;
  156   1      
  157   1          pwm_init.PWM_Mode = CCMRn_PWM_MODE1;
  158   1          pwm_init.PWM_Duty = MOTOR_PWM_PERIOD / 2U;
  159   1          pwm_init.PWM_Period = MOTOR_PWM_PERIOD;
  160   1          pwm_init.PWM_DeadTime = MOTOR_DEFAULT_DEADTIME;
  161   1          pwm_init.PWM_MainOutEnable = DISABLE;
  162   1          pwm_init.PWM_CEN_Enable = DISABLE;
  163   1      
  164   1          /* Configure both P/N outputs as a complementary pair up front so
  165   1           * PWM3/4 do not start from a half-configured state. */
  166   1          pwm_init.PWM_EnoSelect = ENO3P | ENO3N;
  167   1          PWM_Configuration(PWM3, &pwm_init);
  168   1          pwm_init.PWM_EnoSelect = ENO4P | ENO4N;
  169   1          PWM_Configuration(PWM4, &pwm_init);
  170   1      
  171   1          pwm_init.PWM_MainOutEnable = ENABLE;
  172   1          pwm_init.PWM_CEN_Enable = ENABLE;
  173   1          PWM_Configuration(PWMA, &pwm_init);
  174   1      
  175   1          PWMA_OC3_OUT_0();
  176   1          PWMA_OC3N_OUT_0();
  177   1          PWMA_OC4_OUT_0();
  178   1          PWMA_OC4N_OUT_0();
  179   1      
  180   1          Motor_LeftSetForwardPolarity();
  181   1          Motor_RightSetForwardPolarity();
  182   1          Motor_LeftOutputEnable(0);
  183   1          Motor_RightOutputEnable(0);
  184   1          g_left_speed = 0;
  185   1          g_right_speed = 0;
  186   1          g_left_target_speed = 0;
  187   1          g_right_target_speed = 0;
  188   1          g_motor_ready = 1U;
C251 COMPILER V5.60.0,  Motor                                                              16/05/26  05:32:06  PAGE 4   

  189   1          Motor_StopAll();
  190   1      
  191   1          NVIC_PWM_Init(PWMA, DISABLE, Priority_0);
  192   1      }
  193          
  194          void Motor_SetSpeed(Motor_Id_t motor, int16 speed)
  195          {
  196   1          speed = Motor_LimitSpeed(speed);
  197   1          if (motor == MOTOR_LEFT) {
  198   2              g_left_target_speed = speed;
  199   2          } else {
  200   2              g_right_target_speed = speed;
  201   2          }
  202   1      }
  203          
  204          void Motor_SetBothSpeed(int16 left_speed, int16 right_speed)
  205          {
  206   1          g_left_target_speed = Motor_LimitSpeed(left_speed);
  207   1          g_right_target_speed = Motor_LimitSpeed(right_speed);
  208   1      }
  209          
  210          void Motor_Service(void)
  211          {
  212   1          if (g_motor_ready == 0U) {
  213   2              return;
  214   2          }
  215   1      
  216   1          Motor_ApplySpeed(MOTOR_LEFT, g_left_target_speed);
  217   1          Motor_ApplySpeed(MOTOR_RIGHT, g_right_target_speed);
  218   1      }
  219          
  220          void Motor_Stop(Motor_Id_t motor)
  221          {
  222   1          if (motor == MOTOR_LEFT) {
  223   2              g_left_target_speed = 0;
  224   2          } else {
  225   2              g_right_target_speed = 0;
  226   2          }
  227   1      }
  228          
  229          void Motor_StopAll(void)
  230          {
  231   1          Motor_Stop(MOTOR_LEFT);
  232   1          Motor_Stop(MOTOR_RIGHT);
  233   1      }
  234          
  235          int16 Motor_GetSpeed(Motor_Id_t motor)
  236          {
  237   1          if (motor == MOTOR_LEFT) {
  238   2              return g_left_speed;
  239   2          }
  240   1          return g_right_speed;
  241   1      }
  242          
  243          void Motor_GetPwmSnapshot(Motor_PwmSnapshot_t *snapshot)
  244          {
  245   1          if (snapshot == 0) {
  246   2              return;
  247   2          }
  248   1      
  249   1          snapshot->period = MOTOR_PWM_PERIOD;
  250   1      
  251   1          /* Left motor: PWM3N -> MLA, PWM3P -> MLB, both low-valid. */
  252   1          snapshot->mla_duty = g_motor_pwm_duty.PWM3_Duty;
  253   1          snapshot->mlb_duty = (u16)(MOTOR_PWM_PERIOD - g_motor_pwm_duty.PWM3_Duty);
  254   1      
C251 COMPILER V5.60.0,  Motor                                                              16/05/26  05:32:06  PAGE 5   

  255   1          /* Right motor: PWM4N -> MRA, PWM4P -> MRB, both high-valid. */
  256   1          snapshot->mra_duty = (u16)(MOTOR_PWM_PERIOD - g_motor_pwm_duty.PWM4_Duty);
  257   1          snapshot->mrb_duty = g_motor_pwm_duty.PWM4_Duty;
  258   1      }


Module Information          Static   Overlayable
------------------------------------------------
  code size            =       856     ------
  ecode size           =    ------     ------
  data size            =    ------     ------
  idata size           =    ------     ------
  pdata size           =    ------     ------
  xdata size           =    ------     ------
  xdata-const size     =    ------     ------
  edata size           =        25          9
  bit size             =    ------     ------
  ebit size            =    ------     ------
  bitaddressable size  =    ------     ------
  ebitaddressable size =    ------     ------
  far data size        =    ------     ------
  huge data size       =    ------     ------
  const size           =    ------     ------
  hconst size          =        29     ------
End of Module Information.


C251 COMPILATION COMPLETE.  0 WARNING(S),  0 ERROR(S)
