C251 COMPILER V5.60.0,  QMC6309                                                            07/05/26  09:39:31  PAGE 1   


C251 COMPILER V5.60.0, COMPILATION OF MODULE QMC6309
OBJECT MODULE PLACED IN .\list\QMC6309.obj
COMPILER INVOKED BY: C:\Keil_v5\C251\BIN\C251.EXE ..\Code_boweny\Device\QMC6309\QMC6309.c XSMALL INTR2 BROWSE INCDIR(..\
                    -Driver\inc;..\User;..\App\inc;..\Code_boweny\Function\Log;..\Code_boweny\Function\Filter;..\Code_boweny\Function\AHRS;..
                    -\Code_boweny\Function\PID;..\Code_boweny\Device\QMC6309;..\Code_boweny\Device\QMI8658;..\Code_boweny\Device\GPS;..\Code_
                    -boweny\Device\WIRELESS;..\Code_boweny\Device\MOTOR) DEBUG PRINT(.\list\QMC6309.lst) TABS(2) OBJECT(.\list\QMC6309.obj) 

stmt  level    source

    1          #include "QMC6309.h"
    2          #include "QMC6309_port.h"
    3          #include "Filter.h"
    4          #include "Log.h"
    5          
    6          #define QMC6309_I2C_WRITE(addr)        ((addr) << 1)
    7          #define QMC6309_I2C_READ(addr)         (((addr) << 1) | 1U)
    8          
    9          #define QMC6309_REG_CHIP_ID            0x00
   10          #define QMC6309_REG_DATA_START         0x01
   11          #define QMC6309_REG_CONTROL_1          0x0A
   12          #define QMC6309_REG_CONTROL_2          0x0B
   13          
   14          #define QMC6309_CTRL1_STANDBY          0x00
   15          #define QMC6309_CTRL1_ACTIVE           0x1B
   16          #define QMC6309_CTRL2_INIT             0x10
   17          
   18          #define QMC6309_PWR_UP_DELAY_MS        1000U
   19          
   20          static u8 qmc6309_addr = QMC6309_I2C_ADDR_PRIMARY;
   21          
   22          static s8 QMC6309_WriteReg(u8 reg, u8 dat);
   23          static u8 QMC6309_ReadReg(u8 reg);
   24          static s8 QMC6309_Reset(void);
   25          static void QMC6309_Delay_ms(u16 ms);
   26          static u8 QMC6309_ProbeAddr(u8 addr);
   27          static u8 QMC6309_EnsureBusIdle(void);
   28          
   29          static u8 QMC6309_EnsureBusIdle(void)
   30          {
   31   1          if (QMC6309Port_BusNeedsRecover() == 0U) {
   32   2              return 0U;
   33   2          }
   34   1      
   35   1          LOGW("MAG", "bus not idle, try recover backend=%s", QMC6309Port_BackendName());
   36   1          QMC6309Port_BusRecover();
   37   1          if (QMC6309Port_BusNeedsRecover() != 0U) {
   38   2              LOGE("MAG", "bus recover failed backend=%s", QMC6309Port_BackendName());
   39   2              return 1U;
   40   2          }
   41   1      
   42   1          return 0U;
   43   1      }
   44          
   45          static s8 QMC6309_WriteReg(u8 reg, u8 dat)
   46          {
   47   1          u8 err_code;
   48   1      
   49   1          if (QMC6309_EnsureBusIdle() != 0U) {
   50   2              LOGW("MAG", "WriteReg bus busy reg=0x%02X", reg);
   51   2              return -1;
   52   2          }
   53   1      
   54   1          err_code = QMC6309_I2C_OK;
   55   1          if (QMC6309Port_WriteReg(qmc6309_addr, reg, dat, &err_code) != 0U) {
   56   2              LOGW("MAG", "WriteReg fail addr=0x%02X reg=0x%02X val=0x%02X err=%u",
C251 COMPILER V5.60.0,  QMC6309                                                            07/05/26  09:39:31  PAGE 2   

   57   2                   qmc6309_addr, reg, dat, err_code);
   58   2              return -1;
   59   2          }
   60   1      
   61   1          LOGI("MAG", "WriteReg OK reg=0x%02X val=0x%02X", reg, dat);
   62   1          return 0;
   63   1      }
   64          
   65          static u8 QMC6309_ReadReg(u8 reg)
   66          {
   67   1          u8 err_code;
   68   1          u8 reg_value;
   69   1      
   70   1          if (QMC6309_EnsureBusIdle() != 0U) {
   71   2              LOGW("MAG", "ReadReg bus busy reg=0x%02X", reg);
   72   2              return 0xFFU;
   73   2          }
   74   1      
   75   1          reg_value = 0xFFU;
   76   1          err_code = QMC6309_I2C_OK;
   77   1          if (QMC6309Port_ReadN(qmc6309_addr, reg, &reg_value, 1U, &err_code) != 0U) {
   78   2              LOGW("MAG", "ReadReg fail addr=0x%02X reg=0x%02X err=%u",
   79   2                   qmc6309_addr, reg, err_code);
   80   2              return 0xFFU;
   81   2          }
   82   1      
   83   1          return reg_value;
   84   1      }
   85          
   86          static void QMC6309_Delay_ms(u16 ms)
   87          {
   88   1          QMC6309Port_DelayMs(ms);
   89   1      }
   90          
   91          static u8 QMC6309_ProbeAddr(u8 addr)
   92          {
   93   1          u8 err_code;
   94   1          u8 chip_id;
   95   1      
   96   1          if (QMC6309_EnsureBusIdle() != 0U) {
   97   2              LOGW("MAG", "Probe bus busy addr=0x%02X", addr);
   98   2              return 1U;
   99   2          }
  100   1      
  101   1          err_code = QMC6309_I2C_OK;
  102   1          chip_id = 0xFFU;
  103   1          if (QMC6309Port_ReadN(addr, QMC6309_REG_CHIP_ID, &chip_id, 1U, &err_code) != 0U) {
  104   2              LOGI("MAG", "Probe addr=0x%02X write=0x%02X: NACK err=%u",
  105   2                   addr, QMC6309_I2C_WRITE(addr), err_code);
  106   2              return 1U;
  107   2          }
  108   1      
  109   1          qmc6309_addr = addr;
  110   1          LOGI("MAG", "Probe addr=0x%02X write=0x%02X: ACK", addr, QMC6309_I2C_WRITE(addr));
  111   1          return 0U;
  112   1      }
  113          
  114          static s8 QMC6309_Reset(void)
  115          {
  116   1          if (QMC6309_WriteReg(QMC6309_REG_CONTROL_2, 0x80U) != 0) {
  117   2              LOGE("MAG", "soft reset enter failed");
  118   2              return -1;
  119   2          }
  120   1          QMC6309_Delay_ms(5U);
  121   1      
  122   1          if (QMC6309_WriteReg(QMC6309_REG_CONTROL_2, 0x00U) != 0) {
C251 COMPILER V5.60.0,  QMC6309                                                            07/05/26  09:39:31  PAGE 3   

  123   2              LOGE("MAG", "soft reset exit failed");
  124   2              return -1;
  125   2          }
  126   1          QMC6309_Delay_ms(10U);
  127   1          return 0;
  128   1      }
  129          
  130          s8 QMC6309_Wait_Ready(u16 timeout_ms)
  131          {
  132   1          u16 i;
  133   1          u8 id;
  134   1      
  135   1          for (i = 0U; i < timeout_ms; i = (u16)(i + 10U)) {
  136   2              id = QMC6309_ReadReg(QMC6309_REG_CHIP_ID);
  137   2              if (id == QMC6309_CHIP_ID_VALUE) {
  138   3                  LOGI("MAG", "ready id=0x%02X in %ums", id, i);
  139   3                  return 0;
  140   3              }
  141   2              QMC6309_Delay_ms(10U);
  142   2          }
  143   1      
  144   1          LOGE("MAG", "wait ready TIMEOUT");
  145   1          return -1;
  146   1      }
  147          
  148          u8 QMC6309_ReadID(void)
  149          {
  150   1          u8 id;
  151   1      
  152   1          id = QMC6309_ReadReg(QMC6309_REG_CHIP_ID);
  153   1          if (id != QMC6309_CHIP_ID_VALUE) {
  154   2              LOGE("MAG", "ID mismatch got=0x%02X exp=0x%02X", id, QMC6309_CHIP_ID_VALUE);
  155   2          }
  156   1          return id;
  157   1      }
  158          
  159          void QMC6309_DumpRegs(u8 target_addr)
  160          {
  161   1          u8 old_addr;
  162   1          u8 reg00;
  163   1          u8 reg0A;
  164   1          u8 reg0B;
  165   1      
  166   1          old_addr = qmc6309_addr;
  167   1          qmc6309_addr = target_addr;
  168   1      
  169   1          reg00 = QMC6309_ReadReg(QMC6309_REG_CHIP_ID);
  170   1          reg0A = QMC6309_ReadReg(QMC6309_REG_CONTROL_1);
  171   1          reg0B = QMC6309_ReadReg(QMC6309_REG_CONTROL_2);
  172   1      
  173   1          LOGI("MAG", "Dump addr=0x%02X write=0x%02X read=0x%02X reg00=0x%02X reg0A=0x%02X reg0B=0x%02X",
  179   1               target_addr,
  179   1               QMC6309_I2C_WRITE(target_addr),
  179   1               QMC6309_I2C_READ(target_addr),
  179   1               reg00,
  179   1               reg0A,
  179   1               reg0B);
  180   1      
  181   1          qmc6309_addr = old_addr;
  182   1      }
  183          
  184          s8 QMC6309_ReadXYZ(int16 *x, int16 *y, int16 *z)
  185          {
  186   1          u8 err_code;
  187   1          u8 raw[6];
  188   1      
C251 COMPILER V5.60.0,  QMC6309                                                            07/05/26  09:39:31  PAGE 4   

  189   1          if ((x == NULL) || (y == NULL) || (z == NULL)) {
  190   2              return -1;
  191   2          }
  192   1      
  193   1          if (QMC6309_EnsureBusIdle() != 0U) {
  194   2              LOGW("MAG", "ReadXYZ bus busy");
  195   2              return -1;
  196   2          }
  197   1      
  198   1          err_code = QMC6309_I2C_OK;
  199   1          if (QMC6309Port_ReadN(qmc6309_addr, QMC6309_REG_DATA_START, raw, 6U, &err_code) != 0U) {
  200   2              LOGW("MAG", "ReadXYZ fail addr=0x%02X err=%u", qmc6309_addr, err_code);
  201   2              return -1;
  202   2          }
  203   1      
  204   1          *x = (int16)(((u16)raw[1] << 8) | raw[0]);
  205   1          *y = (int16)(((u16)raw[3] << 8) | raw[2]);
  206   1          *z = (int16)(((u16)raw[5] << 8) | raw[4]);
  207   1      
  208   1          if ((raw[0] == 0xFFU) && (raw[1] == 0xFFU) &&
  209   1              (raw[2] == 0xFFU) && (raw[3] == 0xFFU) &&
  210   1              (raw[4] == 0xFFU) && (raw[5] == 0xFFU)) {
  211   2              LOGW("MAG", "XYZ all 0xFF, data invalid");
  212   2              return -1;
  213   2          }
  214   1      
  215   1          if ((*x == 0) && (*y == 0) && (*z == 0)) {
  216   2              LOGW("MAG", "XYZ all zero, data may be invalid");
  217   2              return -1;
  218   2          }
  219   1      
  220   1          return 0;
  221   1      }
  222          
  223          s8 QMC6309_ReadXYZFiltered(int16 *x, int16 *y, int16 *z)
  224          {
  225   1          int16 mx;
  226   1          int16 my;
  227   1          int16 mz;
  228   1      
  229   1          if ((x == NULL) || (y == NULL) || (z == NULL)) {
  230   2              return -1;
  231   2          }
  232   1      
  233   1          if (QMC6309_ReadXYZ(&mx, &my, &mz) != 0) {
  234   2              return -1;
  235   2          }
  236   1      
  237   1          return Filter_MagLowPass(mx, my, mz, x, y, z);
  238   1      }
  239          
  240          s8 QMC6309_SetODR(u8 odr)
  241          {
  242   1          if (QMC6309_WriteReg(QMC6309_REG_CONTROL_2, odr) != 0) {
  243   2              LOGE("MAG", "SetODR WR fail odr=0x%02X", odr);
  244   2              return -1;
  245   2          }
  246   1      
  247   1          LOGI("MAG", "SetODR=0x%02X", odr);
  248   1          return 0;
  249   1      }
  250          
  251          s8 QMC6309_Init(void)
  252          {
  253   1          u8 id;
  254   1          u8 retry;
C251 COMPILER V5.60.0,  QMC6309                                                            07/05/26  09:39:31  PAGE 5   

  255   1          u8 ctrl1_readback;
  256   1          u8 ctrl2_readback;
  257   1          u16 speed_cfg;
  258   1          u16 retry_num;
  259   1          u32 bus_hz;
  260   1      
  261   1          speed_cfg = (u16)QMC6309_I2C_SPEED_CFG;
  262   1          bus_hz = ((u32)MAIN_Fosc / 2UL) / ((((u32)speed_cfg) * 2UL) + 4UL);
  263   1      
  264   1          QMC6309Port_Init();
  265   1      
  266   1          LOGI("MAG", "========== QMC6309 Init Start ==========");
  267   1          LOGI("MAG", "I2C route=P1.4/P1.5 backend=%s speed_cfg=%u (~%luHz)",
  268   1               QMC6309Port_BackendName(), speed_cfg, bus_hz);
  269   1          LOGI("MAG", "probe order primary=0x%02X alt=0x%02X",
  270   1               QMC6309_I2C_ADDR_PRIMARY, QMC6309_I2C_ADDR_ALT);
  271   1      
  272   1          if (QMC6309_EnsureBusIdle() != 0U) {
  273   2              LOGE("MAG", "bus idle check failed before probe");
  274   2              return -1;
  275   2          }
  276   1      
  277   1          for (retry = 0U; retry < 3U; retry++) {
  278   2              retry_num = (u16)retry + 1U;
  279   2              if (QMC6309_ProbeAddr(QMC6309_I2C_ADDR_PRIMARY) == 0U) {
  280   3                  break;
  281   3              }
  282   2      
  283   2              LOGW("MAG", "primary addr no ACK, try alt");
  284   2              if (QMC6309_ProbeAddr(QMC6309_I2C_ADDR_ALT) == 0U) {
  285   3                  break;
  286   3              }
  287   2      
  288   2              LOGW("MAG", "addr probe fail try=%u, wait 200ms retry", retry_num);
  289   2              QMC6309_Delay_ms(200U);
  290   2          }
  291   1      
  292   1          if (retry >= 3U) {
  293   2              LOGE("MAG", "no device found after 3 tries");
  294   2              return -1;
  295   2          }
  296   1      
  297   1          LOGI("MAG", "selected addr=0x%02X write=0x%02X read=0x%02X",
  300   1               qmc6309_addr,
  300   1               QMC6309_I2C_WRITE(qmc6309_addr),
  300   1               QMC6309_I2C_READ(qmc6309_addr));
  301   1      
  302   1          if (QMC6309_Wait_Ready(QMC6309_PWR_UP_DELAY_MS) != 0) {
  303   2              LOGE("MAG", "wait ready failed");
  304   2              return -1;
  305   2          }
  306   1      
  307   1          id = QMC6309_ReadID();
  308   1          if (id != QMC6309_CHIP_ID_VALUE) {
  309   2              LOGE("MAG", "CHIP_ID error got=0x%02X exp=0x%02X", id, QMC6309_CHIP_ID_VALUE);
  310   2              return -1;
  311   2          }
  312   1          LOGI("MAG", "CHIP_ID=0x%02X OK", id);
  313   1      
  314   1          if (QMC6309_Reset() != 0) {
  315   2              return -1;
  316   2          }
  317   1      
  318   1          if (QMC6309_WriteReg(QMC6309_REG_CONTROL_1, QMC6309_CTRL1_STANDBY) != 0) {
  319   2              return -1;
  320   2          }
C251 COMPILER V5.60.0,  QMC6309                                                            07/05/26  09:39:31  PAGE 6   

  321   1          if (QMC6309_WriteReg(QMC6309_REG_CONTROL_2, QMC6309_CTRL2_INIT) != 0) {
  322   2              return -1;
  323   2          }
  324   1          if (QMC6309_WriteReg(QMC6309_REG_CONTROL_1, QMC6309_CTRL1_ACTIVE) != 0) {
  325   2              return -1;
  326   2          }
  327   1          QMC6309_Delay_ms(2U);
  328   1      
  329   1          ctrl1_readback = QMC6309_ReadReg(QMC6309_REG_CONTROL_1);
  330   1          ctrl2_readback = QMC6309_ReadReg(QMC6309_REG_CONTROL_2);
  331   1          LOGI("MAG", "CTRL1=0x%02X CTRL2=0x%02X", ctrl1_readback, ctrl2_readback);
  332   1      
  333   1          if ((ctrl1_readback == 0xFFU) || (ctrl2_readback == 0xFFU)) {
  334   2              LOGE("MAG", "register readback error");
  335   2              return -1;
  336   2          }
  337   1      
  338   1          if (ctrl1_readback != QMC6309_CTRL1_ACTIVE) {
  339   2              LOGW("MAG", "CTRL1 mismatch read=0x%02X exp=0x%02X",
  340   2                   ctrl1_readback, QMC6309_CTRL1_ACTIVE);
  341   2          }
  342   1          if (ctrl2_readback != QMC6309_CTRL2_INIT) {
  343   2              LOGW("MAG", "CTRL2 mismatch read=0x%02X exp=0x%02X",
  344   2                   ctrl2_readback, QMC6309_CTRL2_INIT);
  345   2          }
  346   1      
  347   1          Filter_ResetMagLowPass();
  348   1      
  349   1          LOGI("MAG", "========== QMC6309 Init OK ==========");
  350   1          return 0;
  351   1      }


Module Information          Static   Overlayable
------------------------------------------------
  code size            =      1899     ------
  ecode size           =    ------     ------
  data size            =    ------     ------
  idata size           =    ------     ------
  pdata size           =    ------     ------
  xdata size           =    ------     ------
  xdata-const size     =    ------     ------
  edata size           =         1         35
  bit size             =    ------     ------
  ebit size            =    ------     ------
  bitaddressable size  =    ------     ------
  ebitaddressable size =    ------     ------
  far data size        =    ------     ------
  huge data size       =    ------     ------
  const size           =    ------     ------
  hconst size          =      1276     ------
End of Module Information.


C251 COMPILATION COMPLETE.  0 WARNING(S),  0 ERROR(S)
