C251 COMPILER V5.60.0,  QMC6309_port                                                       16/05/26  05:32:05  PAGE 1   


C251 COMPILER V5.60.0, COMPILATION OF MODULE QMC6309_port
OBJECT MODULE PLACED IN .\list\QMC6309_port.obj
COMPILER INVOKED BY: C:\Keil_v5\C251\BIN\C251.EXE ..\Code_boweny\Device\QMC6309\QMC6309_port.c XSMALL INTR2 BROWSE INCDI
                    -R(..\Driver\inc;..\User;..\App\inc;..\Code_boweny\Function\Log;..\Code_boweny\Function\Filter;..\Code_boweny\Function\AH
                    -RS;..\Code_boweny\Function\PID;..\Code_boweny\Device\QMC6309;..\Code_boweny\Device\QMI8658;..\Code_boweny\Device\GPS;..\
                    -Code_boweny\Device\WIRELESS;..\Code_boweny\Device\MOTOR) DEBUG PRINT(.\list\QMC6309_port.lst) TABS(2) OBJECT(.\list\QMC6
                    -309_port.obj) 

stmt  level    source

    1          #include "QMC6309_port.h"
    2          
    3          s8 QMC6309Port_Init(void)
    4          {
    5   1          return QMI8658Port_Init();
    6   1      }
    7          
    8          char *QMC6309Port_BackendName(void)
    9          {
   10   1          return QMI8658Port_BackendName();
   11   1      }
   12          
   13          void QMC6309Port_DelayMs(u16 ms)
   14          {
   15   1          QMI8658Port_DelayMs(ms);
   16   1      }
   17          
   18          u8 QMC6309Port_BusNeedsRecover(void)
   19          {
   20   1          return QMI8658Port_BusNeedsRecover();
   21   1      }
   22          
   23          void QMC6309Port_BusRecover(void)
   24          {
   25   1          QMI8658Port_BusRecover();
   26   1      }
   27          
   28          u8 QMC6309Port_WriteReg(u8 addr, u8 reg_addr, u8 reg_val, u8 *err_code)
   29          {
   30   1          return QMI8658Port_WriteReg(addr, reg_addr, reg_val, err_code);
   31   1      }
   32          
   33          u8 QMC6309Port_ReadN(u8 addr, u8 start_reg, u8 *buf, u8 len, u8 *err_code)
   34          {
   35   1          return QMI8658Port_ReadN(addr, start_reg, buf, len, err_code);
   36   1      }


Module Information          Static   Overlayable
------------------------------------------------
  code size            =        41     ------
  ecode size           =    ------     ------
  data size            =    ------     ------
  idata size           =    ------     ------
  pdata size           =    ------     ------
  xdata size           =    ------     ------
  xdata-const size     =    ------     ------
  edata size           =    ------          4
  bit size             =    ------     ------
  ebit size            =    ------     ------
  bitaddressable size  =    ------     ------
  ebitaddressable size =    ------     ------
  far data size        =    ------     ------
  huge data size       =    ------     ------
  const size           =    ------     ------
  hconst size          =    ------     ------
C251 COMPILER V5.60.0,  QMC6309_port                                                       16/05/26  05:32:05  PAGE 2   

End of Module Information.


C251 COMPILATION COMPLETE.  0 WARNING(S),  0 ERROR(S)
