C251 COMPILER V5.60.0,  QMI8658                                                            07/05/26  09:39:31  PAGE 1   


C251 COMPILER V5.60.0, COMPILATION OF MODULE QMI8658
OBJECT MODULE PLACED IN .\list\QMI8658.obj
COMPILER INVOKED BY: C:\Keil_v5\C251\BIN\C251.EXE ..\Code_boweny\Device\QMI8658\QMI8658.c XSMALL INTR2 BROWSE INCDIR(..\
                    -Driver\inc;..\User;..\App\inc;..\Code_boweny\Function\Log;..\Code_boweny\Function\Filter;..\Code_boweny\Function\AHRS;..
                    -\Code_boweny\Function\PID;..\Code_boweny\Device\QMC6309;..\Code_boweny\Device\QMI8658;..\Code_boweny\Device\GPS;..\Code_
                    -boweny\Device\WIRELESS;..\Code_boweny\Device\MOTOR) DEBUG PRINT(.\list\QMI8658.lst) TABS(2) OBJECT(.\list\QMI8658.obj) 

stmt  level    source

    1          #include "..\..\..\User\Config.h"
    2          #include "..\..\..\User\Task.h"
    3          #include "..\..\..\Driver\inc\STC32G_I2C.h"
    4          #include "QMI8658.h"
    5          #include "QMI8658_port.h"
    6          #include "Filter.h"
    7          
    8          #if !QMI8658_DIAG_ENABLE
    9          #undef LOGD
   10          #define LOGD(tag, ...)
   11          #endif
   12          
   13          typedef struct
   14          {
   15              QMI8658_State_t state;
   16              u8 data_ready;
   17              u8 init_retry;
   18              u8 selected_id;
   19              u8 last_status0;
   20              u8 last_statusint;
   21              u32 due_ms;
   22              u32 ready_deadline_ms;
   23          } QMI8658_Context_t;
   24          
   25          u8 QMI8658_I2C_Addr = QMI8658_I2C_ADDR_PRIMARY;
   26          
   27          static QMI8658_Context_t g_qmi8658_ctx = { QMI8658_STATE_IDLE, 0U, 0U, 0xFFU, 0U, 0U, 0UL, 0UL };
   28          static u8 qmi8658_last_i2c_error = QMI8658_I2C_OK;
   29          
   30          static u8 QMI8658_ReadReg(u8 reg_addr);
   31          static u8 QMI8658_ReadRegAtAddr(u8 addr, u8 reg_addr, u8 *ok);
   32          static u8 QMI8658_ReadNByte(u8 start_reg, u8 *buf, u8 len);
   33          static u8 QMI8658_ReadNByteAtAddr(u8 addr, u8 start_reg, u8 *buf, u8 len);
   34          static u8 QMI8658_WriteReg(u8 reg_addr, u8 reg_val);
   35          static void QMI8658_SetState(QMI8658_State_t state, u16 delay_ms);
   36          static u8 QMI8658_IsDue(u32 now_ms);
   37          static char *QMI8658_StateName(QMI8658_State_t state);
   38          static char *QMI8658_I2cErrName(u8 err);
   39          static u8 QMI8658_SelectAddrByWhoAmI(u8 *selected_id);
   40          static u8 QMI8658_ProbeAddr(u8 addr);
   41          static u8 QMI8658_CheckReadyFlag(void);
   42          static s8 QMI8658_ClearDataPath(void);
   43          static u8 QMI8658_ConfigReadbackOk(void);
   44          static void QMI8658_LogDataPath(char *phase);
   45          static u8 QMI8658_LogDataWindow(void);
   46          static s8 QMI8658_EnterRetryOrFail(char *reason);
   47          
   48          static u8 QMI8658_ReadReg(u8 reg_addr)
   49          {
   50   1          u8 value;
   51   1      
   52   1          value = 0xFFU;
   53   1          if (QMI8658_ReadNByte(reg_addr, &value, 1U) != 0U) {
   54   2              LOGE("IMU", "rd fail err=%s addr=0x%02X reg=0x%02X",
   57   2                   QMI8658_I2cErrName(qmi8658_last_i2c_error),
   57   2                   QMI8658_I2C_Addr,
C251 COMPILER V5.60.0,  QMI8658                                                            07/05/26  09:39:31  PAGE 2   

   57   2                   reg_addr);
   58   2              return 0xFFU;
   59   2          }
   60   1          return value;
   61   1      }
   62          
   63          static u8 QMI8658_ReadRegAtAddr(u8 addr, u8 reg_addr, u8 *ok)
   64          {
   65   1          u8 value;
   66   1      
   67   1          value = 0xFFU;
   68   1          if (QMI8658_ReadNByteAtAddr(addr, reg_addr, &value, 1U) != 0U) {
   69   2              if (ok != NULL) {
   70   3                  *ok = 0U;
   71   3              }
   72   2              return 0xFFU;
   73   2          }
   74   1          if (ok != NULL) {
   75   2              *ok = 1U;
   76   2          }
   77   1          return value;
   78   1      }
   79          
   80          static u8 QMI8658_ReadNByte(u8 start_reg, u8 *buf, u8 len)
   81          {
   82   1          return QMI8658_ReadNByteAtAddr(QMI8658_I2C_Addr, start_reg, buf, len);
   83   1      }
   84          
   85          static u8 QMI8658_ReadNByteAtAddr(u8 addr, u8 start_reg, u8 *buf, u8 len)
   86          {
   87   1          if (QMI8658Port_ReadN(addr, start_reg, buf, len, &qmi8658_last_i2c_error) != 0U) {
   88   2              return 1U;
   89   2          }
   90   1          qmi8658_last_i2c_error = QMI8658_I2C_OK;
   91   1          return 0U;
   92   1      }
   93          
   94          static u8 QMI8658_WriteReg(u8 reg_addr, u8 reg_val)
   95          {
   96   1          if (QMI8658Port_WriteReg(QMI8658_I2C_Addr, reg_addr, reg_val, &qmi8658_last_i2c_error) != 0U) {
   97   2              return 1U;
   98   2          }
   99   1          qmi8658_last_i2c_error = QMI8658_I2C_OK;
  100   1          return 0U;
  101   1      }
  102          
  103          static void QMI8658_SetState(QMI8658_State_t state, u16 delay_ms)
  104          {
  105   1          g_qmi8658_ctx.state = state;
  106   1          g_qmi8658_ctx.due_ms = Task_GetTickMs() + (u32)delay_ms;
  107   1          LOGD("IMU", "state -> %s delay=%u", QMI8658_StateName(state), (u16)delay_ms);
  108   1      }
  109          
  110          static u8 QMI8658_IsDue(u32 now_ms)
  111          {
  112   1          return ((int32)(now_ms - g_qmi8658_ctx.due_ms) >= 0) ? 1U : 0U;
  113   1      }
  114          
  115          static char *QMI8658_StateName(QMI8658_State_t state)
  116          {
  117   1          switch (state) {
  118   2          case QMI8658_STATE_IDLE:
  119   2              return "IDLE";
  120   2          case QMI8658_STATE_BUS_PREPARE:
  121   2              return "BUS_PREPARE";
  122   2          case QMI8658_STATE_PWR_WAIT:
C251 COMPILER V5.60.0,  QMI8658                                                            07/05/26  09:39:31  PAGE 3   

  123   2              return "PWR_WAIT";
  124   2          case QMI8658_STATE_ID_PROBE:
  125   2              return "ID_PROBE";
  126   2          case QMI8658_STATE_QUIESCE:
  127   2              return "QUIESCE";
  128   2          case QMI8658_STATE_SOFT_RESET:
  129   2              return "SOFT_RESET";
  130   2          case QMI8658_STATE_RESET_WAIT:
  131   2              return "RESET_WAIT";
  132   2          case QMI8658_STATE_CLEAR_PATH:
  133   2              return "CLEAR_PATH";
  134   2          case QMI8658_STATE_CONFIG_WRITE:
  135   2              return "CONFIG_WRITE";
  136   2          case QMI8658_STATE_CONFIG_VERIFY:
  137   2              return "CONFIG_VERIFY";
  138   2          case QMI8658_STATE_ENABLE:
  139   2              return "ENABLE";
  140   2          case QMI8658_STATE_READY_WAIT:
  141   2              return "READY_WAIT";
  142   2          case QMI8658_STATE_READY:
  143   2              return "READY";
  144   2          default:
  145   2              return "FAILED";
  146   2          }
  147   1      }
  148          
  149          static char *QMI8658_I2cErrName(u8 err)
  150          {
  151   1          switch (err) {
  152   2          case QMI8658_I2C_OK:
  153   2              return "OK";
  154   2          case QMI8658_I2C_ERR_BUSY:
  155   2              return "BUSY";
  156   2          case QMI8658_I2C_ERR_DEVW_NACK:
  157   2              return "DEVW_NACK";
  158   2          case QMI8658_I2C_ERR_REG_NACK:
  159   2              return "REG_NACK";
  160   2          case QMI8658_I2C_ERR_DEVR_NACK:
  161   2              return "DEVR_NACK";
  162   2          case QMI8658_I2C_ERR_DATA_NACK:
  163   2              return "DATA_NACK";
  164   2          default:
  165   2              return "PARAM";
  166   2          }
  167   1      }
  168          
  169          static u8 QMI8658_SelectAddrByWhoAmI(u8 *selected_id)
  170          {
  171   1          u8 ok;
  172   1          u8 id;
  173   1      
  174   1          ok = 0U;
  175   1          id = QMI8658_ReadRegAtAddr(QMI8658_I2C_ADDR_PRIMARY, QMI8658_REG_WHO_AM_I, &ok);
  176   1          if ((ok != 0U) && (id == QMI8658_CHIP_ID_VALUE)) {
  177   2              QMI8658_I2C_Addr = QMI8658_I2C_ADDR_PRIMARY;
  178   2              if (selected_id != NULL) {
  179   3                  *selected_id = id;
  180   3              }
  181   2              LOGI("IMU", "id probe primary ok id=0x%02X addr=0x%02X", id, QMI8658_I2C_Addr);
  182   2              return 0U;
  183   2          }
  184   1      
  185   1          ok = 0U;
  186   1          id = QMI8658_ReadRegAtAddr(QMI8658_I2C_ADDR_ALT, QMI8658_REG_WHO_AM_I, &ok);
  187   1          if ((ok != 0U) && (id == QMI8658_CHIP_ID_VALUE)) {
  188   2              QMI8658_I2C_Addr = QMI8658_I2C_ADDR_ALT;
C251 COMPILER V5.60.0,  QMI8658                                                            07/05/26  09:39:31  PAGE 4   

  189   2              if (selected_id != NULL) {
  190   3                  *selected_id = id;
  191   3              }
  192   2              LOGI("IMU", "id probe alt ok id=0x%02X addr=0x%02X", id, QMI8658_I2C_Addr);
  193   2              return 0U;
  194   2          }
  195   1      
  196   1          LOGW("IMU", "id probe fail err=%s", QMI8658_I2cErrName(qmi8658_last_i2c_error));
  197   1          return 1U;
  198   1      }
  199          
  200          static u8 QMI8658_ProbeAddr(u8 addr)
  201          {
  202   1          u8 dummy;
  203   1      
  204   1          dummy = QMI8658_REG_WHO_AM_I;
  205   1          qmi8658_last_i2c_error = QMI8658_I2C_OK;
  206   1          I2C_WriteNbyte(QMI8658_I2C_WRITE(addr), QMI8658_REG_WHO_AM_I, &dummy, 0U);
  207   1          if (Get_MSBusy_Status() != 0U) {
  208   2              qmi8658_last_i2c_error = QMI8658_I2C_ERR_BUSY;
  209   2              return 1U;
  210   2          }
  211   1          return 0U;
  212   1      }
  213          
  214          static u8 QMI8658_CheckReadyFlag(void)
  215          {
  216   1          u8 status0;
  217   1      #if QMI8658_READY_MODE_STATUSINT
                   u8 statusint;
               #endif
  220   1      
  221   1          status0 = QMI8658_ReadReg(QMI8658_REG_STATUS0);
  222   1          if (qmi8658_last_i2c_error != QMI8658_I2C_OK) {
  223   2              return 0U;
  224   2          }
  225   1          g_qmi8658_ctx.last_status0 = status0;
  226   1      
  227   1      #if QMI8658_READY_MODE_STATUSINT
                   statusint = QMI8658_ReadReg(QMI8658_REG_STATUSINT);
                   if (qmi8658_last_i2c_error != QMI8658_I2C_OK) {
                       return 0U;
                   }
                   g_qmi8658_ctx.last_statusint = statusint;
                   return ((statusint & QMI8658_STATUSINT_AVAIL) != 0U) ? 1U : 0U;
               #else
  235   1          g_qmi8658_ctx.last_statusint = 0U;
  236   1      #if !QMI8658_INIT_NONBLOCKING
  237   1          return ((status0 & QMI8658_STATUS0_A_DA) != 0U) ? 1U : 0U;
  238   1      #else
                   return (((status0 & (QMI8658_STATUS0_A_DA | QMI8658_STATUS0_G_DA)) ==
                            (QMI8658_STATUS0_A_DA | QMI8658_STATUS0_G_DA)) ? 1U : 0U);
               #endif
  242   1      #endif
  243   1      }
  244          
  245          static s8 QMI8658_ClearDataPath(void)
  246          {
  247   1          if (QMI8658_WriteReg(QMI8658_REG_CTRL7, 0x00U) != 0U) {
  248   2              return -1;
  249   2          }
  250   1          if (QMI8658_WriteReg(QMI8658_REG_CTRL6, QMI8658_CTRL6_INIT) != 0U) {
  251   2              return -1;
  252   2          }
  253   1          if (QMI8658_WriteReg(QMI8658_REG_CTRL8, QMI8658_CTRL8_INIT) != 0U) {
  254   2              return -1;
C251 COMPILER V5.60.0,  QMI8658                                                            07/05/26  09:39:31  PAGE 5   

  255   2          }
  256   1          if (QMI8658_WriteReg(QMI8658_REG_FIFO_WTM, QMI8658_FIFO_WTM_INIT) != 0U) {
  257   2              return -1;
  258   2          }
  259   1          if (QMI8658_WriteReg(QMI8658_REG_FIFO_CTRL, QMI8658_FIFO_CTRL_BYPASS) != 0U) {
  260   2              return -1;
  261   2          }
  262   1          if (QMI8658_WriteReg(QMI8658_REG_CTRL9, QMI8658_CTRL9_CMD_RST_FIFO) != 0U) {
  263   2              return -1;
  264   2          }
  265   1          QMI8658Port_DelayMs(2U);
  266   1          if (QMI8658_WriteReg(QMI8658_REG_CTRL9, QMI8658_CTRL9_CMD_ACK) != 0U) {
  267   2              return -1;
  268   2          }
  269   1          return 0;
  270   1      }
  271          
  272          static u8 QMI8658_ConfigReadbackOk(void)
  273          {
  274   1          u8 ctrl1;
  275   1          u8 ctrl2;
  276   1          u8 ctrl3;
  277   1          u8 ctrl5;
  278   1          u8 ctrl7;
  279   1      
  280   1          ctrl1 = QMI8658_ReadReg(QMI8658_REG_CTRL1);
  281   1          ctrl2 = QMI8658_ReadReg(QMI8658_REG_CTRL2);
  282   1          ctrl3 = QMI8658_ReadReg(QMI8658_REG_CTRL3);
  283   1          ctrl5 = QMI8658_ReadReg(QMI8658_REG_CTRL5);
  284   1          ctrl7 = QMI8658_ReadReg(QMI8658_REG_CTRL7);
  285   1          LOGI("IMU", "cfg readback c1=%02X c2=%02X c3=%02X c5=%02X c7=%02X",
  286   1               ctrl1, ctrl2, ctrl3, ctrl5, ctrl7);
  287   1      
  288   1          if (qmi8658_last_i2c_error != QMI8658_I2C_OK) {
  289   2              return 0U;
  290   2          }
  291   1          if (ctrl1 != QMI8658_CTRL1_INIT) {
  292   2              return 0U;
  293   2          }
  294   1          if (ctrl2 != QMI8658_CTRL2_INIT) {
  295   2              return 0U;
  296   2          }
  297   1          if (ctrl3 != QMI8658_CTRL3_INIT) {
  298   2              return 0U;
  299   2          }
  300   1          if (ctrl5 != QMI8658_CTRL5_INIT) {
  301   2              return 0U;
  302   2          }
  303   1          if (ctrl7 != QMI8658_CTRL7_INIT) {
  304   2              return 0U;
  305   2          }
  306   1          return 1U;
  307   1      }
  308          
  309          static void QMI8658_LogDataPath(char *phase)
  310          {
  311   1          u8 ctrl1;
  312   1          u8 ctrl2;
  313   1          u8 ctrl3;
  314   1          u8 ctrl5;
  315   1          u8 ctrl7;
  316   1          u8 status0;
  317   1          u8 statusint;
  318   1          u8 ts_raw[3];
  319   1          u8 temp_raw[2];
  320   1          u8 raw[12];
C251 COMPILER V5.60.0,  QMI8658                                                            07/05/26  09:39:31  PAGE 6   

  321   1          u32 ts;
  322   1          int16 temp;
  323   1          int16 ax;
  324   1          int16 ay;
  325   1          int16 az;
  326   1          int16 gx;
  327   1          int16 gy;
  328   1          int16 gz;
  329   1      
  330   1          ctrl1 = QMI8658_ReadReg(QMI8658_REG_CTRL1);
  331   1          ctrl2 = QMI8658_ReadReg(QMI8658_REG_CTRL2);
  332   1          ctrl3 = QMI8658_ReadReg(QMI8658_REG_CTRL3);
  333   1          ctrl5 = QMI8658_ReadReg(QMI8658_REG_CTRL5);
  334   1          ctrl7 = QMI8658_ReadReg(QMI8658_REG_CTRL7);
  335   1          statusint = QMI8658_ReadReg(QMI8658_REG_STATUSINT);
  336   1          status0 = QMI8658_ReadReg(QMI8658_REG_STATUS0);
  337   1          LOGI("IMU", "%s regs c1=%02X c2=%02X c3=%02X c5=%02X c7=%02X",
  338   1               phase, ctrl1, ctrl2, ctrl3, ctrl5, ctrl7);
  339   1          LOGI("IMU", "%s status int=%02X s0=%02X", phase, statusint, status0);
  340   1      
  341   1          if (QMI8658_ReadNByte(QMI8658_REG_TIMESTAMP_L, ts_raw, 3U) == 0U) {
  342   2              ts = ((u32)ts_raw[2] << 16) | ((u32)ts_raw[1] << 8) | ts_raw[0];
  343   2              LOGI("IMU", "%s ts=%lu", phase, ts);
  344   2          }
  345   1          if (QMI8658_ReadNByte(QMI8658_REG_TEMP_L, temp_raw, 2U) == 0U) {
  346   2              temp = (int16)((u16)temp_raw[1] << 8 | temp_raw[0]);
  347   2              LOGI("IMU", "%s temp=%d", phase, temp);
  348   2          }
  349   1          if (QMI8658_ReadNByte(QMI8658_REG_AX_L, raw, 12U) == 0U) {
  350   2              ax = (int16)((u16)raw[1] << 8 | raw[0]);
  351   2              ay = (int16)((u16)raw[3] << 8 | raw[2]);
  352   2              az = (int16)((u16)raw[5] << 8 | raw[4]);
  353   2              gx = (int16)((u16)raw[7] << 8 | raw[6]);
  354   2              gy = (int16)((u16)raw[9] << 8 | raw[8]);
  355   2              gz = (int16)((u16)raw[11] << 8 | raw[10]);
  356   2              LOGI("IMU", "%s raw a=%d %d %d g=%d %d %d", phase, ax, ay, az, gx, gy, gz);
  357   2          }
  358   1      }
  359          
  360          static u8 QMI8658_LogDataWindow(void)
  361          {
  362   1          u8 i;
  363   1          u8 status0;
  364   1          u8 statusint;
  365   1          u8 ts_raw[3];
  366   1          u8 temp_raw[2];
  367   1          u8 raw[12];
  368   1          u32 ts;
  369   1          int16 temp;
  370   1          int16 ax;
  371   1          int16 ay;
  372   1          int16 az;
  373   1          int16 gx;
  374   1          int16 gy;
  375   1          int16 gz;
  376   1          u8 saw_data;
  377   1      
  378   1          saw_data = 0U;
  379   1          LOGI("IMU", "data window start");
  380   1      
  381   1          for (i = 0U; i < 10U; i++) {
  382   2              statusint = QMI8658_ReadReg(QMI8658_REG_STATUSINT);
  383   2              status0 = QMI8658_ReadReg(QMI8658_REG_STATUS0);
  384   2      
  385   2              ts = 0UL;
  386   2              if (QMI8658_ReadNByte(QMI8658_REG_TIMESTAMP_L, ts_raw, 3U) == 0U) {
C251 COMPILER V5.60.0,  QMI8658                                                            07/05/26  09:39:31  PAGE 7   

  387   3                  ts = ((u32)ts_raw[2] << 16) | ((u32)ts_raw[1] << 8) | ts_raw[0];
  388   3              }
  389   2      
  390   2              temp = 0;
  391   2              if (QMI8658_ReadNByte(QMI8658_REG_TEMP_L, temp_raw, 2U) == 0U) {
  392   3                  temp = (int16)((u16)temp_raw[1] << 8 | temp_raw[0]);
  393   3              }
  394   2      
  395   2              ax = 0;
  396   2              ay = 0;
  397   2              az = 0;
  398   2              gx = 0;
  399   2              gy = 0;
  400   2              gz = 0;
  401   2              if (QMI8658_ReadNByte(QMI8658_REG_AX_L, raw, 12U) == 0U) {
  402   3                  ax = (int16)((u16)raw[1] << 8 | raw[0]);
  403   3                  ay = (int16)((u16)raw[3] << 8 | raw[2]);
  404   3                  az = (int16)((u16)raw[5] << 8 | raw[4]);
  405   3                  gx = (int16)((u16)raw[7] << 8 | raw[6]);
  406   3                  gy = (int16)((u16)raw[9] << 8 | raw[8]);
  407   3                  gz = (int16)((u16)raw[11] << 8 | raw[10]);
  408   3              }
  409   2      
  410   2              LOGI("IMU", "poll%u si=%02X s0=%02X ts=%lu t=%d a=%d %d %d",
  411   2                   (u16)i, statusint, status0, ts, temp, ax, ay, az);
  412   2              LOGI("IMU", "poll%u g=%d %d %d", (u16)i, gx, gy, gz);
  413   2      
  414   2              if ((status0 != 0U) || (ts != 0UL) || (temp != 0) ||
  415   2                  (ax != 0) || (ay != 0) || (az != 0) ||
  416   2                  (gx != 0) || (gy != 0) || (gz != 0)) {
  417   3                  saw_data = 1U;
  418   3                  break;
  419   3              }
  420   2              QMI8658Port_DelayMs(100U);
  421   2          }
  422   1      
  423   1          LOGI("IMU", "data window result=%s", (saw_data != 0U) ? "DATA" : "ALL_ZERO");
  424   1          return saw_data;
  425   1      }
  426          
  427          static s8 QMI8658_EnterRetryOrFail(char *reason)
  428          {
  429   1          if (g_qmi8658_ctx.init_retry < QMI8658_INIT_RETRY_MAX) {
  430   2              g_qmi8658_ctx.init_retry++;
  431   2              LOGW("IMU", "%s -> retry %u/%u", reason,
  433   2                   (u16)g_qmi8658_ctx.init_retry,
  433   2                   (u16)QMI8658_INIT_RETRY_MAX);
  434   2              QMI8658Port_BusRecover();
  435   2              QMI8658_SetState(QMI8658_STATE_BUS_PREPARE, QMI8658_INIT_RETRY_DELAY_MS);
  436   2              return 0;
  437   2          }
  438   1      
  439   1          LOGE("IMU", "%s -> FAILED err=%s", reason, QMI8658_I2cErrName(qmi8658_last_i2c_error));
  440   1          g_qmi8658_ctx.data_ready = 0U;
  441   1          QMI8658_SetState(QMI8658_STATE_FAILED, 0U);
  442   1          return -1;
  443   1      }
  444          
  445          s8 QMI8658_Init(void)
  446          {
  447   1      #if QMI8658_INIT_NONBLOCKING
                   QMI8658_RequestReinit();
                   return 0;
               #else
  451   1          u8 id;
  452   1          u8 retry;
C251 COMPILER V5.60.0,  QMI8658                                                            07/05/26  09:39:31  PAGE 8   

  453   1          u8 reset_state;
  454   1          u8 ctrl1_rb;
  455   1          u8 ctrl2_rb;
  456   1          u8 ctrl3_rb;
  457   1          u8 ctrl5_rb;
  458   1          u8 ctrl7_rb;
  459   1          u8 saw_data;
  460   1      
  461   1          id = 0xFFU;
  462   1          saw_data = 0U;
  463   1          g_qmi8658_ctx.data_ready = 0U;
  464   1          g_qmi8658_ctx.init_retry = 0U;
  465   1          g_qmi8658_ctx.selected_id = 0xFFU;
  466   1          g_qmi8658_ctx.last_status0 = 0U;
  467   1          g_qmi8658_ctx.last_statusint = 0U;
  468   1          g_qmi8658_ctx.state = QMI8658_STATE_IDLE;
  469   1          qmi8658_last_i2c_error = QMI8658_I2C_OK;
  470   1      
  471   1          LOGI("IMU", "========== QMI8658 Init Start ==========");
  472   1          LOGI("IMU", "legacy bring-up: soft_reset=%u diag=%u bus=%s",
  475   1               (u16)QMI8658_SOFT_RESET_ENABLE,
  475   1               (u16)QMI8658_DIAG_ENABLE,
  475   1               QMI8658Port_BackendName());
  476   1          LOGD("IMU", "primary addr=0x%02X alt=0x%02X",
  478   1               QMI8658_I2C_WRITE(QMI8658_I2C_ADDR_PRIMARY),
  478   1               QMI8658_I2C_WRITE(QMI8658_I2C_ADDR_ALT));
  479   1      
  480   1          if (QMI8658Port_Init() != SUCCESS) {
  481   2              LOGE("IMU", "port init fail");
  482   2              g_qmi8658_ctx.state = QMI8658_STATE_FAILED;
  483   2              return -1;
  484   2          }
  485   1      
  486   1          for (retry = 0U; retry < 3U; retry++) {
  487   2              QMI8658_I2C_Addr = QMI8658_I2C_ADDR_PRIMARY;
  488   2              LOGD("IMU", "probe primary 0x%02X try=%u",
  489   2                   QMI8658_I2C_WRITE(QMI8658_I2C_Addr), (u16)(retry + 1U));
  490   2              if (QMI8658_ProbeAddr(QMI8658_I2C_ADDR_PRIMARY) == 0U) {
  491   3                  LOGD("IMU", "found device at primary addr=0x%02X",
  492   3                       QMI8658_I2C_WRITE(QMI8658_I2C_Addr));
  493   3                  break;
  494   3              }
  495   2      
  496   2              LOGW("IMU", "primary addr no ACK, try alt");
  497   2              QMI8658_I2C_Addr = QMI8658_I2C_ADDR_ALT;
  498   2              LOGD("IMU", "probe alt 0x%02X", QMI8658_I2C_WRITE(QMI8658_I2C_Addr));
  499   2              if (QMI8658_ProbeAddr(QMI8658_I2C_ADDR_ALT) == 0U) {
  500   3                  LOGD("IMU", "found device at alt addr=0x%02X",
  501   3                       QMI8658_I2C_WRITE(QMI8658_I2C_Addr));
  502   3                  break;
  503   3              }
  504   2      
  505   2              QMI8658_I2C_Addr = QMI8658_I2C_ADDR_PRIMARY;
  506   2              LOGW("IMU", "addr probe fail try=%u, wait 200ms retry", (u16)(retry + 1U));
  507   2              QMI8658Port_DelayMs(200U);
  508   2          }
  509   1      
  510   1          if (retry >= 3U) {
  511   2              LOGE("IMU", "no device found after 3 tries");
  512   2              g_qmi8658_ctx.state = QMI8658_STATE_FAILED;
  513   2              return -1;
  514   2          }
  515   1      
  516   1          LOGD("IMU", "power-up wait %ums", (u16)QMI8658_PWR_UP_DELAY_MS);
  517   1          QMI8658Port_DelayMs(QMI8658_PWR_UP_DELAY_MS);
  518   1      
C251 COMPILER V5.60.0,  QMI8658                                                            07/05/26  09:39:31  PAGE 9   

  519   1          id = QMI8658_ReadID();
  520   1          if (id != QMI8658_CHIP_ID_VALUE) {
  521   2              LOGE("IMU", "WHO_AM_I error got=0x%02X exp=0x%02X", id, QMI8658_CHIP_ID_VALUE);
  522   2              g_qmi8658_ctx.state = QMI8658_STATE_FAILED;
  523   2              return -1;
  524   2          }
  525   1          g_qmi8658_ctx.selected_id = id;
  526   1          LOGD("IMU", "WHO_AM_I=0x%02X OK addr=0x%02X", id, QMI8658_I2C_Addr);
  527   1      
  528   1          reset_state = QMI8658_ReadReg(QMI8658_REG_RESET_STATE);
  529   1          LOGI("IMU", "reset_state before=0x%02X", reset_state);
  530   1      
  531   1          if (QMI8658_SOFT_RESET_ENABLE != 0) {
  532   2              if (reset_state != QMI8658_RESET_STATE_READY) {
  533   3                  if (QMI8658_WriteReg(QMI8658_REG_RESET, 0xB0U) != 0U) {
  534   4                      LOGE("IMU", "soft reset WR fail");
  535   4                      g_qmi8658_ctx.state = QMI8658_STATE_FAILED;
  536   4                      return -1;
  537   4                  }
  538   3                  QMI8658Port_DelayMs(QMI8658_RESET_DELAY_MS);
  539   3                  reset_state = QMI8658_ReadReg(QMI8658_REG_RESET_STATE);
  540   3                  LOGI("IMU", "reset_state after=0x%02X", reset_state);
  541   3              } else {
  542   3                  LOGI("IMU", "reset_state ready, skip reset");
  543   3              }
  544   2          } else {
  545   2              LOGI("IMU", "soft reset disabled state=0x%02X", reset_state);
  546   2          }
  547   1      
  548   1          if (reset_state == 0xFFU) {
  549   2              LOGE("IMU", "reset_state read fail after reset");
  550   2              g_qmi8658_ctx.state = QMI8658_STATE_FAILED;
  551   2              return -1;
  552   2          }
  553   1      
  554   1          id = QMI8658_ReadID();
  555   1          if (id != QMI8658_CHIP_ID_VALUE) {
  556   2              LOGE("IMU", "WHO_AM_I lost after reset got=0x%02X", id);
  557   2              g_qmi8658_ctx.state = QMI8658_STATE_FAILED;
  558   2              return -1;
  559   2          }
  560   1      
  561   1          if (QMI8658_CLEAR_DATAPATH_ENABLE != 0) {
  562   2              if (QMI8658_ClearDataPath() != 0) {
  563   3                  LOGE("IMU", "clear data path fail");
  564   3                  g_qmi8658_ctx.state = QMI8658_STATE_FAILED;
  565   3                  return -1;
  566   3              }
  567   2              QMI8658_LogDataPath("after_clear");
  568   2          } else {
  569   2              LOGI("IMU", "skip ctrl6/8/fifo/ctrl9 clear");
  570   2          }
  571   1      
  572   1          LOGD("IMU", "step1 CTRL7=0x00 (disable sensors)");
  573   1          if (QMI8658_WriteReg(QMI8658_REG_CTRL7, 0x00U) != 0U) {
  574   2              LOGE("IMU", "step1 WR fail");
  575   2              g_qmi8658_ctx.state = QMI8658_STATE_FAILED;
  576   2              return -1;
  577   2          }
  578   1      
  579   1          LOGD("IMU", "step2 CTRL1=0x%02X", QMI8658_CTRL1_INIT);
  580   1          if (QMI8658_WriteReg(QMI8658_REG_CTRL1, QMI8658_CTRL1_INIT) != 0U) {
  581   2              LOGE("IMU", "step2 WR fail");
  582   2              g_qmi8658_ctx.state = QMI8658_STATE_FAILED;
  583   2              return -1;
  584   2          }
C251 COMPILER V5.60.0,  QMI8658                                                            07/05/26  09:39:31  PAGE 10  

  585   1      
  586   1          LOGD("IMU", "step3 CTRL2=0x%02X (ACC range+ODR)", QMI8658_CTRL2_INIT);
  587   1          if (QMI8658_WriteReg(QMI8658_REG_CTRL2, QMI8658_CTRL2_INIT) != 0U) {
  588   2              LOGE("IMU", "step3 WR fail");
  589   2              g_qmi8658_ctx.state = QMI8658_STATE_FAILED;
  590   2              return -1;
  591   2          }
  592   1      
  593   1          LOGD("IMU", "step4 CTRL3=0x%02X (GYRO range+ODR)", QMI8658_CTRL3_INIT);
  594   1          if (QMI8658_WriteReg(QMI8658_REG_CTRL3, QMI8658_CTRL3_INIT) != 0U) {
  595   2              LOGE("IMU", "step4 WR fail");
  596   2              g_qmi8658_ctx.state = QMI8658_STATE_FAILED;
  597   2              return -1;
  598   2          }
  599   1      
  600   1          LOGD("IMU", "step5 CTRL5=0x%02X", QMI8658_CTRL5_INIT);
  601   1          if (QMI8658_WriteReg(QMI8658_REG_CTRL5, QMI8658_CTRL5_INIT) != 0U) {
  602   2              LOGE("IMU", "step5 WR fail");
  603   2              g_qmi8658_ctx.state = QMI8658_STATE_FAILED;
  604   2              return -1;
  605   2          }
  606   1      
  607   1          LOGD("IMU", "step6 CTRL7=0x%02X (enable sensors)", QMI8658_CTRL7_INIT);
  608   1          if (QMI8658_WriteReg(QMI8658_REG_CTRL7, QMI8658_CTRL7_INIT) != 0U) {
  609   2              LOGE("IMU", "step6 WR fail");
  610   2              g_qmi8658_ctx.state = QMI8658_STATE_FAILED;
  611   2              return -1;
  612   2          }
  613   1          QMI8658Port_DelayMs(QMI8658_ENABLE_DELAY_MS);
  614   1      
  615   1          ctrl1_rb = QMI8658_ReadReg(QMI8658_REG_CTRL1);
  616   1          ctrl2_rb = QMI8658_ReadReg(QMI8658_REG_CTRL2);
  617   1          ctrl3_rb = QMI8658_ReadReg(QMI8658_REG_CTRL3);
  618   1          ctrl5_rb = QMI8658_ReadReg(QMI8658_REG_CTRL5);
  619   1          ctrl7_rb = QMI8658_ReadReg(QMI8658_REG_CTRL7);
  620   1          LOGI("IMU", "readback CTRL1=0x%02X CTRL2=0x%02X CTRL3=0x%02X CTRL5=0x%02X CTRL7=0x%02X",
  621   1               ctrl1_rb, ctrl2_rb, ctrl3_rb, ctrl5_rb, ctrl7_rb);
  622   1      
  623   1          if (ctrl1_rb != QMI8658_CTRL1_INIT) {
  624   2              LOGW("IMU", "CTRL1 mismatch read=0x%02X exp=0x%02X", ctrl1_rb, QMI8658_CTRL1_INIT);
  625   2          }
  626   1          if (ctrl2_rb != QMI8658_CTRL2_INIT) {
  627   2              LOGW("IMU", "CTRL2 mismatch read=0x%02X exp=0x%02X", ctrl2_rb, QMI8658_CTRL2_INIT);
  628   2          }
  629   1          if (ctrl3_rb != QMI8658_CTRL3_INIT) {
  630   2              LOGW("IMU", "CTRL3 mismatch read=0x%02X exp=0x%02X", ctrl3_rb, QMI8658_CTRL3_INIT);
  631   2          }
  632   1          if (ctrl5_rb != QMI8658_CTRL5_INIT) {
  633   2              LOGW("IMU", "CTRL5 mismatch read=0x%02X exp=0x%02X", ctrl5_rb, QMI8658_CTRL5_INIT);
  634   2          }
  635   1          if (ctrl7_rb != QMI8658_CTRL7_INIT) {
  636   2              LOGW("IMU", "CTRL7 mismatch read=0x%02X exp=0x%02X", ctrl7_rb, QMI8658_CTRL7_INIT);
  637   2          }
  638   1      
  639   1      #if QMI8658_DIAG_ENABLE
                   QMI8658_LogDataPath("after_enable");
               #endif
  642   1      
  643   1          LOGD("IMU", "wait sensor data ready...");
  644   1          if (QMI8658_Wait_AccReady(QMI8658_READY_TIMEOUT_MS) != 0) {
  645   2              LOGW("IMU", "acc not ready in %ums, continue legacy data window",
  646   2                   (u16)QMI8658_READY_TIMEOUT_MS);
  647   2      #if QMI8658_DIAG_ENABLE
                       QMI8658_LogDataPath("not_ready");
                       saw_data = QMI8658_LogDataWindow();
               #endif
C251 COMPILER V5.60.0,  QMI8658                                                            07/05/26  09:39:31  PAGE 11  

  651   2          } else {
  652   2              saw_data = 1U;
  653   2      #if QMI8658_DIAG_ENABLE
                       QMI8658_LogDataPath("ready");
               #endif
  656   2          }
  657   1      
  658   1          Filter_ResetGyroLowPass();
  659   1          LOGI("IMU", "========== QMI8658 Init Done ==========");
  660   1          LOGI("IMU", "config: CTRL2=0x%02X CTRL3=0x%02X CTRL5=0x%02X CTRL7=0x%02X",
  661   1               QMI8658_CTRL2_INIT, QMI8658_CTRL3_INIT, QMI8658_CTRL5_INIT, QMI8658_CTRL7_INIT);
  662   1      
  663   1          if (saw_data == 0U) {
  664   2              LOGE("IMU", "legacy data window all zero");
  665   2              g_qmi8658_ctx.state = QMI8658_STATE_FAILED;
  666   2              g_qmi8658_ctx.data_ready = 0U;
  667   2              return -1;
  668   2          }
  669   1      
  670   1          g_qmi8658_ctx.last_status0 = QMI8658_ReadReg(QMI8658_REG_STATUS0);
  671   1          g_qmi8658_ctx.state = QMI8658_STATE_READY;
  672   1          g_qmi8658_ctx.data_ready = 1U;
  673   1          return 0;
  674   1      #endif
  675   1      }
  676          
  677          s8 QMI8658_Service(void)
  678          {
  679   1          u8 id;
  680   1          u8 reset_state;
  681   1          u32 now_ms;
  682   1      
  683   1          now_ms = Task_GetTickMs();
  684   1      
  685   1      #if !QMI8658_INIT_NONBLOCKING
  686   1          if (g_qmi8658_ctx.state == QMI8658_STATE_READY) {
  687   2              (void)QMI8658_PollDataReady();
  688   2              return 0;
  689   2          }
  690   1          if (g_qmi8658_ctx.state == QMI8658_STATE_FAILED) {
  691   2              return -1;
  692   2          }
  693   1          return 0;
  694   1      #endif
  695   1      
  696   1          if (g_qmi8658_ctx.state == QMI8658_STATE_IDLE) {
  697   2              return 0;
  698   2          }
  699   1      
  700   1          if (g_qmi8658_ctx.state == QMI8658_STATE_READY) {
  701   2              (void)QMI8658_PollDataReady();
  702   2              return 0;
  703   2          }
  704   1      
  705   1          if (g_qmi8658_ctx.state == QMI8658_STATE_FAILED) {
  706   2              return -1;
  707   2          }
  708   1      
  709   1          if (QMI8658_IsDue(now_ms) == 0U) {
  710   2              return 0;
  711   2          }
  712   1      
  713   1          switch (g_qmi8658_ctx.state) {
  714   2          case QMI8658_STATE_BUS_PREPARE:
  715   2              LOGI("IMU", "========== QMI8658 Init Start ==========");
  716   2              LOGI("IMU", "bring-up: soft_reset=%u diag=%u bus=%s",
C251 COMPILER V5.60.0,  QMI8658                                                            07/05/26  09:39:31  PAGE 12  

  719   2                   (u16)QMI8658_SOFT_RESET_ENABLE,
  719   2                   (u16)QMI8658_DIAG_ENABLE,
  719   2                   QMI8658Port_BackendName());
  720   2              if (QMI8658Port_Init() != SUCCESS) {
  721   3                  return QMI8658_EnterRetryOrFail("port init fail");
  722   3              }
  723   2              if (QMI8658Port_BusNeedsRecover() != 0U) {
  724   3                  QMI8658Port_BusRecover();
  725   3              }
  726   2              QMI8658_SetState(QMI8658_STATE_PWR_WAIT, QMI8658_PWR_UP_DELAY_MS);
  727   2              return 0;
  728   2      
  729   2          case QMI8658_STATE_PWR_WAIT:
  730   2              QMI8658_SetState(QMI8658_STATE_ID_PROBE, 0U);
  731   2              return 0;
  732   2      
  733   2          case QMI8658_STATE_ID_PROBE:
  734   2              if (QMI8658_SelectAddrByWhoAmI(&id) != 0U) {
  735   3                  return QMI8658_EnterRetryOrFail("who_am_i fail");
  736   3              }
  737   2              g_qmi8658_ctx.selected_id = id;
  738   2              LOGI("IMU", "WHO_AM_I=0x%02X i2c_addr=0x%02X", id, QMI8658_I2C_Addr);
  739   2              QMI8658_SetState(QMI8658_STATE_QUIESCE, 0U);
  740   2              return 0;
  741   2      
  742   2          case QMI8658_STATE_QUIESCE:
  743   2              if (QMI8658_WriteReg(QMI8658_REG_CTRL7, 0x00U) != 0U) {
  744   3                  return QMI8658_EnterRetryOrFail("quiesce fail");
  745   3              }
  746   2              if (QMI8658_CLEAR_DATAPATH_ENABLE != 0) {
  747   3                  if (QMI8658_ClearDataPath() != 0) {
  748   4                      return QMI8658_EnterRetryOrFail("pre-clear fail");
  749   4                  }
  750   3              }
  751   2              QMI8658_SetState(QMI8658_STATE_SOFT_RESET, 0U);
  752   2              return 0;
  753   2      
  754   2          case QMI8658_STATE_SOFT_RESET:
  755   2              if (QMI8658_SOFT_RESET_ENABLE != 0) {
  756   3                  if (QMI8658_WriteReg(QMI8658_REG_RESET, 0xB0U) != 0U) {
  757   4                      return QMI8658_EnterRetryOrFail("soft reset fail");
  758   4                  }
  759   3                  QMI8658_SetState(QMI8658_STATE_RESET_WAIT, QMI8658_RESET_DELAY_MS);
  760   3                  return 0;
  761   3              }
  762   2              QMI8658_SetState(QMI8658_STATE_CLEAR_PATH, 0U);
  763   2              return 0;
  764   2      
  765   2          case QMI8658_STATE_RESET_WAIT:
  766   2              reset_state = QMI8658_ReadReg(QMI8658_REG_RESET_STATE);
  767   2              LOGI("IMU", "reset_state=0x%02X", reset_state);
  768   2              if (qmi8658_last_i2c_error != QMI8658_I2C_OK) {
  769   3                  return QMI8658_EnterRetryOrFail("reset_state read fail");
  770   3              }
  771   2              QMI8658_SetState(QMI8658_STATE_CLEAR_PATH, 0U);
  772   2              return 0;
  773   2      
  774   2          case QMI8658_STATE_CLEAR_PATH:
  775   2              if (QMI8658_CLEAR_DATAPATH_ENABLE != 0) {
  776   3                  if (QMI8658_ClearDataPath() != 0) {
  777   4                      return QMI8658_EnterRetryOrFail("clear path fail");
  778   4                  }
  779   3              }
  780   2      #if QMI8658_DIAG_ENABLE
                       QMI8658_LogDataPath("after_clear");
               #endif
C251 COMPILER V5.60.0,  QMI8658                                                            07/05/26  09:39:31  PAGE 13  

  783   2              QMI8658_SetState(QMI8658_STATE_CONFIG_WRITE, 0U);
  784   2              return 0;
  785   2      
  786   2          case QMI8658_STATE_CONFIG_WRITE:
  787   2              if (QMI8658_WriteReg(QMI8658_REG_CTRL7, 0x00U) != 0U) {
  788   3                  return QMI8658_EnterRetryOrFail("cfg ctrl7 disable fail");
  789   3              }
  790   2              if (QMI8658_WriteReg(QMI8658_REG_CTRL1, QMI8658_CTRL1_INIT) != 0U) {
  791   3                  return QMI8658_EnterRetryOrFail("cfg ctrl1 fail");
  792   3              }
  793   2              if (QMI8658_WriteReg(QMI8658_REG_CTRL2, QMI8658_CTRL2_INIT) != 0U) {
  794   3                  return QMI8658_EnterRetryOrFail("cfg ctrl2 fail");
  795   3              }
  796   2              if (QMI8658_WriteReg(QMI8658_REG_CTRL3, QMI8658_CTRL3_INIT) != 0U) {
  797   3                  return QMI8658_EnterRetryOrFail("cfg ctrl3 fail");
  798   3              }
  799   2              if (QMI8658_WriteReg(QMI8658_REG_CTRL5, QMI8658_CTRL5_INIT) != 0U) {
  800   3                  return QMI8658_EnterRetryOrFail("cfg ctrl5 fail");
  801   3              }
  802   2              QMI8658_SetState(QMI8658_STATE_ENABLE, 0U);
  803   2              return 0;
  804   2      
  805   2          case QMI8658_STATE_ENABLE:
  806   2              if (QMI8658_WriteReg(QMI8658_REG_CTRL7, QMI8658_CTRL7_INIT) != 0U) {
  807   3                  return QMI8658_EnterRetryOrFail("enable fail");
  808   3              }
  809   2      #if QMI8658_DIAG_ENABLE
                       QMI8658_LogDataPath("after_enable");
               #endif
  812   2              g_qmi8658_ctx.ready_deadline_ms = now_ms + (u32)QMI8658_READY_TIMEOUT_MS;
  813   2              QMI8658_SetState(QMI8658_STATE_CONFIG_VERIFY, QMI8658_ENABLE_DELAY_MS);
  814   2              return 0;
  815   2      
  816   2          case QMI8658_STATE_CONFIG_VERIFY:
  817   2              if (QMI8658_ConfigReadbackOk() == 0U) {
  818   3                  return QMI8658_EnterRetryOrFail("cfg verify fail");
  819   3              }
  820   2              QMI8658_SetState(QMI8658_STATE_READY_WAIT, 0U);
  821   2              return 0;
  822   2      
  823   2          case QMI8658_STATE_READY_WAIT:
  824   2              if (QMI8658_CheckReadyFlag() != 0U) {
  825   3                  g_qmi8658_ctx.data_ready = 1U;
  826   3                  Filter_ResetGyroLowPass();
  827   3                  LOGI("IMU", "ready addr=0x%02X id=0x%02X status0=0x%02X",
  830   3                       QMI8658_I2C_Addr,
  830   3                       g_qmi8658_ctx.selected_id,
  830   3                       g_qmi8658_ctx.last_status0);
  831   3                  QMI8658_SetState(QMI8658_STATE_READY, 0U);
  832   3                  return 0;
  833   3              }
  834   2              if ((int32)(now_ms - g_qmi8658_ctx.ready_deadline_ms) >= 0) {
  835   3      #if QMI8658_DIAG_ENABLE
                           QMI8658_LogDataPath("ready_timeout");
               #endif
  838   3                  return QMI8658_EnterRetryOrFail("ready timeout");
  839   3              }
  840   2              g_qmi8658_ctx.due_ms = now_ms + 5U;
  841   2              return 0;
  842   2      
  843   2          default:
  844   2              QMI8658_SetState(QMI8658_STATE_FAILED, 0U);
  845   2              return -1;
  846   2          }
  847   1      }
  848          
C251 COMPILER V5.60.0,  QMI8658                                                            07/05/26  09:39:31  PAGE 14  

  849          void QMI8658_RequestReinit(void)
  850          {
  851   1          g_qmi8658_ctx.data_ready = 0U;
  852   1          g_qmi8658_ctx.init_retry = 0U;
  853   1          g_qmi8658_ctx.selected_id = 0xFFU;
  854   1          g_qmi8658_ctx.last_status0 = 0U;
  855   1          g_qmi8658_ctx.last_statusint = 0U;
  856   1          qmi8658_last_i2c_error = QMI8658_I2C_OK;
  857   1          QMI8658_I2C_Addr = QMI8658_I2C_ADDR_PRIMARY;
  858   1          QMI8658_SetState(QMI8658_STATE_BUS_PREPARE, 0U);
  859   1      }
  860          
  861          u8 QMI8658_IsReady(void)
  862          {
  863   1          return (g_qmi8658_ctx.state == QMI8658_STATE_READY) ? 1U : 0U;
  864   1      }
  865          
  866          QMI8658_State_t QMI8658_GetState(void)
  867          {
  868   1          return g_qmi8658_ctx.state;
  869   1      }
  870          
  871          u8 QMI8658_HasDataReady(void)
  872          {
  873   1          return g_qmi8658_ctx.data_ready;
  874   1      }
  875          
  876          void QMI8658_ClearDataReady(void)
  877          {
  878   1          g_qmi8658_ctx.data_ready = 0U;
  879   1      }
  880          
  881          u8 QMI8658_PollDataReady(void)
  882          {
  883   1          if (g_qmi8658_ctx.state != QMI8658_STATE_READY) {
  884   2              return 0U;
  885   2          }
  886   1      
  887   1          if (QMI8658_CheckReadyFlag() != 0U) {
  888   2              g_qmi8658_ctx.data_ready = 1U;
  889   2          }
  890   1          return g_qmi8658_ctx.data_ready;
  891   1      }
  892          
  893          u8 QMI8658_ReadID(void)
  894          {
  895   1          return QMI8658_ReadReg(QMI8658_REG_WHO_AM_I);
  896   1      }
  897          
  898          s8 QMI8658_ReadAcc(int16 *x, int16 *y, int16 *z)
  899          {
  900   1          u8 raw[6];
  901   1          int16 ax;
  902   1          int16 ay;
  903   1          int16 az;
  904   1      
  905   1          if ((x == NULL) || (y == NULL) || (z == NULL)) {
  906   2              qmi8658_last_i2c_error = QMI8658_I2C_ERR_PARAM;
  907   2              return -1;
  908   2          }
  909   1          if (QMI8658_ReadNByte(QMI8658_REG_AX_L, raw, 6U) != 0U) {
  910   2              return -1;
  911   2          }
  912   1      
  913   1          ax = (int16)((u16)raw[1] << 8 | raw[0]);
  914   1          ay = (int16)((u16)raw[3] << 8 | raw[2]);
C251 COMPILER V5.60.0,  QMI8658                                                            07/05/26  09:39:31  PAGE 15  

  915   1          az = (int16)((u16)raw[5] << 8 | raw[4]);
  916   1          if (QMI8658_ACC_IS_ZERO(ax, ay, az) || QMI8658_DATA_IS_INVALID(ax, ay, az)) {
  917   2              return -1;
  918   2          }
  919   1      
  920   1          *x = ax;
  921   1          *y = ay;
  922   1          *z = az;
  923   1          return 0;
  924   1      }
  925          
  926          s8 QMI8658_ReadGyro(int16 *x, int16 *y, int16 *z)
  927          {
  928   1          u8 raw[6];
  929   1          int16 gx;
  930   1          int16 gy;
  931   1          int16 gz;
  932   1      
  933   1          if ((x == NULL) || (y == NULL) || (z == NULL)) {
  934   2              qmi8658_last_i2c_error = QMI8658_I2C_ERR_PARAM;
  935   2              return -1;
  936   2          }
  937   1          if (QMI8658_ReadNByte(QMI8658_REG_GX_L, raw, 6U) != 0U) {
  938   2              return -1;
  939   2          }
  940   1      
  941   1          gx = (int16)((u16)raw[1] << 8 | raw[0]);
  942   1          gy = (int16)((u16)raw[3] << 8 | raw[2]);
  943   1          gz = (int16)((u16)raw[5] << 8 | raw[4]);
  944   1          if (QMI8658_GYRO_IS_ZERO(gx, gy, gz) || QMI8658_DATA_IS_INVALID(gx, gy, gz)) {
  945   2              return -1;
  946   2          }
  947   1      
  948   1          *x = gx;
  949   1          *y = gy;
  950   1          *z = gz;
  951   1          return 0;
  952   1      }
  953          
  954          s8 QMI8658_ReadGyroFiltered(int16 *x, int16 *y, int16 *z)
  955          {
  956   1          int16 gx;
  957   1          int16 gy;
  958   1          int16 gz;
  959   1      
  960   1          if ((x == NULL) || (y == NULL) || (z == NULL)) {
  961   2              qmi8658_last_i2c_error = QMI8658_I2C_ERR_PARAM;
  962   2              return -1;
  963   2          }
  964   1          if (QMI8658_ReadGyro(&gx, &gy, &gz) != 0) {
  965   2              return -1;
  966   2          }
  967   1      
  968   1          return Filter_GyroLowPass(gx, gy, gz, x, y, z);
  969   1      }
  970          
  971          s8 QMI8658_ReadTemp(int16 *temp)
  972          {
  973   1          u8 raw[2];
  974   1      
  975   1          if (temp == NULL) {
  976   2              qmi8658_last_i2c_error = QMI8658_I2C_ERR_PARAM;
  977   2              return -1;
  978   2          }
  979   1          if (QMI8658_ReadNByte(QMI8658_REG_TEMP_L, raw, 2U) != 0U) {
  980   2              return -1;
C251 COMPILER V5.60.0,  QMI8658                                                            07/05/26  09:39:31  PAGE 16  

  981   2          }
  982   1      
  983   1          *temp = (int16)((u16)raw[1] << 8 | raw[0]);
  984   1          return 0;
  985   1      }
  986          
  987          s8 QMI8658_ReadAll(int16 *ax, int16 *ay, int16 *az,
  988                             int16 *gx, int16 *gy, int16 *gz)
  989          {
  990   1          u8 raw[12];
  991   1          int16 aax;
  992   1          int16 aay;
  993   1          int16 aaz;
  994   1          int16 ggx;
  995   1          int16 ggy;
  996   1          int16 ggz;
  997   1      
  998   1          if ((ax == NULL) || (ay == NULL) || (az == NULL) ||
  999   1              (gx == NULL) || (gy == NULL) || (gz == NULL)) {
 1000   2              qmi8658_last_i2c_error = QMI8658_I2C_ERR_PARAM;
 1001   2              return -1;
 1002   2          }
 1003   1          if (QMI8658_ReadNByte(QMI8658_REG_AX_L, raw, 12U) != 0U) {
 1004   2              return -1;
 1005   2          }
 1006   1      
 1007   1          aax = (int16)((u16)raw[1] << 8 | raw[0]);
 1008   1          aay = (int16)((u16)raw[3] << 8 | raw[2]);
 1009   1          aaz = (int16)((u16)raw[5] << 8 | raw[4]);
 1010   1          ggx = (int16)((u16)raw[7] << 8 | raw[6]);
 1011   1          ggy = (int16)((u16)raw[9] << 8 | raw[8]);
 1012   1          ggz = (int16)((u16)raw[11] << 8 | raw[10]);
 1013   1      
 1014   1          if ((QMI8658_ACC_IS_ZERO(aax, aay, aaz) || QMI8658_DATA_IS_INVALID(aax, aay, aaz)) &&
 1015   1              (QMI8658_GYRO_IS_ZERO(ggx, ggy, ggz) || QMI8658_DATA_IS_INVALID(ggx, ggy, ggz))) {
 1016   2              return -1;
 1017   2          }
 1018   1      
 1019   1          *ax = aax;
 1020   1          *ay = aay;
 1021   1          *az = aaz;
 1022   1          *gx = ggx;
 1023   1          *gy = ggy;
 1024   1          *gz = ggz;
 1025   1          g_qmi8658_ctx.data_ready = 0U;
 1026   1          return 0;
 1027   1      }
 1028          
 1029          s8 QMI8658_Wait_AccReady(u16 timeout_ms)
 1030          {
 1031   1          u16 i;
 1032   1      
 1033   1          for (i = 0U; i < timeout_ms; i += 5U) {
 1034   2              if ((QMI8658_ReadReg(QMI8658_REG_STATUS0) & QMI8658_STATUS0_A_DA) != 0U) {
 1035   3                  return 0;
 1036   3              }
 1037   2              QMI8658Port_DelayMs(5U);
 1038   2          }
 1039   1          return -1;
 1040   1      }
 1041          
 1042          s8 QMI8658_Wait_GyroReady(u16 timeout_ms)
 1043          {
 1044   1          u16 i;
 1045   1      
 1046   1          for (i = 0U; i < timeout_ms; i += 5U) {
C251 COMPILER V5.60.0,  QMI8658                                                            07/05/26  09:39:31  PAGE 17  

 1047   2              if ((QMI8658_ReadReg(QMI8658_REG_STATUS0) & QMI8658_STATUS0_G_DA) != 0U) {
 1048   3                  return 0;
 1049   3              }
 1050   2              QMI8658Port_DelayMs(5U);
 1051   2          }
 1052   1          return -1;
 1053   1      }
 1054          
 1055          void QMI8658_BusRecover(void)
 1056          {
 1057   1          QMI8658Port_BusRecover();
 1058   1      }
 1059          
 1060          s8 QMI8658_Enable(void)
 1061          {
 1062   1          return (QMI8658_WriteReg(QMI8658_REG_CTRL7, QMI8658_CTRL7_INIT) == 0U) ? 0 : -1;
 1063   1      }
 1064          
 1065          s8 QMI8658_Disable(void)
 1066          {
 1067   1          return (QMI8658_WriteReg(QMI8658_REG_CTRL7, 0x00U) == 0U) ? 0 : -1;
 1068   1      }
 1069          
 1070          void QMI8658_DumpRawRegs(void)
 1071          {
 1072   1          QMI8658_LogDataPath("dump");
 1073   1      }
 1074          
 1075          u8 QMI8658_GetLastI2cError(void)
 1076          {
 1077   1          return qmi8658_last_i2c_error;
 1078   1      }
 1079          
 1080          char *QMI8658_GetLastI2cErrorName(void)
 1081          {
 1082   1          return QMI8658_I2cErrName(qmi8658_last_i2c_error);
 1083   1      }
*** WARNING C174 IN LINE 115 OF ..\Code_boweny\Device\QMI8658\QMI8658.c: 'QMI8658_StateName': unreferenced 'static' func
             -tion
*** WARNING C174 IN LINE 360 OF ..\Code_boweny\Device\QMI8658\QMI8658.c: 'QMI8658_LogDataWindow': unreferenced 'static' 
             -function


Module Information          Static   Overlayable
------------------------------------------------
  code size            =      4270     ------
  ecode size           =    ------     ------
  data size            =    ------     ------
  idata size           =    ------     ------
  pdata size           =    ------     ------
  xdata size           =    ------     ------
  xdata-const size     =    ------     ------
  edata size           =        17        142
  bit size             =    ------     ------
  ebit size            =    ------     ------
  bitaddressable size  =    ------     ------
  ebitaddressable size =    ------     ------
  far data size        =    ------     ------
  huge data size       =    ------     ------
  const size           =    ------     ------
  hconst size          =      2085     ------
End of Module Information.


C251 COMPILATION COMPLETE.  2 WARNING(S),  0 ERROR(S)
