C251 COMPILER V5.60.0,  system_init                                                        16/05/26  05:32:03  PAGE 1   


C251 COMPILER V5.60.0, COMPILATION OF MODULE system_init
OBJECT MODULE PLACED IN .\list\system_init.obj
COMPILER INVOKED BY: C:\Keil_v5\C251\BIN\C251.EXE ..\User\system_init.c XSMALL INTR2 BROWSE INCDIR(..\Driver\inc;..\User
                    -;..\App\inc;..\Code_boweny\Function\Log;..\Code_boweny\Function\Filter;..\Code_boweny\Function\AHRS;..\Code_boweny\Funct
                    -ion\PID;..\Code_boweny\Device\QMC6309;..\Code_boweny\Device\QMI8658;..\Code_boweny\Device\GPS;..\Code_boweny\Device\WIRE
                    -LESS;..\Code_boweny\Device\MOTOR) DEBUG PRINT(.\list\system_init.lst) TABS(2) OBJECT(.\list\system_init.obj) 

stmt  level    source

    1          /*---------------------------------------------------------------------*/
    2          /* --- Web: www.STCAI.com ---------------------------------------------*/
    3          /*---------------------------------------------------------------------*/
    4          
    5          #include "config.h"
    6          #include "STC32G_GPIO.h"
    7          #include "STC32G_ADC.h"
    8          #include "STC32G_I2C.h"
    9          #include "STC32G_Timer.h"
   10          #include "STC32G_UART.h"
   11          #include "STC32G_Switch.h"
   12          #include "STC32G_NVIC.h"
   13          #include "..\Code_boweny\Function\Log\Log.h"
   14          #include "..\Code_boweny\Function\AHRS\AHRS.h"
   15          #include "..\Code_boweny\Device\QMC6309\QMC6309.h"
   16          #include "..\Code_boweny\Device\QMI8658\QMI8658.h"
   17          #include "..\Code_boweny\Device\GPS\GPS.h"
   18          #include "..\Code_boweny\Device\WIRELESS\wireless.h"
   19          
   20          u8 g_qmi8658_ready = 0;
   21          
   22          void GPIO_config(void)
   23          {
   24   1          P0_MODE_IO_PU(GPIO_Pin_All);
   25   1          P0_MODE_IN_HIZ(GPIO_Pin_0);
   26   1          P0_DIGIT_IN_DISABLE(GPIO_Pin_0);
   27   1          P1_MODE_IN_HIZ(GPIO_Pin_LOW);
   28   1          P1_MODE_OUT_OD(GPIO_Pin_4 | GPIO_Pin_5);
   29   1          P2_MODE_IO_PU(GPIO_Pin_All);
   30   1          P3_MODE_IO_PU(GPIO_Pin_LOW);
   31   1          P3_MODE_IO_PU(GPIO_Pin_HIGH);
   32   1          P4_MODE_IO_PU(GPIO_Pin_0 | GPIO_Pin_6 | GPIO_Pin_7);
   33   1          P6_MODE_IO_PU(GPIO_Pin_All);
   34   1          P7_MODE_IO_PU(GPIO_Pin_All);
   35   1      
   36   1          P1_PULL_UP_ENABLE(GPIO_Pin_4 | GPIO_Pin_5);
   37   1      }
   38          
   39          void Timer_config(void)
   40          {
   41   1          TIM_InitTypeDef TIM_InitStructure;
   42   1      
   43   1          TIM_InitStructure.TIM_Mode = TIM_16BitAutoReload;
   44   1          TIM_InitStructure.TIM_ClkSource = TIM_CLOCK_1T;
   45   1          TIM_InitStructure.TIM_ClkOut = DISABLE;
   46   1          TIM_InitStructure.TIM_Value = (u16)(65536UL - (MAIN_Fosc / 1000UL));
   47   1          TIM_InitStructure.TIM_PS = 0;
   48   1          TIM_InitStructure.TIM_Run = ENABLE;
   49   1          Timer_Inilize(Timer0, &TIM_InitStructure);
   50   1          NVIC_Timer0_Init(ENABLE, Priority_0);
   51   1      }
   52          
   53          void ADC_config(void)
   54          {
   55   1          ADC_InitTypeDef ADC_InitStructure;
   56   1      
C251 COMPILER V5.60.0,  system_init                                                        16/05/26  05:32:03  PAGE 2   

   57   1          ADC_InitStructure.ADC_SMPduty = 31;
   58   1          ADC_InitStructure.ADC_CsSetup = 0;
   59   1          ADC_InitStructure.ADC_CsHold = 1;
   60   1          ADC_InitStructure.ADC_Speed = ADC_SPEED_2X1T;
   61   1          ADC_InitStructure.ADC_AdjResult = ADC_RIGHT_JUSTIFIED;
   62   1          ADC_Inilize(&ADC_InitStructure);
   63   1          ADC_PowerControl(ENABLE);
   64   1          NVIC_ADC_Init(DISABLE, Priority_0);
   65   1      }
   66          
   67          void UART_config(void)
   68          {
   69   1          COMx_InitDefine COMx_InitStructure;
   70   1      
   71   1          COMx_InitStructure.UART_Mode = UART_8bit_BRTx;
   72   1          COMx_InitStructure.UART_BRT_Use = BRT_Timer1;
   73   1          COMx_InitStructure.UART_BaudRate = LOG_UART_BAUDRATE;
   74   1          COMx_InitStructure.UART_RxEnable = ENABLE;
   75   1          COMx_InitStructure.BaudRateDouble = DISABLE;
   76   1          UART_Configuration(UART1, &COMx_InitStructure);
   77   1          NVIC_UART1_Init(ENABLE, Priority_1);
   78   1      }
   79          
   80          void I2C_config(void)
   81          {
   82   1          I2C_InitTypeDef I2C_InitStructure;
   83   1      
   84   1          I2C_InitStructure.I2C_Mode = I2C_Mode_Master;
   85   1          I2C_InitStructure.I2C_Enable = ENABLE;
   86   1          I2C_InitStructure.I2C_MS_WDTA = DISABLE;
   87   1          I2C_InitStructure.I2C_Speed = SENSOR_I2C_SPEED_CFG;
   88   1          I2C_Init(&I2C_InitStructure);
   89   1          NVIC_I2C_Init(I2C_Mode_Master, DISABLE, Priority_0);
   90   1      }
   91          
   92          static void Sensor_I2C_prepare(void)
   93          {
   94   1          P1_MODE_OUT_OD(GPIO_Pin_4 | GPIO_Pin_5);
   95   1          P1_PULL_UP_ENABLE(GPIO_Pin_4 | GPIO_Pin_5);
   96   1          P14 = 1;
   97   1          P15 = 1;
   98   1          I2C_SW(I2C_P14_P15);
   99   1          I2C_config();
  100   1      }
  101          
  102          void Switch_config(void)
  103          {
  104   1          UART1_SW(UART1_SW_P30_P31);
  105   1          UART2_SW(UART2_SW_P10_P11);
  106   1          I2C_SW(I2C_P14_P15);
  107   1      }
  108          
  109          void SYS_Init(void)
  110          {
  111   1          EAXSFR();
  112   1          GPIO_config();
  113   1          Switch_config();
  114   1          Timer_config();
  115   1          ADC_config();
  116   1          UART_config();
  117   1          I2C_config();
  118   1          EA = 1;
  119   1      
  120   1      #if ENABLE_LOG_INIT
  121   1          log_init();
  122   1      #endif
C251 COMPILER V5.60.0,  system_init                                                        16/05/26  05:32:03  PAGE 3   

  123   1      
  124   1      #if ENABLE_WIRELESS_MODULE && ENABLE_LT8920_CHIP
  125   1          LOGI("SYS", "wireless stack init start");
  126   1          Wireless_Init();
  127   1      #endif
  128   1      
  129   1      #if ENABLE_GPS_MODULE
  130   1          LOGI("SYS", "gps init start");
  131   1          GPS_Init();
  132   1      #endif
  133   1      
  134   1      #if ENABLE_MAG_MODULE || ENABLE_IMU_MODULE
  135   1          LOGI("SYS", "sensor path init start");
  136   1          Sensor_I2C_prepare();
  137   1          g_qmi8658_ready = 0;
  138   1          AHRS_Reset();
  139   1      #if ENABLE_MAG_MODULE
  140   1          QMC6309_Init();
  141   1      #endif
  142   1      #if ENABLE_IMU_MODULE
  143   1      #if QMI8658_INIT_NONBLOCKING
                   QMI8658_RequestReinit();
                   g_qmi8658_ready = 0;
               #else
  147   1          g_qmi8658_ready = (QMI8658_Init() == 0) ? 1U : 0U;
  148   1          if (g_qmi8658_ready != 0U) {
  149   2              LOGI("SYS", "imu init ready");
  150   2          } else {
  151   2              LOGE("SYS", "imu init failed");
  152   2          }
  153   1      #endif
  154   1      #endif
  155   1      #else
                   g_qmi8658_ready = 0;
               #endif
  158   1      }


Module Information          Static   Overlayable
------------------------------------------------
  code size            =       470     ------
  ecode size           =    ------     ------
  data size            =    ------     ------
  idata size           =    ------     ------
  pdata size           =    ------     ------
  xdata size           =    ------     ------
  xdata-const size     =    ------     ------
  edata size           =         1         27
  bit size             =    ------     ------
  ebit size            =    ------     ------
  bitaddressable size  =    ------     ------
  ebitaddressable size =    ------     ------
  far data size        =    ------     ------
  huge data size       =    ------     ------
  const size           =    ------     ------
  hconst size          =       104     ------
End of Module Information.


C251 COMPILATION COMPLETE.  0 WARNING(S),  0 ERROR(S)
