C251 COMPILER V5.60.0,  Task                                                               16/05/26  05:32:03  PAGE 1   


C251 COMPILER V5.60.0, COMPILATION OF MODULE Task
OBJECT MODULE PLACED IN .\list\Task.obj
COMPILER INVOKED BY: C:\Keil_v5\C251\BIN\C251.EXE ..\User\Task.c XSMALL INTR2 BROWSE INCDIR(..\Driver\inc;..\User;..\App
                    -\inc;..\Code_boweny\Function\Log;..\Code_boweny\Function\Filter;..\Code_boweny\Function\AHRS;..\Code_boweny\Function\PID
                    -;..\Code_boweny\Device\QMC6309;..\Code_boweny\Device\QMI8658;..\Code_boweny\Device\GPS;..\Code_boweny\Device\WIRELESS;..
                    -\Code_boweny\Device\MOTOR) DEBUG PRINT(.\list\Task.lst) TABS(2) OBJECT(.\list\Task.obj) 

stmt  level    source

    1          /*---------------------------------------------------------------------*/
    2          /* --- Web: www.STCAI.com ---------------------------------------------*/
    3          /*---------------------------------------------------------------------*/
    4          
    5          #include "Task.h"
    6          
    7          static volatile u32 g_task_tick_ms = 0;
    8          
    9          void Task_Marks_Handler_Callback(void)
   10          {
   11   1          g_task_tick_ms++;
   12   1      }
   13          
   14          u32 Task_GetTickMs(void)
   15          {
   16   1          u32 tick;
   17   1          u8 ea_bak;
   18   1      
   19   1          ea_bak = EA;
   20   1          EA = 0;
   21   1          tick = g_task_tick_ms;
   22   1          EA = ea_bak;
   23   1      
   24   1          return tick;
   25   1      }
   26          
   27          void Task_Pro_Handler_Callback(void)
   28          {
   29   1      }


Module Information          Static   Overlayable
------------------------------------------------
  code size            =        30     ------
  ecode size           =    ------     ------
  data size            =    ------     ------
  idata size           =    ------     ------
  pdata size           =    ------     ------
  xdata size           =    ------     ------
  xdata-const size     =    ------     ------
  edata size           =         4     ------
  bit size             =    ------     ------
  ebit size            =    ------     ------
  bitaddressable size  =    ------     ------
  ebitaddressable size =    ------     ------
  far data size        =    ------     ------
  huge data size       =    ------     ------
  const size           =    ------     ------
  hconst size          =         8     ------
End of Module Information.


C251 COMPILATION COMPLETE.  0 WARNING(S),  0 ERROR(S)
