C251 COMPILER V5.60.0,  wireless                                                           07/05/26  09:39:31  PAGE 1   


C251 COMPILER V5.60.0, COMPILATION OF MODULE wireless
OBJECT MODULE PLACED IN .\list\wireless.obj
COMPILER INVOKED BY: C:\Keil_v5\C251\BIN\C251.EXE ..\Code_boweny\Device\WIRELESS\wireless.c XSMALL INTR2 BROWSE INCDIR(.
                    -.\Driver\inc;..\User;..\App\inc;..\Code_boweny\Function\Log;..\Code_boweny\Function\Filter;..\Code_boweny\Function\AHRS;
                    -..\Code_boweny\Function\PID;..\Code_boweny\Device\QMC6309;..\Code_boweny\Device\QMI8658;..\Code_boweny\Device\GPS;..\Cod
                    -e_boweny\Device\WIRELESS;..\Code_boweny\Device\MOTOR) DEBUG PRINT(.\list\wireless.lst) TABS(2) OBJECT(.\list\wireless.ob
                    -j) 

stmt  level    source

    1          /**
    2           * @file    wireless.c
    3           * @brief   LT8920 无线链路管理层实现。
    4           * @author  boweny
    5           * @date    2026-05-06
    6           * @version v1.1
    7           *
    8           * @details
    9           * 本文件在 LT8920 芯片层之上维护初始化、天线选择、收发状态、
   10           * 接收队列、发送入口和调试接口。旧遥控器业务需要的指定信道发送、
   11           * 同步寄存器 idle 写入、工作 RX 打开等流程都在这里封装给协议层使用。
   12           *
   13           * @note
   14           * `Wireless_Receive()` 返回的是 LT8920 RF payload，不等同于完整
   15           * `AA | len | cmd | payload | xor | BB` 业务协议帧。
   16           */
   17          #include "wireless.h"
   18          #include "lt8920.h"
   19          #include "wireless_port.h"
   20          #include "..\..\Function\Log\Log.h"
   21          
   22          static Wireless_State_t g_wireless_state;
   23          static u8 g_wireless_rx_len[WIRELESS_RX_QUEUE_DEPTH];
   24          static u8 g_wireless_rx_data[WIRELESS_RX_QUEUE_DEPTH][LT8920_MAX_PAYLOAD_LEN];
   25          static u8 g_wireless_rx_head = 0U;
   26          static u8 g_wireless_rx_tail = 0U;
   27          static u8 g_wireless_rx_count = 0U;
   28          
   29          static s8 Wireless_GetLatchedErrorOrState(void)
   30          {
   31   1          if (g_wireless_state.last_error != SUCCESS) {
   32   2              return g_wireless_state.last_error;
   33   2          }
   34   1          return WIRELESS_ERR_STATE;
   35   1      }
   36          
   37          static void Wireless_ResetState(void)
   38          {
   39   1          u16 i;
   40   1          u8 *raw;
   41   1      
   42   1          raw = (u8 *)&g_wireless_state;
   43   1          for (i = 0U; i < (u16)sizeof(Wireless_State_t); i++) {
   44   2              raw[i] = 0U;
   45   2          }
   46   1      
   47   1          g_wireless_state.antenna = WIRELESS_ANT1;
   48   1          g_wireless_state.mode = WIRELESS_MODE_IDLE;
   49   1      }
   50          
   51          static void Wireless_ResetQueue(void)
   52          {
   53   1          u8 i;
   54   1          u8 j;
   55   1      
C251 COMPILER V5.60.0,  wireless                                                           07/05/26  09:39:31  PAGE 2   

   56   1          g_wireless_rx_head = 0U;
   57   1          g_wireless_rx_tail = 0U;
   58   1          g_wireless_rx_count = 0U;
   59   1      
   60   1          for (i = 0U; i < WIRELESS_RX_QUEUE_DEPTH; i++) {
   61   2              g_wireless_rx_len[i] = 0U;
   62   2              for (j = 0U; j < LT8920_MAX_PAYLOAD_LEN; j++) {
   63   3                  g_wireless_rx_data[i][j] = 0U;
   64   3              }
   65   2          }
   66   1      }
   67          
   68          static s8 Wireless_QueuePush(const u8 *buf, u8 len)
   69          {
   70   1          u8 i;
   71   1      
   72   1          if ((buf == 0) || (len == 0U) || (len > LT8920_MAX_PAYLOAD_LEN)) {
   73   2              return WIRELESS_ERR_PARAM;
   74   2          }
   75   1          if (g_wireless_rx_count >= WIRELESS_RX_QUEUE_DEPTH) {
   76   2              g_wireless_state.queue_overflow_count++;
   77   2              return WIRELESS_ERR_OVERFLOW;
   78   2          }
   79   1      
   80   1          g_wireless_rx_len[g_wireless_rx_head] = len;
   81   1          for (i = 0U; i < len; i++) {
   82   2              g_wireless_rx_data[g_wireless_rx_head][i] = buf[i];
   83   2          }
   84   1          g_wireless_rx_head++;
   85   1          if (g_wireless_rx_head >= WIRELESS_RX_QUEUE_DEPTH) {
   86   2              g_wireless_rx_head = 0U;
   87   2          }
   88   1          g_wireless_rx_count++;
   89   1          return SUCCESS;
   90   1      }
   91          
   92          static s8 Wireless_QueuePop(u8 *buf, u8 buf_len, u8 *out_len)
   93          {
   94   1          u8 i;
   95   1          u8 len;
   96   1      
   97   1          if ((buf == 0) || (out_len == 0)) {
   98   2              return WIRELESS_ERR_PARAM;
   99   2          }
  100   1          if (g_wireless_rx_count == 0U) {
  101   2              return WIRELESS_ERR_EMPTY;
  102   2          }
  103   1      
  104   1          len = g_wireless_rx_len[g_wireless_rx_tail];
  105   1          if (len > buf_len) {
  106   2              return WIRELESS_ERR_OVERFLOW;
  107   2          }
  108   1      
  109   1          for (i = 0U; i < len; i++) {
  110   2              buf[i] = g_wireless_rx_data[g_wireless_rx_tail][i];
  111   2          }
  112   1          *out_len = len;
  113   1      
  114   1          g_wireless_rx_tail++;
  115   1          if (g_wireless_rx_tail >= WIRELESS_RX_QUEUE_DEPTH) {
  116   2              g_wireless_rx_tail = 0U;
  117   2          }
  118   1          g_wireless_rx_count--;
  119   1          return SUCCESS;
  120   1      }
  121          
C251 COMPILER V5.60.0,  wireless                                                           07/05/26  09:39:31  PAGE 3   

  122          static s8 Wireless_SetIdleMode(void)
  123          {
  124   1          s8 rc;
  125   1      
  126   1      #if !WIRELESS_FRONTEND_BYPASS_TEST
  127   1          WirelessPort_SetTxEn(0U);
  128   1          WirelessPort_SetRxEn(0U);
  129   1      #endif
  130   1          rc = LT8920_EnterIdle();
  131   1          if (rc == SUCCESS) {
  132   2              g_wireless_state.mode = WIRELESS_MODE_IDLE;
  133   2          }
  134   1          return rc;
  135   1      }
  136          
  137          static s8 Wireless_SetRxMode(void)
  138          {
  139   1          s8 rc;
  140   1      
  141   1      #if !WIRELESS_FRONTEND_BYPASS_TEST
  142   1          WirelessPort_SetTxEn(0U);
  143   1          WirelessPort_SetRxEn(1U);
  144   1          WirelessPort_DelayUs(5U);
  145   1      #endif
  146   1      
  147   1          rc = LT8920_OpenRx();
  148   1          if (rc == SUCCESS) {
  149   2              g_wireless_state.mode = WIRELESS_MODE_RX;
  150   2          }
  151   1          return rc;
  152   1      }
  153          
  154          static s8 Wireless_SetRxModeOnChannel(u8 channel)
  155          {
  156   1          s8 rc;
  157   1      
  158   1      #if !WIRELESS_FRONTEND_BYPASS_TEST
  159   1          WirelessPort_SetTxEn(0U);
  160   1          WirelessPort_SetRxEn(1U);
  161   1          WirelessPort_DelayUs(5U);
  162   1      #endif
  163   1      
  164   1          rc = LT8920_OpenRxOnChannel(channel);
  165   1          if (rc == SUCCESS) {
  166   2              g_wireless_state.mode = WIRELESS_MODE_RX;
  167   2          }
  168   1          return rc;
  169   1      }
  170          
  171          static void Wireless_EnableTxFrontend(void)
  172          {
  173   1      #if !WIRELESS_FRONTEND_BYPASS_TEST
  174   1          /* 鍏煎鏃х増 LT8920_TxData() 鐨勬椂搴忥細RX_EN 淇濇寔楂樼數骞筹紝鍙剦鍐?TX_EN銆?*/
  175   1          WirelessPort_SetRxEn(1U);
  176   1          WirelessPort_SetTxEn(1U);
  177   1          WirelessPort_DelayUs(5U);
  178   1      #endif
  179   1      }
  180          
  181          static s8 Wireless_ProbeAntenna(u8 antenna, u16 *avg_rssi, u16 *pkt_ok, u16 *crc_err)
  182          {
  183   1          u8 sample_idx;
  184   1          u8 rssi;
  185   1          u8 packet_len;
  186   1          u8 packet_buf[LT8920_MAX_PAYLOAD_LEN];
  187   1          u16 status;
C251 COMPILER V5.60.0,  wireless                                                           07/05/26  09:39:31  PAGE 4   

  188   1          u32 sum;
  189   1          u16 ok_cnt;
  190   1          u16 crc_cnt;
  191   1          s8 rc;
  192   1      
  193   1          if ((avg_rssi == 0) || (pkt_ok == 0) || (crc_err == 0)) {
  194   2              return WIRELESS_ERR_PARAM;
  195   2          }
  196   1      
  197   1          rc = Wireless_SetAntenna(antenna);
  198   1          if (rc != SUCCESS) {
  199   2              return rc;
  200   2          }
  201   1      
  202   1          rc = Wireless_SetRxMode();
  203   1          if (rc != SUCCESS) {
  204   2              return rc;
  205   2          }
  206   1      
  207   1          WirelessPort_DelayMs(2U);
  208   1      
  209   1          sum = 0UL;
  210   1          ok_cnt = 0U;
  211   1          crc_cnt = 0U;
  212   1      
  213   1          for (sample_idx = 0U; sample_idx < WIRELESS_SCAN_SAMPLE_COUNT; sample_idx++) {
  214   2              rc = LT8920_ReadRawRssi(&rssi);
  215   2              if (rc == SUCCESS) {
  216   3                  sum += rssi;
  217   3              }
  218   2      
  219   2              rc = LT8920_ReadStatus(&status);
  220   2              if ((rc == SUCCESS) && ((status & LT8920_STATUS_PKT_FLAG) != 0U)) {
  221   3                  if ((status & LT8920_STATUS_CRC_ERROR) != 0U) {
  222   4                      crc_cnt++;
  223   4                  } else {
  224   4                      if (LT8920_ReadPacket(packet_buf, LT8920_MAX_PAYLOAD_LEN, &packet_len) == SUCCESS) {
  225   5                          ok_cnt++;
  226   5                      }
  227   4                  }
  228   3                  (void)Wireless_SetRxMode();
  229   3              }
  230   2      
  231   2              WirelessPort_DelayMs(WIRELESS_SCAN_SAMPLE_MS);
  232   2          }
  233   1      
  234   1          *avg_rssi = (u16)(sum / WIRELESS_SCAN_SAMPLE_COUNT);
  235   1          *pkt_ok = ok_cnt;
  236   1          *crc_err = crc_cnt;
  237   1          return SUCCESS;
  238   1      }
  239          
  240          s8 Wireless_Init(void)
  241          {
  242   1          s8 rc;
  243   1          u8 fail_reg;
  244   1          u16 fail_expect;
  245   1          u16 fail_actual;
  246   1          u16 reg11;
  247   1          u16 reg41;
  248   1          u16 reg52;
  249   1      
  250   1          LOGI(WIRELESS_TAG, "init start");
  251   1          Wireless_ResetState();
  252   1          Wireless_ResetQueue();
  253   1      
C251 COMPILER V5.60.0,  wireless                                                           07/05/26  09:39:31  PAGE 5   

  254   1          rc = WirelessPort_Init();
  255   1          if (rc != SUCCESS) {
  256   2              g_wireless_state.last_error = rc;
  257   2              LOGE(WIRELESS_TAG, "port init fail rc=%d", rc);
  258   2              return rc;
  259   2          }
  260   1      
  261   1          WirelessPort_SetRst(1U);
  262   1          WirelessPort_DelayMs(10U);
  263   1          WirelessPort_SetRst(0U);
  264   1          WirelessPort_DelayMs(100U);
  265   1          WirelessPort_SetRst(1U);
  266   1          WirelessPort_DelayMs(100U);
  267   1      
  268   1          rc = LT8920_Init(LT8920_DEFAULT_CHANNEL, LT8920_DEFAULT_SYNC_WORD);
  269   1          if (rc != SUCCESS) {
  270   2              g_wireless_state.last_error = rc;
  271   2              LOGE(WIRELESS_TAG, "lt8920 init fail rc=%d", rc);
  272   2              LT8920_GetVerifyFailure(&fail_reg, &fail_expect, &fail_actual);
  273   2              if (fail_reg != 0xFFU) {
  274   3                  LOGE(WIRELESS_TAG, "verify reg%u actual=0x%04X expect=0x%04X",
  275   3                       (u16)fail_reg, fail_actual, fail_expect);
  276   3              }
  277   2              if (LT8920_ReadReg(11U, &reg11) == SUCCESS) {
  278   3                  LOGE(WIRELESS_TAG, "verify reg11=0x%04X expect=0x0008", reg11);
  279   3              }
  280   2              if (LT8920_ReadReg(41U, &reg41) == SUCCESS) {
  281   3                  LOGE(WIRELESS_TAG, "verify reg41=0x%04X expect=0xB000", reg41);
  282   3              }
  283   2              if (LT8920_ReadReg(52U, &reg52) == SUCCESS) {
  284   3                  LOGE(WIRELESS_TAG, "debug reg52=0x%04X", reg52);
  285   3              }
  286   2              return rc;
  287   2          }
  288   1      
  289   1          g_wireless_state.initialized = 1U;
  290   1      #if WIRELESS_PAIR_TX_ONLY_TEST
               #if !WIRELESS_FRONTEND_BYPASS_TEST
                   WirelessPort_SetRxEn(0U);
                   WirelessPort_SetTxEn(1U);
                   WirelessPort_SetAntSel(WIRELESS_PORT_ANT1);
                   WirelessPort_DelayUs(5U);
               #endif
                   g_wireless_state.antenna = WIRELESS_ANT1;
                   g_wireless_state.ready = 1U;
                   g_wireless_state.mode = WIRELESS_MODE_IDLE;
                   g_wireless_state.last_error = SUCCESS;
                   LOGI(WIRELESS_TAG, "init ok txonly ch=%u ant=%u txen=%u rxen=%u",
                        (u16)LT8920_DEFAULT_CHANNEL,
                        (u16)g_wireless_state.antenna,
                        (u16)WirelessPort_GetTxEn(),
                        (u16)WirelessPort_GetRxEn());
                   return SUCCESS;
               #endif
  308   1      
  309   1          rc = Wireless_RescanAntenna();
  310   1          if (rc != SUCCESS) {
  311   2              g_wireless_state.last_error = rc;
  312   2              g_wireless_state.initialized = 0U;
  313   2              g_wireless_state.ready = 0U;
  314   2              (void)Wireless_SetIdleMode();
  315   2              LOGE(WIRELESS_TAG, "antenna scan fail rc=%d", rc);
  316   2              return rc;
  317   2          }
  318   1      
  319   1          rc = Wireless_SetRxMode();
C251 COMPILER V5.60.0,  wireless                                                           07/05/26  09:39:31  PAGE 6   

  320   1          if (rc != SUCCESS) {
  321   2              g_wireless_state.last_error = rc;
  322   2              g_wireless_state.initialized = 0U;
  323   2              g_wireless_state.ready = 0U;
  324   2              (void)Wireless_SetIdleMode();
  325   2              LOGE(WIRELESS_TAG, "enter rx fail rc=%d", rc);
  326   2              return rc;
  327   2          }
  328   1      
  329   1          g_wireless_state.ready = 1U;
  330   1          g_wireless_state.last_error = SUCCESS;
  331   1          LOGI(WIRELESS_TAG, "init ok ch=%u ant=%u rssi=%u/%u",
  335   1               (u16)LT8920_DEFAULT_CHANNEL,
  335   1               (u16)g_wireless_state.antenna,
  335   1               g_wireless_state.antenna_rssi_ant1,
  335   1               g_wireless_state.antenna_rssi_ant2);
  336   1          return SUCCESS;
  337   1      }
  338          
  339          s8 Wireless_Deinit(void)
  340          {
  341   1          if (!g_wireless_state.initialized) {
  342   2              return SUCCESS;
  343   2          }
  344   1      
  345   1          (void)Wireless_SetIdleMode();
  346   1          (void)WirelessPort_Deinit();
  347   1          Wireless_ResetQueue();
  348   1          Wireless_ResetState();
  349   1          LOGI(WIRELESS_TAG, "deinit ok");
  350   1          return SUCCESS;
  351   1      }
  352          
  353          s8 Wireless_Poll(void)
  354          {
  355   1          u16 status;
  356   1          u8 packet_len;
  357   1          u8 packet_buf[LT8920_MAX_PAYLOAD_LEN];
  358   1          s8 rc;
  359   1      
  360   1          if (!g_wireless_state.initialized) {
  361   2              return WIRELESS_ERR_STATE;
  362   2          }
  363   1          if (!g_wireless_state.ready) {
  364   2              return SUCCESS;
  365   2          }
  366   1      
  367   1          rc = LT8920_ReadStatus(&status);
  368   1          if (rc != SUCCESS) {
  369   2              g_wireless_state.last_error = rc;
  370   2              return rc;
  371   2          }
  372   1          if ((status & LT8920_STATUS_PKT_FLAG) == 0U) {
  373   2              return SUCCESS;
  374   2          }
  375   1      
  376   1      #if WIRELESS_RX_TRACE_ENABLE
                   LOGI(WIRELESS_TAG, "rx event st=0x%04X mode=%u", status, (u16)g_wireless_state.mode);
               #endif
  379   1      
  380   1          if (g_wireless_state.mode == WIRELESS_MODE_TX) {
  381   2              g_wireless_state.tx_ok_count++;
  382   2              rc = Wireless_SetRxMode();
  383   2              if (rc != SUCCESS) {
  384   3                  g_wireless_state.last_error = rc;
  385   3                  LOGE(WIRELESS_TAG, "tx->rx fail rc=%d", rc);
C251 COMPILER V5.60.0,  wireless                                                           07/05/26  09:39:31  PAGE 7   

  386   3                  return rc;
  387   3              }
  388   2              return SUCCESS;
  389   2          }
  390   1      
  391   1          if (g_wireless_state.mode != WIRELESS_MODE_RX) {
  392   2              return SUCCESS;
  393   2          }
  394   1      
  395   1          if ((status & LT8920_STATUS_CRC_ERROR) != 0U) {
  396   2              g_wireless_state.crc_error_count++;
  397   2              LOGW(WIRELESS_TAG, "rx crc err st=0x%04X mode=%u",
  399   2                   status,
  399   2                   (u16)g_wireless_state.mode);
  400   2              (void)Wireless_SetRxMode();
  401   2              return SUCCESS;
  402   2          }
  403   1      
  404   1          rc = LT8920_ReadPacket(packet_buf, LT8920_MAX_PAYLOAD_LEN, &packet_len);
  405   1          if (rc == SUCCESS) {
  406   2              g_wireless_state.rx_ok_count++;
  407   2      #if WIRELESS_RX_TRACE_ENABLE
                       LOGI(WIRELESS_TAG,
                            "rx pkt len=%u data=%02X %02X %02X %02X %02X %02X %02X %02X",
                            (u16)packet_len,
                            (u16)((packet_len > 0U) ? packet_buf[0] : 0U),
                            (u16)((packet_len > 1U) ? packet_buf[1] : 0U),
                            (u16)((packet_len > 2U) ? packet_buf[2] : 0U),
                            (u16)((packet_len > 3U) ? packet_buf[3] : 0U),
                            (u16)((packet_len > 4U) ? packet_buf[4] : 0U),
                            (u16)((packet_len > 5U) ? packet_buf[5] : 0U),
                            (u16)((packet_len > 6U) ? packet_buf[6] : 0U),
                            (u16)((packet_len > 7U) ? packet_buf[7] : 0U));
               #endif
  420   2              rc = Wireless_QueuePush(packet_buf, packet_len);
  421   2              if (rc != SUCCESS) {
  422   3                  g_wireless_state.rx_drop_count++;
  423   3                  LOGW(WIRELESS_TAG, "rx queue drop rc=%d len=%u", rc, (u16)packet_len);
  424   3              }
  425   2          } else {
  426   2              g_wireless_state.rx_drop_count++;
  427   2              g_wireless_state.last_error = rc;
  428   2              LOGW(WIRELESS_TAG, "read pkt fail rc=%d st=0x%04X", rc, status);
  429   2          }
  430   1      
  431   1          (void)Wireless_SetRxMode();
  432   1          return SUCCESS;
  433   1      }
  434          
  435          static s8 Wireless_SendInternal(const u8 *buf, u8 len, u8 restore_rx)
  436          {
  437   1          u16 status;
  438   1          u16 timeout_cnt;
  439   1          u16 fifo_dbg;
  440   1          u8 fifo_loaded;
  441   1          s8 rc;
  442   1      
  443   1          if ((buf == 0) || (len == 0U) || (len > LT8920_MAX_PAYLOAD_LEN)) {
  444   2              return WIRELESS_ERR_PARAM;
  445   2          }
  446   1          if ((!g_wireless_state.initialized) || (!g_wireless_state.ready)) {
  447   2              return WIRELESS_ERR_STATE;
  448   2          }
  449   1      
  450   1          Wireless_EnableTxFrontend();
  451   1      
C251 COMPILER V5.60.0,  wireless                                                           07/05/26  09:39:31  PAGE 8   

  452   1          rc = LT8920_StartTxPacket(buf, len);
  453   1          if (rc != SUCCESS) {
  454   2              g_wireless_state.last_error = rc;
  455   2              (void)LT8920_EnterIdle();
  456   2      #if !WIRELESS_FRONTEND_BYPASS_TEST
  457   2              WirelessPort_SetTxEn(0U);
  458   2      #endif
  459   2              fifo_loaded = LT8920_GetLastTxFifoCount();
  460   2              if (LT8920_ReadReg(52U, &fifo_dbg) != SUCCESS) {
  461   3                  fifo_dbg = 0xFFFFU;
  462   3              }
  463   2              LOGE(WIRELESS_TAG, "load tx fifo fail rc=%d fifo_loaded=%u expect=%u reg52=0x%04X",
  467   2                   rc,
  467   2                   (u16)fifo_loaded,
  467   2                   (u16)(len + 1U),
  467   2                   fifo_dbg);
  468   2              return rc;
  469   2          }
  470   1          g_wireless_state.mode = WIRELESS_MODE_TX;
  471   1      
  472   1          fifo_loaded = LT8920_GetLastTxFifoCount();
  473   1          if (fifo_loaded != (u8)(len + 1U)) {
  474   2              g_wireless_state.last_error = WIRELESS_ERR_VERIFY;
  475   2              (void)LT8920_EnterIdle();
  476   2      #if !WIRELESS_FRONTEND_BYPASS_TEST
  477   2              WirelessPort_SetTxEn(0U);
  478   2      #endif
  479   2              if (LT8920_ReadReg(52U, &fifo_dbg) != SUCCESS) {
  480   3                  fifo_dbg = 0xFFFFU;
  481   3              }
  482   2              LOGE(WIRELESS_TAG, "tx fifo count mismatch loaded=%u expect=%u reg52=0x%04X",
  485   2                   (u16)fifo_loaded,
  485   2                   (u16)(len + 1U),
  485   2                   fifo_dbg);
  486   2              return WIRELESS_ERR_VERIFY;
  487   2          }
  488   1          WirelessPort_DelayUs(100U);
  489   1      
  490   1          for (timeout_cnt = 0U; timeout_cnt < WIRELESS_TX_TIMEOUT_LOOPS; timeout_cnt++) {
  491   2              rc = LT8920_ReadStatus(&status);
  492   2              if (rc != SUCCESS) {
  493   3                  break;
  494   3              }
  495   2              if ((status & LT8920_STATUS_PKT_FLAG) != 0U) {
  496   3                  g_wireless_state.tx_ok_count++;
  497   3                  (void)LT8920_EnterIdle();
  498   3      #if !WIRELESS_FRONTEND_BYPASS_TEST
  499   3                  WirelessPort_SetTxEn(0U);
  500   3      #endif
  501   3                  g_wireless_state.mode = WIRELESS_MODE_IDLE;
  502   3      #if !WIRELESS_TX_ONLY_TEST
  503   3                  if (restore_rx != 0U) {
  504   4                      (void)Wireless_SetRxMode();
  505   4                  }
  506   3      #endif
  507   3      #if WIRELESS_TX_TRACE_ENABLE
                           LOGI(WIRELESS_TAG, "tx ok len=%u st=0x%04X", (u16)len, status);
               #endif
  510   3                  return SUCCESS;
  511   3              }
  512   2              WirelessPort_DelayUs(WIRELESS_TX_PKT_POLL_US);
  513   2          }
  514   1      
  515   1          (void)Wireless_SetIdleMode();
  516   1          (void)LT8920_ClearTxFifo();
  517   1      #if !WIRELESS_TX_ONLY_TEST
C251 COMPILER V5.60.0,  wireless                                                           07/05/26  09:39:31  PAGE 9   

  518   1          if (restore_rx != 0U) {
  519   2              (void)Wireless_SetRxMode();
  520   2          }
  521   1      #endif
  522   1          g_wireless_state.last_error = WIRELESS_ERR_TIMEOUT;
  523   1          if (LT8920_ReadStatus(&status) != SUCCESS) {
  524   2              status = 0xFFFFU;
  525   2          }
  526   1          if (LT8920_ReadReg(52U, &fifo_dbg) != SUCCESS) {
  527   2              fifo_dbg = 0xFFFFU;
  528   2          }
  529   1          LOGE(WIRELESS_TAG, "tx timeout len=%u st=0x%04X reg52=0x%04X",
  530   1               (u16)len, status, fifo_dbg);
  531   1          return WIRELESS_ERR_TIMEOUT;
  532   1      }
  533          
  534          s8 Wireless_Send(const u8 *buf, u8 len)
  535          {
  536   1          return Wireless_SendInternal(buf, len, 1U);
  537   1      }
  538          
  539          s8 Wireless_SendOnChannel(u8 channel, const u8 *buf, u8 len)
  540          {
  541   1          s8 rc;
  542   1      
  543   1          if ((!g_wireless_state.initialized) || (!g_wireless_state.ready)) {
  544   2              return WIRELESS_ERR_STATE;
  545   2          }
  546   1      
  547   1          rc = LT8920_SetChannel(channel);
  548   1          if (rc != SUCCESS) {
  549   2              g_wireless_state.last_error = rc;
  550   2              return rc;
  551   2          }
  552   1          g_wireless_state.mode = WIRELESS_MODE_IDLE;
  553   1      
  554   1          return Wireless_SendInternal(buf, len, 0U);
  555   1      }
  556          
  557          s8 Wireless_Receive(u8 *buf, u8 buf_len, u8 *out_len)
  558          {
  559   1          return Wireless_QueuePop(buf, buf_len, out_len);
  560   1      }
  561          
  562          s8 Wireless_RunTxDiagBurst(u8 log_detail)
  563          {
  564   1      #if WIRELESS_CARRIER_WAVE_TEST
                   static u8 carrier_started = 0U;
                   u16 reg3;
                   u16 reg7;
                   u16 reg11;
                   u16 reg32;
                   u16 reg34;
                   u16 reg48;
                   s8 rc;
               
                   if ((!g_wireless_state.initialized) || (!g_wireless_state.ready)) {
                       return Wireless_GetLatchedErrorOrState();
                   }
               
                   if (carrier_started != 0U) {
                       return SUCCESS;
                   }
               
                   WirelessPort_SetRxEn(0U);
                   WirelessPort_SetTxEn(1U);
C251 COMPILER V5.60.0,  wireless                                                           07/05/26  09:39:31  PAGE 10  

                   WirelessPort_DelayUs(10U);
               
                   rc = LT8920_EnterCarrierWave();
                   if (rc != SUCCESS) {
                       g_wireless_state.last_error = rc;
                       LOGE(WIRELESS_TAG, "carrier start fail rc=%d", rc);
                       return rc;
                   }
               
                   g_wireless_state.mode = WIRELESS_MODE_TX;
                   carrier_started = 1U;
               
                   (void)LT8920_ReadReg(3U, &reg3);
                   (void)LT8920_ReadReg(7U, &reg7);
                   (void)LT8920_ReadReg(11U, &reg11);
                   (void)LT8920_ReadReg(32U, &reg32);
                   (void)LT8920_ReadReg(34U, &reg34);
                   (void)LT8920_ReadReg(48U, &reg48);
                   LOGI(WIRELESS_TAG,
                        "carrier on r3=0x%04X lock=%u r7=0x%04X r11=0x%04X r32=0x%04X r34=0x%04X r48=0x%04X txen=%u rxen
             -=%u",
                        reg3,
                        (u16)((reg3 & 0x1000U) ? 1U : 0U),
                        reg7,
                        reg11,
                        reg32,
                        reg34,
                        reg48,
                        (u16)WirelessPort_GetTxEn(),
                        (u16)WirelessPort_GetRxEn());
                   return SUCCESS;
               #else
  615   1          u8 i;
  616   1          u8 payload[LT8920_MAX_PAYLOAD_LEN];
  617   1          static u8 seq = 0U;
  618   1          u16 reg3_pre;
  619   1          u16 reg7_pre;
  620   1          u16 reg48_pre;
  621   1          u16 reg52_pre;
  622   1          u16 reg3_post;
  623   1          u16 reg7_post;
  624   1          u16 reg48_post;
  625   1          u16 reg52_post;
  626   1          s8 rc;
  627   1      
  628   1          if ((!g_wireless_state.initialized) || (!g_wireless_state.ready)) {
  629   2              return Wireless_GetLatchedErrorOrState();
  630   2          }
  631   1      
  632   1          payload[0] = 0xAAU;
  633   1          payload[1] = (u8)(LT8920_MAX_PAYLOAD_LEN - 2U);
  634   1          payload[2] = 0x10U;
  635   1          payload[3] = SHIP_PAIR_SEED0;
  636   1          payload[4] = SHIP_PAIR_SEED1;
  637   1          payload[5] = SHIP_PAIR_SEED2;
  638   1          payload[6] = SHIP_PAIR_SEED3;
  639   1          payload[7] = seq;
  640   1          for (i = 8U; i < (u8)(LT8920_MAX_PAYLOAD_LEN - 2U); i++) {
  641   2              payload[i] = (u8)(0x20U + seq + i);
  642   2          }
  643   1          payload[LT8920_MAX_PAYLOAD_LEN - 2U] =
  644   1              (u8)(payload[1] ^ payload[2] ^ payload[3] ^ payload[4] ^
  645   1                   payload[5] ^ payload[6] ^ payload[7]);
  646   1          payload[LT8920_MAX_PAYLOAD_LEN - 1U] = 0xBBU;
  647   1          seq++;
  648   1      
C251 COMPILER V5.60.0,  wireless                                                           07/05/26  09:39:31  PAGE 11  

  649   1          (void)LT8920_ReadReg(3U, &reg3_pre);
  650   1          (void)LT8920_ReadReg(7U, &reg7_pre);
  651   1          (void)LT8920_ReadReg(48U, &reg48_pre);
  652   1          (void)LT8920_ReadReg(52U, &reg52_pre);
  653   1      
  654   1      #if LT8920_FORCE_TX_ORDER_TEST
                   rc = LT8920_ForceTxPacket(payload, LT8920_MAX_PAYLOAD_LEN);
                   if (rc == SUCCESS) {
                       WirelessPort_DelayMs(20U);
                   }
               #else
  660   1          rc = Wireless_Send(payload, LT8920_MAX_PAYLOAD_LEN);
  661   1      #endif
  662   1      
  663   1          (void)LT8920_ReadReg(3U, &reg3_post);
  664   1          (void)LT8920_ReadReg(7U, &reg7_post);
  665   1          (void)LT8920_ReadReg(48U, &reg48_post);
  666   1          (void)LT8920_ReadReg(52U, &reg52_post);
  667   1      
  668   1          if ((log_detail != 0U) || (rc != SUCCESS)) {
  669   2              LOGI(WIRELESS_TAG,
  683   2                   "txdiag rc=%d pre r3=0x%04X lock=%u r7=0x%04X r48=0x%04X r52=0x%04X post r3=0x%04X lock=%u r
             -7=0x%04X r48=0x%04X r52=0x%04X txen=%u rxen=%u",
  683   2                   rc,
  683   2                   reg3_pre,
  683   2                   (u16)((reg3_pre & 0x1000U) ? 1U : 0U),
  683   2                   reg7_pre,
  683   2                   reg48_pre,
  683   2                   reg52_pre,
  683   2                   reg3_post,
  683   2                   (u16)((reg3_post & 0x1000U) ? 1U : 0U),
  683   2                   reg7_post,
  683   2                   reg48_post,
  683   2                   reg52_post,
  683   2                   (u16)WirelessPort_GetTxEn(),
  683   2                   (u16)WirelessPort_GetRxEn());
  684   2          }
  685   1      
  686   1          return rc;
  687   1      #endif
  688   1      }
  689          
  690          s8 Wireless_RunPairTxOnlyTest(u8 log_detail)
  691          {
  692   1          static u8 pair_tx_ready = 0U;
  693   1          static u16 pair_tx_count = 0U;
  694   1          u8 frame[9];
  695   1          u8 body_len;
  696   1          u16 status;
  697   1          u16 timeout_cnt;
  698   1          u16 reg52;
  699   1          s8 rc;
  700   1      
  701   1          if ((!g_wireless_state.initialized) || (!g_wireless_state.ready)) {
  702   2              return Wireless_GetLatchedErrorOrState();
  703   2          }
  704   1      
  705   1          body_len = 6U;
  706   1          frame[0] = 0xAAU;
  707   1          frame[1] = body_len;
  708   1          frame[2] = 0x10U;
  709   1          frame[3] = SHIP_PAIR_SEED0;
  710   1          frame[4] = SHIP_PAIR_SEED1;
  711   1          frame[5] = SHIP_PAIR_SEED2;
  712   1          frame[6] = SHIP_PAIR_SEED3;
  713   1          frame[7] = (u8)(frame[1] ^ frame[2] ^ frame[3] ^ frame[4] ^ frame[5] ^ frame[6]);
C251 COMPILER V5.60.0,  wireless                                                           07/05/26  09:39:31  PAGE 12  

  714   1          frame[8] = 0xBBU;
  715   1      
  716   1          if (pair_tx_ready == 0U) {
  717   2      #if !WIRELESS_FRONTEND_BYPASS_TEST
  718   2              WirelessPort_SetRxEn(0U);
  719   2              WirelessPort_SetTxEn(1U);
  720   2              WirelessPort_DelayUs(5U);
  721   2      #endif
  722   2      
  723   2              rc = Wireless_SetSyncWord(LT8920_DEFAULT_SYNC_WORD);
  724   2              if (rc != SUCCESS) {
  725   3                  g_wireless_state.last_error = rc;
  726   3                  LOGE(WIRELESS_TAG, "pair txonly set sync fail rc=%d", rc);
  727   3                  return rc;
  728   3              }
  729   2      
  730   2              rc = Wireless_SetChannel((u8)PAIR_CHANNEL);
  731   2              if (rc != SUCCESS) {
  732   3                  g_wireless_state.last_error = rc;
  733   3                  LOGE(WIRELESS_TAG, "pair txonly set ch fail rc=%d", rc);
  734   3                  return rc;
  735   3              }
  736   2      
  737   2              pair_tx_ready = 1U;
  738   2              LOGI(WIRELESS_TAG, "pair txonly start ch=0x%02X txen=%u rxen=%u",
  741   2                   (u16)PAIR_CHANNEL,
  741   2                   (u16)WirelessPort_GetTxEn(),
  741   2                   (u16)WirelessPort_GetRxEn());
  742   2          }
  743   1      
  744   1          rc = LT8920_StartTxPacket(frame, (u8)sizeof(frame));
  745   1          if (rc != SUCCESS) {
  746   2              g_wireless_state.last_error = rc;
  747   2              LOGE(WIRELESS_TAG, "pair txonly load fail rc=%d fifo_loaded=%u",
  749   2                   rc,
  749   2                   (u16)LT8920_GetLastTxFifoCount());
  750   2              return rc;
  751   2          }
  752   1      
  753   1          g_wireless_state.mode = WIRELESS_MODE_TX;
  754   1          WirelessPort_DelayUs(100U);
  755   1      
  756   1          for (timeout_cnt = 0U; timeout_cnt < WIRELESS_TX_TIMEOUT_LOOPS; timeout_cnt++) {
  757   2              rc = LT8920_ReadStatus(&status);
  758   2              if (rc != SUCCESS) {
  759   3                  g_wireless_state.last_error = rc;
  760   3                  LOGE(WIRELESS_TAG, "pair txonly status fail rc=%d", rc);
  761   3                  return rc;
  762   3              }
  763   2              if ((status & LT8920_STATUS_PKT_FLAG) != 0U) {
  764   3                  pair_tx_count++;
  765   3                  (void)LT8920_EnterIdle();
  766   3                  g_wireless_state.mode = WIRELESS_MODE_IDLE;
  767   3                  g_wireless_state.tx_ok_count++;
  768   3                  if ((log_detail != 0U) || (pair_tx_count == 1U)) {
  769   4                      LOGI(WIRELESS_TAG,
  777   4                           "pair txonly ok cnt=%u ch=0x%02X txen=%u rxen=%u data=%02X %02X %02X %02X %02X %02X 
             -%02X %02X %02X",
  777   4                           pair_tx_count,
  777   4                           (u16)PAIR_CHANNEL,
  777   4                           (u16)WirelessPort_GetTxEn(),
  777   4                           (u16)WirelessPort_GetRxEn(),
  777   4                           (u16)frame[0], (u16)frame[1], (u16)frame[2],
  777   4                           (u16)frame[3], (u16)frame[4], (u16)frame[5],
  777   4                           (u16)frame[6], (u16)frame[7], (u16)frame[8]);
  778   4                  }
C251 COMPILER V5.60.0,  wireless                                                           07/05/26  09:39:31  PAGE 13  

  779   3                  return SUCCESS;
  780   3              }
  781   2              WirelessPort_DelayUs(WIRELESS_TX_PKT_POLL_US);
  782   2          }
  783   1      
  784   1          (void)LT8920_EnterIdle();
  785   1          (void)LT8920_ClearTxFifo();
  786   1          if (LT8920_ReadReg(52U, &reg52) != SUCCESS) {
  787   2              reg52 = 0xFFFFU;
  788   2          }
  789   1          g_wireless_state.last_error = WIRELESS_ERR_TIMEOUT;
  790   1          LOGE(WIRELESS_TAG, "pair txonly timeout st=0x%04X reg52=0x%04X txen=%u rxen=%u",
  794   1               status,
  794   1               reg52,
  794   1               (u16)WirelessPort_GetTxEn(),
  794   1               (u16)WirelessPort_GetRxEn());
  795   1      
  796   1          return WIRELESS_ERR_TIMEOUT;
  797   1      }
  798          
  799          s8 Wireless_SetAntenna(u8 ant_sel)
  800          {
  801   1          if ((ant_sel != WIRELESS_ANT1) && (ant_sel != WIRELESS_ANT2)) {
  802   2              return WIRELESS_ERR_PARAM;
  803   2          }
  804   1          if (!g_wireless_state.initialized) {
  805   2              return WIRELESS_ERR_STATE;
  806   2          }
  807   1      
  808   1      #if !WIRELESS_FRONTEND_BYPASS_TEST
  809   1          WirelessPort_SetAntSel((ant_sel == WIRELESS_ANT2) ? WIRELESS_PORT_ANT2 : WIRELESS_PORT_ANT1);
  810   1      #endif
  811   1          g_wireless_state.antenna = ant_sel;
  812   1          return SUCCESS;
  813   1      }
  814          
  815          s8 Wireless_GetState(Wireless_State_t *state)
  816          {
  817   1          u16 i;
  818   1          u8 *dst;
  819   1          const u8 *src;
  820   1      
  821   1          if (state == 0) {
  822   2              return WIRELESS_ERR_PARAM;
  823   2          }
  824   1      
  825   1          dst = (u8 *)state;
  826   1          src = (const u8 *)&g_wireless_state;
  827   1          for (i = 0U; i < (u16)sizeof(Wireless_State_t); i++) {
  828   2              dst[i] = src[i];
  829   2          }
  830   1          return SUCCESS;
  831   1      }
  832          
  833          s8 Wireless_RescanAntenna(void)
  834          {
  835   1          u16 ant1_rssi;
  836   1          u16 ant2_rssi;
  837   1          u16 ant1_ok;
  838   1          u16 ant2_ok;
  839   1          u16 ant1_crc;
  840   1          u16 ant2_crc;
  841   1          s8 rc;
  842   1          u8 final_ant;
  843   1      
  844   1          if (!g_wireless_state.initialized) {
C251 COMPILER V5.60.0,  wireless                                                           07/05/26  09:39:31  PAGE 14  

  845   2              return WIRELESS_ERR_STATE;
  846   2          }
  847   1      
  848   1          g_wireless_state.ready = 0U;
  849   1          rc = Wireless_SetIdleMode();
  850   1          if (rc != SUCCESS) {
  851   2              return rc;
  852   2          }
  853   1      
  854   1          rc = Wireless_ProbeAntenna(WIRELESS_ANT1, &ant1_rssi, &ant1_ok, &ant1_crc);
  855   1          if (rc != SUCCESS) {
  856   2              return rc;
  857   2          }
  858   1          rc = Wireless_ProbeAntenna(WIRELESS_ANT2, &ant2_rssi, &ant2_ok, &ant2_crc);
  859   1          if (rc != SUCCESS) {
  860   2              return rc;
  861   2          }
  862   1      
  863   1          g_wireless_state.antenna_rssi_ant1 = ant1_rssi;
  864   1          g_wireless_state.antenna_rssi_ant2 = ant2_rssi;
  865   1      
  866   1          final_ant = WIRELESS_ANT1;
  867   1          if (ant2_rssi > ant1_rssi) {
  868   2              final_ant = WIRELESS_ANT2;
  869   2          } else if ((ant2_rssi == ant1_rssi) && (ant2_ok > ant1_ok)) {
  870   2              final_ant = WIRELESS_ANT2;
  871   2          } else if ((ant2_rssi == ant1_rssi) && (ant2_ok == ant1_ok) && (ant2_crc < ant1_crc)) {
  872   2              final_ant = WIRELESS_ANT2;
  873   2          }
  874   1      
  875   1          if ((ant1_ok == 0U) && (ant2_ok == 0U) &&
  876   1              (ant1_rssi < WIRELESS_SIGNAL_RSSI_MIN) &&
  877   1              (ant2_rssi < WIRELESS_SIGNAL_RSSI_MIN)) {
  878   2              g_wireless_state.scan_has_signal = 0U;
  879   2              final_ant = WIRELESS_ANT1;
  880   2              LOGW(WIRELESS_TAG, "scan no signal, fallback ANT1");
  881   2          } else {
  882   2              g_wireless_state.scan_has_signal = 1U;
  883   2          }
  884   1      
  885   1          rc = Wireless_SetAntenna(final_ant);
  886   1          if (rc != SUCCESS) {
  887   2              return rc;
  888   2          }
  889   1          rc = Wireless_SetRxMode();
  890   1          if (rc != SUCCESS) {
  891   2              return rc;
  892   2          }
  893   1      
  894   1          g_wireless_state.ready = 1U;
  895   1          LOGI(WIRELESS_TAG, "scan ant1 rssi=%u ok=%u crc=%u ant2 rssi=%u ok=%u crc=%u final=%u",
  898   1               ant1_rssi, ant1_ok, ant1_crc,
  898   1               ant2_rssi, ant2_ok, ant2_crc,
  898   1               (u16)final_ant);
  899   1          return SUCCESS;
  900   1      }
  901          
  902          s8 Wireless_SearchSignalPoll(void)
  903          {
  904   1          static u16 poll_div = 0U;
  905   1          s8 rc;
  906   1      
  907   1          if (!g_wireless_state.initialized) {
  908   2              return WIRELESS_ERR_STATE;
  909   2          }
  910   1          if (g_wireless_state.scan_has_signal) {
C251 COMPILER V5.60.0,  wireless                                                           07/05/26  09:39:31  PAGE 15  

  911   2              return SUCCESS;
  912   2          }
  913   1      
  914   1          poll_div++;
  915   1          if (poll_div < WIRELESS_SEARCH_POLL_DIV) {
  916   2              return SUCCESS;
  917   2          }
  918   1          poll_div = 0U;
  919   1      
  920   1          rc = Wireless_RescanAntenna();
  921   1          if (rc != SUCCESS) {
  922   2              g_wireless_state.last_error = rc;
  923   2              LOGE(WIRELESS_TAG, "search rescan fail rc=%d", rc);
  924   2              return rc;
  925   2          }
  926   1          if (g_wireless_state.scan_has_signal) {
  927   2              LOGI(WIRELESS_TAG, "signal detected ant=%u rssi=%u/%u",
  930   2                   (u16)g_wireless_state.antenna,
  930   2                   g_wireless_state.antenna_rssi_ant1,
  930   2                   g_wireless_state.antenna_rssi_ant2);
  931   2          }
  932   1          return SUCCESS;
  933   1      }
  934          
  935          s8 Wireless_RunMinimalTest(void)
  936          {
  937   1          u16 reg3;
  938   1          u16 reg6;
  939   1          u16 reg11;
  940   1          u16 reg36;
  941   1          u16 reg37;
  942   1          u16 reg38;
  943   1          u16 reg39;
  944   1          u16 reg41;
  945   1          u16 st_after_tx;
  946   1          u16 fifo_after_tx;
  947   1          u8 tx_probe[4];
  948   1          s8 rc;
  949   1      
  950   1          if ((!g_wireless_state.initialized) || (!g_wireless_state.ready)) {
  951   2              return Wireless_GetLatchedErrorOrState();
  952   2          }
  953   1      
  954   1          rc = LT8920_ReadReg(3U, &reg3);
  955   1          if (rc != SUCCESS) {
  956   2              LOGE(WIRELESS_TAG, "test read reg3 fail rc=%d", rc);
  957   2              return rc;
  958   2          }
  959   1      
  960   1          rc = LT8920_ReadReg(6U, &reg6);
  961   1          if (rc != SUCCESS) {
  962   2              LOGE(WIRELESS_TAG, "test read reg6 fail rc=%d", rc);
  963   2              return rc;
  964   2          }
  965   1      
  966   1          rc = LT8920_ReadReg(11U, &reg11);
  967   1          if (rc != SUCCESS) {
  968   2              LOGE(WIRELESS_TAG, "test read reg11 fail rc=%d", rc);
  969   2              return rc;
  970   2          }
  971   1      
  972   1          rc = LT8920_ReadReg(41U, &reg41);
  973   1          if (rc != SUCCESS) {
  974   2              LOGE(WIRELESS_TAG, "test read reg41 fail rc=%d", rc);
  975   2              return rc;
  976   2          }
C251 COMPILER V5.60.0,  wireless                                                           07/05/26  09:39:31  PAGE 16  

  977   1      
  978   1          if (reg11 != 0x0008U) {
  979   2              LOGE(WIRELESS_TAG, "test verify reg11 fail val=0x%04X", reg11);
  980   2              return WIRELESS_ERR_VERIFY;
  981   2          }
  982   1          if (reg41 != 0xB000U) {
  983   2              LOGE(WIRELESS_TAG, "test verify reg41 fail val=0x%04X", reg41);
  984   2              return WIRELESS_ERR_VERIFY;
  985   2          }
  986   1      
  987   1          /* Reg7 鍚屾椂娣峰悎浜嗘ā寮忔帶鍒朵綅鍜屼俊閬撳瓧娈碉紝
  988   1           * 涓嶆槸閭ｇ鈥滃啓杩涘幓鍐嶅師鏍疯鍥炴潵鈥濈殑瀵勫瓨鍣紝
  989   1           * 鎵�浠ヤ笉瑕佹嬁瀹冨綋浣?SPI 鍐欒矾寰勭殑鍞竴楠岃瘉渚濇嵁銆?     */
  990   1          rc = LT8920_SetChannel(0x12U);
  991   1          if (rc != SUCCESS) {
  992   2              LOGE(WIRELESS_TAG, "test set ch fail rc=%d", rc);
  993   2              return rc;
  994   2          }
  995   1      
  996   1          rc = LT8920_SetSyncRegs(0x1357U, 0x2468U);
  997   1          if (rc != SUCCESS) {
  998   2              LOGE(WIRELESS_TAG, "test set sync regs fail rc=%d", rc);
  999   2              return rc;
 1000   2          }
 1001   1          rc = LT8920_ReadReg(36U, &reg36);
 1002   1          if (rc != SUCCESS) {
 1003   2              LOGE(WIRELESS_TAG, "test read reg36 fail rc=%d", rc);
 1004   2              return rc;
 1005   2          }
 1006   1          rc = LT8920_ReadReg(37U, &reg37);
 1007   1          if (rc != SUCCESS) {
 1008   2              LOGE(WIRELESS_TAG, "test read reg37 fail rc=%d", rc);
 1009   2              return rc;
 1010   2          }
 1011   1          rc = LT8920_ReadReg(38U, &reg38);
 1012   1          if (rc != SUCCESS) {
 1013   2              LOGE(WIRELESS_TAG, "test read reg38 fail rc=%d", rc);
 1014   2              return rc;
 1015   2          }
 1016   1          rc = LT8920_ReadReg(39U, &reg39);
 1017   1          if (rc != SUCCESS) {
 1018   2              LOGE(WIRELESS_TAG, "test read reg39 fail rc=%d", rc);
 1019   2              return rc;
 1020   2          }
 1021   1          if ((reg36 != 0x1357U) || (reg37 != 0x0380U) ||
 1022   1              (reg38 != 0x5A5AU) || (reg39 != 0x2468U)) {
 1023   2              LOGE(WIRELESS_TAG,
 1025   2                   "test verify sync fail r36=0x%04X r37=0x%04X r38=0x%04X r39=0x%04X",
 1025   2                   reg36, reg37, reg38, reg39);
 1026   2              return WIRELESS_ERR_VERIFY;
 1027   2          }
 1028   1      
 1029   1          rc = Wireless_SetSyncWord(LT8920_DEFAULT_SYNC_WORD);
 1030   1          if (rc != SUCCESS) {
 1031   2              LOGE(WIRELESS_TAG, "test restore pair sync fail rc=%d", rc);
 1032   2              return rc;
 1033   2          }
 1034   1          rc = Wireless_SetChannel(LT8920_DEFAULT_CHANNEL);
 1035   1          if (rc != SUCCESS) {
 1036   2              LOGE(WIRELESS_TAG, "test restore ch fail rc=%d", rc);
 1037   2              return rc;
 1038   2          }
 1039   1      
 1040   1      #if WIRELESS_MINIMAL_TEST_ONLY
                   LOGI(WIRELESS_TAG, "test ok, skip short tx probe in wireless minimal mode");
                   return SUCCESS;
C251 COMPILER V5.60.0,  wireless                                                           07/05/26  09:39:31  PAGE 17  

               #endif
 1044   1      
 1045   1          tx_probe[0] = 0xA5U;
 1046   1          tx_probe[1] = 0x5AU;
 1047   1          tx_probe[2] = 0xC3U;
 1048   1          tx_probe[3] = 0x3CU;
 1049   1          LOGI(WIRELESS_TAG, "tx probe start ch=%u ant=%u txen=%u rxen=%u data=%02X %02X %02X %02X",
 1054   1               (u16)LT8920_DEFAULT_CHANNEL,
 1054   1               (u16)WirelessPort_GetAntSel(),
 1054   1               (u16)WirelessPort_GetTxEn(),
 1054   1               (u16)WirelessPort_GetRxEn(),
 1054   1               (u16)tx_probe[0], (u16)tx_probe[1], (u16)tx_probe[2], (u16)tx_probe[3]);
 1055   1          rc = Wireless_Send(tx_probe, 4U);
 1056   1          if (rc != SUCCESS) {
 1057   2              LOGE(WIRELESS_TAG, "tx probe fail rc=%d", rc);
 1058   2              return rc;
 1059   2          }
 1060   1          if (LT8920_ReadStatus(&st_after_tx) != SUCCESS) {
 1061   2              st_after_tx = 0xFFFFU;
 1062   2          }
 1063   1          if (LT8920_ReadReg(52U, &fifo_after_tx) != SUCCESS) {
 1064   2              fifo_after_tx = 0xFFFFU;
 1065   2          }
 1066   1          LOGI(WIRELESS_TAG, "tx probe ok st=0x%04X reg52=0x%04X ant=%u txen=%u rxen=%u",
 1071   1               st_after_tx,
 1071   1               fifo_after_tx,
 1071   1               (u16)WirelessPort_GetAntSel(),
 1071   1               (u16)WirelessPort_GetTxEn(),
 1071   1               (u16)WirelessPort_GetRxEn());
 1072   1      
 1073   1          LOGI(WIRELESS_TAG, "test ok");
 1074   1          return SUCCESS;
 1075   1      }
 1076          
 1077          s8 Wireless_SetChannel(u8 channel)
 1078          {
 1079   1          s8 rc;
 1080   1      
 1081   1          if (!g_wireless_state.initialized) {
 1082   2              return WIRELESS_ERR_STATE;
 1083   2          }
 1084   1      
 1085   1          rc = Wireless_SetRxModeOnChannel(channel);
 1086   1          if (rc != SUCCESS) {
 1087   2              g_wireless_state.last_error = rc;
 1088   2              return rc;
 1089   2          }
 1090   1      
 1091   1          return SUCCESS;
 1092   1      }
 1093          
 1094          s8 Wireless_SetSyncWord(u32 sync_word)
 1095          {
 1096   1          s8 rc;
 1097   1      
 1098   1          if (!g_wireless_state.initialized) {
 1099   2              return WIRELESS_ERR_STATE;
 1100   2          }
 1101   1      
 1102   1          rc = LT8920_SetSyncWord(sync_word);
 1103   1          if (rc != SUCCESS) {
 1104   2              g_wireless_state.last_error = rc;
 1105   2              return rc;
 1106   2          }
 1107   1      
 1108   1          rc = Wireless_SetRxMode();
C251 COMPILER V5.60.0,  wireless                                                           07/05/26  09:39:31  PAGE 18  

 1109   1          if (rc != SUCCESS) {
 1110   2              g_wireless_state.last_error = rc;
 1111   2              return rc;
 1112   2          }
 1113   1      
 1114   1          return SUCCESS;
 1115   1      }
 1116          
 1117          s8 Wireless_SetSyncRegs(u16 reg36, u16 reg39)
 1118          {
 1119   1          s8 rc;
 1120   1      
 1121   1          if (!g_wireless_state.initialized) {
 1122   2              return WIRELESS_ERR_STATE;
 1123   2          }
 1124   1      
 1125   1          rc = LT8920_SetSyncRegs(reg36, reg39);
 1126   1          if (rc != SUCCESS) {
 1127   2              g_wireless_state.last_error = rc;
 1128   2              return rc;
 1129   2          }
 1130   1      
 1131   1          rc = Wireless_SetRxMode();
 1132   1          if (rc != SUCCESS) {
 1133   2              g_wireless_state.last_error = rc;
 1134   2              return rc;
 1135   2          }
 1136   1      
 1137   1          return SUCCESS;
 1138   1      }
 1139          
 1140          s8 Wireless_SetSyncRegsIdle(u16 reg36, u16 reg39)
 1141          {
 1142   1          s8 rc;
 1143   1      
 1144   1          if (!g_wireless_state.initialized) {
 1145   2              return WIRELESS_ERR_STATE;
 1146   2          }
 1147   1      
 1148   1          rc = LT8920_SetSyncRegs(reg36, reg39);
 1149   1          if (rc != SUCCESS) {
 1150   2              g_wireless_state.last_error = rc;
 1151   2              return rc;
 1152   2          }
 1153   1      
 1154   1          g_wireless_state.mode = WIRELESS_MODE_IDLE;
 1155   1          return SUCCESS;
 1156   1      }
 1157          
 1158          s8 Wireless_GetRxDebug(Wireless_RxDebug_t *dbg)
 1159          {
 1160   1          s8 rc;
 1161   1          u16 reg7;
 1162   1          u16 reg8;
 1163   1          u16 reg36;
 1164   1          u16 reg37;
 1165   1          u16 reg38;
 1166   1          u16 reg39;
 1167   1          u16 reg48;
 1168   1          u16 reg52;
 1169   1          u8 rssi;
 1170   1      
 1171   1          if (dbg == 0) {
 1172   2              return WIRELESS_ERR_PARAM;
 1173   2          }
 1174   1          if (!g_wireless_state.initialized) {
C251 COMPILER V5.60.0,  wireless                                                           07/05/26  09:39:31  PAGE 19  

 1175   2              return WIRELESS_ERR_STATE;
 1176   2          }
 1177   1      
 1178   1          rc = LT8920_ReadReg(7U, &reg7);
 1179   1          if (rc != SUCCESS) {
 1180   2              return rc;
 1181   2          }
 1182   1          rc = LT8920_ReadReg(8U, &reg8);
 1183   1          if (rc != SUCCESS) {
 1184   2              return rc;
 1185   2          }
 1186   1          rc = LT8920_ReadReg(36U, &reg36);
 1187   1          if (rc != SUCCESS) {
 1188   2              return rc;
 1189   2          }
 1190   1          rc = LT8920_ReadReg(37U, &reg37);
 1191   1          if (rc != SUCCESS) {
 1192   2              return rc;
 1193   2          }
 1194   1          rc = LT8920_ReadReg(38U, &reg38);
 1195   1          if (rc != SUCCESS) {
 1196   2              return rc;
 1197   2          }
 1198   1          rc = LT8920_ReadReg(39U, &reg39);
 1199   1          if (rc != SUCCESS) {
 1200   2              return rc;
 1201   2          }
 1202   1          rc = LT8920_ReadStatus(&reg48);
 1203   1          if (rc != SUCCESS) {
 1204   2              return rc;
 1205   2          }
 1206   1          rc = LT8920_ReadReg(52U, &reg52);
 1207   1          if (rc != SUCCESS) {
 1208   2              return rc;
 1209   2          }
 1210   1          rc = LT8920_ReadRawRssi(&rssi);
 1211   1          if (rc != SUCCESS) {
 1212   2              return rc;
 1213   2          }
 1214   1      
 1215   1          dbg->reg7 = reg7;
 1216   1          dbg->reg8 = reg8;
 1217   1          dbg->reg36 = reg36;
 1218   1          dbg->reg37 = reg37;
 1219   1          dbg->reg38 = reg38;
 1220   1          dbg->reg39 = reg39;
 1221   1          dbg->reg48 = reg48;
 1222   1          dbg->reg52 = reg52;
 1223   1          dbg->rssi = rssi;
 1224   1          dbg->rx_en = WirelessPort_GetRxEn();
 1225   1          dbg->tx_en = WirelessPort_GetTxEn();
 1226   1          dbg->mode = g_wireless_state.mode;
 1227   1          dbg->rx_mode_bit = (u8)(((reg7 & 0x0080U) != 0U) ? 1U : 0U);
 1228   1          dbg->channel = (u8)(reg7 & 0x007FU);
 1229   1          return SUCCESS;
 1230   1      }
 1231          


Module Information          Static   Overlayable
------------------------------------------------
  code size            =      5082     ------
  ecode size           =    ------     ------
  data size            =    ------     ------
  idata size           =    ------     ------
  pdata size           =    ------     ------
  xdata size           =    ------     ------
C251 COMPILER V5.60.0,  wireless                                                           07/05/26  09:39:31  PAGE 20  

  xdata-const size     =    ------     ------
  edata size           =       273        312
  bit size             =    ------     ------
  ebit size            =    ------     ------
  bitaddressable size  =    ------     ------
  ebitaddressable size =    ------     ------
  far data size        =    ------     ------
  huge data size       =    ------     ------
  const size           =    ------     ------
  hconst size          =      1818     ------
End of Module Information.


C251 COMPILATION COMPLETE.  0 WARNING(S),  0 ERROR(S)
