C51 COMPILER V9.60.7.0   DCMOTOR_GPIO                                                      04/27/2024 18:13:05 PAGE 1   


C51 COMPILER V9.60.7.0, COMPILATION OF MODULE DCMOTOR_GPIO
OBJECT MODULE PLACED IN .\list\DcMotor_Gpio.obj
COMPILER INVOKED BY: D:\Keil_v5_c51\C51\BIN\C51.EXE ..\App\DcMotor\DcMotor_Gpio.c LARGE OPTIMIZE(8,SPEED) BROWSE INCDIR(
                    -..\Driver\Inc;..\App\Config;..\App\DcMotor;..\App\Gyro;..\App\Wireless\LT8920;..\App\Timer;..\App\Utils;..\App\PWM) DEBU
                    -G OBJECTEXTEND PRINT(.\list\DcMotor_Gpio.lst) TABS(2) OBJECT(.\list\DcMotor_Gpio.obj)

line level    source

   1          #include "DcMotor_Gpio.h"
   2          
   3          void DcMotor_Gpio_Config(void){
   4   1        GPIO_InitTypeDef  GPIO_InitStructure;        
   5   1        GPIO_InitStructure.Pin  = GPIO_Pin_0|GPIO_Pin_1|GPIO_Pin_2|GPIO_Pin_3;
   6   1        GPIO_InitStructure.Mode = GPIO_OUT_PP;         
   7   1        GPIO_Inilize(GPIO_P1,&GPIO_InitStructure);
   8   1      
   9   1        DcMotor_M1_Set(FALSE);
  10   1        DcMotor_M2_Set(FALSE);
  11   1        DcMotor_M3_Set(FALSE);
  12   1        DcMotor_M4_Set(FALSE);
  13   1      }
  14          
  15          
  16          void DcMotor_M1_Set(uint8_t onoff){
  17   1        P12 = onoff;
  18   1      }
  19          
  20          void DcMotor_M2_Set(uint8_t onoff){
  21   1        P13 = onoff;
  22   1      } 
  23          
  24          void DcMotor_M3_Set(uint8_t onoff){
  25   1        P11 = onoff;
  26   1      }
  27          
  28          void DcMotor_M4_Set(uint8_t onoff){
  29   1        P10 = onoff;
  30   1      }


MODULE INFORMATION:   STATIC OVERLAYABLE
   CODE SIZE        =     67    ----
   CONSTANT SIZE    =   ----    ----
   XDATA SIZE       =   ----       2
   PDATA SIZE       =   ----    ----
   DATA SIZE        =   ----    ----
   IDATA SIZE       =   ----    ----
   BIT SIZE         =   ----    ----
END OF MODULE INFORMATION.


C51 COMPILATION COMPLETE.  0 WARNING(S),  0 ERROR(S)
