C51 COMPILER V9.60.7.0   DCMOTOR                                                           04/27/2024 18:13:05 PAGE 1   


C51 COMPILER V9.60.7.0, COMPILATION OF MODULE DCMOTOR
OBJECT MODULE PLACED IN .\list\DcMotor.obj
COMPILER INVOKED BY: D:\Keil_v5_c51\C51\BIN\C51.EXE ..\App\DcMotor\DcMotor.c LARGE OPTIMIZE(8,SPEED) BROWSE INCDIR(..\Dr
                    -iver\Inc;..\App\Config;..\App\DcMotor;..\App\Gyro;..\App\Wireless\LT8920;..\App\Timer;..\App\Utils;..\App\PWM) DEBUG OBJ
                    -ECTEXTEND PRINT(.\list\DcMotor.lst) TABS(2) OBJECT(.\list\DcMotor.obj)

line level    source

   1          #include "DcMotor.h"
   2          #include "STC8G_H_Delay.h"
   3          DC_MOTOR_STATUS dcMotorStatus = MOTOR_STATUS_STOP;
   4          
   5          void DcMotor_SetStatus(uint8_t status){
   6   1          dcMotorStatus = status;
   7   1          switch (dcMotorStatus)
   8   1          {
   9   2              case MOTOR_STATUS_FORWORD:{
  10   3                  DcMotor_M1_Set(TRUE);
  11   3                  DcMotor_M2_Set(FALSE);
  12   3                  DcMotor_M3_Set(TRUE);
  13   3                  DcMotor_M4_Set(FALSE);
  14   3              }
  15   2              break;
  16   2      
  17   2              case MOTOR_STATUS_LEFT:{
  18   3                  DcMotor_M1_Set(FALSE);
  19   3                  DcMotor_M2_Set(TRUE);
  20   3                  DcMotor_M3_Set(TRUE);
  21   3                  DcMotor_M4_Set(FALSE);
  22   3              }
  23   2              break;
  24   2      
  25   2              case MOTOR_STATUS_RIGHT:{
  26   3                  DcMotor_M1_Set(TRUE);
  27   3                  DcMotor_M2_Set(FALSE);
  28   3                  DcMotor_M3_Set(FALSE);
  29   3                  DcMotor_M4_Set(TRUE);
  30   3              }
  31   2              break;
  32   2      
  33   2              default:
  34   2              case MOTOR_STATUS_STOP:{
  35   3                  DcMotor_M1_Set(TRUE);
  36   3                  DcMotor_M2_Set(TRUE);
  37   3                  DcMotor_M3_Set(TRUE);
  38   3                  DcMotor_M4_Set(TRUE);
  39   3                  // DcMotor_M1_Set(FALSE);
  40   3                  // DcMotor_M2_Set(FALSE);
  41   3                  // DcMotor_M3_Set(FALSE);
  42   3                  // DcMotor_M4_Set(FALSE);
  43   3              }
  44   2              break;
  45   2          }
  46   1      }
  47          
  48          void DcMotor_Direction_Test_Handle(void){
  49   1          #if 1
  50   1          DcMotor_SetStatus(MOTOR_STATUS_STOP);
  51   1      
  52   1      
  53   1          #else
C51 COMPILER V9.60.7.0   DCMOTOR                                                           04/27/2024 18:13:05 PAGE 2   

                  static DC_MOTOR_STATUS newdcMotorStatus = MOTOR_STATUS_FORWORD;
                  
                  DcMotor_SetStatus(newdcMotorStatus);
                  delay_ms(5000);
                  DcMotor_SetStatus(MOTOR_STATUS_STOP);
                  delay_ms(200);
              
                  newdcMotorStatus++;
                  if(newdcMotorStatus>MOTOR_STATUS_RIGHT){
                      newdcMotorStatus = MOTOR_STATUS_FORWORD;
                  }
              
                  #endif
  67   1      
  68   1      
  69   1      
  70   1      }
  71          


MODULE INFORMATION:   STATIC OVERLAYABLE
   CODE SIZE        =     89    ----
   CONSTANT SIZE    =   ----    ----
   XDATA SIZE       =      1    ----
   PDATA SIZE       =   ----    ----
   DATA SIZE        =   ----    ----
   IDATA SIZE       =   ----    ----
   BIT SIZE         =   ----    ----
END OF MODULE INFORMATION.


C51 COMPILATION COMPLETE.  0 WARNING(S),  0 ERROR(S)
