C51 COMPILER V9.60.7.0   GYRO_I2C                                                          04/23/2024 14:18:18 PAGE 1   


C51 COMPILER V9.60.7.0, COMPILATION OF MODULE GYRO_I2C
OBJECT MODULE PLACED IN .\list\gyro_i2c.obj
COMPILER INVOKED BY: D:\Keil_v5_c51\C51\BIN\C51.EXE ..\App\Gyro\gyro_i2c.c OMF2 OPTIMIZE(8,SPEED) BROWSE INCDIR(..\Drive
                    -r\Inc;..\App\Config;..\App\DcMotor;..\App\Gyro;..\App\Wireless\LT8920) DEBUG PRINT(.\list\gyro_i2c.lst) TABS(2) OBJECT(.
                    -\list\gyro_i2c.obj)

line level    source

   1          void IIC_Start()
   2          {
   3   1        SDA_GPIO=1;             
*** ERROR C202 IN LINE 3 OF ..\App\Gyro\gyro_i2c.c: 'SDA_GPIO': undefined identifier
   4   1        SCL_GPIO=1;             
*** ERROR C202 IN LINE 4 OF ..\App\Gyro\gyro_i2c.c: 'SCL_GPIO': undefined identifier
   5   1        IIC_Delay();            
   6   1        SDA_GPIO=0;             
   7   1        IIC_Delay();            
   8   1        SCL_GPIO=0;             
   9   1        IIC_Delay();            
  10   1      }//*/
  11          void IIC_Stop() 
  12          {
  13   1        SDA_GPIO=0;             
  14   1        SCL_GPIO=1;             
  15   1        IIC_Delay();            
  16   1        SDA_GPIO=1;             
  17   1        IIC_Delay();            
  18   1      }
  19          void IIC_Write_Byte(u8 IIC_Byte) 
  20          {
  21   1        u8 i;
  22   1        SCL_GPIO=0;             
  23   1        SDA_GPIO=1;
  24   1        for(i=0;i<8;i++)          
  25   1        {
  26   2          SDA_GPIO=(bit)(IIC_Byte&0x80);  
  27   2          IIC_Byte<<=1;         
  28   2          IIC_Delay();          
  29   2          SCL_GPIO=1;           
  30   2          IIC_Delay();          
  31   2          SCL_GPIO=0;           
  32   2          IIC_Delay();          
  33   2        }
  34   1      }u8 IIC_Read_Byte()
  35          {
  36            u8 i,Value;
  37            SCL_GPIO=0;             
  38            SDA_GPIO=1;
  39            for(i=0;i<8;i++)          
  40            {
  41              Value=(Value<<1)|SDA_GPIO;    
  42              IIC_Delay();          
  43              SCL_GPIO=1;           
  44              IIC_Delay();          
  45              SCL_GPIO=0;           
  46              IIC_Delay();          
  47            }
  48            return Value;
  49          }
  50          u8 IIC_Read_Ack() 
  51          {
C51 COMPILER V9.60.7.0   GYRO_I2C                                                          04/23/2024 14:18:18 PAGE 2   

  52            u8 ack=1,i=0;
  53            SCL_GPIO=1;             
  54            IIC_Delay();            
  55            while((ack)&&(i<5)) 
  56              {       
  57              ack=SDA_GPIO;         
  58              i++;
  59            }
  60            SCL_GPIO=0;             
  61            return ack;             
  62          }void IIC_Write_Ack(bit ack)        
  63          {
  64            SDA_GPIO=ack;           
  65            IIC_Delay();            
  66            SCL_GPIO=1;             
  67            IIC_Delay();            
  68            SCL_GPIO=0;             
  69            IIC_Delay();            
  70            SDA_GPIO=1;             
  71            IIC_Delay();            
  72          }
  73          void OLED_Write_fixed_Buffer()
  74          {
  75            OLED_Display_Symbol_Ser(0,0,'<','-');
  76            OLED_Display_Symbol_Ser(0,1,'<','<');
  77            OLED_Display_Chines_Ser(0,2,48);
  78            OLED_Display_Symbol_Ser(0,3,'b','i');
  79            OLED_Display_Symbol_Ser(0,4,'u','b');
  80            OLED_Display_Symbol_Ser(0,5,'i','u');
  81            OLED_Display_Symbol_Ser(0,6,'>','-');
  82            OLED_Display_Symbol_Ser(0,7,'>','>');
  83            OLED_Display_Symbol_Ser(0,0,'<','-');
  84            OLED_Display_Symbol_Ser(0,1,'<','<');
  85            /***************³¬Éù²¨********************/
  86            OLED_Display_Chines_Ser(2,0,0);
  87            OLED_Display_Chines_Ser(2,1,2);
  88            OLED_Display_Chines_Ser(2,2,4);
  89            OLED_Display_Symbol_Ser(2,3,' ',':');
  90            OLED_Display_Symbol_Ser(2,6,'m','m');
  91            /***************ÎÂ¶È********************/
  92            OLED_Display_Chines_Ser(4,0,54);
  93            OLED_Display_Chines_Ser(4,1,56);
  94            OLED_Display_Symbol_Ser(4,3,' ',':');
  95            OLED_Display_Chines_Ser(4,6,58);
  96          }
  97          void main()
  98          {
  99              IIC_Init();
 100            OLED_Init();
 101              while(1)
 102              {
 103                  
 104              }
 105          }

C51 COMPILATION COMPLETE.  0 WARNING(S),  2 ERROR(S)
