C51 COMPILER V9.60.7.0   MAIN                                                              04/27/2024 18:13:06 PAGE 1   


C51 COMPILER V9.60.7.0, COMPILATION OF MODULE MAIN
OBJECT MODULE PLACED IN .\list\main.obj
COMPILER INVOKED BY: D:\Keil_v5_c51\C51\BIN\C51.EXE ..\App\Main\main.c LARGE OPTIMIZE(8,SPEED) BROWSE INCDIR(..\Driver\I
                    -nc;..\App\Config;..\App\DcMotor;..\App\Gyro;..\App\Wireless\LT8920;..\App\Timer;..\App\Utils;..\App\PWM) DEBUG OBJECTEXT
                    -END PRINT(.\list\main.lst) TABS(2) OBJECT(.\list\main.obj)

line level    source

   1          #include "config.h"
   2          #include "DcMotor_Gpio.h"
   3          #include "DcMotor.h"
   4          
   5          #include "timer.h"
   6          #include "STC8G_H_Timer.h"
   7          #include "STC8G_H_GPIO.h"
   8          #include "STC8G_H_NVIC.h"
   9          
  10          
  11          
  12          void main(void)
  13          {
  14   1        EAXSFR();   
  15   1        SysTimer_Init();
  16   1      # if 1
  17   1        Gpio_Print_Init();  
*** WARNING C206 IN LINE 17 OF ..\App\Main\main.c: 'Gpio_Print_Init': missing function-prototype
  18   1      #else
                Led_IO_Init();
              #endif
  21   1      
  22   1      #if 1
  23   1        DcMotor_Gpio_Config();
  24   1        // DcMotor_Direction_Test_Handle();
  25   1      #else
                PWM_Gpio_Config();
                pwm_Timer_Init();
                PWM_Config();
              #endif
  30   1      
  31   1      
  32   1        EA = 1;
  33   1      
  34   1      
  35   1        while (1)
  36   1        {
  37   2          if(SysTimer_Get_10MsFlag()==TRUE)
  38   2          {
  39   3            SysTimer_Set_10MsFlag(FALSE);
  40   3            // Led_Refresh_Handle();
  41   3            printf("10ms\r\n");
  42   3          }
  43   2        }
  44   1      }
  45          
  46          
  47          


MODULE INFORMATION:   STATIC OVERLAYABLE
   CODE SIZE        =     36    ----
   CONSTANT SIZE    =      7    ----
C51 COMPILER V9.60.7.0   MAIN                                                              04/27/2024 18:13:06 PAGE 2   

   XDATA SIZE       =   ----    ----
   PDATA SIZE       =   ----    ----
   DATA SIZE        =   ----    ----
   IDATA SIZE       =   ----    ----
   BIT SIZE         =   ----    ----
END OF MODULE INFORMATION.


C51 COMPILATION COMPLETE.  1 WARNING(S),  0 ERROR(S)
