BL51 BANKED LINKER/LOCATER V6.22.4.0                                                    04/24/2024  15:35:53  PAGE 1


BL51 BANKED LINKER/LOCATER V6.22.4.0, INVOKED BY:
D:\KEIL_V5_C51\C51\BIN\BL51.EXE .\list\STC8G_H_GPIO.obj, .\list\STC8G_H_NVIC.obj, .\list\STC8G_H_Timer.obj, .\list\STC8G
>> _H_Timer_Isr.obj, .\list\STC8H_PWM.obj, .\list\STC8G_H_Delay.obj, .\list\STC8G_H_Soft_I2C.obj, .\list\DcMotor.obj, .\
>> list\DcMotor_Gpio.obj, .\list\gyro.obj, .\list\main.obj, .\list\LT8920_SPI.obj TO .\list\PWM PRINT (.\list\PWM.m51) R
>> AMSIZE (256)


MEMORY MODEL: COMPACT


INPUT MODULES INCLUDED:
  .\list\STC8G_H_GPIO.obj (STC8G_H_GPIO)
  .\list\STC8G_H_NVIC.obj (STC8G_H_NVIC)
  .\list\STC8G_H_Timer.obj (STC8G_H_TIMER)
  .\list\STC8G_H_Timer_Isr.obj (STC8G_H_TIMER_ISR)
  .\list\STC8H_PWM.obj (STC8H_PWM)
  .\list\STC8G_H_Delay.obj (STC8G_H_DELAY)
  .\list\STC8G_H_Soft_I2C.obj (STC8G_H_SOFT_I2C)
  .\list\DcMotor.obj (DCMOTOR)
  .\list\DcMotor_Gpio.obj (DCMOTOR_GPIO)
  .\list\gyro.obj (GYRO)
  .\list\main.obj (MAIN)
  .\list\LT8920_SPI.obj (LT8920_SPI)
  D:\KEIL_V5_C51\C51\LIB\C51C.LIB (?C_STARTUP)
  D:\KEIL_V5_C51\C51\LIB\C51C.LIB (?C?COPY)
  D:\KEIL_V5_C51\C51\LIB\C51C.LIB (?C?CLDPTR)
  D:\KEIL_V5_C51\C51\LIB\C51C.LIB (?C?CLDOPTR)
  D:\KEIL_V5_C51\C51\LIB\C51C.LIB (?C?CSTPTR)
  D:\KEIL_V5_C51\C51\LIB\C51C.LIB (?C?SIDIV)
  D:\KEIL_V5_C51\C51\LIB\C51C.LIB (?C?ILDPTR)
  D:\KEIL_V5_C51\C51\LIB\C51C.LIB (?C?ILDOPTR)
  D:\KEIL_V5_C51\C51\LIB\C51C.LIB (?C?ISTPTR)
  D:\KEIL_V5_C51\C51\LIB\C51C.LIB (?C_INIT)
  D:\KEIL_V5_C51\C51\LIB\C51C.LIB (?C?UIDIV)


LINK MAP OF MODULE:  .\list\PWM (STC8G_H_GPIO)


            TYPE    BASE      LENGTH    RELOCATION   SEGMENT NAME
            -----------------------------------------------------

            * * * * * * *   D A T A   M E M O R Y   * * * * * * *
            REG     0000H     0008H     ABSOLUTE     "REG BANK 0"
            DATA    0008H     0002H     UNIT         ?DT?DELAY100US?STC8G_H_DELAY
            IDATA   000AH     0001H     UNIT         ?STACK

            * * * * * * *  X D A T A   M E M O R Y  * * * * * * *
            XDATA   0000H     0006H     INPAGE       ?PD?_SI2C_WRITENBYTE?STC8G_H_SOFT_I2C
            XDATA   0006H     0006H     INPAGE       ?PD?_SI2C_READNBYTE?STC8G_H_SOFT_I2C
            XDATA   000CH     0001H     INPAGE       ?PD?DCMOTOR
            XDATA   000DH     0005H     INPAGE       ?PD?_MIR3DA_REGISTER_READ?GYRO
            XDATA   0012H     0002H     INPAGE       ?PD?_MIR3DA_REGISTER_WRITE?GYRO
            XDATA   0014H     0002H     INPAGE       ?PD?_MIR3DA_REGISTER_MASK_WRITE?GYRO
            XDATA   0016H     0001H     INPAGE       ?PD?MIR3DA_INIT?GYRO
            XDATA   0017H     000FH     INPAGE       ?PD?_MIR3DA_READ_RAW_DATA?GYRO
            XDATA   0026H     000FH     INPAGE       ?PD?_MIR3DA_READ_DATA?GYRO
            XDATA   0035H     0014H     INPAGE       ?PD?DO_DIFFF_CALIBRATE?GYRO
BL51 BANKED LINKER/LOCATER V6.22.4.0                                                  04/24/2024  15:35:53  PAGE 2


            XDATA   0049H     0007H     INPAGE       ?PD?GYRO
            XDATA   0050H     0002H     INPAGE       _PDATA_GROUP_

            * * * * * * *   C O D E   M E M O R Y   * * * * * * *
            CODE    0000H     0003H     ABSOLUTE     
                    0003H     0018H                  *** GAP ***
            CODE    001BH     0003H     ABSOLUTE     
                    001EH     0045H                  *** GAP ***
            CODE    0063H     0003H     ABSOLUTE     
                    0066H     0035H                  *** GAP ***
            CODE    009BH     0003H     ABSOLUTE     
                    009EH     0005H                  *** GAP ***
            CODE    00A3H     0003H     ABSOLUTE     
                    00A6H     075AH                  *** GAP ***
            CODE    0800H     0412H     UNIT         ?PR?_PWM_CONFIGURATION?STC8H_PWM
            CODE    0C12H     025BH     UNIT         ?C?LIB_CODE
            CODE    0E6DH     0254H     UNIT         ?PR?_GPIO_INILIZE?STC8G_H_GPIO
            CODE    10C1H     0249H     UNIT         ?PR?_TIMER_INILIZE?STC8G_H_TIMER
            CODE    130AH     014DH     UNIT         ?PR?_UPDATEPWM?STC8H_PWM
            CODE    1457H     0106H     UNIT         ?PR?DO_DIFFF_CALIBRATE?GYRO
            CODE    155DH     00B4H     UNIT         ?PR?_MIR3DA_READ_DATA?GYRO
            CODE    1611H     008DH     UNIT         ?PR?_MIR3DA_READ_RAW_DATA?GYRO
            CODE    169EH     008CH     UNIT         ?C_C51STARTUP
            CODE    172AH     007FH     UNIT         ?PR?_NVIC_PWM_INIT?STC8G_H_NVIC
            CODE    17A9H     005DH     UNIT         ?PR?_NVIC_I2C_INIT?STC8G_H_NVIC
            CODE    1806H     0058H     UNIT         ?PR?_DCMOTOR_SETSTATUS?DCMOTOR
            CODE    185EH     004FH     UNIT         ?PR?_SI2C_READNBYTE?STC8G_H_SOFT_I2C
            CODE    18ADH     004EH     UNIT         ?PR?MIR3DA_INIT?GYRO
            CODE    18FBH     004BH     UNIT         ?PR?_NVIC_CMP_INIT?STC8G_H_NVIC
            CODE    1946H     004AH     UNIT         ?PR?_NVIC_UART3_INIT?STC8G_H_NVIC
            CODE    1990H     0048H     UNIT         ?PR?_NVIC_UART4_INIT?STC8G_H_NVIC
            CODE    19D8H     0047H     UNIT         ?PR?_NVIC_SPI_INIT?STC8G_H_NVIC
            CODE    1A1FH     0043H     UNIT         ?PR?_NVIC_UART2_INIT?STC8G_H_NVIC
            CODE    1A62H     0041H     UNIT         ?PR?_NVIC_TIMER0_INIT?STC8G_H_NVIC
            CODE    1AA3H     0041H     UNIT         ?PR?_NVIC_TIMER1_INIT?STC8G_H_NVIC
            CODE    1AE4H     0041H     UNIT         ?PR?_NVIC_INT0_INIT?STC8G_H_NVIC
            CODE    1B25H     0041H     UNIT         ?PR?_NVIC_INT1_INIT?STC8G_H_NVIC
            CODE    1B66H     0041H     UNIT         ?PR?_NVIC_ADC_INIT?STC8G_H_NVIC
            CODE    1BA7H     0041H     UNIT         ?PR?_NVIC_UART1_INIT?STC8G_H_NVIC
            CODE    1BE8H     003AH     UNIT         ?PR?_NVIC_RTC_INIT?STC8G_H_NVIC
            CODE    1C22H     003AH     UNIT         ?PR?_MIR3DA_REGISTER_MASK_WRITE?GYRO
            CODE    1C5CH     0037H     UNIT         ?PR?_MIR3DA_SET_ACTIVE_INTERRUPT?GYRO
            CODE    1C93H     0036H     UNIT         ?PR?_SI2C_WRITENBYTE?STC8G_H_SOFT_I2C
            CODE    1CC9H     0027H     UNIT         ?PR?DCMOTOR_GPIO_CONFIG?DCMOTOR_GPIO
            CODE    1CF0H     0023H     UNIT         ?PR?_NVIC_TIMER4_INIT?STC8G_H_NVIC
            CODE    1D13H     0022H     UNIT         ?PR?_NVIC_TIMER2_INIT?STC8G_H_NVIC
            CODE    1D35H     0022H     UNIT         ?PR?_NVIC_TIMER3_INIT?STC8G_H_NVIC
            CODE    1D57H     001DH     UNIT         ?PR?_I2C_WRITEABYTE?STC8G_H_SOFT_I2C
            CODE    1D74H     001BH     UNIT         ?PR?I2C_READABYTE?STC8G_H_SOFT_I2C
            CODE    1D8FH     001AH     UNIT         ?PR?_NVIC_INT4_INIT?STC8G_H_NVIC
            CODE    1DA9H     0019H     UNIT         ?PR?_NVIC_INT3_INIT?STC8G_H_NVIC
            CODE    1DC2H     0019H     UNIT         ?PR?_MIR3DA_REGISTER_READ?GYRO
            CODE    1DDBH     0018H     UNIT         ?PR?_NVIC_INT2_INIT?STC8G_H_NVIC
            CODE    1DF3H     0016H     UNIT         ?PR?_MIR3DA_SET_ENABLE?GYRO
            CODE    1E09H     0013H     UNIT         ?C_INITSEG
            CODE    1E1CH     0011H     UNIT         ?PR?I2C_CHECK_ACK?STC8G_H_SOFT_I2C
            CODE    1E2DH     0010H     UNIT         ?PR?_DELAY_MS?STC8G_H_DELAY
BL51 BANKED LINKER/LOCATER V6.22.4.0                                                  04/24/2024  15:35:53  PAGE 3


            CODE    1E3DH     000FH     UNIT         ?PR?MAIN?MAIN
            CODE    1E4CH     000EH     UNIT         ?PR?DELAY100US?STC8G_H_DELAY
            CODE    1E5AH     000DH     UNIT         ?PR?I2C_START?STC8G_H_SOFT_I2C
            CODE    1E67H     000CH     UNIT         ?PR?I2C_DELAY?STC8G_H_SOFT_I2C
            CODE    1E73H     000CH     UNIT         ?CO?GYRO
            CODE    1E7FH     000AH     UNIT         ?PR?I2C_STOP?STC8G_H_SOFT_I2C
            CODE    1E89H     000AH     UNIT         ?PR?S_ACK?STC8G_H_SOFT_I2C
            CODE    1E93H     000AH     UNIT         ?PR?_MIR3DA_REGISTER_WRITE?GYRO
            CODE    1E9DH     0008H     UNIT         ?PR?S_NOACK?STC8G_H_SOFT_I2C
            CODE    1EA5H     0006H     UNIT         ?PR?_DCMOTOR_M1_SET?DCMOTOR_GPIO
            CODE    1EABH     0006H     UNIT         ?PR?_DCMOTOR_M2_SET?DCMOTOR_GPIO
            CODE    1EB1H     0006H     UNIT         ?PR?_DCMOTOR_M3_SET?DCMOTOR_GPIO
            CODE    1EB7H     0006H     UNIT         ?PR?_DCMOTOR_M4_SET?DCMOTOR_GPIO
            CODE    1EBDH     0003H     UNIT         ?PR?TIMER1_ISR_HANDLER?STC8G_H_TIMER_ISR
            CODE    1EC0H     0003H     UNIT         ?PR?TIMER2_ISR_HANDLER?STC8G_H_TIMER_ISR
            CODE    1EC3H     0003H     UNIT         ?PR?TIMER3_ISR_HANDLER?STC8G_H_TIMER_ISR
            CODE    1EC6H     0003H     UNIT         ?PR?TIMER4_ISR_HANDLER?STC8G_H_TIMER_ISR



OVERLAY MAP OF MODULE:   .\list\PWM (STC8G_H_GPIO)


SEGMENT                                            PDATA_GROUP
  +--> CALLED SEGMENT                            START    LENGTH
----------------------------------------------------------------
?C_C51STARTUP                                    -----    -----
  +--> ?PR?MAIN?MAIN
  +--> ?C_INITSEG

?PR?MAIN?MAIN                                    -----    -----
  +--> ?PR?DCMOTOR_GPIO_CONFIG?DCMOTOR_GPIO
  +--> ?PR?_DCMOTOR_M3_SET?DCMOTOR_GPIO

?PR?DCMOTOR_GPIO_CONFIG?DCMOTOR_GPIO             0050H    0002H
  +--> ?PR?_GPIO_INILIZE?STC8G_H_GPIO
  +--> ?PR?_DCMOTOR_M1_SET?DCMOTOR_GPIO
  +--> ?PR?_DCMOTOR_M2_SET?DCMOTOR_GPIO
  +--> ?PR?_DCMOTOR_M3_SET?DCMOTOR_GPIO
  +--> ?PR?_DCMOTOR_M4_SET?DCMOTOR_GPIO



SYMBOL TABLE OF MODULE:  .\list\PWM (STC8G_H_GPIO)

  VALUE           TYPE          NAME
  ----------------------------------

  -------         MODULE        STC8G_H_GPIO
  C:0000H         SYMBOL        _ICE_DUMMY_
  D:0093H         PUBLIC        P0M1
  D:0092H         PUBLIC        P1M0
  D:0096H         PUBLIC        P2M0
  D:0091H         PUBLIC        P1M1
  D:0080H         PUBLIC        P0
  D:00B2H         PUBLIC        P3M0
  D:0095H         PUBLIC        P2M1
BL51 BANKED LINKER/LOCATER V6.22.4.0                                                  04/24/2024  15:35:53  PAGE 4


  D:0090H         PUBLIC        P1
  D:00B4H         PUBLIC        P4M0
  D:00B1H         PUBLIC        P3M1
  D:00A0H         PUBLIC        P2
  D:00CAH         PUBLIC        P5M0
  D:00B3H         PUBLIC        P4M1
  D:00B0H         PUBLIC        P3
  D:00CCH         PUBLIC        P6M0
  D:00C9H         PUBLIC        P5M1
  D:00C0H         PUBLIC        P4
  D:00E2H         PUBLIC        P7M0
  D:00CBH         PUBLIC        P6M1
  D:00C8H         PUBLIC        P5
  D:00E8H         PUBLIC        P6
  D:00E1H         PUBLIC        P7M1
  D:00F8H         PUBLIC        P7
  D:00A8H         PUBLIC        IE
  D:00B8H         PUBLIC        IP
  D:0098H         PUBLIC        SCON
  D:0088H         PUBLIC        TCON
  C:0E6DH         PUBLIC        _GPIO_Inilize
  D:00D0H         PUBLIC        PSW
  D:0094H         PUBLIC        P0M0
  -------         PROC          _GPIO_INILIZE
  D:0007H         SYMBOL        GPIO
  D:0001H         SYMBOL        GPIOx
  C:0E6DH         LINE#         22
  C:0E6DH         LINE#         23
  C:0E6DH         LINE#         24
  C:0E76H         LINE#         25
  C:0E82H         LINE#         26
  C:0E85H         LINE#         27
  C:0E85H         LINE#         28
  C:0E93H         LINE#         29
  C:0EA4H         LINE#         30
  C:0EB5H         LINE#         31
  C:0EC6H         LINE#         32
  C:0EC6H         LINE#         33
  C:0ECBH         LINE#         34
  C:0ECBH         LINE#         35
  C:0EDCH         LINE#         36
  C:0EEBH         LINE#         37
  C:0EFBH         LINE#         38
  C:0F0EH         LINE#         39
  C:0F0EH         LINE#         40
  C:0F13H         LINE#         41
  C:0F13H         LINE#         42
  C:0F24H         LINE#         43
  C:0F33H         LINE#         44
  C:0F43H         LINE#         45
  C:0F56H         LINE#         46
  C:0F56H         LINE#         47
  C:0F5BH         LINE#         48
  C:0F5BH         LINE#         49
  C:0F6CH         LINE#         50
  C:0F7BH         LINE#         51
  C:0F8BH         LINE#         52
BL51 BANKED LINKER/LOCATER V6.22.4.0                                                  04/24/2024  15:35:53  PAGE 5


  C:0F9EH         LINE#         53
  C:0F9EH         LINE#         54
  C:0FA3H         LINE#         55
  C:0FA3H         LINE#         56
  C:0FB4H         LINE#         57
  C:0FC3H         LINE#         58
  C:0FD3H         LINE#         59
  C:0FE6H         LINE#         60
  C:0FE6H         LINE#         61
  C:0FEBH         LINE#         62
  C:0FEBH         LINE#         63
  C:0FFCH         LINE#         64
  C:100BH         LINE#         65
  C:101BH         LINE#         66
  C:102EH         LINE#         67
  C:102EH         LINE#         68
  C:1033H         LINE#         69
  C:1033H         LINE#         70
  C:1044H         LINE#         71
  C:1053H         LINE#         72
  C:1063H         LINE#         73
  C:1076H         LINE#         74
  C:1076H         LINE#         75
  C:107BH         LINE#         76
  C:107BH         LINE#         77
  C:108CH         LINE#         78
  C:109BH         LINE#         79
  C:10ABH         LINE#         80
  C:10BEH         LINE#         81
  C:10BEH         LINE#         82
  C:10C0H         LINE#         83
  -------         ENDPROC       _GPIO_INILIZE
  -------         ENDMOD        STC8G_H_GPIO

  -------         MODULE        STC8G_H_NVIC
  C:0000H         SYMBOL        _ICE_DUMMY_
  D:0080H         PUBLIC        P0
  D:0090H         PUBLIC        P1
  D:00A0H         PUBLIC        P2
  D:00B0H         PUBLIC        P3
  D:00C0H         PUBLIC        P4
  D:00C8H         PUBLIC        P5
  D:00E8H         PUBLIC        P6
  D:00F8H         PUBLIC        P7
  B:00A8H.5       PUBLIC        EADC
  D:00A8H         PUBLIC        IE
  D:00B6H         PUBLIC        IP2H
  D:00EEH         PUBLIC        IP3H
  D:008FH         PUBLIC        INTCLKO
  B:00A8H.4       PUBLIC        ES
  B:00B8H.5       PUBLIC        PADC
  D:00B8H         PUBLIC        IP
  B:00B8H.4       PUBLIC        PS
  C:1AE4H         PUBLIC        _NVIC_INT0_Init
  C:1B25H         PUBLIC        _NVIC_INT1_Init
  C:1DDBH         PUBLIC        _NVIC_INT2_Init
  C:1DA9H         PUBLIC        _NVIC_INT3_Init
BL51 BANKED LINKER/LOCATER V6.22.4.0                                                  04/24/2024  15:35:53  PAGE 6


  D:00E6H         PUBLIC        CMPCR1
  C:1D8FH         PUBLIC        _NVIC_INT4_Init
  D:0098H         PUBLIC        SCON
  D:0088H         PUBLIC        TCON
  C:1A62H         PUBLIC        _NVIC_Timer0_Init
  C:1AA3H         PUBLIC        _NVIC_Timer1_Init
  C:1D13H         PUBLIC        _NVIC_Timer2_Init
  C:1D35H         PUBLIC        _NVIC_Timer3_Init
  D:00AFH         PUBLIC        IE2
  C:1CF0H         PUBLIC        _NVIC_Timer4_Init
  C:17A9H         PUBLIC        _NVIC_I2C_Init
  B:00A8H.1       PUBLIC        ET0
  B:00A8H.3       PUBLIC        ET1
  D:00B5H         PUBLIC        IP2
  D:00DFH         PUBLIC        IP3
  B:00A8H.0       PUBLIC        EX0
  B:00A8H.2       PUBLIC        EX1
  C:1B66H         PUBLIC        _NVIC_ADC_Init
  B:00B8H.1       PUBLIC        PT0
  B:00B8H.3       PUBLIC        PT1
  B:00B8H.0       PUBLIC        PX0
  B:00B8H.2       PUBLIC        PX1
  D:00B7H         PUBLIC        IPH
  C:18FBH         PUBLIC        _NVIC_CMP_Init
  C:1BE8H         PUBLIC        _NVIC_RTC_Init
  C:19D8H         PUBLIC        _NVIC_SPI_Init
  C:1BA7H         PUBLIC        _NVIC_UART1_Init
  C:1A1FH         PUBLIC        _NVIC_UART2_Init
  C:1946H         PUBLIC        _NVIC_UART3_Init
  C:1990H         PUBLIC        _NVIC_UART4_Init
  D:00D0H         PUBLIC        PSW
  C:172AH         PUBLIC        _NVIC_PWM_Init
  -------         PROC          _NVIC_TIMER0_INIT
  D:0007H         SYMBOL        State
  D:0005H         SYMBOL        Priority
  C:1A62H         LINE#         23
  C:1A62H         LINE#         24
  C:1A62H         LINE#         25
  C:1A6BH         LINE#         26
  C:1A74H         LINE#         27
  C:1A7DH         LINE#         28
  C:1AA0H         LINE#         29
  C:1AA2H         LINE#         30
  -------         ENDPROC       _NVIC_TIMER0_INIT
  -------         PROC          _NVIC_TIMER1_INIT
  D:0007H         SYMBOL        State
  D:0005H         SYMBOL        Priority
  C:1AA3H         LINE#         40
  C:1AA3H         LINE#         41
  C:1AA3H         LINE#         42
  C:1AACH         LINE#         43
  C:1AB5H         LINE#         44
  C:1ABEH         LINE#         45
  C:1AE1H         LINE#         46
  C:1AE3H         LINE#         47
  -------         ENDPROC       _NVIC_TIMER1_INIT
  -------         PROC          _NVIC_TIMER2_INIT
BL51 BANKED LINKER/LOCATER V6.22.4.0                                                  04/24/2024  15:35:53  PAGE 7


  D:0007H         SYMBOL        State
  D:0005H         SYMBOL        Priority
  C:1D13H         LINE#         57
  C:1D13H         LINE#         58
  C:1D13H         LINE#         59
  C:1D1CH         LINE#         60
  C:1D25H         LINE#         61
  C:1D32H         LINE#         62
  C:1D33H         LINE#         63
  C:1D34H         LINE#         64
  -------         ENDPROC       _NVIC_TIMER2_INIT
  -------         PROC          _NVIC_TIMER3_INIT
  D:0007H         SYMBOL        State
  D:0005H         SYMBOL        Priority
  C:1D35H         LINE#         74
  C:1D35H         LINE#         75
  C:1D35H         LINE#         76
  C:1D3EH         LINE#         77
  C:1D47H         LINE#         78
  C:1D54H         LINE#         79
  C:1D55H         LINE#         80
  C:1D56H         LINE#         81
  -------         ENDPROC       _NVIC_TIMER3_INIT
  -------         PROC          _NVIC_TIMER4_INIT
  D:0007H         SYMBOL        State
  D:0005H         SYMBOL        Priority
  C:1CF0H         LINE#         91
  C:1CF0H         LINE#         92
  C:1CF0H         LINE#         93
  C:1CF9H         LINE#         94
  C:1D02H         LINE#         95
  C:1D10H         LINE#         96
  C:1D11H         LINE#         97
  C:1D12H         LINE#         98
  -------         ENDPROC       _NVIC_TIMER4_INIT
  -------         PROC          _NVIC_INT0_INIT
  D:0007H         SYMBOL        State
  D:0005H         SYMBOL        Priority
  C:1AE4H         LINE#         108
  C:1AE4H         LINE#         109
  C:1AE4H         LINE#         110
  C:1AEDH         LINE#         111
  C:1AF6H         LINE#         112
  C:1AFFH         LINE#         113
  C:1B22H         LINE#         114
  C:1B24H         LINE#         115
  -------         ENDPROC       _NVIC_INT0_INIT
  -------         PROC          _NVIC_INT1_INIT
  D:0007H         SYMBOL        State
  D:0005H         SYMBOL        Priority
  C:1B25H         LINE#         125
  C:1B25H         LINE#         126
  C:1B25H         LINE#         127
  C:1B2EH         LINE#         128
  C:1B37H         LINE#         129
  C:1B40H         LINE#         130
  C:1B63H         LINE#         131
BL51 BANKED LINKER/LOCATER V6.22.4.0                                                  04/24/2024  15:35:53  PAGE 8


  C:1B65H         LINE#         132
  -------         ENDPROC       _NVIC_INT1_INIT
  -------         PROC          _NVIC_INT2_INIT
  D:0007H         SYMBOL        State
  D:0005H         SYMBOL        Priority
  C:1DDBH         LINE#         142
  C:1DDBH         LINE#         143
  C:1DDBH         LINE#         144
  C:1DE4H         LINE#         145
  C:1DF0H         LINE#         146
  C:1DF1H         LINE#         147
  C:1DF2H         LINE#         148
  -------         ENDPROC       _NVIC_INT2_INIT
  -------         PROC          _NVIC_INT3_INIT
  D:0007H         SYMBOL        State
  D:0005H         SYMBOL        Priority
  C:1DA9H         LINE#         158
  C:1DA9H         LINE#         159
  C:1DA9H         LINE#         160
  C:1DB2H         LINE#         161
  C:1DBFH         LINE#         162
  C:1DC0H         LINE#         163
  C:1DC1H         LINE#         164
  -------         ENDPROC       _NVIC_INT3_INIT
  -------         PROC          _NVIC_INT4_INIT
  D:0007H         SYMBOL        State
  D:0005H         SYMBOL        Priority
  C:1D8FH         LINE#         174
  C:1D8FH         LINE#         175
  C:1D8FH         LINE#         176
  C:1D98H         LINE#         177
  C:1DA6H         LINE#         178
  C:1DA7H         LINE#         179
  C:1DA8H         LINE#         180
  -------         ENDPROC       _NVIC_INT4_INIT
  -------         PROC          _NVIC_ADC_INIT
  D:0007H         SYMBOL        State
  D:0005H         SYMBOL        Priority
  C:1B66H         LINE#         190
  C:1B66H         LINE#         191
  C:1B66H         LINE#         192
  C:1B6FH         LINE#         193
  C:1B78H         LINE#         194
  C:1B81H         LINE#         195
  C:1BA4H         LINE#         196
  C:1BA6H         LINE#         197
  -------         ENDPROC       _NVIC_ADC_INIT
  -------         PROC          _NVIC_CMP_INIT
  D:0007H         SYMBOL        State
  D:0005H         SYMBOL        Priority
  C:18FBH         LINE#         207
  C:18FBH         LINE#         208
  C:18FBH         LINE#         209
  C:1904H         LINE#         210
  C:190DH         LINE#         211
  C:1910H         LINE#         212
  C:1919H         LINE#         213
BL51 BANKED LINKER/LOCATER V6.22.4.0                                                  04/24/2024  15:35:53  PAGE 9


  C:191CH         LINE#         214
  C:1943H         LINE#         215
  C:1945H         LINE#         216
  -------         ENDPROC       _NVIC_CMP_INIT
  -------         PROC          _NVIC_I2C_INIT
  D:0007H         SYMBOL        Mode
  D:0005H         SYMBOL        State
  D:0003H         SYMBOL        Priority
  C:17A9H         LINE#         228
  C:17A9H         LINE#         229
  C:17A9H         LINE#         230
  C:17B2H         LINE#         231
  C:17BBH         LINE#         232
  C:17BFH         LINE#         233
  C:17BFH         LINE#         234
  C:17CFH         LINE#         235
  C:17D1H         LINE#         236
  C:17D4H         LINE#         237
  C:17D4H         LINE#         238
  C:17DCH         LINE#         239
  C:17DCH         LINE#         240
  C:1803H         LINE#         241
  C:1805H         LINE#         242
  -------         ENDPROC       _NVIC_I2C_INIT
  -------         PROC          _NVIC_UART1_INIT
  D:0007H         SYMBOL        State
  D:0005H         SYMBOL        Priority
  C:1BA7H         LINE#         252
  C:1BA7H         LINE#         253
  C:1BA7H         LINE#         254
  C:1BB0H         LINE#         255
  C:1BB9H         LINE#         256
  C:1BC2H         LINE#         257
  C:1BE5H         LINE#         258
  C:1BE7H         LINE#         259
  -------         ENDPROC       _NVIC_UART1_INIT
  -------         PROC          _NVIC_UART2_INIT
  D:0007H         SYMBOL        State
  D:0005H         SYMBOL        Priority
  C:1A1FH         LINE#         269
  C:1A1FH         LINE#         270
  C:1A1FH         LINE#         271
  C:1A28H         LINE#         272
  C:1A31H         LINE#         273
  C:1A38H         LINE#         274
  C:1A5FH         LINE#         275
  C:1A61H         LINE#         276
  -------         ENDPROC       _NVIC_UART2_INIT
  -------         PROC          _NVIC_UART3_INIT
  D:0007H         SYMBOL        State
  D:0005H         SYMBOL        Priority
  C:1946H         LINE#         286
  C:1946H         LINE#         287
  C:1946H         LINE#         288
  C:194FH         LINE#         289
  C:1958H         LINE#         290
  C:1966H         LINE#         291
BL51 BANKED LINKER/LOCATER V6.22.4.0                                                  04/24/2024  15:35:53  PAGE 10


  C:198DH         LINE#         292
  C:198FH         LINE#         293
  -------         ENDPROC       _NVIC_UART3_INIT
  -------         PROC          _NVIC_UART4_INIT
  D:0007H         SYMBOL        State
  D:0005H         SYMBOL        Priority
  C:1990H         LINE#         303
  C:1990H         LINE#         304
  C:1990H         LINE#         305
  C:1999H         LINE#         306
  C:19A2H         LINE#         307
  C:19AEH         LINE#         308
  C:19D5H         LINE#         309
  C:19D7H         LINE#         310
  -------         ENDPROC       _NVIC_UART4_INIT
  -------         PROC          _NVIC_SPI_INIT
  D:0007H         SYMBOL        State
  D:0005H         SYMBOL        Priority
  C:19D8H         LINE#         320
  C:19D8H         LINE#         321
  C:19D8H         LINE#         322
  C:19E1H         LINE#         323
  C:19EAH         LINE#         324
  C:19F5H         LINE#         325
  C:1A1CH         LINE#         326
  C:1A1EH         LINE#         327
  -------         ENDPROC       _NVIC_SPI_INIT
  -------         PROC          _NVIC_PWM_INIT
  D:0007H         SYMBOL        Channel
  D:0005H         SYMBOL        State
  D:0003H         SYMBOL        Priority
  C:172AH         LINE#         338
  C:172AH         LINE#         339
  C:172AH         LINE#         340
  C:1733H         LINE#         341
  C:173CH         LINE#         342
  C:1744H         LINE#         343
  C:1744H         LINE#         344
  C:1744H         LINE#         345
  C:1749H         LINE#         346
  C:1771H         LINE#         347
  C:1773H         LINE#         349
  C:1773H         LINE#         350
  C:1778H         LINE#         351
  C:179FH         LINE#         352
  C:17A1H         LINE#         354
  C:17A1H         LINE#         355
  C:17A6H         LINE#         356
  C:17A6H         LINE#         357
  C:17A6H         LINE#         358
  C:17A6H         LINE#         359
  C:17A8H         LINE#         360
  -------         ENDPROC       _NVIC_PWM_INIT
  -------         PROC          _NVIC_RTC_INIT
  D:0007H         SYMBOL        State
  D:0005H         SYMBOL        Priority
  C:1BE8H         LINE#         370
BL51 BANKED LINKER/LOCATER V6.22.4.0                                                  04/24/2024  15:35:53  PAGE 11


  C:1BE8H         LINE#         371
  C:1BE8H         LINE#         372
  C:1C1AH         LINE#         373
  C:1C1FH         LINE#         374
  C:1C21H         LINE#         375
  -------         ENDPROC       _NVIC_RTC_INIT
  -------         ENDMOD        STC8G_H_NVIC

  -------         MODULE        STC8G_H_TIMER
  C:0000H         SYMBOL        _ICE_DUMMY_
  D:0080H         PUBLIC        P0
  D:0090H         PUBLIC        P1
  D:00A0H         PUBLIC        P2
  D:00B0H         PUBLIC        P3
  D:00C0H         PUBLIC        P4
  D:00C8H         PUBLIC        P5
  D:00E8H         PUBLIC        P6
  D:00F8H         PUBLIC        P7
  D:00A8H         PUBLIC        IE
  D:008FH         PUBLIC        INTCLKO
  D:00B8H         PUBLIC        IP
  D:0098H         PUBLIC        SCON
  D:0089H         PUBLIC        TMOD
  D:0088H         PUBLIC        TCON
  C:10C1H         PUBLIC        _Timer_Inilize
  D:008EH         PUBLIC        AUXR
  D:008CH         PUBLIC        TH0
  D:008DH         PUBLIC        TH1
  D:00D6H         PUBLIC        T2H
  D:00D4H         PUBLIC        T3H
  D:00D2H         PUBLIC        T4H
  D:008AH         PUBLIC        TL0
  D:008BH         PUBLIC        TL1
  D:00D7H         PUBLIC        T2L
  D:00D5H         PUBLIC        T3L
  D:00D3H         PUBLIC        T4L
  B:0088H.4       PUBLIC        TR0
  B:0088H.6       PUBLIC        TR1
  D:00D1H         PUBLIC        T4T3M
  D:00D0H         PUBLIC        PSW
  -------         PROC          _TIMER_INILIZE
  D:0005H         SYMBOL        TIM
  D:0001H         SYMBOL        TIMx
  C:10C1H         LINE#         22
  C:10C3H         LINE#         23
  C:10C3H         LINE#         24
  C:10C6H         LINE#         25
  C:10C6H         LINE#         26
  C:10C8H         LINE#         27
  C:10D4H         LINE#         28
  C:10DBH         LINE#         29
  C:10EAH         LINE#         30
  C:110EH         LINE#         31
  C:111CH         LINE#         32
  C:112EH         LINE#         33
  C:113CH         LINE#         34
  C:113FH         LINE#         35
BL51 BANKED LINKER/LOCATER V6.22.4.0                                                  04/24/2024  15:35:53  PAGE 12


  C:113FH         LINE#         37
  C:1147H         LINE#         38
  C:1147H         LINE#         39
  C:1149H         LINE#         40
  C:1155H         LINE#         41
  C:1161H         LINE#         42
  C:1170H         LINE#         43
  C:1194H         LINE#         44
  C:11A4H         LINE#         45
  C:11B6H         LINE#         46
  C:11C4H         LINE#         47
  C:11C7H         LINE#         48
  C:11C7H         LINE#         50
  C:11CCH         LINE#         51
  C:11CCH         LINE#         52
  C:11CFH         LINE#         53
  C:11EFH         LINE#         54
  C:1201H         LINE#         56
  C:1213H         LINE#         57
  C:1224H         LINE#         58
  C:1227H         LINE#         59
  C:1227H         LINE#         61
  C:122CH         LINE#         62
  C:122CH         LINE#         63
  C:122FH         LINE#         64
  C:123EH         LINE#         65
  C:1262H         LINE#         66
  C:1270H         LINE#         68
  C:1282H         LINE#         69
  C:1292H         LINE#         70
  C:1294H         LINE#         71
  C:1294H         LINE#         73
  C:1299H         LINE#         74
  C:1299H         LINE#         75
  C:129CH         LINE#         76
  C:12ABH         LINE#         77
  C:12CFH         LINE#         78
  C:12E0H         LINE#         80
  C:12F0H         LINE#         81
  C:1304H         LINE#         82
  C:1307H         LINE#         83
  C:1307H         LINE#         84
  C:1309H         LINE#         85
  -------         ENDPROC       _TIMER_INILIZE
  -------         ENDMOD        STC8G_H_TIMER

  -------         MODULE        STC8G_H_TIMER_ISR
  C:0000H         SYMBOL        _ICE_DUMMY_
  D:0080H         PUBLIC        P0
  D:0090H         PUBLIC        P1
  D:00A0H         PUBLIC        P2
  D:00B0H         PUBLIC        P3
  D:00C0H         PUBLIC        P4
  D:00C8H         PUBLIC        P5
  D:00E8H         PUBLIC        P6
  D:00F8H         PUBLIC        P7
  D:00A8H         PUBLIC        IE
BL51 BANKED LINKER/LOCATER V6.22.4.0                                                  04/24/2024  15:35:53  PAGE 13


  D:00B8H         PUBLIC        IP
  C:1EBDH         PUBLIC        Timer1_ISR_Handler
  C:1EC0H         PUBLIC        Timer2_ISR_Handler
  C:1EC3H         PUBLIC        Timer3_ISR_Handler
  C:1EC6H         PUBLIC        Timer4_ISR_Handler
  D:0098H         PUBLIC        SCON
  D:0088H         PUBLIC        TCON
  B:00E8H.3       PUBLIC        P63
  B:00E8H.4       PUBLIC        P64
  B:00E8H.5       PUBLIC        P65
  B:00E8H.6       PUBLIC        P66
  D:00D0H         PUBLIC        PSW
  -------         PROC          TIMER1_ISR_HANDLER
  C:1EBDH         LINE#         25
  C:1EBDH         LINE#         28
  C:1EBFH         LINE#         29
  -------         ENDPROC       TIMER1_ISR_HANDLER
  -------         PROC          TIMER2_ISR_HANDLER
  C:1EC0H         LINE#         38
  C:1EC0H         LINE#         41
  C:1EC2H         LINE#         42
  -------         ENDPROC       TIMER2_ISR_HANDLER
  -------         PROC          TIMER3_ISR_HANDLER
  C:1EC3H         LINE#         51
  C:1EC3H         LINE#         54
  C:1EC5H         LINE#         55
  -------         ENDPROC       TIMER3_ISR_HANDLER
  -------         PROC          TIMER4_ISR_HANDLER
  C:1EC6H         LINE#         64
  C:1EC6H         LINE#         67
  C:1EC8H         LINE#         68
  -------         ENDPROC       TIMER4_ISR_HANDLER
  -------         ENDMOD        STC8G_H_TIMER_ISR

  -------         MODULE        STC8H_PWM
  C:0000H         SYMBOL        _ICE_DUMMY_
  D:0080H         PUBLIC        P0
  D:0090H         PUBLIC        P1
  D:00A0H         PUBLIC        P2
  D:00B0H         PUBLIC        P3
  D:00C0H         PUBLIC        P4
  D:00C8H         PUBLIC        P5
  D:00E8H         PUBLIC        P6
  D:00F8H         PUBLIC        P7
  D:00A8H         PUBLIC        IE
  D:00B8H         PUBLIC        IP
  C:130AH         PUBLIC        _UpdatePwm
  D:0098H         PUBLIC        SCON
  D:0088H         PUBLIC        TCON
  C:0800H         PUBLIC        _PWM_Configuration
  D:00D0H         PUBLIC        PSW
  -------         PROC          _PWM_CONFIGURATION
  D:0005H         SYMBOL        PWM
  D:0001H         SYMBOL        PWMx
  C:0800H         LINE#         22
  C:0802H         LINE#         23
  C:0802H         LINE#         24
BL51 BANKED LINKER/LOCATER V6.22.4.0                                                  04/24/2024  15:35:53  PAGE 14


  C:0807H         LINE#         25
  C:0807H         LINE#         26
  C:080EH         LINE#         27
  C:0812H         LINE#         28
  C:0819H         LINE#         29
  C:0825H         LINE#         31
  C:0832H         LINE#         32
  C:0832H         LINE#         33
  C:0836H         LINE#         34
  C:083DH         LINE#         35
  C:083FH         LINE#         37
  C:083FH         LINE#         38
  C:0843H         LINE#         39
  C:084AH         LINE#         40
  C:084AH         LINE#         41
  C:0851H         LINE#         42
  C:0851H         LINE#         43
  C:0855H         LINE#         44
  C:085CH         LINE#         45
  C:085EH         LINE#         47
  C:085EH         LINE#         48
  C:0862H         LINE#         49
  C:0869H         LINE#         50
  C:0869H         LINE#         52
  C:087EH         LINE#         54
  C:0881H         LINE#         55
  C:0881H         LINE#         57
  C:0886H         LINE#         58
  C:0886H         LINE#         59
  C:088DH         LINE#         60
  C:0891H         LINE#         61
  C:0898H         LINE#         62
  C:08A4H         LINE#         64
  C:08B1H         LINE#         65
  C:08B1H         LINE#         66
  C:08B5H         LINE#         67
  C:08BCH         LINE#         68
  C:08BEH         LINE#         70
  C:08BEH         LINE#         71
  C:08C2H         LINE#         72
  C:08C9H         LINE#         73
  C:08C9H         LINE#         74
  C:08D0H         LINE#         75
  C:08D0H         LINE#         76
  C:08D4H         LINE#         77
  C:08DBH         LINE#         78
  C:08DDH         LINE#         80
  C:08DDH         LINE#         81
  C:08E1H         LINE#         82
  C:08E8H         LINE#         83
  C:08E8H         LINE#         85
  C:08FDH         LINE#         87
  C:0900H         LINE#         88
  C:0900H         LINE#         90
  C:0905H         LINE#         91
  C:0905H         LINE#         92
  C:090CH         LINE#         93
BL51 BANKED LINKER/LOCATER V6.22.4.0                                                  04/24/2024  15:35:53  PAGE 15


  C:0910H         LINE#         94
  C:0917H         LINE#         95
  C:0923H         LINE#         97
  C:0930H         LINE#         98
  C:0930H         LINE#         99
  C:0934H         LINE#         100
  C:093BH         LINE#         101
  C:093DH         LINE#         103
  C:093DH         LINE#         104
  C:0941H         LINE#         105
  C:0948H         LINE#         106
  C:0948H         LINE#         107
  C:094FH         LINE#         108
  C:094FH         LINE#         109
  C:0953H         LINE#         110
  C:095AH         LINE#         111
  C:095CH         LINE#         113
  C:095CH         LINE#         114
  C:0960H         LINE#         115
  C:0967H         LINE#         116
  C:0967H         LINE#         118
  C:097CH         LINE#         120
  C:097FH         LINE#         121
  C:097FH         LINE#         123
  C:0984H         LINE#         124
  C:0984H         LINE#         125
  C:098BH         LINE#         126
  C:098FH         LINE#         127
  C:0996H         LINE#         128
  C:09A2H         LINE#         130
  C:09AFH         LINE#         131
  C:09AFH         LINE#         132
  C:09B3H         LINE#         133
  C:09BAH         LINE#         134
  C:09BCH         LINE#         136
  C:09BCH         LINE#         137
  C:09C0H         LINE#         138
  C:09C7H         LINE#         139
  C:09C7H         LINE#         140
  C:09CEH         LINE#         141
  C:09CEH         LINE#         142
  C:09D2H         LINE#         143
  C:09D9H         LINE#         144
  C:09DBH         LINE#         146
  C:09DBH         LINE#         147
  C:09DFH         LINE#         148
  C:09E6H         LINE#         149
  C:09E6H         LINE#         151
  C:09FBH         LINE#         153
  C:09FEH         LINE#         154
  C:09FEH         LINE#         156
  C:0A03H         LINE#         157
  C:0A03H         LINE#         163
  C:0A0DH         LINE#         164
  C:0A23H         LINE#         165
  C:0A39H         LINE#         166
  C:0A4FH         LINE#         168
BL51 BANKED LINKER/LOCATER V6.22.4.0                                                  04/24/2024  15:35:53  PAGE 16


  C:0A52H         LINE#         169
  C:0A52H         LINE#         171
  C:0A57H         LINE#         172
  C:0A57H         LINE#         173
  C:0A5EH         LINE#         174
  C:0A65H         LINE#         175
  C:0A71H         LINE#         177
  C:0A7DH         LINE#         178
  C:0A7DH         LINE#         179
  C:0A81H         LINE#         180
  C:0A88H         LINE#         181
  C:0A8AH         LINE#         183
  C:0A8AH         LINE#         184
  C:0A8EH         LINE#         185
  C:0A95H         LINE#         186
  C:0A95H         LINE#         188
  C:0AAAH         LINE#         190
  C:0AADH         LINE#         191
  C:0AADH         LINE#         193
  C:0AB2H         LINE#         194
  C:0AB2H         LINE#         195
  C:0AB9H         LINE#         196
  C:0AC0H         LINE#         197
  C:0ACCH         LINE#         199
  C:0AD8H         LINE#         200
  C:0AD8H         LINE#         201
  C:0ADCH         LINE#         202
  C:0AE3H         LINE#         203
  C:0AE5H         LINE#         205
  C:0AE5H         LINE#         206
  C:0AE9H         LINE#         207
  C:0AF0H         LINE#         208
  C:0AF0H         LINE#         210
  C:0B05H         LINE#         212
  C:0B08H         LINE#         213
  C:0B08H         LINE#         215
  C:0B0DH         LINE#         216
  C:0B0DH         LINE#         217
  C:0B14H         LINE#         218
  C:0B1BH         LINE#         219
  C:0B27H         LINE#         221
  C:0B33H         LINE#         222
  C:0B33H         LINE#         223
  C:0B37H         LINE#         224
  C:0B3EH         LINE#         225
  C:0B40H         LINE#         227
  C:0B40H         LINE#         228
  C:0B44H         LINE#         229
  C:0B4BH         LINE#         230
  C:0B4BH         LINE#         232
  C:0B60H         LINE#         234
  C:0B62H         LINE#         235
  C:0B62H         LINE#         237
  C:0B67H         LINE#         238
  C:0B67H         LINE#         239
  C:0B6EH         LINE#         240
  C:0B75H         LINE#         241
BL51 BANKED LINKER/LOCATER V6.22.4.0                                                  04/24/2024  15:35:53  PAGE 17


  C:0B81H         LINE#         243
  C:0B8DH         LINE#         244
  C:0B8DH         LINE#         245
  C:0B91H         LINE#         246
  C:0B98H         LINE#         247
  C:0B9AH         LINE#         249
  C:0B9AH         LINE#         250
  C:0B9EH         LINE#         251
  C:0BA5H         LINE#         252
  C:0BA5H         LINE#         254
  C:0BBBH         LINE#         256
  C:0BBEH         LINE#         257
  C:0BBEH         LINE#         259
  C:0BC3H         LINE#         260
  C:0BC3H         LINE#         266
  C:0BCDH         LINE#         267
  C:0BE0H         LINE#         268
  C:0BF6H         LINE#         269
  C:0C0CH         LINE#         271
  C:0C0FH         LINE#         272
  C:0C0FH         LINE#         274
  C:0C11H         LINE#         275
  -------         ENDPROC       _PWM_CONFIGURATION
  -------         PROC          _UPDATEPWM
  D:0007H         SYMBOL        PWM
  D:0001H         SYMBOL        PWMx
  C:130AH         LINE#         284
  C:130AH         LINE#         285
  C:130AH         LINE#         286
  C:1348H         LINE#         287
  C:1348H         LINE#         288
  C:1348H         LINE#         289
  C:1352H         LINE#         290
  C:1355H         LINE#         292
  C:1355H         LINE#         293
  C:1362H         LINE#         294
  C:1365H         LINE#         296
  C:1365H         LINE#         297
  C:1372H         LINE#         298
  C:1375H         LINE#         300
  C:1375H         LINE#         301
  C:1382H         LINE#         302
  C:1385H         LINE#         304
  C:1385H         LINE#         305
  C:1392H         LINE#         306
  C:1395H         LINE#         308
  C:1395H         LINE#         309
  C:13A2H         LINE#         310
  C:13A5H         LINE#         312
  C:13A5H         LINE#         313
  C:13B2H         LINE#         314
  C:13B5H         LINE#         316
  C:13B5H         LINE#         317
  C:13C2H         LINE#         318
  C:13C5H         LINE#         320
  C:13C5H         LINE#         321
  C:13D5H         LINE#         322
BL51 BANKED LINKER/LOCATER V6.22.4.0                                                  04/24/2024  15:35:53  PAGE 18


  C:13E8H         LINE#         323
  C:13FBH         LINE#         324
  C:1408H         LINE#         325
  C:140AH         LINE#         327
  C:140AH         LINE#         328
  C:141DH         LINE#         329
  C:1430H         LINE#         330
  C:1443H         LINE#         331
  C:1456H         LINE#         332
  C:1456H         LINE#         333
  C:1456H         LINE#         334
  -------         ENDPROC       _UPDATEPWM
  -------         ENDMOD        STC8H_PWM

  -------         MODULE        STC8G_H_DELAY
  C:0000H         SYMBOL        _ICE_DUMMY_
  D:0080H         PUBLIC        P0
  D:0090H         PUBLIC        P1
  D:00A0H         PUBLIC        P2
  D:00B0H         PUBLIC        P3
  D:00C0H         PUBLIC        P4
  D:00C8H         PUBLIC        P5
  D:00E8H         PUBLIC        P6
  D:00F8H         PUBLIC        P7
  D:00A8H         PUBLIC        IE
  D:00B8H         PUBLIC        IP
  D:0098H         PUBLIC        SCON
  D:0088H         PUBLIC        TCON
  C:1E2DH         PUBLIC        _delay_ms
  C:1E4CH         PUBLIC        Delay100us
  D:00D0H         PUBLIC        PSW
  -------         PROC          _DELAY_MS
  D:0007H         SYMBOL        ms
  -------         DO            
  D:0004H         SYMBOL        i
  -------         ENDDO         
  C:1E2DH         LINE#         24
  C:1E2DH         LINE#         25
  C:1E2DH         LINE#         27
  C:1E2DH         LINE#         28
  C:1E31H         LINE#         29
  C:1E3AH         LINE#         30
  C:1E3CH         LINE#         31
  -------         ENDPROC       _DELAY_MS
  -------         PROC          DELAY100US
  -------         DO            
  D:0008H         SYMBOL        i
  D:0009H         SYMBOL        j
  -------         ENDDO         
  C:1E4CH         LINE#         33
  C:1E4CH         LINE#         34
  C:1E4CH         LINE#         37
  C:1E4DH         LINE#         38
  C:1E50H         LINE#         39
  C:1E53H         LINE#         41
  C:1E53H         LINE#         42
  C:1E56H         LINE#         43
BL51 BANKED LINKER/LOCATER V6.22.4.0                                                  04/24/2024  15:35:53  PAGE 19


  C:1E59H         LINE#         44
  -------         ENDPROC       DELAY100US
  -------         ENDMOD        STC8G_H_DELAY

  -------         MODULE        STC8G_H_SOFT_I2C
  C:0000H         SYMBOL        _ICE_DUMMY_
  D:0080H         PUBLIC        P0
  D:0090H         PUBLIC        P1
  D:00A0H         PUBLIC        P2
  C:1E89H         PUBLIC        S_ACK
  D:00B0H         PUBLIC        P3
  D:00C0H         PUBLIC        P4
  D:00C8H         PUBLIC        P5
  D:00E8H         PUBLIC        P6
  C:1C93H         PUBLIC        _SI2C_WriteNbyte
  D:00F8H         PUBLIC        P7
  D:00A8H         PUBLIC        IE
  C:1E6EH         PUBLIC        I2C_Delay
  C:1D74H         PUBLIC        I2C_ReadAbyte
  D:00B8H         PUBLIC        IP
  C:1D57H         PUBLIC        _I2C_WriteAbyte
  C:1E21H         PUBLIC        I2C_Check_ACK
  C:1E5AH         PUBLIC        I2C_Start
  D:0098H         PUBLIC        SCON
  D:0088H         PUBLIC        TCON
  C:1E9DH         PUBLIC        S_NoACK
  C:1E7FH         PUBLIC        I2C_Stop
  B:0090H.6       PUBLIC        SDA
  B:0090H.7       PUBLIC        SCL
  B:00D0H.5       PUBLIC        F0
  C:185EH         PUBLIC        _SI2C_ReadNbyte
  D:00D0H         PUBLIC        PSW
  C:1E67H         SYMBOL        L?0036
  C:1E69H         SYMBOL        L?0037
  -------         PROC          L?0035
  -------         ENDPROC       L?0035
  C:1E67H         SYMBOL        L?0036
  C:1E69H         SYMBOL        L?0037
  -------         PROC          I2C_DELAY
  -------         DO            
  D:0007H         SYMBOL        dly
  -------         ENDDO         
  C:1E6EH         LINE#         25
  C:1E6EH         LINE#         26
  C:1E6EH         LINE#         28
  C:1E70H         LINE#         29
  C:1E72H         LINE#         30
  -------         ENDPROC       I2C_DELAY
  -------         PROC          I2C_START
  C:1E5AH         LINE#         35
  C:1E5AH         LINE#         36
  C:1E5AH         LINE#         37
  C:1E5AH         LINE#         38
  C:1E5AH         LINE#         39
  C:1E5AH         LINE#         40
  C:1E5DH         LINE#         41
  C:1E5FH         LINE#         42
BL51 BANKED LINKER/LOCATER V6.22.4.0                                                  04/24/2024  15:35:53  PAGE 20


  C:1E62H         LINE#         43
  C:1E64H         LINE#         44
  -------         ENDPROC       I2C_START
  -------         PROC          I2C_STOP
  C:1E7FH         LINE#         48
  C:1E7FH         LINE#         49
  C:1E7FH         LINE#         50
  C:1E81H         LINE#         51
  C:1E81H         LINE#         52
  C:1E81H         LINE#         53
  C:1E84H         LINE#         54
  C:1E86H         LINE#         55
  -------         ENDPROC       I2C_STOP
  -------         PROC          S_ACK
  C:1E89H         LINE#         58
  C:1E89H         LINE#         59
  C:1E89H         LINE#         60
  C:1E8BH         LINE#         61
  C:1E8BH         LINE#         62
  C:1E8BH         LINE#         63
  C:1E8EH         LINE#         64
  C:1E90H         LINE#         65
  -------         ENDPROC       S_ACK
  -------         PROC          S_NOACK
  C:1E9DH         LINE#         68
  C:1E9DH         LINE#         69
  C:1E9DH         LINE#         70
  C:1E9DH         LINE#         71
  C:1E9DH         LINE#         72
  C:1E9DH         LINE#         73
  C:1EA0H         LINE#         74
  C:1EA2H         LINE#         75
  -------         ENDPROC       S_NOACK
  -------         PROC          L?0038
  -------         ENDPROC       L?0038
  -------         PROC          I2C_CHECK_ACK
  C:1E21H         LINE#         78
  C:1E21H         LINE#         79
  C:1E21H         LINE#         80
  C:1E21H         LINE#         81
  C:1E21H         LINE#         82
  C:1E21H         LINE#         83
  C:1E24H         LINE#         84
  C:1E28H         LINE#         85
  C:1E2AH         LINE#         86
  -------         ENDPROC       I2C_CHECK_ACK
  -------         PROC          _I2C_WRITEABYTE
  D:0006H         SYMBOL        dat
  -------         DO            
  D:0005H         SYMBOL        i
  -------         ENDDO         
  C:1D57H         LINE#         96
  C:1D59H         LINE#         97
  C:1D59H         LINE#         99
  C:1D5BH         LINE#         101
  C:1D5BH         LINE#         102
  C:1D63H         LINE#         103
BL51 BANKED LINKER/LOCATER V6.22.4.0                                                  04/24/2024  15:35:53  PAGE 21


  C:1D65H         LINE#         104
  C:1D69H         LINE#         105
  C:1D69H         LINE#         106
  C:1D69H         LINE#         107
  C:1D6CH         LINE#         108
  C:1D6EH         LINE#         109
  C:1D71H         LINE#         110
  C:1D71H         LINE#         111
  C:1D73H         LINE#         112
  -------         ENDPROC       _I2C_WRITEABYTE
  -------         PROC          I2C_READABYTE
  -------         DO            
  D:0005H         SYMBOL        i
  D:0006H         SYMBOL        dat
  -------         ENDDO         
  C:1D74H         LINE#         121
  C:1D74H         LINE#         122
  C:1D74H         LINE#         124
  C:1D76H         LINE#         125
  C:1D78H         LINE#         127
  C:1D78H         LINE#         128
  C:1D7AH         LINE#         129
  C:1D7DH         LINE#         130
  C:1D81H         LINE#         131
  C:1D85H         LINE#         132
  C:1D87H         LINE#         133
  C:1D8AH         LINE#         134
  C:1D8AH         LINE#         135
  C:1D8CH         LINE#         136
  C:1D8EH         LINE#         137
  -------         ENDPROC       I2C_READABYTE
  -------         PROC          _SI2C_WRITENBYTE
  D:0006H         SYMBOL        dev_addr
  D:0004H         SYMBOL        mem_addr
  D:0001H         SYMBOL        p
  X:0005H         SYMBOL        number
  C:1C93H         LINE#         146
  C:1C97H         LINE#         147
  C:1C97H         LINE#         148
  C:1C9AH         LINE#         149
  C:1C9FH         LINE#         150
  C:1CA2H         LINE#         151
  C:1CA5H         LINE#         152
  C:1CA5H         LINE#         153
  C:1CA5H         LINE#         154
  C:1CA8H         LINE#         155
  C:1CABH         LINE#         156
  C:1CABH         LINE#         158
  C:1CABH         LINE#         159
  C:1CB9H         LINE#         160
  C:1CBCH         LINE#         161
  C:1CBFH         LINE#         162
  C:1CBFH         LINE#         163
  C:1CC6H         LINE#         164
  C:1CC6H         LINE#         165
  C:1CC6H         LINE#         166
  -------         ENDPROC       _SI2C_WRITENBYTE
BL51 BANKED LINKER/LOCATER V6.22.4.0                                                  04/24/2024  15:35:53  PAGE 22


  -------         PROC          _SI2C_READNBYTE
  D:0004H         SYMBOL        dev_addr
  X:0007H         SYMBOL        mem_addr
  D:0001H         SYMBOL        p
  X:000BH         SYMBOL        number
  C:185EH         LINE#         176
  C:1864H         LINE#         177
  C:1864H         LINE#         178
  C:1867H         LINE#         179
  C:1867H         LINE#         180
  C:186AH         LINE#         181
  C:186DH         LINE#         182
  C:186DH         LINE#         183
  C:1872H         LINE#         184
  C:1875H         LINE#         185
  C:1878H         LINE#         186
  C:1878H         LINE#         187
  C:187BH         LINE#         188
  C:1882H         LINE#         189
  C:1885H         LINE#         190
  C:1888H         LINE#         191
  C:1888H         LINE#         193
  C:1888H         LINE#         194
  C:1896H         LINE#         195
  C:18A0H         LINE#         196
  C:18A0H         LINE#         197
  C:18A7H         LINE#         198
  C:18AAH         LINE#         199
  C:18AAH         LINE#         200
  C:18AAH         LINE#         201
  C:18AAH         LINE#         202
  -------         ENDPROC       _SI2C_READNBYTE
  -------         ENDMOD        STC8G_H_SOFT_I2C

  -------         MODULE        DCMOTOR
  C:0000H         SYMBOL        _ICE_DUMMY_
  D:0080H         PUBLIC        P0
  D:0090H         PUBLIC        P1
  D:00A0H         PUBLIC        P2
  D:00B0H         PUBLIC        P3
  D:00C0H         PUBLIC        P4
  D:00C8H         PUBLIC        P5
  D:00E8H         PUBLIC        P6
  D:00F8H         PUBLIC        P7
  D:00A8H         PUBLIC        IE
  D:00B8H         PUBLIC        IP
  D:0098H         PUBLIC        SCON
  D:0088H         PUBLIC        TCON
  C:1806H         PUBLIC        _DcMotor_SetStatus
  X:000CH         PUBLIC        dcMotorStatus
  D:00D0H         PUBLIC        PSW
  -------         PROC          _DCMOTOR_SETSTATUS
  D:0007H         SYMBOL        status
  C:1806H         LINE#         5
  C:1806H         LINE#         6
  C:180AH         LINE#         7
  C:1815H         LINE#         8
BL51 BANKED LINKER/LOCATER V6.22.4.0                                                  04/24/2024  15:35:53  PAGE 23


  C:1815H         LINE#         9
  C:1815H         LINE#         10
  C:181AH         LINE#         11
  C:181FH         LINE#         12
  C:1821H         LINE#         13
  C:1821H         LINE#         14
  C:1821H         LINE#         15
  C:1823H         LINE#         17
  C:1823H         LINE#         18
  C:1828H         LINE#         19
  C:182DH         LINE#         20
  C:1832H         LINE#         21
  C:1834H         LINE#         22
  C:1834H         LINE#         23
  C:1836H         LINE#         25
  C:1836H         LINE#         26
  C:183BH         LINE#         27
  C:1840H         LINE#         28
  C:1845H         LINE#         29
  C:1847H         LINE#         30
  C:1847H         LINE#         31
  C:1849H         LINE#         33
  C:1849H         LINE#         34
  C:1849H         LINE#         35
  C:184EH         LINE#         36
  C:1853H         LINE#         37
  C:1858H         LINE#         38
  C:185DH         LINE#         39
  C:185DH         LINE#         40
  C:185DH         LINE#         41
  C:185DH         LINE#         42
  -------         ENDPROC       _DCMOTOR_SETSTATUS
  -------         ENDMOD        DCMOTOR

  -------         MODULE        DCMOTOR_GPIO
  C:0000H         SYMBOL        _ICE_DUMMY_
  D:0080H         PUBLIC        P0
  D:0090H         PUBLIC        P1
  D:00A0H         PUBLIC        P2
  D:00B0H         PUBLIC        P3
  D:00C0H         PUBLIC        P4
  D:00C8H         PUBLIC        P5
  D:00E8H         PUBLIC        P6
  D:00F8H         PUBLIC        P7
  D:00A8H         PUBLIC        IE
  D:00B8H         PUBLIC        IP
  C:1EA5H         PUBLIC        _DcMotor_M1_Set
  C:1EABH         PUBLIC        _DcMotor_M2_Set
  C:1EB1H         PUBLIC        _DcMotor_M3_Set
  C:1EB7H         PUBLIC        _DcMotor_M4_Set
  B:0090H.0       PUBLIC        P10
  B:0090H.1       PUBLIC        P11
  B:0090H.2       PUBLIC        P12
  D:0098H         PUBLIC        SCON
  B:0090H.3       PUBLIC        P13
  D:0088H         PUBLIC        TCON
  C:1CC9H         PUBLIC        DcMotor_Gpio_Config
BL51 BANKED LINKER/LOCATER V6.22.4.0                                                  04/24/2024  15:35:53  PAGE 24


  D:00D0H         PUBLIC        PSW
  -------         PROC          DCMOTOR_GPIO_CONFIG
  -------         DO            
  X:0050H         SYMBOL        GPIO_InitStructure
  -------         ENDDO         
  C:1CC9H         LINE#         3
  C:1CC9H         LINE#         5
  C:1CCEH         LINE#         6
  C:1CD1H         LINE#         7
  C:1CDCH         LINE#         9
  C:1CE1H         LINE#         10
  C:1CE6H         LINE#         11
  C:1CEBH         LINE#         12
  -------         ENDPROC       DCMOTOR_GPIO_CONFIG
  -------         PROC          _DCMOTOR_M1_SET
  D:0007H         SYMBOL        onoff
  C:1EA5H         LINE#         16
  C:1EA5H         LINE#         17
  C:1EAAH         LINE#         18
  -------         ENDPROC       _DCMOTOR_M1_SET
  -------         PROC          _DCMOTOR_M2_SET
  D:0007H         SYMBOL        onoff
  C:1EABH         LINE#         20
  C:1EABH         LINE#         21
  C:1EB0H         LINE#         22
  -------         ENDPROC       _DCMOTOR_M2_SET
  -------         PROC          _DCMOTOR_M3_SET
  D:0007H         SYMBOL        onoff
  C:1EB1H         LINE#         24
  C:1EB1H         LINE#         25
  C:1EB6H         LINE#         26
  -------         ENDPROC       _DCMOTOR_M3_SET
  -------         PROC          _DCMOTOR_M4_SET
  D:0007H         SYMBOL        onoff
  C:1EB7H         LINE#         28
  C:1EB7H         LINE#         29
  C:1EBCH         LINE#         30
  -------         ENDPROC       _DCMOTOR_M4_SET
  -------         ENDMOD        DCMOTOR_GPIO

  -------         MODULE        GYRO
  C:0000H         SYMBOL        _ICE_DUMMY_
  D:0080H         PUBLIC        P0
  D:0090H         PUBLIC        P1
  D:00A0H         PUBLIC        P2
  D:00B0H         PUBLIC        P3
  D:00C0H         PUBLIC        P4
  D:00C8H         PUBLIC        P5
  D:00E8H         PUBLIC        P6
  D:00F8H         PUBLIC        P7
  C:1DCBH         PUBLIC        _mir3da_register_read
  D:00A8H         PUBLIC        IE
  D:00B8H         PUBLIC        IP
  C:1E93H         PUBLIC        _mir3da_register_write
  C:1C5CH         PUBLIC        _mir3da_set_active_interrupt
  C:1C22H         PUBLIC        _mir3da_register_mask_write
  D:0098H         PUBLIC        SCON
BL51 BANKED LINKER/LOCATER V6.22.4.0                                                  04/24/2024  15:35:53  PAGE 25


  D:0088H         PUBLIC        TCON
  C:1DF3H         PUBLIC        _mir3da_set_enable
  C:155DH         PUBLIC        _mir3da_read_data
  C:1E73H         SYMBOL        _?ix1000
  C:1457H         PUBLIC        do_difff_calibrate
  C:1E79H         SYMBOL        _?ix1001
  C:18ADH         PUBLIC        mir3da_init
  X:0049H         PUBLIC        offset_x
  X:004BH         PUBLIC        offset_y
  X:004DH         PUBLIC        offset_z
  C:1611H         PUBLIC        _mir3da_read_raw_data
  D:00D0H         PUBLIC        PSW
  X:004FH         PUBLIC        i2c_addr
  -------         PROC          L?0032
  -------         ENDPROC       L?0032
  -------         PROC          _MIR3DA_REGISTER_READ
  X:000DH         SYMBOL        addr
  X:000EH         SYMBOL        data_m
  X:0011H         SYMBOL        len
  C:1DCBH         LINE#         10
  C:1DD8H         LINE#         11
  C:1DD8H         LINE#         13
  C:1DDAH         LINE#         14
  -------         ENDPROC       _MIR3DA_REGISTER_READ
  -------         PROC          _MIR3DA_REGISTER_WRITE
  X:0012H         SYMBOL        addr
  X:0013H         SYMBOL        data_m
  C:1E93H         LINE#         16
  C:1E9AH         LINE#         17
  C:1E9AH         LINE#         19
  C:1E9CH         LINE#         20
  -------         ENDPROC       _MIR3DA_REGISTER_WRITE
  -------         PROC          _MIR3DA_REGISTER_MASK_WRITE
  D:0006H         SYMBOL        addr
  D:0005H         SYMBOL        mask
  X:0014H         SYMBOL        data_m
  -------         DO            
  D:0002H         SYMBOL        res
  X:0015H         SYMBOL        tmp_data
  -------         ENDDO         
  C:1C22H         LINE#         22
  C:1C28H         LINE#         23
  C:1C28H         LINE#         24
  C:1C29H         LINE#         25
  C:1C2BH         LINE#         27
  C:1C3EH         LINE#         28
  C:1C48H         LINE#         29
  C:1C52H         LINE#         30
  C:1C59H         LINE#         32
  C:1C5BH         LINE#         33
  -------         ENDPROC       _MIR3DA_REGISTER_MASK_WRITE
  -------         PROC          MIR3DA_INIT
  -------         DO            
  X:0016H         SYMBOL        data_m
  D:0004H         SYMBOL        i
  -------         ENDDO         
  C:18ADH         LINE#         37
BL51 BANKED LINKER/LOCATER V6.22.4.0                                                  04/24/2024  15:35:53  PAGE 26


  C:18ADH         LINE#         38
  C:18B1H         LINE#         41
  C:18B3H         LINE#         42
  C:18C2H         LINE#         43
  C:18C9H         LINE#         44
  C:18CCH         LINE#         45
  C:18D7H         LINE#         47
  C:18DEH         LINE#         48
  C:18E3H         LINE#         50
  C:18EAH         LINE#         51
  C:18F1H         LINE#         52
  C:18F8H         LINE#         54
  C:18FAH         LINE#         55
  -------         ENDPROC       MIR3DA_INIT
  -------         PROC          _MIR3DA_SET_ENABLE
  D:0006H         SYMBOL        enable
  C:1DF3H         LINE#         58
  C:1DF3H         LINE#         59
  C:1DF3H         LINE#         60
  C:1DF7H         LINE#         61
  C:1DFBH         LINE#         63
  C:1E04H         LINE#         65
  -------         ENDPROC       _MIR3DA_SET_ENABLE
  -------         PROC          _MIR3DA_READ_RAW_DATA
  X:0017H         SYMBOL        x
  X:001AH         SYMBOL        y
  X:001DH         SYMBOL        z
  -------         DO            
  X:0020H         SYMBOL        tmp_data
  -------         ENDDO         
  C:1611H         LINE#         69
  C:161BH         LINE#         70
  C:161BH         LINE#         71
  C:162EH         LINE#         73
  C:1635H         LINE#         75
  C:1658H         LINE#         76
  C:167BH         LINE#         77
  -------         ENDPROC       _MIR3DA_READ_RAW_DATA
  -------         PROC          _MIR3DA_READ_DATA
  X:0026H         SYMBOL        x
  X:0029H         SYMBOL        y
  X:002CH         SYMBOL        z
  -------         DO            
  X:002FH         SYMBOL        tmp_data
  -------         ENDDO         
  C:155DH         LINE#         80
  C:1567H         LINE#         81
  C:1567H         LINE#         82
  C:157AH         LINE#         84
  C:1581H         LINE#         86
  C:15B1H         LINE#         87
  C:15E1H         LINE#         88
  -------         ENDPROC       _MIR3DA_READ_DATA
  -------         PROC          _MIR3DA_SET_ACTIVE_INTERRUPT
  D:0006H         SYMBOL        enable
  C:1C5CH         LINE#         92
  C:1C5CH         LINE#         93
BL51 BANKED LINKER/LOCATER V6.22.4.0                                                  04/24/2024  15:35:53  PAGE 27


  C:1C5CH         LINE#         94
  C:1C60H         LINE#         95
  C:1C67H         LINE#         96
  C:1C6DH         LINE#         97
  C:1C72H         LINE#         98
  C:1C79H         LINE#         99
  C:1C80H         LINE#         100
  C:1C84H         LINE#         101
  C:1C86H         LINE#         102
  C:1C86H         LINE#         103
  C:1C8DH         LINE#         104
  C:1C92H         LINE#         105
  C:1C92H         LINE#         106
  -------         ENDPROC       _MIR3DA_SET_ACTIVE_INTERRUPT
  -------         PROC          DO_DIFFF_CALIBRATE
  -------         DO            
  X:0035H         SYMBOL        i
  X:0037H         SYMBOL        x
  X:0039H         SYMBOL        y
  X:003BH         SYMBOL        z
  X:003DH         SYMBOL        off_x
  X:003FH         SYMBOL        off_y
  X:0041H         SYMBOL        off_z
  X:0043H         SYMBOL        totalx
  X:0045H         SYMBOL        totaly
  X:0047H         SYMBOL        totalz
  -------         ENDDO         
  C:1457H         LINE#         114
  C:1457H         LINE#         115
  C:1457H         LINE#         117
  C:1465H         LINE#         118
  C:1471H         LINE#         119
  C:147DH         LINE#         122
  C:1482H         LINE#         123
  C:1482H         LINE#         124
  C:14A4H         LINE#         125
  C:14B4H         LINE#         126
  C:14C4H         LINE#         127
  C:14D4H         LINE#         128
  C:14D9H         LINE#         129
  C:14F1H         LINE#         131
  C:1506H         LINE#         132
  C:151BH         LINE#         133
  C:152CH         LINE#         134
  C:153FH         LINE#         136
  C:1557H         LINE#         138
  -------         ENDPROC       DO_DIFFF_CALIBRATE
  -------         ENDMOD        GYRO

  -------         MODULE        MAIN
  C:0000H         SYMBOL        _ICE_DUMMY_
  D:0080H         PUBLIC        P0
  D:0090H         PUBLIC        P1
  D:00A0H         PUBLIC        P2
  D:00B0H         PUBLIC        P3
  D:00C0H         PUBLIC        P4
  D:00C8H         PUBLIC        P5
BL51 BANKED LINKER/LOCATER V6.22.4.0                                                  04/24/2024  15:35:53  PAGE 28


  D:00E8H         PUBLIC        P6
  B:00A8H.7       PUBLIC        EA
  D:00F8H         PUBLIC        P7
  D:00BAH         PUBLIC        P_SW2
  D:00A8H         PUBLIC        IE
  D:00B8H         PUBLIC        IP
  C:1E3DH         PUBLIC        main
  D:0098H         PUBLIC        SCON
  D:0088H         PUBLIC        TCON
  D:00D0H         PUBLIC        PSW
  -------         PROC          MAIN
  C:1E3DH         LINE#         4
  C:1E3DH         LINE#         5
  C:1E3DH         LINE#         6
  C:1E40H         LINE#         9
  C:1E43H         LINE#         17
  C:1E45H         LINE#         18
  C:1E4AH         LINE#         20
  -------         ENDPROC       MAIN
  -------         ENDMOD        MAIN

  -------         MODULE        LT8920_SPI
  C:0000H         SYMBOL        _ICE_DUMMY_
  -------         ENDMOD        LT8920_SPI

  -------         MODULE        ?C?COPY
  C:0CE2H         PUBLIC        ?C?COPY
  -------         ENDMOD        ?C?COPY

  -------         MODULE        ?C?CLDPTR
  C:0D08H         PUBLIC        ?C?CLDPTR
  -------         ENDMOD        ?C?CLDPTR

  -------         MODULE        ?C?CLDOPTR
  C:0D21H         PUBLIC        ?C?CLDOPTR
  -------         ENDMOD        ?C?CLDOPTR

  -------         MODULE        ?C?CSTPTR
  C:0D4EH         PUBLIC        ?C?CSTPTR
  -------         ENDMOD        ?C?CSTPTR

  -------         MODULE        ?C?SIDIV
  C:0D60H         PUBLIC        ?C?SIDIV
  -------         ENDMOD        ?C?SIDIV

  -------         MODULE        ?C?ILDPTR
  C:0D96H         PUBLIC        ?C?ILDPTR
  -------         ENDMOD        ?C?ILDPTR

  -------         MODULE        ?C?ILDOPTR
  C:0DC1H         PUBLIC        ?C?ILDOPTR
  -------         ENDMOD        ?C?ILDOPTR

  -------         MODULE        ?C?ISTPTR
  C:0DF9H         PUBLIC        ?C?ISTPTR
  -------         ENDMOD        ?C?ISTPTR

BL51 BANKED LINKER/LOCATER V6.22.4.0                                                  04/24/2024  15:35:53  PAGE 29


  -------         MODULE        ?C?UIDIV
  C:0E18H         PUBLIC        ?C?UIDIV
  -------         ENDMOD        ?C?UIDIV

*** WARNING L16: UNCALLED SEGMENT, IGNORED FOR OVERLAY PROCESS
    SEGMENT: ?PR?_NVIC_TIMER0_INIT?STC8G_H_NVIC

*** WARNING L16: UNCALLED SEGMENT, IGNORED FOR OVERLAY PROCESS
    SEGMENT: ?PR?_NVIC_TIMER1_INIT?STC8G_H_NVIC

*** WARNING L16: UNCALLED SEGMENT, IGNORED FOR OVERLAY PROCESS
    SEGMENT: ?PR?_NVIC_TIMER2_INIT?STC8G_H_NVIC

*** WARNING L16: UNCALLED SEGMENT, IGNORED FOR OVERLAY PROCESS
    SEGMENT: ?PR?_NVIC_TIMER3_INIT?STC8G_H_NVIC

*** WARNING L16: UNCALLED SEGMENT, IGNORED FOR OVERLAY PROCESS
    SEGMENT: ?PR?_NVIC_TIMER4_INIT?STC8G_H_NVIC

*** WARNING L16: UNCALLED SEGMENT, IGNORED FOR OVERLAY PROCESS
    SEGMENT: ?PR?_NVIC_INT0_INIT?STC8G_H_NVIC

*** WARNING L16: UNCALLED SEGMENT, IGNORED FOR OVERLAY PROCESS
    SEGMENT: ?PR?_NVIC_INT1_INIT?STC8G_H_NVIC

*** WARNING L16: UNCALLED SEGMENT, IGNORED FOR OVERLAY PROCESS
    SEGMENT: ?PR?_NVIC_INT2_INIT?STC8G_H_NVIC

*** WARNING L16: UNCALLED SEGMENT, IGNORED FOR OVERLAY PROCESS
    SEGMENT: ?PR?_NVIC_INT3_INIT?STC8G_H_NVIC

*** WARNING L16: UNCALLED SEGMENT, IGNORED FOR OVERLAY PROCESS
    SEGMENT: ?PR?_NVIC_INT4_INIT?STC8G_H_NVIC

*** WARNING L16: UNCALLED SEGMENT, IGNORED FOR OVERLAY PROCESS
    SEGMENT: ?PR?_NVIC_ADC_INIT?STC8G_H_NVIC

*** WARNING L16: UNCALLED SEGMENT, IGNORED FOR OVERLAY PROCESS
    SEGMENT: ?PR?_NVIC_CMP_INIT?STC8G_H_NVIC

*** WARNING L16: UNCALLED SEGMENT, IGNORED FOR OVERLAY PROCESS
    SEGMENT: ?PR?_NVIC_I2C_INIT?STC8G_H_NVIC

*** WARNING L16: UNCALLED SEGMENT, IGNORED FOR OVERLAY PROCESS
    SEGMENT: ?PR?_NVIC_UART1_INIT?STC8G_H_NVIC

*** WARNING L16: UNCALLED SEGMENT, IGNORED FOR OVERLAY PROCESS
    SEGMENT: ?PR?_NVIC_UART2_INIT?STC8G_H_NVIC

*** WARNING L16: UNCALLED SEGMENT, IGNORED FOR OVERLAY PROCESS
    SEGMENT: ?PR?_NVIC_UART3_INIT?STC8G_H_NVIC

*** WARNING L16: UNCALLED SEGMENT, IGNORED FOR OVERLAY PROCESS
    SEGMENT: ?PR?_NVIC_UART4_INIT?STC8G_H_NVIC

*** WARNING L16: UNCALLED SEGMENT, IGNORED FOR OVERLAY PROCESS
    SEGMENT: ?PR?_NVIC_SPI_INIT?STC8G_H_NVIC
BL51 BANKED LINKER/LOCATER V6.22.4.0                                                  04/24/2024  15:35:53  PAGE 30



*** WARNING L16: UNCALLED SEGMENT, IGNORED FOR OVERLAY PROCESS
    SEGMENT: ?PR?_NVIC_PWM_INIT?STC8G_H_NVIC

*** WARNING L16: UNCALLED SEGMENT, IGNORED FOR OVERLAY PROCESS
    SEGMENT: ?PR?_NVIC_RTC_INIT?STC8G_H_NVIC

*** WARNING L16: UNCALLED SEGMENT, IGNORED FOR OVERLAY PROCESS
    SEGMENT: ?PR?_TIMER_INILIZE?STC8G_H_TIMER

*** WARNING L16: UNCALLED SEGMENT, IGNORED FOR OVERLAY PROCESS
    SEGMENT: ?PR?_PWM_CONFIGURATION?STC8H_PWM

*** WARNING L16: UNCALLED SEGMENT, IGNORED FOR OVERLAY PROCESS
    SEGMENT: ?PR?_UPDATEPWM?STC8H_PWM

*** WARNING L16: UNCALLED SEGMENT, IGNORED FOR OVERLAY PROCESS
    SEGMENT: ?PR?DELAY100US?STC8G_H_DELAY

*** WARNING L16: UNCALLED SEGMENT, IGNORED FOR OVERLAY PROCESS
    SEGMENT: ?PR?_SI2C_WRITENBYTE?STC8G_H_SOFT_I2C

*** WARNING L16: UNCALLED SEGMENT, IGNORED FOR OVERLAY PROCESS
    SEGMENT: ?PR?_SI2C_READNBYTE?STC8G_H_SOFT_I2C

*** WARNING L16: UNCALLED SEGMENT, IGNORED FOR OVERLAY PROCESS
    SEGMENT: ?PR?_DCMOTOR_SETSTATUS?DCMOTOR

*** WARNING L16: UNCALLED SEGMENT, IGNORED FOR OVERLAY PROCESS
    SEGMENT: ?PR?MIR3DA_INIT?GYRO

*** WARNING L16: UNCALLED SEGMENT, IGNORED FOR OVERLAY PROCESS
    SEGMENT: ?PR?_MIR3DA_READ_DATA?GYRO

*** WARNING L16: UNCALLED SEGMENT, IGNORED FOR OVERLAY PROCESS
    SEGMENT: ?PR?_MIR3DA_SET_ACTIVE_INTERRUPT?GYRO

*** WARNING L16: UNCALLED SEGMENT, IGNORED FOR OVERLAY PROCESS
    SEGMENT: ?PR?DO_DIFFF_CALIBRATE?GYRO

******************************************************************************
* RESTRICTED VERSION WITH 0800H BYTE CODE SIZE LIMIT; USED: 13EDH BYTE (249%) *
******************************************************************************

Program Size: data=11.0 xdata=82 code=5848
LINK/LOCATE RUN COMPLETE.  31 WARNING(S),  0 ERROR(S)

*** WARNING L16: UNCALLED SEGMENT, IGNORED FOR OVERLAY PROCESS
    SEGMENT: ?PR?_NVIC_TIMER0_INIT?STC8G_H_NVIC

*** WARNING L16: UNCALLED SEGMENT, IGNORED FOR OVERLAY PROCESS
    SEGMENT: ?PR?_NVIC_TIMER1_INIT?STC8G_H_NVIC

*** WARNING L16: UNCALLED SEGMENT, IGNORED FOR OVERLAY PROCESS
    SEGMENT: ?PR?_NVIC_TIMER2_INIT?STC8G_H_NVIC

*** WARNING L16: UNCALLED SEGMENT, IGNORED FOR OVERLAY PROCESS
BL51 BANKED LINKER/LOCATER V6.22.4.0                                                  04/24/2024  15:35:53  PAGE 31


    SEGMENT: ?PR?_NVIC_TIMER3_INIT?STC8G_H_NVIC

*** WARNING L16: UNCALLED SEGMENT, IGNORED FOR OVERLAY PROCESS
    SEGMENT: ?PR?_NVIC_TIMER4_INIT?STC8G_H_NVIC

*** WARNING L16: UNCALLED SEGMENT, IGNORED FOR OVERLAY PROCESS
    SEGMENT: ?PR?_NVIC_INT0_INIT?STC8G_H_NVIC

*** WARNING L16: UNCALLED SEGMENT, IGNORED FOR OVERLAY PROCESS
    SEGMENT: ?PR?_NVIC_INT1_INIT?STC8G_H_NVIC

*** WARNING L16: UNCALLED SEGMENT, IGNORED FOR OVERLAY PROCESS
    SEGMENT: ?PR?_NVIC_INT2_INIT?STC8G_H_NVIC

*** WARNING L16: UNCALLED SEGMENT, IGNORED FOR OVERLAY PROCESS
    SEGMENT: ?PR?_NVIC_INT3_INIT?STC8G_H_NVIC

*** WARNING L16: UNCALLED SEGMENT, IGNORED FOR OVERLAY PROCESS
    SEGMENT: ?PR?_NVIC_INT4_INIT?STC8G_H_NVIC

*** WARNING L16: UNCALLED SEGMENT, IGNORED FOR OVERLAY PROCESS
    SEGMENT: ?PR?_NVIC_ADC_INIT?STC8G_H_NVIC

*** WARNING L16: UNCALLED SEGMENT, IGNORED FOR OVERLAY PROCESS
    SEGMENT: ?PR?_NVIC_CMP_INIT?STC8G_H_NVIC

*** WARNING L16: UNCALLED SEGMENT, IGNORED FOR OVERLAY PROCESS
    SEGMENT: ?PR?_NVIC_I2C_INIT?STC8G_H_NVIC

*** WARNING L16: UNCALLED SEGMENT, IGNORED FOR OVERLAY PROCESS
    SEGMENT: ?PR?_NVIC_UART1_INIT?STC8G_H_NVIC

*** WARNING L16: UNCALLED SEGMENT, IGNORED FOR OVERLAY PROCESS
    SEGMENT: ?PR?_NVIC_UART2_INIT?STC8G_H_NVIC

*** WARNING L16: UNCALLED SEGMENT, IGNORED FOR OVERLAY PROCESS
    SEGMENT: ?PR?_NVIC_UART3_INIT?STC8G_H_NVIC

*** WARNING L16: UNCALLED SEGMENT, IGNORED FOR OVERLAY PROCESS
    SEGMENT: ?PR?_NVIC_UART4_INIT?STC8G_H_NVIC

*** WARNING L16: UNCALLED SEGMENT, IGNORED FOR OVERLAY PROCESS
    SEGMENT: ?PR?_NVIC_SPI_INIT?STC8G_H_NVIC

*** WARNING L16: UNCALLED SEGMENT, IGNORED FOR OVERLAY PROCESS
    SEGMENT: ?PR?_NVIC_PWM_INIT?STC8G_H_NVIC

*** WARNING L16: UNCALLED SEGMENT, IGNORED FOR OVERLAY PROCESS
    SEGMENT: ?PR?_NVIC_RTC_INIT?STC8G_H_NVIC

*** WARNING L16: UNCALLED SEGMENT, IGNORED FOR OVERLAY PROCESS
    SEGMENT: ?PR?_TIMER_INILIZE?STC8G_H_TIMER

*** WARNING L16: UNCALLED SEGMENT, IGNORED FOR OVERLAY PROCESS
    SEGMENT: ?PR?_PWM_CONFIGURATION?STC8H_PWM

*** WARNING L16: UNCALLED SEGMENT, IGNORED FOR OVERLAY PROCESS
BL51 BANKED LINKER/LOCATER V6.22.4.0                                                  04/24/2024  15:35:53  PAGE 32


    SEGMENT: ?PR?_UPDATEPWM?STC8H_PWM

*** WARNING L16: UNCALLED SEGMENT, IGNORED FOR OVERLAY PROCESS
    SEGMENT: ?PR?DELAY100US?STC8G_H_DELAY

*** WARNING L16: UNCALLED SEGMENT, IGNORED FOR OVERLAY PROCESS
    SEGMENT: ?PR?_SI2C_WRITENBYTE?STC8G_H_SOFT_I2C

*** WARNING L16: UNCALLED SEGMENT, IGNORED FOR OVERLAY PROCESS
    SEGMENT: ?PR?_SI2C_READNBYTE?STC8G_H_SOFT_I2C

*** WARNING L16: UNCALLED SEGMENT, IGNORED FOR OVERLAY PROCESS
    SEGMENT: ?PR?_DCMOTOR_SETSTATUS?DCMOTOR

*** WARNING L16: UNCALLED SEGMENT, IGNORED FOR OVERLAY PROCESS
    SEGMENT: ?PR?MIR3DA_INIT?GYRO

*** WARNING L16: UNCALLED SEGMENT, IGNORED FOR OVERLAY PROCESS
    SEGMENT: ?PR?_MIR3DA_READ_DATA?GYRO

*** WARNING L16: UNCALLED SEGMENT, IGNORED FOR OVERLAY PROCESS
    SEGMENT: ?PR?_MIR3DA_SET_ACTIVE_INTERRUPT?GYRO

*** WARNING L16: UNCALLED SEGMENT, IGNORED FOR OVERLAY PROCESS
    SEGMENT: ?PR?DO_DIFFF_CALIBRATE?GYRO

*** FATAL ERROR L250: CODE SIZE LIMIT IN RESTRICTED VERSION EXCEEDED
    MODULE:  D:\KEIL_V5_C51\C51\LIB\C51C.LIB (-----)
    LIMIT:   0800H BYTES