C51 COMPILER V9.60.7.0   PWM                                                               04/27/2024 18:13:06 PAGE 1   


C51 COMPILER V9.60.7.0, COMPILATION OF MODULE PWM
OBJECT MODULE PLACED IN .\list\pwm.obj
COMPILER INVOKED BY: D:\Keil_v5_c51\C51\BIN\C51.EXE ..\App\PWM\pwm.c LARGE OPTIMIZE(8,SPEED) BROWSE INCDIR(..\Driver\Inc
                    -;..\App\Config;..\App\DcMotor;..\App\Gyro;..\App\Wireless\LT8920;..\App\Timer;..\App\Utils;..\App\PWM) DEBUG OBJECTEXTEN
                    -D PRINT(.\list\pwm.lst) TABS(2) OBJECT(.\list\pwm.obj)

line level    source

   1          #include "pwm.h"
   2          
   3          
   4          


MODULE INFORMATION:   STATIC OVERLAYABLE
   CODE SIZE        =   ----    ----
   CONSTANT SIZE    =   ----    ----
   XDATA SIZE       =   ----    ----
   PDATA SIZE       =   ----    ----
   DATA SIZE        =   ----    ----
   IDATA SIZE       =   ----    ----
   BIT SIZE         =   ----    ----
END OF MODULE INFORMATION.


C51 COMPILATION COMPLETE.  0 WARNING(S),  0 ERROR(S)
