C51 COMPILER V9.60.7.0   PWM_TIMER                                                         04/27/2024 18:13:06 PAGE 1   


C51 COMPILER V9.60.7.0, COMPILATION OF MODULE PWM_TIMER
OBJECT MODULE PLACED IN .\list\pwm_Timer.obj
COMPILER INVOKED BY: D:\Keil_v5_c51\C51\BIN\C51.EXE ..\App\PWM\pwm_Timer.c LARGE OPTIMIZE(8,SPEED) BROWSE INCDIR(..\Driv
                    -er\Inc;..\App\Config;..\App\DcMotor;..\App\Gyro;..\App\Wireless\LT8920;..\App\Timer;..\App\Utils;..\App\PWM) DEBUG OBJEC
                    -TEXTEND PRINT(.\list\pwm_Timer.lst) TABS(2) OBJECT(.\list\pwm_Timer.obj)

line level    source

   1          #include "pwm_Timer.h"
   2          
   3          /*************  本地变量声明  **************/
   4          bit PWM1_Flag;
   5          bit PWM2_Flag;
   6          
   7          PWMx_Duty PWMA_Duty;
   8          
   9          /*************  外部函数和变量声明 *****************/
  10          
  11          void PWM_Config(void)
  12          {
  13   1      
  14   1          // PWMA_ARR = 500;                             //设置PWMA周期为500
  15   1          // PWMA_IER = 0x01;                            //使能PWMA周期中断
  16   1          // PWMA_CR1 = 0x01;                            //启动PWMA模块
  17   1      
  18   1        // P11 = 0;
  19   1        PWMx_InitDefine PWMx_InitStructure;
  20   1        PWMx_InitStructure.PWM_Mode    =  CCMRn_PWM_MODE1;  //模式,   CCMRn_FREEZE,CCMRn_MATCH_VALID,CCMRn_MATCH_I
             -NVALID,CCMRn_ROLLOVER,CCMRn_FORCE_INVALID,CCMRn_FORCE_VALID,CCMRn_PWM_MODE1,CCMRn_PWM_MODE2
  21   1        PWMx_InitStructure.PWM_Duty    = PWMA_Duty.PWM1_Duty; //PWM占空比时间, 0~Period
  22   1        PWMx_InitStructure.PWM_EnoSelect   = ENO2P | ENO2N; //输出通道选择, ENO1P,ENO1N,ENO2P,ENO2N,ENO3P,E
             -NO3N,ENO4P,ENO4N / ENO5P,ENO6P,ENO7P,ENO8P
  23   1        PWM_Configuration(PWM2, &PWMx_InitStructure);     //初始化PWM,  PWMA,PWMB  
  24   1        PWM1_SW(PWM2_SW_P12_P13);
  25   1        NVIC_PWM_Init(PWMA,DISABLE,Priority_0);
  26   1      
  27   1      }
  28          
  29          
  30          void pwm_Timer_Init(void){
  31   1      
  32   1        Timer0_Stop();
  33   1        // TMOD = (TMOD & ~0x03) | (TIM_16BitAutoReload << 4);
  34   1        Timer0_CLK_Select(TIM_CLOCK_1T);    //定时器时钟1T模式
  35   1        Timer0_CLK_Output(DISABLE);
  36   1        T0_Load(65536UL - (MAIN_Fosc / 10000)); //10Khz
  37   1        Timer0_Run(ENABLE);
  38   1        Timer0_Interrupt(Priority_2);
  39   1      
  40   1      
  41   1      }
  42          
  43          void pwm_Timer_Switch(uint8_t onOff){
  44   1        if (onOff)
  45   1        {
  46   2          Timer0_Run(ENABLE);
  47   2        }else{
  48   2          Timer0_Stop();
  49   2        }
  50   1        
  51   1      }
C51 COMPILER V9.60.7.0   PWM_TIMER                                                         04/27/2024 18:13:06 PAGE 2   

  52          
  53          //========================================================================
  54          // 函数: Timer0_ISR_Handler
  55          // 描述: Timer0中断函数.
  56          // 参数: none.
  57          // 返回: none.
  58          // 版本: V1.0, 2020-09-23
  59          //========================================================================
  60          void Timer0_ISR_Handler (void) interrupt TMR0_VECTOR    //进中断时已经清除标志
  61          {
  62   1        T0_Load(65536UL - (MAIN_Fosc / 10000));
  63   1        // TODO: 在此处添加用户代码
  64   1        if(!PWM1_Flag)
  65   1        {
  66   2          PWMA_Duty.PWM1_Duty++;
  67   2          if(PWMA_Duty.PWM1_Duty >= 2047) PWM1_Flag = 1;
  68   2        }
  69   1        else
  70   1        {
  71   2          PWMA_Duty.PWM1_Duty--;
  72   2          if(PWMA_Duty.PWM1_Duty <= 0) PWM1_Flag = 0;
  73   2        }
  74   1      
  75   1        if(!PWM2_Flag)
  76   1        {
  77   2          PWMA_Duty.PWM2_Duty++;
  78   2          if(PWMA_Duty.PWM2_Duty >= 2047) PWM2_Flag = 1;
  79   2        }
  80   1        else
  81   1        {
  82   2          PWMA_Duty.PWM2_Duty--;
  83   2          if(PWMA_Duty.PWM2_Duty <= 0) PWM2_Flag = 0;
  84   2        }
  85   1      
  86   1        // UpdatePwm(PWMA, &PWMA_Duty);
  87   1      }
  88          
  89          void PWMA_Isr() interrupt 26
  90          {
  91   1          if (PWMA_SR1 & 0x01)
  92   1          {
  93   2              PWMA_SR1 &= ~0x01;
  94   2              // P10 = ~P10;                             //测试端口
  95   2          }
  96   1      }


MODULE INFORMATION:   STATIC OVERLAYABLE
   CODE SIZE        =    261    ----
   CONSTANT SIZE    =   ----    ----
   XDATA SIZE       =     16       9
   PDATA SIZE       =   ----    ----
   DATA SIZE        =   ----    ----
   IDATA SIZE       =   ----    ----
   BIT SIZE         =      2    ----
END OF MODULE INFORMATION.


C51 COMPILATION COMPLETE.  0 WARNING(S),  0 ERROR(S)
