C51 COMPILER V9.60.7.0   STC8G_H_TIMER_ISR                                                 04/24/2024 16:07:13 PAGE 1   


C51 COMPILER V9.60.7.0, COMPILATION OF MODULE STC8G_H_TIMER_ISR
OBJECT MODULE PLACED IN .\list\STC8G_H_Timer_Isr.obj
COMPILER INVOKED BY: D:\Keil_v5_c51\C51\BIN\C51.EXE ..\Driver\Src\STC8G_H_Timer_Isr.c LARGE OPTIMIZE(8,SPEED) BROWSE INC
                    -DIR(..\Driver\Inc;..\App\Config;..\App\DcMotor;..\App\Gyro;..\App\Wireless\LT8920) DEBUG OBJECTEXTEND PRINT(.\list\STC8G
                    -_H_Timer_Isr.lst) TABS(2) OBJECT(.\list\STC8G_H_Timer_Isr.obj)

line level    source

   1          /*---------------------------------------------------------------------*/
   2          /* --- STC MCU Limited ------------------------------------------------*/
   3          /* --- STC 1T Series MCU Demo Programme -------------------------------*/
   4          /* --- Mobile: (86)13922805190 ----------------------------------------*/
   5          /* --- Fax: 86-0513-55012956,55012947,55012969 ------------------------*/
   6          /* --- Tel: 86-0513-55012928,55012929,55012966 ------------------------*/
   7          /* --- Web: www.STCAI.com ---------------------------------------------*/
   8          /* --- BBS: www.STCAIMCU.com  -----------------------------------------*/
   9          /* --- QQ:  800003751 -------------------------------------------------*/
  10          /* 如果要在程序中使用此代码,请在程序中注明使用了STC的资料及程序            */
  11          /*---------------------------------------------------------------------*/
  12          
  13          #include  "STC8G_H_Timer.h"
  14          #include  "STC8H_PWM.h"
*** WARNING C318 IN LINE 14 OF ..\Driver\Src\STC8G_H_Timer_Isr.c: can't open file 'STC8H_PWM.h'
  15          
  16          
  17          
  18          //========================================================================
  19          // 函数: Timer1_ISR_Handler
  20          // 描述: Timer1中断函数.
  21          // 参数: none.
  22          // 返回: none.
  23          // 版本: V1.0, 2020-09-23
  24          //========================================================================
  25          void Timer1_ISR_Handler (void) interrupt TMR1_VECTOR    //进中断时已经清除标志
  26          {
  27   1        // TODO: 在此处添加用户代码
  28   1        P66 = ~P66;
  29   1      }
  30          
  31          //========================================================================
  32          // 函数: Timer2_ISR_Handler
  33          // 描述: Timer2中断函数.
  34          // 参数: none.
  35          // 返回: none.
  36          // 版本: V1.0, 2020-09-23
  37          //========================================================================
  38          void Timer2_ISR_Handler (void) interrupt TMR2_VECTOR    //进中断时已经清除标志
  39          {
  40   1        // TODO: 在此处添加用户代码
  41   1        P65 = ~P65;
  42   1      }
  43          
  44          //========================================================================
  45          // 函数: Timer3_ISR_Handler
  46          // 描述: Timer3中断函数.
  47          // 参数: none.
  48          // 返回: none.
  49          // 版本: V1.0, 2020-09-23
  50          //========================================================================
  51          void Timer3_ISR_Handler (void) interrupt TMR3_VECTOR    //进中断时已经清除标志
  52          {
C51 COMPILER V9.60.7.0   STC8G_H_TIMER_ISR                                                 04/24/2024 16:07:13 PAGE 2   

  53   1        // TODO: 在此处添加用户代码
  54   1        P64 = ~P64;
  55   1      }
  56          
  57          //========================================================================
  58          // 函数: Timer4_ISR_Handler
  59          // 描述: Timer4中断函数.
  60          // 参数: none.
  61          // 返回: none.
  62          // 版本: V1.0, 2020-09-23
  63          //========================================================================
  64          void Timer4_ISR_Handler (void) interrupt TMR4_VECTOR    //进中断时已经清除标志
  65          {
  66   1        // TODO: 在此处添加用户代码
  67   1        P63 = ~P63;
  68   1      }


MODULE INFORMATION:   STATIC OVERLAYABLE
   CODE SIZE        =     12    ----
   CONSTANT SIZE    =   ----    ----
   XDATA SIZE       =   ----    ----
   PDATA SIZE       =   ----    ----
   DATA SIZE        =   ----    ----
   IDATA SIZE       =   ----    ----
   BIT SIZE         =   ----    ----
END OF MODULE INFORMATION.


C51 COMPILATION COMPLETE.  1 WARNING(S),  0 ERROR(S)
