C51 COMPILER V9.60.7.0   TIMER                                                             04/27/2024 18:13:06 PAGE 1   


C51 COMPILER V9.60.7.0, COMPILATION OF MODULE TIMER
OBJECT MODULE PLACED IN .\list\timer.obj
COMPILER INVOKED BY: D:\Keil_v5_c51\C51\BIN\C51.EXE ..\App\Timer\timer.c LARGE OPTIMIZE(8,SPEED) BROWSE INCDIR(..\Driver
                    -\Inc;..\App\Config;..\App\DcMotor;..\App\Gyro;..\App\Wireless\LT8920;..\App\Timer;..\App\Utils;..\App\PWM) DEBUG OBJECTE
                    -XTEND PRINT(.\list\timer.lst) TABS(2) OBJECT(.\list\timer.obj)

line level    source

   1          #include "timer.h"
   2          
   3          uint8_t SysTimer_10Ms_Flag = 0,SysTimer_1Ms_Times = 0;
   4          void  SysTimer_Init(void){
   5   1        Timer1_Stop();
   6   1        Timer1_CLK_Select(TIM_CLOCK_1T);    //定时器时钟1T模式
   7   1        Timer1_CLK_Output(DISABLE);
   8   1        T1_Load(65536UL - (MAIN_Fosc / 1000));
   9   1        Timer1_Run(ENABLE);
  10   1        Timer1_Interrupt(Priority_1);
  11   1      }
  12          
  13          void SysTimer_Set_10MsFlag(uint8_t flag){
  14   1          SysTimer_10Ms_Flag = flag;
  15   1      }
  16          
  17          uint8_t SysTimer_Get_10MsFlag(void){
  18   1          return SysTimer_10Ms_Flag;
  19   1      }
  20          
  21          void SysTimer_1ms_Interrupt(void){
  22   1      
  23   1          SysTimer_1Ms_Times++;
  24   1          if(SysTimer_1Ms_Times > 10){
  25   2              SysTimer_1Ms_Times = 0;
  26   2              SysTimer_Set_10MsFlag(TRUE);
  27   2          }
  28   1      }
  29          
  30          void Timer1_ISR_Handler (void) interrupt TMR1_VECTOR    
  31          {
  32   1          T1_Load(65536UL - (MAIN_Fosc / 1000));
  33   1          SysTimer_1ms_Interrupt();
  34   1      }


MODULE INFORMATION:   STATIC OVERLAYABLE
   CODE SIZE        =     87    ----
   CONSTANT SIZE    =   ----    ----
   XDATA SIZE       =      2    ----
   PDATA SIZE       =   ----    ----
   DATA SIZE        =   ----    ----
   IDATA SIZE       =   ----    ----
   BIT SIZE         =   ----    ----
END OF MODULE INFORMATION.


C51 COMPILATION COMPLETE.  0 WARNING(S),  0 ERROR(S)
