C51 COMPILER V9.60.7.0   UTILS_PRINTF                                                      04/27/2024 18:13:06 PAGE 1   


C51 COMPILER V9.60.7.0, COMPILATION OF MODULE UTILS_PRINTF
OBJECT MODULE PLACED IN .\list\utils_printf.obj
COMPILER INVOKED BY: D:\Keil_v5_c51\C51\BIN\C51.EXE ..\App\Utils\utils_printf.c LARGE OPTIMIZE(8,SPEED) BROWSE INCDIR(..
                    -\Driver\Inc;..\App\Config;..\App\DcMotor;..\App\Gyro;..\App\Wireless\LT8920;..\App\Timer;..\App\Utils;..\App\PWM) DEBUG 
                    -OBJECTEXTEND PRINT(.\list\utils_printf.lst) TABS(2) OBJECT(.\list\utils_printf.obj)

line level    source

   1          #include "utils_printf.h"
   2          unsigned char BitSend[9]={0x00,0x01,0x02,0x04,0x08,0x10,0x20,0x40,0x80};
   3          
   4          void Gpio_Print_Init(void){
   5   1        GPIO_InitTypeDef  GPIO_InitStructure;        
   6   1        GPIO_InitStructure.Pin  = GPIO_Pin_4;
   7   1        GPIO_InitStructure.Mode = GPIO_OUT_PP;         
   8   1        GPIO_Inilize(GPIO_P5,&GPIO_InitStructure);
   9   1      }
  10          void Gpio_Print_HL(uint8_t hl){
  11   1          P54 = hl;
  12   1      }
  13          void Delay8us(void) //@35MHz
  14          {
  15   1        unsigned char data i;
  16   1        i = 90;
  17   1          // i = 70;
  18   1        while (--i);
  19   1      }
  20          void Soft_Put_Char(char c){
  21   1          char i = 0;
  22   1        Gpio_Print_HL(FALSE);
  23   1          Delay8us();
  24   1          for(i = 1; i < 9; i++)
  25   1          {
  26   2              if(BitSend[i] & c)
  27   2                  Gpio_Print_HL(TRUE);
  28   2              else
  29   2                  Gpio_Print_HL(FALSE);
  30   2              
  31   2              Delay8us();
  32   2          }
  33   1          Gpio_Print_HL(TRUE);
  34   1          Delay8us();
  35   1      }
  36          
  37          char putchar(char c)
  38          {
  39   1          Soft_Put_Char(c);
  40   1        return c;
  41   1      }


MODULE INFORMATION:   STATIC OVERLAYABLE
   CODE SIZE        =    101    ----
   CONSTANT SIZE    =   ----    ----
   XDATA SIZE       =      9       2
   PDATA SIZE       =   ----    ----
   DATA SIZE        =   ----       1
   IDATA SIZE       =   ----    ----
   BIT SIZE         =   ----    ----
END OF MODULE INFORMATION.


C51 COMPILATION COMPLETE.  0 WARNING(S),  0 ERROR(S)
